################################################################################
#                                                                              #
#      IAR Universal Linker V6.5.4.100                                         #
#                                                                              #
#           Link time     =  04/Mar/2019  05:14:46                             #
#           Target CPU    =  x51                                               #
#           List file     =  E:\03-DuAn\LedController\LedController\02-Softwar #
#                            e\N76E003\RS485Master\Debug\List\RS485Master.map  #
#           Output file 1 =  E:\03-DuAn\LedController\LedController\02-Softwar #
#                            e\N76E003\RS485Master\Debug\Exe\RS485Master.hex   #
#                            Format: intel-standard                            #
#           Command line  =  -f C:\Users\hungn\AppData\Local\Temp\EWDDDF.tmp   #
#                            (E:\03-DuAn\LedController\LedController\02-Softwa #
#                            re\N76E003\RS485Master\Debug\Obj\commands.r51     #
#                            E:\03-DuAn\LedController\LedController\02-Softwar #
#                            e\N76E003\RS485Master\Debug\Obj\gpio_util.r51     #
#                            E:\03-DuAn\LedController\LedController\02-Softwar #
#                            e\N76E003\RS485Master\Debug\Obj\ir_receiver.r51   #
#                            E:\03-DuAn\LedController\LedController\02-Softwar #
#                            e\N76E003\RS485Master\Debug\Obj\ir_transmitter.r5 #
#                            1                                                 #
#                            E:\03-DuAn\LedController\LedController\02-Softwar #
#                            e\N76E003\RS485Master\Debug\Obj\led_controller.r5 #
#                            1                                                 #
#                            E:\03-DuAn\LedController\LedController\02-Softwar #
#                            e\N76E003\RS485Master\Debug\Obj\main.r51          #
#                            E:\03-DuAn\LedController\LedController\02-Softwar #
#                            e\N76E003\RS485Master\Debug\Obj\N76E003_adc.r51   #
#                            E:\03-DuAn\LedController\LedController\02-Softwar #
#                            e\N76E003\RS485Master\Debug\Obj\n76e003_gpio.r51  #
#                            E:\03-DuAn\LedController\LedController\02-Softwar #
#                            e\N76E003\RS485Master\Debug\Obj\N76E003_it.r51    #
#                            E:\03-DuAn\LedController\LedController\02-Softwar #
#                            e\N76E003\RS485Master\Debug\Obj\N76E003_pwm.r51   #
#                            E:\03-DuAn\LedController\LedController\02-Softwar #
#                            e\N76E003\RS485Master\Debug\Obj\N76E003_tim3.r51  #
#                            E:\03-DuAn\LedController\LedController\02-Softwar #
#                            e\N76E003\RS485Master\Debug\Obj\N76E003_uart0.r51 #
#                            E:\03-DuAn\LedController\LedController\02-Softwar #
#                            e\N76E003\RS485Master\Debug\Obj\nodecontrol.r51   #
#                            E:\03-DuAn\LedController\LedController\02-Softwar #
#                            e\N76E003\RS485Master\Debug\Obj\nodestatemanager. #
#                            r51                                               #
#                            E:\03-DuAn\LedController\LedController\02-Softwar #
#                            e\N76E003\RS485Master\Debug\Obj\TaskManager.r51   #
#                            E:\03-DuAn\LedController\LedController\02-Softwar #
#                            e\N76E003\RS485Master\Debug\Obj\timer_counter.r51 #
#                            E:\03-DuAn\LedController\LedController\02-Softwar #
#                            e\N76E003\RS485Master\Debug\Obj\timer_pwm.r51     #
#                            E:\03-DuAn\LedController\LedController\02-Softwar #
#                            e\N76E003\RS485Master\Debug\Obj\transport.r51     #
#                            -o                                                #
#                            E:\03-DuAn\LedController\LedController\02-Softwar #
#                            e\N76E003\RS485Master\Debug\Exe\RS485Master.hex   #
#                            -Fintel-standard -l                               #
#                            E:\03-DuAn\LedController\LedController\02-Softwar #
#                            e\N76E003\RS485Master\Debug\List\RS485Master.map  #
#                            -xms                                              #
#                            "-IC:\Program Files (x86)\IAR Systems\Embedded Wo #
#                            rkbench 8.1\8051\LIB\"                            #
#                            -f                                                #
#                            "C:\Program Files (x86)\IAR Systems\Embedded Work #
#                            bench 8.1\8051\config\devices\Nuvoton\lnk51ew_N76 #
#                            E003.xcl"                                         #
#                            (-D_IDATA0_START=0x00 -D_IDATA0_END=0xFF          #
#                            -D_PDATA0_START=0x0000 -D_PDATA0_END=0x00FF       #
#                            -D_IXDATA0_START=0x0001 -D_IXDATA0_END=0x02FF     #
#                            -D_XDATA0_START=0x0001 -D_XDATA0_END=0x02FF       #
#                            -D_CODE0_START=0x0000 -D_CODE0_END=0x47FF         #
#                            -D?REGISTER_BANK=0x0 -D_REGISTER_BANK_START=0x0   #
#                            -D_BREG_START=0x00 -D?VB=0x20                     #
#                            -Z(BIT)BREG=_BREG_START -Z(BIT)BIT_N=0-7F         #
#                            -Z(DATA)REGISTERS+8=_REGISTER_BANK_START          #
#                            -Z(DATA)BDATA_Z,BDATA_N,BDATA_I=20-2F             #
#                            -Z(DATA)VREG=08-7F -Z(DATA)PSP,XSP=08-7F          #
#                            -Z(DATA)DOVERLAY=08-7F                            #
#                            -Z(DATA)DATA_I,DATA_Z,DATA_N=08-7F                #
#                            -U(IDATA)0-7F=(DATA)0-7F                          #
#                            -Z(IDATA)IDATA_I,IDATA_Z,IDATA_N=08-_IDATA0_END   #
#                            -Z(IDATA)ISTACK+_IDATA_STACK_SIZE#08-_IDATA0_END  #
#                            -Z(IDATA)IOVERLAY=08-FF -Z(CODE)INTVEC=0          #
#                            -Z(CODE)CSTART=_CODE0_START-_CODE0_END            #
#                            -Z(CODE)BIT_ID,BDATA_ID,DATA_ID,IDATA_ID,IXDATA_I #
#                            D,PDATA_ID,XDATA_ID=_CODE0_START-_CODE0_END       #
#                            -Z(CODE)HUGE_ID=_CODE0_START-_CODE0_END           #
#                            -Z(CODE)RCODE,DIFUNCT=_CODE0_START-_CODE0_END     #
#                            -P(CODE)CODE_C,CODE_N,NEAR_CODE=_CODE0_START-_COD #
#                            E0_END                                            #
#                            -Z(CODE)CHECKSUM#_CODE0_END                       #
#                            -Z(XDATA)PDATA_Z,PDATA_I=_PDATA0_START-_PDATA0_EN #
#                            D                                                 #
#                            -P(XDATA)PDATA_N=_PDATA0_START-_PDATA0_END        #
#                            -Z(XDATA)PSTACK+_PDATA_STACK_SIZE=_PDATA0_START-_ #
#                            PDATA0_END                                        #
#                            -Z(XDATA)EXT_STACK+_EXTENDED_STACK_SIZE=_EXTENDED #
#                            _STACK_START                                      #
#                            -Z(XDATA)XSTACK+_XDATA_STACK_SIZE=_XDATA0_START-_ #
#                            XDATA0_END                                        #
#                            -Z(XDATA)IXDATA_I,IXDATA_Z=_IXDATA0_START-_IXDATA #
#                            0_END                                             #
#                            -P(XDATA)IXDATA_N=_IXDATA0_START-_IXDATA0_END     #
#                            -Z(XDATA)XDATA_I,XDATA_Z=_XDATA0_START-_XDATA0_EN #
#                            D                                                 #
#                            -P(XDATA)XDATA_N=_XDATA0_START-_XDATA0_END        #
#                            -Z(XDATA)XDATA_HEAP+_XDATA_HEAP_SIZE=_XDATA0_STAR #
#                            T-_XDATA0_END                                     #
#                            -Z(CONST)XDATA_ROM_C=_XDATA0_START-_XDATA0_END    #
#                            -Z(CODE)FAR22_ID=[_CODE0_START-_CODE0_END]/10000  #
#                            -Z(CODE)FAR_ID=[_CODE0_START-_CODE0_END]/10000    #
#                            -cx51) -D?DPMASK=0x01                             #
#                            -D_NR_OF_VIRTUAL_REGISTERS=8 -D?DPS=0xA2          #
#                            -D?PBANK=0x91 -D?CBANK=0xF0 -D?CBANK_MASK=0x30    #
#                            -e?BCALL_30=?BCALL -e?BRET_30=?BRET               #
#                            -e?BDISPATCH_30=?BDISPATCH                        #
#                            -D_CODEBANK_START=0x8000 -D_CODEBANK_END=0xFFFF   #
#                            -D_NR_OF_BANKS=0x03                               #
#                            "-IC:\Program Files (x86)\IAR Systems\Embedded Wo #
#                            rkbench 8.1\8051\CONFIG\"                         #
#                            -s __program_start                                #
#                            "C:\Program Files (x86)\IAR Systems\Embedded Work #
#                            bench 8.1\8051\LIB\DLIB\dl-pli-nlpd-2h16incn.r51" #
#                            -D_IDATA_STACK_SIZE=0x40 -D?ESP=0 -D?ESP_MASK=0   #
#                            -D_EXTENDED_STACK_START=0                         #
#                            -D_EXTENDED_STACK_SIZE=0                          #
#                            -D_PDATA_STACK_SIZE=0x80                          #
#                            -D_XDATA_STACK_SIZE=0xEFF                         #
#                            -D_XDATA_HEAP_SIZE=0xFF -D_FAR_HEAP_SIZE=0xFFF    #
#                            -D_HUGE_HEAP_SIZE=0xFFF                           #
#                            -D_FAR22_HEAP_SIZE=0xFFF)                         #
#                                                                              #
#                           Copyright (C) 1987-2018 IAR Systems AB.            #
################################################################################





                ****************************************
                *                                      *
                *           CROSS REFERENCE            *
                *                                      *
                ****************************************

       Program entry at : CODE      000000CD  Relocatable, from module : CSTARTUP




                ****************************************
                *                                      *
                *            RUNTIME MODEL             *
                *                                      *
                ****************************************

  __Heap_Handler             = Basic
  __SystemLibrary            = DLib
  __calling_convention       = pdata_reentrant
  __code_model               = near
  __core                     = plain
  __data_model               = large
  __dlib_file_descriptor     = 0
  __dlib_full_locale_support = 0
  __dptr_size                = 16
  __dptr_visibility          = shadowed
  __extended_stack           = disabled
  __location_for_constants   = data
  __number_of_dptrs          = 2
  __register_banks           = *
  __rt_version               = 1

                ****************************************
                *                                      *
                *    AUTOMATIC SYMBOL REDIRECTIONS     *
                *                                      *
                ****************************************

                  There are no automatic symbol redirections.



                ****************************************
                *                                      *
                *              MODULE MAP              *
                *                                      *
                ****************************************


  DEFINED ABSOLUTE ENTRIES
    *************************************************************************

  DEFINED ABSOLUTE ENTRIES
  PROGRAM MODULE, NAME : ?ABS_ENTRY_MOD

Absolute parts
           ENTRY                   ADDRESS         REF BY
           =====                   =======         ======
           _FAR22_HEAP_SIZE        00000FFF 
           _HUGE_HEAP_SIZE         00000FFF 
           _FAR_HEAP_SIZE          00000FFF 
           _XDATA_HEAP_SIZE        000000FF 
           _XDATA_STACK_SIZE       00000EFF 
           _PDATA_STACK_SIZE       00000080 
           _EXTENDED_STACK_SIZE    00000000 
           _EXTENDED_STACK_START   00000000 
           ?ESP_MASK               00000000 
           ?ESP                    00000000 
           _IDATA_STACK_SIZE       00000040 
           _NR_OF_BANKS            00000003 
           _CODEBANK_END           0000FFFF 
           _CODEBANK_START         00008000 
           ?CBANK_MASK             00000030 
           ?CBANK                  000000F0 
           ?PBANK                  00000091        ?RESET_PDATA_BANK (CSTARTUP)
           ?DPS                    000000A2        ?FUNC_ENTER_PDATA (?FUNC_ENTER_PDATA)
                                                   ?FUNC_LEAVE_PDATA (?FUNC_LEAVE_PDATA)
                                                   ?INTERRUPT_ENTER_PSP (?INTERRUPT_ENTER_PSP)
                                                   ?INTERRUPT_LEAVE_PSP (?INTERRUPT_LEAVE_PSP)
                                                   ?MOVE_LONG8_XDATA_XDATA_2DPTR (?MOVE_LONG8_XDATA_XDATA_2DPTR)
                                                   ?PSTACK_RESTORE_DPTRS_1 (?PSTACK_RESTORE_DPTR)
                                                   ?PSTACK_SAVE_DPTRS_1 (?PSTACK_SAVE_DPTR)
                                                   ?RESET_DPS (CSTARTUP)
                                                   ADC_Cmd (N76E003_adc)
                                                   ADC_GetConversionValue (N76E003_adc)
                                                   ADC_ISR (N76E003_it)
                                                   ADC_StartConversation (N76E003_adc)
                                                   ADC_SwitchChannel (N76E003_adc)
                                                   BrownOut_ISR (N76E003_it)
                                                   Command_PopCommand (commands)
                                                   Command_SendCommand (commands)
                                                   Command_Task (commands)
                                                   External0_ISR (N76E003_it)
                                                   External1_ISR (N76E003_it)
                                                   FaultBrake_ISR (N76E003_it)
                                                   GPIO_Init (n76e003_gpio)
                                                   GPIO_WriteHigh (n76e003_gpio)
                                                   GPIO_WriteLow (n76e003_gpio)
                                                   GPIO_WriteReverse (n76e003_gpio)
                                                   I2C_ISR (N76E003_it)
                                                   IR_Receiver_GetState (ir_receiver)
                                                   IR_Transmitter_GetMode (ir_transmitter)
                                                   IR_Transmitter_Init (ir_transmitter)
                                                   IR_Transmitter_Task (ir_transmitter)
                                                   InputCapture_ISR (N76E003_it)
                                                   Interrupt_Init (main)
                                                   Led_Control_Cmd (led_controller)
                                                   Led_Control_GetMode (led_controller)
                                                   Led_Control_Immediate (led_controller)
                                                   Led_Control_Init (led_controller)
                                                   Led_Control_Task (led_controller)
                                                   Node_Control_DetectNodes (nodecontrol)
                                                   Node_Control_InitNodes (nodecontrol)
                                                   Node_Control_Task (nodecontrol)
                                                   Node_State_GetInputState (nodestatemanager)
                                                   Node_State_GetOutputState (nodestatemanager)
                                                   Node_State_Manager_Init (nodestatemanager)
                                                   Node_State_Manager_Task (nodestatemanager)
                                                   Node_State_SetInputState (nodestatemanager)
                                                   Node_State_SetOutputState (nodestatemanager)
                                                   PWM_Cmd (N76E003_pwm)
                                                   PWM_CmdChannel (N76E003_pwm)
                                                   PWM_ISR (N76E003_it)
                                                   PWM_Init (N76E003_pwm)
                                                   PWM_UpdateDuty (N76E003_pwm)
                                                   Pin_ISR (N76E003_it)
                                                   SPI_ISR (N76E003_it)
                                                   SelfWakeup_ISR (N76E003_it)
                                                   System_Init (main)
                                                   TIM3_Cmd (N76E003_tim3)
                                                   TIM3_ITConfig (N76E003_tim3)
                                                   TIM3_TimeBaseInit (N76E003_tim3)
                                                   Task_Init (main)
                                                   Task_Manager_AddTask (TaskManager)
                                                   Task_Manager_PerformTask (TaskManager)
                                                   Test_Task (main)
                                                   Timer0_ISR (N76E003_it)
                                                   Timer1_ISR (N76E003_it)
                                                   Timer2_ISR (N76E003_it)
                                                   Timer_Connter_Init_Timer (timer_counter)
                                                   Timer_Counter_GetCounter (timer_counter)
                                                   Timer_Counter_Init (timer_counter)
                                                   Timer_PWM_IR_Transmitter_Init (timer_pwm)
                                                   Timer_PWM_Start (timer_pwm)
                                                   Transport_GetRxBufferSize (transport)
                                                   Transport_Init (transport)
                                                   Transport_OutputDisable (transport)
                                                   Transport_OutputEnable (transport)
                                                   Transport_RxPop (transport)
                                                   Transport_RxPush (transport)
                                                   Transport_TxPop (transport)
                                                   Transport_TxPush (transport)
                                                   Transport_Write (transport)
                                                   UART0_ClearITStatus (N76E003_uart0)
                                                   UART0_GetITStatus (N76E003_uart0)
                                                   UART0_ITConfig (N76E003_uart0)
                                                   UART0_ReceiveData8 (N76E003_uart0)
                                                   UART0_SendData8 (N76E003_uart0)
                                                   UART0_SetITStatus (N76E003_uart0)
                                                   UART1_ISR (N76E003_it)
                                                   WDT_ISR (N76E003_it)
                                                   change_control_state (nodecontrol)
                                                   cmd_push (commands)
                                                   main (main)
                                                   make_decision (ir_receiver)
                                                   process_command (nodecontrol)
                                                   process_ir_signal (ir_receiver)
                                                   query_node_state (nodecontrol)
                                                   rx_interrupt_config (transport)
                                                   tx_interrupt_config (transport)
                                                   update_led_indicator (led_controller)
           _NR_OF_VIRTUAL_REGISTERS
                                   00000008 
           ?DPMASK                 00000001        ?FUNC_ENTER_PDATA (?FUNC_ENTER_PDATA)
                                                   ?FUNC_LEAVE_PDATA (?FUNC_LEAVE_PDATA)
                                                   ?INTERRUPT_ENTER_PSP (?INTERRUPT_ENTER_PSP)
                                                   ?INTERRUPT_LEAVE_PSP (?INTERRUPT_LEAVE_PSP)
                                                   ?PSTACK_RESTORE_DPTRS_1 (?PSTACK_RESTORE_DPTR)
                                                   ?PSTACK_SAVE_DPTRS_1 (?PSTACK_SAVE_DPTR)
                                                   ?RESET_DPS (CSTARTUP)
           ?VB                     00000020        ?FUNC_ENTER_PDATA (?FUNC_ENTER_PDATA)
                                                   ?FUNC_LEAVE_PDATA (?FUNC_LEAVE_PDATA)
                                                   ?INTERRUPT_ENTER_PSP (?INTERRUPT_ENTER_PSP)
                                                   ?INTERRUPT_LEAVE_PSP (?INTERRUPT_LEAVE_PSP)
           _BREG_START             00000000 
           _REGISTER_BANK_START    00000000 
           ?REGISTER_BANK          00000000        Segment part 6 (CSTARTUP)
           _CODE0_END              000047FF 
           _CODE0_START            00000000 
           _XDATA0_END             000002FF 
           _XDATA0_START           00000001 
           _IXDATA0_END            000002FF 
           _IXDATA0_START          00000001 
           _PDATA0_END             000000FF 
           _PDATA0_START           00000000        Command_SendCommand (commands)
                                                   Command_Task (commands)
                                                   Node_Control_Task (nodecontrol)
                                                   UART0_ISR (N76E003_it)
           _IDATA0_END             000000FF 
           _IDATA0_START           00000000 
    *************************************************************************

  FILE NAME : E:\03-DuAn\LedController\LedController\02-Software\N76E003\RS485Master\Debug\Obj\commands.r51
  PROGRAM MODULE, NAME : commands

  SEGMENTS IN THE MODULE
  ======================
XDATA_Z
  Relative segment, address: XDATA 000000A5 - 000000B8 (0x14 bytes), align: 0
  Segment part 6.             Intra module refs:   Command_PopCommand
                                                   cmd_push
           ENTRY                   ADDRESS         REF BY
           =====                   =======         ======
           commands                000000A5 
    -------------------------------------------------------------------------
XDATA_Z
  Relative segment, address: XDATA 000000B9 - 000000B9 (0x1 bytes), align: 0
  Segment part 7.             Intra module refs:   cmd_push
           ENTRY                   ADDRESS         REF BY
           =====                   =======         ======
           cmd_wr_idx              000000B9 
    -------------------------------------------------------------------------
XDATA_Z
  Relative segment, address: XDATA 000000BA - 000000BA (0x1 bytes), align: 0
  Segment part 8.             Intra module refs:   Command_PopCommand
           ENTRY                   ADDRESS         REF BY
           =====                   =======         ======
           cmd_rd_idx              000000BA 
    -------------------------------------------------------------------------
XDATA_Z
  Relative segment, address: XDATA 000000BB - 000000BB (0x1 bytes), align: 0
  Segment part 9.             Intra module refs:   Command_PopCommand
                                                   cmd_push
           ENTRY                   ADDRESS         REF BY
           =====                   =======         ======
           cmd_cnt                 000000BB 
    -------------------------------------------------------------------------
<NEAR_CODE> 1 (was NEAR_CODE)
  Relative segment, address: CODE 0000175D - 000017BD (0x61 bytes), align: 0
  Segment part 10.            Intra module refs:   Command_Task
           ENTRY                   ADDRESS         REF BY
           =====                   =======         ======
           cmd_push                0000175D 
               PSTACK = 00000009 ( 00000000 )
    -------------------------------------------------------------------------
<NEAR_CODE> 1 (was NEAR_CODE)
  Relative segment, address: CODE 000017BE - 0000182C (0x6f bytes), align: 0
  Segment part 11.
           ENTRY                   ADDRESS         REF BY
           =====                   =======         ======
           Command_PopCommand      000017BE        Node_Control_Task (nodecontrol)
               ISTACK = 00000000 ( 00000002 )
    -------------------------------------------------------------------------
<NEAR_CODE> 1 (was NEAR_CODE)
  Relative segment, address: CODE 0000182D - 00001884 (0x58 bytes), align: 0
  Segment part 12.
           ENTRY                   ADDRESS         REF BY
           =====                   =======         ======
           Command_SendCommand     0000182D        compose_command (nodecontrol)
               calls direct
               PSTACK = 00000004 ( 00000004 )
               ISTACK = 00000000 ( 00000001 )
    -------------------------------------------------------------------------
<NEAR_CODE> 1 (was NEAR_CODE)
  Relative segment, address: CODE 00001885 - 00001922 (0x9e bytes), align: 0
  Segment part 13.
           ENTRY                   ADDRESS         REF BY
           =====                   =======         ======
           Command_Task            00001885        Task_Init (main)
               calls direct, is indirectly called
               PSTACK = 00000000 ( 00000009 )
               ISTACK = 00000000 ( 00000001 )

    *************************************************************************

  FILE NAME : E:\03-DuAn\LedController\LedController\02-Software\N76E003\RS485Master\Debug\Obj\gpio_util.r51
  PROGRAM MODULE, NAME : gpio_util

  SEGMENTS IN THE MODULE
  ======================
<NEAR_CODE> 1 (was NEAR_CODE)
  Relative segment, address: CODE 000021C5 - 000021DD (0x19 bytes), align: 0
  Segment part 6.
           ENTRY                   ADDRESS         REF BY
           =====                   =======         ======
           GPIO_Util_Init          000021C5        IR_Transmitter_Init (ir_transmitter)
                                                   Led_Control_Init (led_controller)
                                                   Transport_Init (transport)
                                                   main (main)
               calls direct
               PSTACK = 00000000 ( 00000006 )
    -------------------------------------------------------------------------
<NEAR_CODE> 1 (was NEAR_CODE)
  Relative segment, address: CODE 000021DE - 000021F2 (0x15 bytes), align: 0
  Segment part 8.             Intra module refs:   GPIO_Util_TurnOffLed
           ENTRY                   ADDRESS         REF BY
           =====                   =======         ======
           GPIO_Util_WriteHigh     000021DE        Transport_OutputEnable (transport)
               calls direct
               PSTACK = 00000006 ( 00000006 )
    -------------------------------------------------------------------------
<NEAR_CODE> 1 (was NEAR_CODE)
  Relative segment, address: CODE 000021F3 - 00002207 (0x15 bytes), align: 0
  Segment part 9.             Intra module refs:   GPIO_Util_TurnOnLed
           ENTRY                   ADDRESS         REF BY
           =====                   =======         ======
           GPIO_Util_WriteLow      000021F3        IR_Transmitter_Task (ir_transmitter)
                                                   Transport_Init (transport)
                                                   Transport_OutputDisable (transport)
               calls direct
               PSTACK = 00000006 ( 00000006 )
    -------------------------------------------------------------------------
<NEAR_CODE> 1 (was NEAR_CODE)
  Relative segment, address: CODE 00002208 - 0000221C (0x15 bytes), align: 0
  Segment part 11.
           ENTRY                   ADDRESS         REF BY
           =====                   =======         ======
           GPIO_Util_Toggle        00002208        IR_Transmitter_Task (ir_transmitter)
                                                   Test_Task (main)
                                                   UART0_ISR (N76E003_it)
               calls direct
               PSTACK = 00000000 ( 00000006 )
    -------------------------------------------------------------------------
<NEAR_CODE> 1 (was NEAR_CODE)
  Relative segment, address: CODE 0000221D - 00002231 (0x15 bytes), align: 0
  Segment part 12.
           ENTRY                   ADDRESS         REF BY
           =====                   =======         ======
           GPIO_Util_TurnOnLed     0000221D        Led_Control_Immediate (led_controller)
                                                   update_led_indicator (led_controller)
               calls direct
               PSTACK = 00000000 ( 00000006 )
    -------------------------------------------------------------------------
<NEAR_CODE> 1 (was NEAR_CODE)
  Relative segment, address: CODE 00002232 - 00002246 (0x15 bytes), align: 0
  Segment part 13.
           ENTRY                   ADDRESS         REF BY
           =====                   =======         ======
           GPIO_Util_TurnOffLed    00002232        Led_Control_Immediate (led_controller)
                                                   update_led_indicator (led_controller)
               calls direct
               PSTACK = 00000000 ( 00000006 )

    *************************************************************************

  FILE NAME : E:\03-DuAn\LedController\LedController\02-Software\N76E003\RS485Master\Debug\Obj\ir_receiver.r51
  PROGRAM MODULE, NAME : ir_receiver

  SEGMENTS IN THE MODULE
  ======================
XDATA_Z
  Relative segment, address: XDATA 000000BC - 000000C0 (0x5 bytes), align: 0
  Segment part 6.             Intra module refs:   IR_Receiver_GetState
                                                   make_decision
                                                   process_ir_signal
           ENTRY                   ADDRESS         REF BY
           =====                   =======         ======
           signal_state            000000BC 
    -------------------------------------------------------------------------
XDATA_Z
  Relative segment, address: XDATA 000000C1 - 000000C4 (0x4 bytes), align: 0
  Segment part 7.             Intra module refs:   process_ir_signal
           ENTRY                   ADDRESS         REF BY
           =====                   =======         ======
           detected_time_stamp     000000C1 
    -------------------------------------------------------------------------
XDATA_Z
  Relative segment, address: XDATA 000000C5 - 000000C8 (0x4 bytes), align: 0
  Segment part 8.             Intra module refs:   IR_Receiver_Task
                                                   process_ir_signal
           ENTRY                   ADDRESS         REF BY
           =====                   =======         ======
           timer_counter           000000C5 
    -------------------------------------------------------------------------
XDATA_Z
  Relative segment, address: XDATA 000000C9 - 000000CC (0x4 bytes), align: 0
  Segment part 9.             Intra module refs:   IR_Receiver_Init
           ENTRY                   ADDRESS         REF BY
           =====                   =======         ======
           RC                      000000C9 
    -------------------------------------------------------------------------
XDATA_Z
  Relative segment, address: XDATA 000000CD - 000000D0 (0x4 bytes), align: 0
  Segment part 10.            Intra module refs:   IR_Receiver_Init
           ENTRY                   ADDRESS         REF BY
           =====                   =======         ======
           dt                      000000CD 
    -------------------------------------------------------------------------
XDATA_Z
  Relative segment, address: XDATA 000000D1 - 000000D4 (0x4 bytes), align: 0
  Segment part 11.            Intra module refs:   IR_Receiver_Init
                                                   highpass_filter
                                                   lowpass_filter
           ENTRY                   ADDRESS         REF BY
           =====                   =======         ======
           alpha                   000000D1 
    -------------------------------------------------------------------------
XDATA_Z
  Relative segment, address: XDATA 000000D5 - 000000D8 (0x4 bytes), align: 0
  Segment part 12.            Intra module refs:   IR_Receiver_Init
           ENTRY                   ADDRESS         REF BY
           =====                   =======         ======
           RC_h                    000000D5 
    -------------------------------------------------------------------------
<NEAR_CODE> 1 (was NEAR_CODE)
  Relative segment, address: CODE 0000111B - 0000122F (0x115 bytes), align: 0
  Segment part 30.            Intra module refs:   IR_Receiver_Task
           ENTRY                   ADDRESS         REF BY
           =====                   =======         ======
           process_ir_signal       0000111B 
               calls direct
               PSTACK = 00000009 ( 0000000B )
    -------------------------------------------------------------------------
XDATA_Z
  Relative segment, address: XDATA 000000D9 - 000000DA (0x2 bytes), align: 0
  Segment part 14.            Intra module refs:   process_ir_signal
           LOCAL                   ADDRESS         
           =====                   =======         
           process_ir_signal::stable_marker
                                   000000D9 
    -------------------------------------------------------------------------
<NEAR_CODE> 1 (was NEAR_CODE)
  Relative segment, address: CODE 00001230 - 00001291 (0x62 bytes), align: 0
  Segment part 31.            Intra module refs:   process_ir_signal
           ENTRY                   ADDRESS         REF BY
           =====                   =======         ======
           make_decision           00001230 
               PSTACK = 0000000B ( 0000000B )
    -------------------------------------------------------------------------
<NEAR_CODE> 1 (was NEAR_CODE)
  Relative segment, address: CODE 00001292 - 0000131C (0x8b bytes), align: 0
  Segment part 32.            Intra module refs:   process_ir_signal
           ENTRY                   ADDRESS         REF BY
           =====                   =======         ======
           lowpass_filter          00001292 
               PSTACK = 0000000B ( 0000000D )
               ISTACK = 00000000 ( 00000004 )
    -------------------------------------------------------------------------
XDATA_Z
  Relative segment, address: XDATA 000000DB - 000000DC (0x2 bytes), align: 0
  Segment part 15.            Intra module refs:   lowpass_filter
           LOCAL                   ADDRESS         
           =====                   =======         
           lowpass_filter::filtered_value
                                   000000DB 
    -------------------------------------------------------------------------
<NEAR_CODE> 1 (was NEAR_CODE)
  Relative segment, address: CODE 0000131D - 00001379 (0x5d bytes), align: 0
  Segment part 33.            Intra module refs:   process_ir_signal
           ENTRY                   ADDRESS         REF BY
           =====                   =======         ======
           highpass_filter         0000131D 
               PSTACK = 0000000B ( 0000000D )
    -------------------------------------------------------------------------
XDATA_Z
  Relative segment, address: XDATA 000000DD - 000000DE (0x2 bytes), align: 0
  Segment part 16.            Intra module refs:   highpass_filter
           LOCAL                   ADDRESS         
           =====                   =======         
           highpass_filter::previous_x
                                   000000DD 
    -------------------------------------------------------------------------
XDATA_Z
  Relative segment, address: XDATA 000000DF - 000000E0 (0x2 bytes), align: 0
  Segment part 17.            Intra module refs:   highpass_filter
           LOCAL                   ADDRESS         
           =====                   =======         
           highpass_filter::previous_y
                                   000000DF 
    -------------------------------------------------------------------------
<NEAR_CODE> 1 (was NEAR_CODE)
  Relative segment, address: CODE 0000137A - 000013DB (0x62 bytes), align: 0
  Segment part 34.            Intra module refs:   process_ir_signal
           ENTRY                   ADDRESS         REF BY
           =====                   =======         ======
           detecting_pulse         0000137A 
               PSTACK = 0000000B ( 00000006 )
    -------------------------------------------------------------------------
XDATA_Z
  Relative segment, address: XDATA 000000E1 - 000000E2 (0x2 bytes), align: 0
  Segment part 18.            Intra module refs:   detecting_pulse
           LOCAL                   ADDRESS         
           =====                   =======         
           detecting_pulse::previous_v
                                   000000E1 
    -------------------------------------------------------------------------
XDATA_Z
  Relative segment, address: XDATA 000000E3 - 000000E3 (0x1 bytes), align: 0
  Segment part 19.            Intra module refs:   detecting_pulse
           LOCAL                   ADDRESS         
           =====                   =======         
           detecting_pulse::direction
                                   000000E3 
    -------------------------------------------------------------------------
<NEAR_CODE> 1 (was NEAR_CODE)
  Relative segment, address: CODE 000013DC - 000014A6 (0xcb bytes), align: 0
  Segment part 35.
           ENTRY                   ADDRESS         REF BY
           =====                   =======         ======
           IR_Receiver_Init        000013DC        System_Init (main)
               calls direct
               PSTACK = 00000000 ( 0000000D )
               ISTACK = 00000000 ( 00000004 )
    -------------------------------------------------------------------------
<NEAR_CODE> 1 (was NEAR_CODE)
  Relative segment, address: CODE 000014A7 - 000014C3 (0x1d bytes), align: 0
  Segment part 36.
           ENTRY                   ADDRESS         REF BY
           =====                   =======         ======
           IR_Receiver_Task        000014A7        Task_Init (main)
               calls direct, is indirectly called
               PSTACK = 00000000 ( 00000009 )
    -------------------------------------------------------------------------
<NEAR_CODE> 1 (was NEAR_CODE)
  Relative segment, address: CODE 000014C4 - 000014CF (0xc bytes), align: 0
  Segment part 37.
           ENTRY                   ADDRESS         REF BY
           =====                   =======         ======
           IR_Receiver_GetState    000014C4        Node_State_Manager_Task (nodestatemanager)
    -------------------------------------------------------------------------
XDATA_I
  Relative segment, address: XDATA 00000080 - 00000083 (0x4 bytes), align: 0
  Segment part 20.            Intra module refs:   process_ir_signal
           ENTRY                   ADDRESS         REF BY
           =====                   =======         ======
           __Constant_4            00000080 
    -------------------------------------------------------------------------
XDATA_ID
  Relative segment, address: CODE 000000DF - 000000E2 (0x4 bytes), align: 0
  Segment part 21.            Intra module refs:   __Constant_4
    -------------------------------------------------------------------------
XDATA_I
  Relative segment, address: XDATA 00000084 - 00000087 (0x4 bytes), align: 0
  Segment part 22.            Intra module refs:   IR_Receiver_Task
                                                   Timer_Counter_IncreaseCounter (timer_counter)
                                                   Timer_PWM_Update_Period (timer_pwm)
                                                   process_ir_signal
           ENTRY                   ADDRESS         REF BY
           =====                   =======         ======
           __Constant_1            00000084 
    -------------------------------------------------------------------------
XDATA_ID
  Relative segment, address: CODE 000000E3 - 000000E6 (0x4 bytes), align: 0
  Segment part 23.            Intra module refs:   __Constant_1
    -------------------------------------------------------------------------
XDATA_I
  Relative segment, address: XDATA 00000088 - 0000008B (0x4 bytes), align: 0
  Segment part 24.            Intra module refs:   make_decision
           ENTRY                   ADDRESS         REF BY
           =====                   =======         ======
           __Constant_f            00000088 
    -------------------------------------------------------------------------
XDATA_ID
  Relative segment, address: CODE 000000E7 - 000000EA (0x4 bytes), align: 0
  Segment part 25.            Intra module refs:   __Constant_f
    -------------------------------------------------------------------------
XDATA_I
  Relative segment, address: XDATA 0000008C - 0000008F (0x4 bytes), align: 0
  Segment part 26.            Intra module refs:   make_decision
           ENTRY                   ADDRESS         REF BY
           =====                   =======         ======
           __Constant_10           0000008C 
    -------------------------------------------------------------------------
XDATA_ID
  Relative segment, address: CODE 000000EB - 000000EE (0x4 bytes), align: 0
  Segment part 27.            Intra module refs:   __Constant_10
    -------------------------------------------------------------------------
XDATA_I
  Relative segment, address: XDATA 00000090 - 00000093 (0x4 bytes), align: 0
  Segment part 28.            Intra module refs:   main (main)
                                                   make_decision
           ENTRY                   ADDRESS         REF BY
           =====                   =======         ======
           __Constant_a            00000090 
    -------------------------------------------------------------------------
XDATA_ID
  Relative segment, address: CODE 000000EF - 000000F2 (0x4 bytes), align: 0
  Segment part 29.            Intra module refs:   __Constant_a

    *************************************************************************

  FILE NAME : E:\03-DuAn\LedController\LedController\02-Software\N76E003\RS485Master\Debug\Obj\ir_transmitter.r51
  PROGRAM MODULE, NAME : ir_transmitter

  SEGMENTS IN THE MODULE
  ======================
XDATA_I
  Relative segment, address: XDATA 00000094 - 00000094 (0x1 bytes), align: 0
  Segment part 6.             Intra module refs:   IR_Transmitter_Task
           ENTRY                   ADDRESS         REF BY
           =====                   =======         ======
           time_prescaler          00000094 
    -------------------------------------------------------------------------
XDATA_Z
  Relative segment, address: XDATA 000000E4 - 000000E4 (0x1 bytes), align: 0
  Segment part 8.             Intra module refs:   IR_Transmitter_GetMode
                                                   IR_Transmitter_Init
                                                   IR_Transmitter_Task
           ENTRY                   ADDRESS         REF BY
           =====                   =======         ======
           running_mode            000000E4 
    -------------------------------------------------------------------------
<NEAR_CODE> 1 (was NEAR_CODE)
  Relative segment, address: CODE 00002247 - 00002270 (0x2a bytes), align: 0
  Segment part 10.
           ENTRY                   ADDRESS         REF BY
           =====                   =======         ======
           IR_Transmitter_Init     00002247        System_Init (main)
               calls direct
               ISTACK = 00000000 ( 00000001 )
    -------------------------------------------------------------------------
<NEAR_CODE> 1 (was NEAR_CODE)
  Relative segment, address: CODE 00002271 - 000022B1 (0x41 bytes), align: 0
  Segment part 11.
           ENTRY                   ADDRESS         REF BY
           =====                   =======         ======
           IR_Transmitter_Task     00002271        Task_Init (main)
               calls direct, is indirectly called
    -------------------------------------------------------------------------
XDATA_Z
  Relative segment, address: XDATA 000000E5 - 000000E5 (0x1 bytes), align: 0
  Segment part 9.             Intra module refs:   IR_Transmitter_Task
           LOCAL                   ADDRESS         
           =====                   =======         
           IR_Transmitter_Task{1}{2}{3}{5}::counter
                                   000000E5 
    -------------------------------------------------------------------------
<NEAR_CODE> 1 (was NEAR_CODE)
  Relative segment, address: CODE 000022B2 - 000022BD (0xc bytes), align: 0
  Segment part 13.
           ENTRY                   ADDRESS         REF BY
           =====                   =======         ======
           IR_Transmitter_GetMode
                                   000022B2        Task_Init (main)
    -------------------------------------------------------------------------
XDATA_ID
  Relative segment, address: CODE 000000F3 - 000000F3 (0x1 bytes), align: 0
  Segment part 7.             Intra module refs:   time_prescaler

    *************************************************************************

  FILE NAME : E:\03-DuAn\LedController\LedController\02-Software\N76E003\RS485Master\Debug\Obj\led_controller.r51
  PROGRAM MODULE, NAME : led_controller

  SEGMENTS IN THE MODULE
  ======================
XDATA_Z
  Relative segment, address: XDATA 000000E6 - 000000E6 (0x1 bytes), align: 0
  Segment part 6.             Intra module refs:   Led_Control_Cmd
                                                   Led_Control_GetMode
                                                   Led_Control_Init
           LOCAL                   ADDRESS         
           =====                   =======         
           running_mode            000000E6 
    -------------------------------------------------------------------------
<NEAR_CODE> 1 (was NEAR_CODE)
  Relative segment, address: CODE 00001FFE - 00002026 (0x29 bytes), align: 0
  Segment part 7.             Intra module refs:   Led_Control_Task
           ENTRY                   ADDRESS         REF BY
           =====                   =======         ======
           Led_Control_Cmd         00001FFE 
               calls direct
               ISTACK = 00000000 ( 00000001 )
    -------------------------------------------------------------------------
<NEAR_CODE> 1 (was NEAR_CODE)
  Relative segment, address: CODE 00002027 - 00002047 (0x21 bytes), align: 0
  Segment part 8.             Intra module refs:   Led_Control_Cmd
           ENTRY                   ADDRESS         REF BY
           =====                   =======         ======
           Led_Control_Immediate   00002027 
               calls direct
               ISTACK = 00000000 ( 00000001 )
    -------------------------------------------------------------------------
<NEAR_CODE> 1 (was NEAR_CODE)
  Relative segment, address: CODE 00002048 - 00002074 (0x2d bytes), align: 0
  Segment part 9.
           ENTRY                   ADDRESS         REF BY
           =====                   =======         ======
           Led_Control_Init        00002048        System_Init (main)
               calls direct
               ISTACK = 00000000 ( 00000001 )
    -------------------------------------------------------------------------
<NEAR_CODE> 1 (was NEAR_CODE)
  Relative segment, address: CODE 00002075 - 00002080 (0xc bytes), align: 0
  Segment part 10.
           ENTRY                   ADDRESS         REF BY
           =====                   =======         ======
           Led_Control_GetMode     00002075        Task_Init (main)
    -------------------------------------------------------------------------
<NEAR_CODE> 1 (was NEAR_CODE)
  Relative segment, address: CODE 00002081 - 00002093 (0x13 bytes), align: 0
  Segment part 11.
           ENTRY                   ADDRESS         REF BY
           =====                   =======         ======
           Led_Control_Task        00002081        Task_Init (main)
               calls direct, is indirectly called
    -------------------------------------------------------------------------
<NEAR_CODE> 1 (was NEAR_CODE)
  Relative segment, address: CODE 00002094 - 000020AD (0x1a bytes), align: 0
  Segment part 12.            Intra module refs:   Led_Control_Task
           ENTRY                   ADDRESS         REF BY
           =====                   =======         ======
           update_led_indicator    00002094 
               calls direct

    *************************************************************************

  FILE NAME : E:\03-DuAn\LedController\LedController\02-Software\N76E003\RS485Master\Debug\Obj\main.r51
  PROGRAM MODULE, NAME : main

  SEGMENTS IN THE MODULE
  ======================
SFR_AN
  Relative segment, address: DATA 000000A8 - 000000A8 (0x1 bytes), align: 0
  Segment part 1. ROOT        Intra module refs:   Interrupt_Init
                                                   UART0_ITConfig (N76E003_uart0)
           ENTRY                   ADDRESS         REF BY
           =====                   =======         ======
           _A_IE                   000000A8 
           LOCAL                   ADDRESS         
           =====                   =======         
           IE                      000000A8 
           IE_bit                  000000A8 
    -------------------------------------------------------------------------
<NEAR_CODE> 1 (was NEAR_CODE)
  Relative segment, address: CODE 00001D28 - 00001D4A (0x23 bytes), align: 0
  Segment part 10.            Intra module refs:   main
           ENTRY                   ADDRESS         REF BY
           =====                   =======         ======
           System_Init             00001D28 
               calls direct
    -------------------------------------------------------------------------
<NEAR_CODE> 1 (was NEAR_CODE)
  Relative segment, address: CODE 00001D4B - 00001D94 (0x4a bytes), align: 0
  Segment part 11.            Intra module refs:   main
           ENTRY                   ADDRESS         REF BY
           =====                   =======         ======
           Task_Init               00001D4B 
               calls direct
    -------------------------------------------------------------------------
<NEAR_CODE> 1 (was NEAR_CODE)
  Relative segment, address: CODE 00001D95 - 00001D9A (0x6 bytes), align: 0
  Segment part 12.            Intra module refs:   System_Init
           ENTRY                   ADDRESS         REF BY
           =====                   =======         ======
           Interrupt_Init          00001D95 
    -------------------------------------------------------------------------
<NEAR_CODE> 1 (was NEAR_CODE)
  Relative segment, address: CODE 00001D9B - 00001DCC (0x32 bytes), align: 0
  Segment part 13.            Intra module refs:   Task_Init
           ENTRY                   ADDRESS         REF BY
           =====                   =======         ======
           Test_Task               00001D9B 
               calls direct, is indirectly called
    -------------------------------------------------------------------------
XDATA_Z
  Relative segment, address: XDATA 000000E7 - 000000E8 (0x2 bytes), align: 0
  Segment part 7.             Intra module refs:   Test_Task
           LOCAL                   ADDRESS         
           =====                   =======         
           Test_Task::counter      000000E7 
    -------------------------------------------------------------------------
<NEAR_CODE> 1 (was NEAR_CODE)
  Relative segment, address: CODE 00001DCD - 00001E38 (0x6c bytes), align: 0
  Segment part 17.
           ENTRY                   ADDRESS         REF BY
           =====                   =======         ======
           main                    00001DCD        ?call_main (?cmain)
               calls direct

    *************************************************************************

  FILE NAME : E:\03-DuAn\LedController\LedController\02-Software\N76E003\RS485Master\Debug\Obj\N76E003_adc.r51
  PROGRAM MODULE, NAME : N76E003_adc

  SEGMENTS IN THE MODULE
  ======================
SFR_AN
  Relative segment, address: DATA 000000AC - 000000AC (0x1 bytes), align: 0
  Segment part 1. ROOT        Intra module refs:   ADC_SwitchChannel
           ENTRY                   ADDRESS         REF BY
           =====                   =======         ======
           P3M1                    000000AC 
    -------------------------------------------------------------------------
SFR_AN
  Relative segment, address: DATA 000000AD - 000000AD (0x1 bytes), align: 0
  Segment part 2. ROOT        Intra module refs:   ADC_SwitchChannel
           ENTRY                   ADDRESS         REF BY
           =====                   =======         ======
           P3M2                    000000AD 
    -------------------------------------------------------------------------
SFR_AN
  Relative segment, address: DATA 000000B1 - 000000B1 (0x1 bytes), align: 0
  Segment part 3. ROOT        Intra module refs:   ADC_SwitchChannel
                                                   GPIO_Init (n76e003_gpio)
                                                   PWM_Init (N76E003_pwm)
                                                   UART0_Init (N76E003_uart0)
           ENTRY                   ADDRESS         REF BY
           =====                   =======         ======
           P0M1                    000000B1 
    -------------------------------------------------------------------------
SFR_AN
  Relative segment, address: DATA 000000B2 - 000000B2 (0x1 bytes), align: 0
  Segment part 4. ROOT        Intra module refs:   ADC_SwitchChannel
                                                   GPIO_Init (n76e003_gpio)
                                                   PWM_Init (N76E003_pwm)
                                                   UART0_Init (N76E003_uart0)
           ENTRY                   ADDRESS         REF BY
           =====                   =======         ======
           P0M2                    000000B2 
    -------------------------------------------------------------------------
SFR_AN
  Relative segment, address: DATA 000000B3 - 000000B3 (0x1 bytes), align: 0
  Segment part 5. ROOT        Intra module refs:   ADC_SwitchChannel
                                                   GPIO_Init (n76e003_gpio)
                                                   PWM_Init (N76E003_pwm)
           ENTRY                   ADDRESS         REF BY
           =====                   =======         ======
           P1M1                    000000B3 
    -------------------------------------------------------------------------
SFR_AN
  Relative segment, address: DATA 000000B4 - 000000B4 (0x1 bytes), align: 0
  Segment part 6. ROOT        Intra module refs:   ADC_SwitchChannel
                                                   GPIO_Init (n76e003_gpio)
                                                   PWM_Init (N76E003_pwm)
           ENTRY                   ADDRESS         REF BY
           =====                   =======         ======
           P1M2                    000000B4 
    -------------------------------------------------------------------------
SFR_AN
  Relative segment, address: DATA 000000C2 - 000000C2 (0x1 bytes), align: 0
  Segment part 7. ROOT        Intra module refs:   ADC_GetConversionValue
           ENTRY                   ADDRESS         REF BY
           =====                   =======         ======
           ADCRL                   000000C2 
    -------------------------------------------------------------------------
SFR_AN
  Relative segment, address: DATA 000000C3 - 000000C3 (0x1 bytes), align: 0
  Segment part 8. ROOT        Intra module refs:   ADC_GetConversionValue
           ENTRY                   ADDRESS         REF BY
           =====                   =======         ======
           ADCRH                   000000C3 
    -------------------------------------------------------------------------
SFR_AN
  Relative segment, address: DATA 000000E1 - 000000E1 (0x1 bytes), align: 0
  Segment part 9. ROOT        Intra module refs:   ADC_Cmd
                                                   ADC_Init
           ENTRY                   ADDRESS         REF BY
           =====                   =======         ======
           ADCCON1                 000000E1 
    -------------------------------------------------------------------------
SFR_AN
  Relative segment, address: DATA 000000E8 - 000000E8 (0x1 bytes), align: 0
  Segment part 10. ROOT       Intra module refs:   ADC_GetConversionValue
                                                   ADC_Init
                                                   ADC_StartConversation
                                                   ADC_SwitchChannel
           ENTRY                   ADDRESS         REF BY
           =====                   =======         ======
           _A_ADCCON0              000000E8 
           LOCAL                   ADDRESS         
           =====                   =======         
           ADCCON0                 000000E8 
           ADCCON0_bit             000000E8 
    -------------------------------------------------------------------------
SFR_AN
  Relative segment, address: DATA 000000F6 - 000000F6 (0x1 bytes), align: 0
  Segment part 11. ROOT       Intra module refs:   ADC_SwitchChannel
           ENTRY                   ADDRESS         REF BY
           =====                   =======         ======
           AINDIDS                 000000F6 
    -------------------------------------------------------------------------
<NEAR_CODE> 1 (was NEAR_CODE)
  Relative segment, address: CODE 00001BEC - 00001C0E (0x23 bytes), align: 0
  Segment part 17.
           ENTRY                   ADDRESS         REF BY
           =====                   =======         ======
           ADC_Init                00001BEC        IR_Receiver_Init (ir_receiver)
               calls direct
               PSTACK = 00000000 ( 00000006 )
    -------------------------------------------------------------------------
<NEAR_CODE> 1 (was NEAR_CODE)
  Relative segment, address: CODE 00001C0F - 00001CD3 (0xc5 bytes), align: 0
  Segment part 18.            Intra module refs:   ADC_Init
           ENTRY                   ADDRESS         REF BY
           =====                   =======         ======
           ADC_SwitchChannel       00001C0F 
               PSTACK = 00000006 ( 00000000 )
    -------------------------------------------------------------------------
<NEAR_CODE> 1 (was NEAR_CODE)
  Relative segment, address: CODE 00001CD4 - 00001CE4 (0x11 bytes), align: 0
  Segment part 19.
           ENTRY                   ADDRESS         REF BY
           =====                   =======         ======
           ADC_Cmd                 00001CD4        IR_Receiver_Init (ir_receiver)
    -------------------------------------------------------------------------
<NEAR_CODE> 1 (was NEAR_CODE)
  Relative segment, address: CODE 00001CE5 - 00001CEE (0xa bytes), align: 0
  Segment part 20.
           ENTRY                   ADDRESS         REF BY
           =====                   =======         ======
           ADC_StartConversation   00001CE5        IR_Receiver_Init (ir_receiver)
                                                   process_ir_signal (ir_receiver)
    -------------------------------------------------------------------------
<NEAR_CODE> 1 (was NEAR_CODE)
  Relative segment, address: CODE 00001CEF - 00001D27 (0x39 bytes), align: 0
  Segment part 21.
           ENTRY                   ADDRESS         REF BY
           =====                   =======         ======
           ADC_GetConversionValue
                                   00001CEF        process_ir_signal (ir_receiver)
               ISTACK = 00000000 ( 00000002 )

    *************************************************************************

  FILE NAME : E:\03-DuAn\LedController\LedController\02-Software\N76E003\RS485Master\Debug\Obj\n76e003_gpio.r51
  PROGRAM MODULE, NAME : n76e003_gpio

  SEGMENTS IN THE MODULE
  ======================
SFR_AN
  Relative segment, address: DATA 00000080 - 00000080 (0x1 bytes), align: 0
  Segment part 1. ROOT        Intra module refs:   GPIO_WriteHigh
                                                   GPIO_WriteLow
                                                   GPIO_WriteReverse
           ENTRY                   ADDRESS         REF BY
           =====                   =======         ======
           _A_P0                   00000080 
           LOCAL                   ADDRESS         
           =====                   =======         
           P0                      00000080 
           P0_bit                  00000080 
    -------------------------------------------------------------------------
SFR_AN
  Relative segment, address: DATA 00000090 - 00000090 (0x1 bytes), align: 0
  Segment part 2. ROOT        Intra module refs:   GPIO_WriteHigh
                                                   GPIO_WriteLow
                                                   GPIO_WriteReverse
           ENTRY                   ADDRESS         REF BY
           =====                   =======         ======
           _A_P1                   00000090 
           LOCAL                   ADDRESS         
           =====                   =======         
           P1                      00000090 
           P1_bit                  00000090 
    -------------------------------------------------------------------------
<NEAR_CODE> 1 (was NEAR_CODE)
  Relative segment, address: CODE 000020AE - 000020FF (0x52 bytes), align: 0
  Segment part 12.
           ENTRY                   ADDRESS         REF BY
           =====                   =======         ======
           GPIO_Init               000020AE        GPIO_Util_Init (gpio_util)
    -------------------------------------------------------------------------
<NEAR_CODE> 1 (was NEAR_CODE)
  Relative segment, address: CODE 00002100 - 00002113 (0x14 bytes), align: 0
  Segment part 14.
           ENTRY                   ADDRESS         REF BY
           =====                   =======         ======
           GPIO_WriteHigh          00002100        GPIO_Util_WriteHigh (gpio_util)
    -------------------------------------------------------------------------
<NEAR_CODE> 1 (was NEAR_CODE)
  Relative segment, address: CODE 00002114 - 00002129 (0x16 bytes), align: 0
  Segment part 15.
           ENTRY                   ADDRESS         REF BY
           =====                   =======         ======
           GPIO_WriteLow           00002114        GPIO_Util_WriteLow (gpio_util)
    -------------------------------------------------------------------------
<NEAR_CODE> 1 (was NEAR_CODE)
  Relative segment, address: CODE 0000212A - 0000213D (0x14 bytes), align: 0
  Segment part 17.
           ENTRY                   ADDRESS         REF BY
           =====                   =======         ======
           GPIO_WriteReverse       0000212A        GPIO_Util_Toggle (gpio_util)

    *************************************************************************

  FILE NAME : E:\03-DuAn\LedController\LedController\02-Software\N76E003\RS485Master\Debug\Obj\N76E003_it.r51
  PROGRAM MODULE, NAME : N76E003_it

  SEGMENTS IN THE MODULE
  ======================
<NEAR_CODE> 1 (was NEAR_CODE)
  Relative segment, address: CODE 00001E39 - 00001E41 (0x9 bytes), align: 0
  Segment part 24.            Intra module refs:   External0_ISR::??INTVEC 3
           ENTRY                   ADDRESS         REF BY
           =====                   =======         ======
           External0_ISR           00001E39 
               interrupt function
               ISTACK = 00000000 ( 00000002 )
    -------------------------------------------------------------------------
<NEAR_CODE> 1 (was NEAR_CODE)
  Relative segment, address: CODE 00001E42 - 00001E4A (0x9 bytes), align: 0
  Segment part 25.            Intra module refs:   Timer0_ISR::??INTVEC 11
           ENTRY                   ADDRESS         REF BY
           =====                   =======         ======
           Timer0_ISR              00001E42 
               interrupt function
               ISTACK = 00000000 ( 00000002 )
    -------------------------------------------------------------------------
<NEAR_CODE> 1 (was NEAR_CODE)
  Relative segment, address: CODE 00001E4B - 00001E53 (0x9 bytes), align: 0
  Segment part 26.            Intra module refs:   External1_ISR::??INTVEC 19
           ENTRY                   ADDRESS         REF BY
           =====                   =======         ======
           External1_ISR           00001E4B 
               interrupt function
               ISTACK = 00000000 ( 00000002 )
    -------------------------------------------------------------------------
<NEAR_CODE> 1 (was NEAR_CODE)
  Relative segment, address: CODE 00001E54 - 00001E5C (0x9 bytes), align: 0
  Segment part 27.            Intra module refs:   Timer1_ISR::??INTVEC 27
           ENTRY                   ADDRESS         REF BY
           =====                   =======         ======
           Timer1_ISR              00001E54 
               interrupt function
               ISTACK = 00000000 ( 00000002 )
    -------------------------------------------------------------------------
<NEAR_CODE> 1 (was NEAR_CODE)
  Relative segment, address: CODE 00001E5D - 00001EB8 (0x5c bytes), align: 0
  Segment part 28.            Intra module refs:   UART0_ISR::??INTVEC 35
           ENTRY                   ADDRESS         REF BY
           =====                   =======         ======
           UART0_ISR               00001E5D 
               interrupt function
               calls direct
               PSTACK = 00000000 ( 00000010 )
    -------------------------------------------------------------------------
<NEAR_CODE> 1 (was NEAR_CODE)
  Relative segment, address: CODE 00001EB9 - 00001EC1 (0x9 bytes), align: 0
  Segment part 29.            Intra module refs:   Timer2_ISR::??INTVEC 43
           ENTRY                   ADDRESS         REF BY
           =====                   =======         ======
           Timer2_ISR              00001EB9 
               interrupt function
               ISTACK = 00000000 ( 00000002 )
    -------------------------------------------------------------------------
<NEAR_CODE> 1 (was NEAR_CODE)
  Relative segment, address: CODE 00001EC2 - 00001ECA (0x9 bytes), align: 0
  Segment part 30.            Intra module refs:   I2C_ISR::??INTVEC 51
           ENTRY                   ADDRESS         REF BY
           =====                   =======         ======
           I2C_ISR                 00001EC2 
               interrupt function
               ISTACK = 00000000 ( 00000002 )
    -------------------------------------------------------------------------
<NEAR_CODE> 1 (was NEAR_CODE)
  Relative segment, address: CODE 00001ECB - 00001ED3 (0x9 bytes), align: 0
  Segment part 31.            Intra module refs:   Pin_ISR::??INTVEC 59
           ENTRY                   ADDRESS         REF BY
           =====                   =======         ======
           Pin_ISR                 00001ECB 
               interrupt function
               ISTACK = 00000000 ( 00000002 )
    -------------------------------------------------------------------------
<NEAR_CODE> 1 (was NEAR_CODE)
  Relative segment, address: CODE 00001ED4 - 00001EDC (0x9 bytes), align: 0
  Segment part 32.            Intra module refs:   BrownOut_ISR::??INTVEC 67
           ENTRY                   ADDRESS         REF BY
           =====                   =======         ======
           BrownOut_ISR            00001ED4 
               interrupt function
               ISTACK = 00000000 ( 00000002 )
    -------------------------------------------------------------------------
<NEAR_CODE> 1 (was NEAR_CODE)
  Relative segment, address: CODE 00001EDD - 00001EE5 (0x9 bytes), align: 0
  Segment part 33.            Intra module refs:   SPI_ISR::??INTVEC 75
           ENTRY                   ADDRESS         REF BY
           =====                   =======         ======
           SPI_ISR                 00001EDD 
               interrupt function
               ISTACK = 00000000 ( 00000002 )
    -------------------------------------------------------------------------
<NEAR_CODE> 1 (was NEAR_CODE)
  Relative segment, address: CODE 00001EE6 - 00001EEE (0x9 bytes), align: 0
  Segment part 34.            Intra module refs:   WDT_ISR::??INTVEC 83
           ENTRY                   ADDRESS         REF BY
           =====                   =======         ======
           WDT_ISR                 00001EE6 
               interrupt function
               ISTACK = 00000000 ( 00000002 )
    -------------------------------------------------------------------------
<NEAR_CODE> 1 (was NEAR_CODE)
  Relative segment, address: CODE 00001EEF - 00001EF7 (0x9 bytes), align: 0
  Segment part 35.            Intra module refs:   ADC_ISR::??INTVEC 91
           ENTRY                   ADDRESS         REF BY
           =====                   =======         ======
           ADC_ISR                 00001EEF 
               interrupt function
               ISTACK = 00000000 ( 00000002 )
    -------------------------------------------------------------------------
<NEAR_CODE> 1 (was NEAR_CODE)
  Relative segment, address: CODE 00001EF8 - 00001F00 (0x9 bytes), align: 0
  Segment part 36.            Intra module refs:   InputCapture_ISR::??INTVEC 99
           ENTRY                   ADDRESS         REF BY
           =====                   =======         ======
           InputCapture_ISR        00001EF8 
               interrupt function
               ISTACK = 00000000 ( 00000002 )
    -------------------------------------------------------------------------
<NEAR_CODE> 1 (was NEAR_CODE)
  Relative segment, address: CODE 00001F01 - 00001F09 (0x9 bytes), align: 0
  Segment part 37.            Intra module refs:   PWM_ISR::??INTVEC 107
           ENTRY                   ADDRESS         REF BY
           =====                   =======         ======
           PWM_ISR                 00001F01 
               interrupt function
               ISTACK = 00000000 ( 00000002 )
    -------------------------------------------------------------------------
<NEAR_CODE> 1 (was NEAR_CODE)
  Relative segment, address: CODE 00001F0A - 00001F12 (0x9 bytes), align: 0
  Segment part 38.            Intra module refs:   FaultBrake_ISR::??INTVEC 115
           ENTRY                   ADDRESS         REF BY
           =====                   =======         ======
           FaultBrake_ISR          00001F0A 
               interrupt function
               ISTACK = 00000000 ( 00000002 )
    -------------------------------------------------------------------------
<NEAR_CODE> 1 (was NEAR_CODE)
  Relative segment, address: CODE 00001F13 - 00001F1B (0x9 bytes), align: 0
  Segment part 39.            Intra module refs:   UART1_ISR::??INTVEC 123
           ENTRY                   ADDRESS         REF BY
           =====                   =======         ======
           UART1_ISR               00001F13 
               interrupt function
               ISTACK = 00000000 ( 00000002 )
    -------------------------------------------------------------------------
<NEAR_CODE> 1 (was NEAR_CODE)
  Relative segment, address: CODE 00001F1C - 00001F2A (0xf bytes), align: 0
  Segment part 40.            Intra module refs:   Timer3_ISR::??INTVEC 131
           ENTRY                   ADDRESS         REF BY
           =====                   =======         ======
           Timer3_ISR              00001F1C 
               interrupt function
               calls direct
               PSTACK = 00000000 ( 0000000F )
    -------------------------------------------------------------------------
<NEAR_CODE> 1 (was NEAR_CODE)
  Relative segment, address: CODE 00001F2B - 00001F33 (0x9 bytes), align: 0
  Segment part 41.            Intra module refs:   SelfWakeup_ISR::??INTVEC 139
           ENTRY                   ADDRESS         REF BY
           =====                   =======         ======
           SelfWakeup_ISR          00001F2B 
               interrupt function
               ISTACK = 00000000 ( 00000002 )
    -------------------------------------------------------------------------
INTVEC
  Common segment, address: CODE 00000000 - 00000005 (0x6 bytes), align: 0
  Segment part 1. ROOT 
           ENTRY                   ADDRESS         REF BY
           =====                   =======         ======
           External0_ISR::??INTVEC 3
                                   00000003 
    -------------------------------------------------------------------------
INTVEC
  Common segment, address: CODE 00000000 - 0000000D (0xe bytes), align: 0
  Segment part 2. ROOT 
           ENTRY                   ADDRESS         REF BY
           =====                   =======         ======
           Timer0_ISR::??INTVEC 11
                                   0000000B 
    -------------------------------------------------------------------------
INTVEC
  Common segment, address: CODE 00000000 - 00000015 (0x16 bytes), align: 0
  Segment part 3. ROOT 
           ENTRY                   ADDRESS         REF BY
           =====                   =======         ======
           External1_ISR::??INTVEC 19
                                   00000013 
    -------------------------------------------------------------------------
INTVEC
  Common segment, address: CODE 00000000 - 0000001D (0x1e bytes), align: 0
  Segment part 4. ROOT 
           ENTRY                   ADDRESS         REF BY
           =====                   =======         ======
           Timer1_ISR::??INTVEC 27
                                   0000001B 
    -------------------------------------------------------------------------
INTVEC
  Common segment, address: CODE 00000000 - 00000025 (0x26 bytes), align: 0
  Segment part 5. ROOT 
           ENTRY                   ADDRESS         REF BY
           =====                   =======         ======
           UART0_ISR::??INTVEC 35
                                   00000023 
    -------------------------------------------------------------------------
INTVEC
  Common segment, address: CODE 00000000 - 0000002D (0x2e bytes), align: 0
  Segment part 6. ROOT 
           ENTRY                   ADDRESS         REF BY
           =====                   =======         ======
           Timer2_ISR::??INTVEC 43
                                   0000002B 
    -------------------------------------------------------------------------
INTVEC
  Common segment, address: CODE 00000000 - 00000035 (0x36 bytes), align: 0
  Segment part 7. ROOT 
           ENTRY                   ADDRESS         REF BY
           =====                   =======         ======
           I2C_ISR::??INTVEC 51    00000033 
    -------------------------------------------------------------------------
INTVEC
  Common segment, address: CODE 00000000 - 0000003D (0x3e bytes), align: 0
  Segment part 8. ROOT 
           ENTRY                   ADDRESS         REF BY
           =====                   =======         ======
           Pin_ISR::??INTVEC 59    0000003B 
    -------------------------------------------------------------------------
INTVEC
  Common segment, address: CODE 00000000 - 00000045 (0x46 bytes), align: 0
  Segment part 9. ROOT 
           ENTRY                   ADDRESS         REF BY
           =====                   =======         ======
           BrownOut_ISR::??INTVEC 67
                                   00000043 
    -------------------------------------------------------------------------
INTVEC
  Common segment, address: CODE 00000000 - 0000004D (0x4e bytes), align: 0
  Segment part 10. ROOT 
           ENTRY                   ADDRESS         REF BY
           =====                   =======         ======
           SPI_ISR::??INTVEC 75    0000004B 
    -------------------------------------------------------------------------
INTVEC
  Common segment, address: CODE 00000000 - 00000055 (0x56 bytes), align: 0
  Segment part 11. ROOT 
[...]
                                                   Timer_PWM_Init (timer_pwm)
                                                   Timer_PWM_Update_Period (timer_pwm)
                                                   highpass_filter (ir_receiver)
                                                   lowpass_filter (ir_receiver)
                                                   make_decision (ir_receiver)
                                                   process_ir_signal (ir_receiver)
                                                   update_duty_cycle (timer_pwm)

    -------------------------------------------------------------------------
  LIBRARY MODULE, NAME : ?L_MOV_TO_X

  SEGMENTS IN THE MODULE
  ======================
RCODE
  Relative segment, address: CODE 00000A3C - 00000A4A (0xf bytes), align: 0
  Segment part 2.
           ENTRY                   ADDRESS         REF BY
           =====                   =======         ======
           ?L_MOV_TO_X             00000A3C        IR_Receiver_Init (ir_receiver)
                                                   Timer_PWM_Update_Period (timer_pwm)

    -------------------------------------------------------------------------
  LIBRARY MODULE, NAME : ?XLOAD_R2345

  SEGMENTS IN THE MODULE
  ======================
RCODE
  Relative segment, address: CODE 00000A4B - 00000A56 (0xc bytes), align: 0
  Segment part 0.
           ENTRY                   ADDRESS         REF BY
           =====                   =======         ======
           ?XLOAD_R2345            00000A4B        Timer_Counter_GetCounter (timer_counter)

    -------------------------------------------------------------------------
  LIBRARY MODULE, NAME : ?XLOAD_R0123

  SEGMENTS IN THE MODULE
  ======================
RCODE
  Relative segment, address: CODE 00000A57 - 00000A62 (0xc bytes), align: 0
  Segment part 0.
           ENTRY                   ADDRESS         REF BY
           =====                   =======         ======
           ?XLOAD_R0123            00000A57        process_ir_signal (ir_receiver)

    -------------------------------------------------------------------------
  LIBRARY MODULE, NAME : ?XSTORE_R0123

  SEGMENTS IN THE MODULE
  ======================
RCODE
  Relative segment, address: CODE 00000A63 - 00000A6E (0xc bytes), align: 0
  Segment part 0.
           ENTRY                   ADDRESS         REF BY
           =====                   =======         ======
           ?XSTORE_R0123           00000A63        process_ir_signal (ir_receiver)

    -------------------------------------------------------------------------
  LIBRARY MODULE, NAME : ?MOVE_LONG8_PDATA_IDATA

  SEGMENTS IN THE MODULE
  ======================
RCODE
  Relative segment, address: CODE 00000A6F - 00000A7B (0xd bytes), align: 0
  Segment part 0.
           ENTRY                   ADDRESS         REF BY
           =====                   =======         ======
           ?MOVE_LONG8_PDATA_IDATA
                                   00000A6F        ?PUSH_PSTACK_I (?PUSH_PSTACK_I)

    -------------------------------------------------------------------------
  LIBRARY MODULE, NAME : ?MOVE_LONG8_PDATA_PDATA

  SEGMENTS IN THE MODULE
  ======================
RCODE
  Relative segment, address: CODE 00000A7C - 00000A88 (0xd bytes), align: 0
  Segment part 0.
           ENTRY                   ADDRESS         REF BY
           =====                   =======         ======
           ?MOVE_LONG8_PDATA_PDATA
                                   00000A7C        ?PUSH_PSTACK_P (?PUSH_PSTACK_P)

    -------------------------------------------------------------------------
  LIBRARY MODULE, NAME : ?MOVE_LONG8_XDATA_PDATA

  SEGMENTS IN THE MODULE
  ======================
RCODE
  Relative segment, address: CODE 00000A89 - 00000A95 (0xd bytes), align: 0
  Segment part 0.
           ENTRY                   ADDRESS         REF BY
           =====                   =======         ======
           ?MOVE_LONG8_XDATA_PDATA
                                   00000A89        cmd_push (commands)

    -------------------------------------------------------------------------
  LIBRARY MODULE, NAME : ?MOVE_LONG8_XDATA_XDATA_2DPTR

  SEGMENTS IN THE MODULE
  ======================
RCODE
  Relative segment, address: CODE 00000A96 - 00000AA6 (0x11 bytes), align: 0
  Segment part 0.
           ENTRY                   ADDRESS         REF BY
           =====                   =======         ======
           ?MOVE_LONG8_XDATA_XDATA_2DPTR
                                   00000A96        Command_PopCommand (commands)

    -------------------------------------------------------------------------
  LIBRARY MODULE, NAME : ?SS_SHR

  SEGMENTS IN THE MODULE
  ======================
RCODE
  Relative segment, address: CODE 00000AA7 - 00000AA9 (0x3 bytes), align: 0
  Segment part 1.             Intra module refs:   Segment part 2
           ENTRY                   ADDRESS         REF BY
           =====                   =======         ======
           ?SS_SHR                 00000AA7        TIM3_TimeBaseInit (N76E003_tim3)
    -------------------------------------------------------------------------
RCODE
  Relative segment, address: CODE 00000AAA - 00000AB6 (0xd bytes), align: 0
  Segment part 2.             Intra module refs:   ?SS_SHR

    -------------------------------------------------------------------------
  LIBRARY MODULE, NAME : ?S_SHL

  SEGMENTS IN THE MODULE
  ======================
RCODE
  Relative segment, address: CODE 00000AB7 - 00000AB9 (0x3 bytes), align: 0
  Segment part 0.
           ENTRY                   ADDRESS         REF BY
           =====                   =======         ======
           ?S_SHL                  00000AB7        ADC_GetConversionValue (N76E003_adc)
    -------------------------------------------------------------------------
RCODE
  Relative segment, address: CODE 00000ABA - 00000ABC (0x3 bytes), align: 0
  Segment part 1.             Intra module refs:   Segment part 2
           ENTRY                   ADDRESS         REF BY
           =====                   =======         ======
           ?S_SHL_REW              00000ABA 
    -------------------------------------------------------------------------
RCODE
  Relative segment, address: CODE 00000ABD - 00000AC9 (0xd bytes), align: 0
  Segment part 2.             Intra module refs:   ?S_SHL
                                                   ?S_SHL_REW

    -------------------------------------------------------------------------
  LIBRARY MODULE, NAME : ?CALL_IND

  SEGMENTS IN THE MODULE
  ======================
RCODE
  Relative segment, address: CODE 00000ACA - 00000ACB (0x2 bytes), align: 0
  Segment part 0.
           ENTRY                   ADDRESS         REF BY
           =====                   =======         ======
           ?CALL_IND               00000ACA        Task_Manager_PerformTask (TaskManager)

    -------------------------------------------------------------------------
  LIBRARY MODULE, NAME : ?FUNC_ENTER_PDATA

  SEGMENTS IN THE MODULE
  ======================
RCODE
  Relative segment, address: CODE 00000ACC - 00000AFF (0x34 bytes), align: 0
  Segment part 0.
           ENTRY                   ADDRESS         REF BY
           =====                   =======         ======
           ?FUNC_ENTER_PDATA       00000ACC        ADC_Init (N76E003_adc)
                                                   GPIO_Util_Init (gpio_util)
                                                   GPIO_Util_Toggle (gpio_util)
                                                   GPIO_Util_TurnOffLed (gpio_util)
                                                   GPIO_Util_TurnOnLed (gpio_util)
                                                   GPIO_Util_WriteHigh (gpio_util)
                                                   GPIO_Util_WriteLow (gpio_util)
                                                   IR_Receiver_Init (ir_receiver)
                                                   IR_Receiver_Task (ir_receiver)
                                                   Timer_Counter_IncreaseCounter (timer_counter)
                                                   Timer_PWM_Init (timer_pwm)
                                                   Timer_PWM_Update_Period (timer_pwm)
                                                   Transport_Write (transport)
                                                   UART0_Init (N76E003_uart0)
                                                   compose_command (nodecontrol)
                                                   detecting_pulse (ir_receiver)
                                                   highpass_filter (ir_receiver)
                                                   lowpass_filter (ir_receiver)
                                                   make_decision (ir_receiver)
                                                   process_ir_signal (ir_receiver)
                                                   process_node_input_state (nodecontrol)
                                                   update_duty_cycle (timer_pwm)

    -------------------------------------------------------------------------
  LIBRARY MODULE, NAME : ?FUNC_LEAVE_PDATA

  SEGMENTS IN THE MODULE
  ======================
RCODE
  Relative segment, address: CODE 00000B00 - 00000B27 (0x28 bytes), align: 0
  Segment part 0.
           ENTRY                   ADDRESS         REF BY
           =====                   =======         ======
           ?FUNC_LEAVE_PDATA       00000B00        ADC_Init (N76E003_adc)
                                                   GPIO_Util_Init (gpio_util)
                                                   GPIO_Util_Toggle (gpio_util)
                                                   GPIO_Util_TurnOffLed (gpio_util)
                                                   GPIO_Util_TurnOnLed (gpio_util)
                                                   GPIO_Util_WriteHigh (gpio_util)
                                                   GPIO_Util_WriteLow (gpio_util)
                                                   IR_Receiver_Init (ir_receiver)
                                                   IR_Receiver_Task (ir_receiver)
                                                   Timer_Counter_IncreaseCounter (timer_counter)
                                                   Timer_PWM_Init (timer_pwm)
                                                   Timer_PWM_Update_Period (timer_pwm)
                                                   Transport_Write (transport)
                                                   UART0_Init (N76E003_uart0)
                                                   compose_command (nodecontrol)
                                                   detecting_pulse (ir_receiver)
                                                   highpass_filter (ir_receiver)
                                                   lowpass_filter (ir_receiver)
                                                   make_decision (ir_receiver)
                                                   process_ir_signal (ir_receiver)
                                                   process_node_input_state (nodecontrol)
                                                   update_duty_cycle (timer_pwm)

    -------------------------------------------------------------------------
  LIBRARY MODULE, NAME : ?INTERRUPT_ENTER_PSP

  SEGMENTS IN THE MODULE
  ======================
RCODE
  Relative segment, address: CODE 00000B28 - 00000B77 (0x50 bytes), align: 0
  Segment part 0.
           ENTRY                   ADDRESS         REF BY
           =====                   =======         ======
           ?INTERRUPT_ENTER_PSP    00000B28        Timer3_ISR (N76E003_it)
                                                   UART0_ISR (N76E003_it)

    -------------------------------------------------------------------------
  LIBRARY MODULE, NAME : ?INTERRUPT_LEAVE_PSP

  SEGMENTS IN THE MODULE
  ======================
RCODE
  Relative segment, address: CODE 00000B78 - 00000BC4 (0x4d bytes), align: 0
  Segment part 0.
           ENTRY                   ADDRESS         REF BY
           =====                   =======         ======
           ?INTERRUPT_LEAVE_PSP    00000B78        Timer3_ISR (N76E003_it)
                                                   UART0_ISR (N76E003_it)

    -------------------------------------------------------------------------
  LIBRARY MODULE, NAME : ?PSTACK_SAVE_DPTR

  SEGMENTS IN THE MODULE
  ======================
RCODE
  Relative segment, address: CODE 00000BC5 - 00000BD1 (0xd bytes), align: 0
  Segment part 0.
           ENTRY                   ADDRESS         REF BY
           =====                   =======         ======
           ?PSTACK_SAVE_DPTRS_1    00000BC5        Transport_Write (transport)
                                                   make_decision (ir_receiver)
                                                   process_ir_signal (ir_receiver)

    -------------------------------------------------------------------------
  LIBRARY MODULE, NAME : ?PSTACK_RESTORE_DPTR

  SEGMENTS IN THE MODULE
  ======================
RCODE
  Relative segment, address: CODE 00000BD2 - 00000BDE (0xd bytes), align: 0
  Segment part 0.
           ENTRY                   ADDRESS         REF BY
           =====                   =======         ======
           ?PSTACK_RESTORE_DPTRS_1
                                   00000BD2        Transport_Write (transport)
                                                   make_decision (ir_receiver)
                                                   process_ir_signal (ir_receiver)

    -------------------------------------------------------------------------
  LIBRARY MODULE, NAME : ?PUSH_PSTACK_I

  SEGMENTS IN THE MODULE
  ======================
RCODE
  Relative segment, address: CODE 00000BDF - 00000BE0 (0x2 bytes), align: 0
  Segment part 4.
           ENTRY                   ADDRESS         REF BY
           =====                   =======         ======
           ?PUSH_PSTACK_I_ONE      00000BDF        Timer_PWM_IR_Transmitter_Init (timer_pwm)
                                                   Timer_PWM_Init (timer_pwm)
    -------------------------------------------------------------------------
RCODE
  Relative segment, address: CODE 00000BE1 - 00000BF1 (0x11 bytes), align: 0
  Segment part 5.             Intra module refs:   ?PUSH_PSTACK_I_ONE
           ENTRY                   ADDRESS         REF BY
           =====                   =======         ======
           ?PUSH_PSTACK_I          00000BE1 

    -------------------------------------------------------------------------
  LIBRARY MODULE, NAME : ?PUSH_PSTACK_P

  SEGMENTS IN THE MODULE
  ======================
RCODE
  Relative segment, address: CODE 00000BF2 - 00000C02 (0x11 bytes), align: 0
  Segment part 5.
           ENTRY                   ADDRESS         REF BY
           =====                   =======         ======
           ?PUSH_PSTACK_P          00000BF2        Command_Task (commands)
                                                   Node_Control_Task (nodecontrol)
                                                   compose_command (nodecontrol)

    -------------------------------------------------------------------------
  LIBRARY MODULE, NAME : ?__exit

  SEGMENTS IN THE MODULE
  ======================
<NEAR_CODE> 1 (was NEAR_CODE)
  Relative segment, address: CODE 000023C9 - 000023CA (0x2 bytes), align: 0
  Segment part 6.
           ENTRY                   ADDRESS         REF BY
           =====                   =======         ======
           __exit                  000023C9        Segment part 10 (?cexit)




                ****************************************
                *                                      *
                *      SEGMENTS IN ADDRESS ORDER       *
                *                                      *
                ****************************************


SEGMENT              SPACE    START ADDRESS   END ADDRESS     SIZE  TYPE  ALIGN
=======              =====    =============   ===========     ====  ====  =====
INTVEC               CODE          00000000 - 0000008D          8E   com    0
CSTART               CODE          0000008E - 000000DE          51   rel    0
DATA_ID              CODE               000000DF                     dse    0
BDATA_ID             CODE               000000DF                     dse    0
IDATA_ID             CODE               000000DF                     dse    0
IXDATA_ID            CODE               000000DF                     dse    0
PDATA_ID             CODE               000000DF                     dse    0
BIT_ID               CODE               000000DF                     dse    0
XDATA_ID             CODE          000000DF - 00000103          25   rel    0
RCODE                CODE          00000104 - 00000C02         AFF   rel    0
DIFUNCT              CODE               00000C03                     rel    0
<NEAR_CODE> 1        CODE          00000C03 - 000023CA        17C8   rel    0
REGISTERS            DATA          00000000 - 00000007           8   rel    0
VREG                 DATA          00000008 - 0000000F           8   rel    0
PSP                  DATA          00000010 - 00000010           1   rel    0
BREG                 BIT        00000020.0  -  00000020.7        8   rel    0
SFR_AN               DATA          00000080 - 00000080           1   rel    0
                     DATA          00000087 - 00000089           3 
                     DATA          0000008D - 0000008E           2 
                     DATA          00000090 - 00000090           1 
                     DATA          00000098 - 00000099           2 
                     DATA          0000009C - 0000009C           1 
                     DATA          000000A8 - 000000A8           1 
                     DATA          000000AC - 000000AD           2 
                     DATA          000000B1 - 000000B4           4 
                     DATA          000000C2 - 000000C4           3 
                     DATA          000000C4 - 000000C5           2 
                     DATA          000000C5 - 000000C6           2 
                     DATA          000000CC - 000000CD           2 
                     DATA          000000D1 - 000000D5           5 
                     DATA          000000D8 - 000000DF           8 
                     DATA          000000E1 - 000000E1           1 
                     DATA          000000E8 - 000000E8           1 
                     DATA          000000F6 - 000000F6           1 
PDATA_Z              XDATA              00000000                     dse    0
PSTACK               XDATA         00000000 - 0000007F          80   rel    0
XDATA_I              XDATA         00000080 - 000000A4          25   rel    0
XDATA_Z              XDATA         000000A5 - 000002D0         22C   rel    0
ISTACK               IDATA         000000C0 - 000000FF          40   rel    0

                ****************************************
                *                                      *
                *        END OF CROSS REFERENCE        *
                *                                      *
                ****************************************

 9 163 bytes of CODE  memory
    17 bytes of DATA  memory (+ 42 absolute )
   721 bytes of XDATA memory
    64 bytes of IDATA memory
     8 bits  of BIT   memory

Errors: none
Warnings: none

