###############################################################################
#
# IAR ELF Linker V3.10.1.201 for STM8                     10/Mar/2019  20:46:36
# Copyright 2010-2017 IAR Systems AB.
#
#    Output file  =  
#        E:\03-DuAn\LedController\LedController\02-Software\STM8S003\RS485Slave\Release\Exe\RS485Slave.out
#    Map file     =  
#        E:\03-DuAn\LedController\LedController\02-Software\STM8S003\RS485Slave\Release\List\RS485Slave.map
#    Command line =  
#        -f C:\Users\hungn\AppData\Local\Temp\EW2753.tmp
#        (E:\03-DuAn\LedController\LedController\02-Software\STM8S003\RS485Slave\Release\Obj\commands.o
#        E:\03-DuAn\LedController\LedController\02-Software\STM8S003\RS485Slave\Release\Obj\gpio_util.o
#        E:\03-DuAn\LedController\LedController\02-Software\STM8S003\RS485Slave\Release\Obj\ir_receiver.o
#        E:\03-DuAn\LedController\LedController\02-Software\STM8S003\RS485Slave\Release\Obj\ir_transmitter.o
#        E:\03-DuAn\LedController\LedController\02-Software\STM8S003\RS485Slave\Release\Obj\led_controller.o
#        E:\03-DuAn\LedController\LedController\02-Software\STM8S003\RS485Slave\Release\Obj\main.o
#        E:\03-DuAn\LedController\LedController\02-Software\STM8S003\RS485Slave\Release\Obj\nodecontrol.o
#        E:\03-DuAn\LedController\LedController\02-Software\STM8S003\RS485Slave\Release\Obj\nodestatemanager.o
#        E:\03-DuAn\LedController\LedController\02-Software\STM8S003\RS485Slave\Release\Obj\stm8s_adc1.o
#        E:\03-DuAn\LedController\LedController\02-Software\STM8S003\RS485Slave\Release\Obj\stm8s_clk.o
#        E:\03-DuAn\LedController\LedController\02-Software\STM8S003\RS485Slave\Release\Obj\stm8s_gpio.o
#        E:\03-DuAn\LedController\LedController\02-Software\STM8S003\RS485Slave\Release\Obj\stm8s_it.o
#        E:\03-DuAn\LedController\LedController\02-Software\STM8S003\RS485Slave\Release\Obj\stm8s_itc.o
#        E:\03-DuAn\LedController\LedController\02-Software\STM8S003\RS485Slave\Release\Obj\stm8s_tim1.o
#        E:\03-DuAn\LedController\LedController\02-Software\STM8S003\RS485Slave\Release\Obj\stm8s_tim2.o
#        E:\03-DuAn\LedController\LedController\02-Software\STM8S003\RS485Slave\Release\Obj\stm8s_uart1.o
#        E:\03-DuAn\LedController\LedController\02-Software\STM8S003\RS485Slave\Release\Obj\TaskManager.o
#        E:\03-DuAn\LedController\LedController\02-Software\STM8S003\RS485Slave\Release\Obj\timer_counter.o
#        E:\03-DuAn\LedController\LedController\02-Software\STM8S003\RS485Slave\Release\Obj\timer_pwm.o
#        E:\03-DuAn\LedController\LedController\02-Software\STM8S003\RS485Slave\Release\Obj\transport.o
#        E:\03-DuAn\LedController\LedController\02-Software\STM8S003\RS485Slave\Release\Obj\util.o
#        --redirect _Printf=_PrintfFullNoMb --redirect _Scanf=_ScanfFullNoMb -o
#        E:\03-DuAn\LedController\LedController\02-Software\STM8S003\RS485Slave\Release\Exe\RS485Slave.out
#        --map
#        E:\03-DuAn\LedController\LedController\02-Software\STM8S003\RS485Slave\Release\List\RS485Slave.map
#        --config "C:\Program Files (x86)\IAR Systems\Embedded Workbench
#        8.0\stm8\config\lnkstm8s003f3.icf" --config_def _CSTACK_SIZE=0x100
#        --config_def _HEAP_SIZE=0x100 --entry __iar_program_start)
#
###############################################################################

*******************************************************************************
*** RUNTIME MODEL ATTRIBUTES
***

__SystemLibrary            = DLib
__code_model               = small
__core                     = stm8
__data_model               = medium
__dlib_file_descriptor     = 0
__dlib_full_locale_support = 0
__rt_version               = 4


*******************************************************************************
*** PLACEMENT SUMMARY
***

"A0":  place at start of [0x000000-0x0000ff] { rw section .vregs };
"A1":  place at end of [0x000000-0x0003ff] { block CSTACK };
"P2":  place in [from 0x000000 to 0x0003ff] {
          block HEAP, rw section __DLIB_PERTHREAD, rw section .far.bss,
          rw section .far.data, rw section .far.noinit,
          rw section .far_func.textrw, rw section .huge.bss,
          rw section .huge.data, rw section .huge.noinit,
          rw section .huge_func.textrw, rw section .iar.dynexit,
          rw section .near.bss, rw section .near.data, rw section .near.noinit,
          rw section .near_func.textrw };
"A2":  place at start of [0x008000-0x009fff] { block INTVEC };
"P3":  place in [from 0x008000 to 0x009fff] {
          ro section __DLIB_PERTHREAD_init, ro section .far.data_init,
          ro section .far_func.textrw_init, ro section .huge.data_init,
          ro section .huge_func.textrw_init, ro section .iar.init_table,
          ro section .init_array, ro section .near.data_init,
          ro section .near.rodata, ro section .near_func.text,
          ro section .near_func.textrw_init, ro section .tiny.data_init,
          ro section .tiny.rodata_init };
"P4":  place in [from 0x008000 to 0x009fff] {
          ro section .far.rodata, ro section .far_func.text };
"P5":  place in [from 0x008000 to 0x009fff] {
          ro section .huge.rodata, ro section .huge_func.text };
do not initialize {
   rw section .eeprom.noinit, rw section .far.noinit, rw section .huge.noinit,
   rw section .near.noinit, rw section .tiny.noinit, rw section .vregs };
initialize by copy {
   rw section .far.bss, rw section .far.data, rw section .far_func.textrw,
   rw section .huge.bss, rw section .huge.data, rw section .huge_func.textrw,
   rw section .iar.dynexit, rw section .near.bss, rw section .near.data,
   rw section .near_func.textrw, rw section .tiny.bss, rw section .tiny.data,
   ro section .tiny.rodata };

  Section            Kind      Address    Size  Object
  -------            ----      -------    ----  ------
"A0":                                     0x10
  .vregs             uninit   0x000000    0x10  vregs.o [4]
                            - 0x000010    0x10

"P2", part 1 of 2:                         0x5
  P2-1                        0x000010     0x5  <Init block>
    .near.data       inited   0x000010     0x1  ir_transmitter.o [1]
    .near.data       inited   0x000011     0x4  timer_pwm.o [1]
                            - 0x000015     0x5

"P2", part 2 of 2:                       0x1c5
  .near.bss          zero     0x000015   0x100  transport.o [1]
  .near.bss          zero     0x000115    0x40  transport.o [1]
  .near.bss          zero     0x000155    0x28  TaskManager.o [1]
  .near.bss          zero     0x00017d    0x14  commands.o [1]
  .near.bss          zero     0x000191     0x5  ir_receiver.o [1]
  .near.bss          zero     0x000196     0x4  ir_receiver.o [1]
  .near.bss          zero     0x00019a     0x4  ir_receiver.o [1]
  .near.bss          zero     0x00019e     0x4  ir_receiver.o [1]
  .near.bss          zero     0x0001a2     0x4  ir_receiver.o [1]
  .near.bss          zero     0x0001a6     0x4  ir_receiver.o [1]
  .near.bss          zero     0x0001aa     0x4  ir_receiver.o [1]
  .near.bss          zero     0x0001ae     0x4  main.o [1]
  .near.bss          zero     0x0001b2     0x4  timer_counter.o [1]
  .near.bss          zero     0x0001b6     0x4  timer_pwm.o [1]
  .near.bss          zero     0x0001ba     0x2  ir_receiver.o [1]
  .near.bss          zero     0x0001bc     0x2  ir_receiver.o [1]
  .near.bss          zero     0x0001be     0x2  ir_receiver.o [1]
  .near.bss          zero     0x0001c0     0x2  ir_receiver.o [1]
  .near.bss          zero     0x0001c2     0x2  ir_receiver.o [1]
  .near.bss          zero     0x0001c4     0x2  nodestatemanager.o [1]
  .near.bss          zero     0x0001c6     0x2  transport.o [1]
  .near.bss          zero     0x0001c8     0x2  transport.o [1]
  .near.bss          zero     0x0001ca     0x2  transport.o [1]
  .near.bss          zero     0x0001cc     0x1  commands.o [1]
  .near.bss          zero     0x0001cd     0x1  commands.o [1]
  .near.bss          zero     0x0001ce     0x1  commands.o [1]
  .near.bss          zero     0x0001cf     0x1  ir_receiver.o [1]
  .near.bss          zero     0x0001d0     0x1  ir_transmitter.o [1]
  .near.bss          zero     0x0001d1     0x1  ir_transmitter.o [1]
  .near.bss          zero     0x0001d2     0x1  led_controller.o [1]
  .near.bss          zero     0x0001d3     0x1  TaskManager.o [1]
  .near.bss          zero     0x0001d4     0x1  timer_pwm.o [1]
  .near.bss          zero     0x0001d5     0x1  timer_pwm.o [1]
  .near.bss          zero     0x0001d6     0x1  transport.o [1]
  .near.bss          zero     0x0001d7     0x1  transport.o [1]
  .near.bss          zero     0x0001d8     0x1  transport.o [1]
  .near.bss          zero     0x0001d9     0x1  transport.o [1]
                            - 0x0001da   0x1c5

"A1":                                    0x100
  CSTACK                      0x000300   0x100  <Block>
    CSTACK           uninit   0x000300   0x100  <Block tail>
                            - 0x000400   0x100

"A2":                                     0x80
  INTVEC                      0x008000    0x80  <Block>
    .intvec          const    0x008000    0x80  interrupt.o [4]
                            - 0x008080    0x80

"P3-P5":                                0x1f17
  .near_func.text    ro code  0x008080   0x3ff  float.o [4]
  .near_func.text    ro code  0x00847f   0x1eb  stm8s_uart1.o [1]
  .near_func.text    ro code  0x00866a   0x1dc  ir_receiver.o [1]
  .near_func.text    ro code  0x008846   0x1a0  long.o [4]
  .near_func.text    ro code  0x0089e6   0x164  stm8s_adc1.o [1]
  .near_func.text    ro code  0x008b4a   0x137  stm8s_itc.o [1]
  .near_func.text    ro code  0x008c81   0x105  vreg_util.o [4]
  .near_func.text    ro code  0x008d86    0xd8  stm8s_adc1.o [1]
  .near_func.text    ro code  0x008e5e    0xc9  stm8s_gpio.o [1]
  .near_func.text    ro code  0x008f27    0xb5  stm8s_uart1.o [1]
  .near_func.text    ro code  0x008fdc    0xa7  stm8s_adc1.o [1]
  .near_func.text    ro code  0x009083    0xa2  stm8s_tim2.o [1]
  .near_func.text    ro code  0x009125    0xa2  stm8s_tim2.o [1]
  .near_func.text    ro code  0x0091c7    0x9e  stm8s_uart1.o [1]
  .near_func.text    ro code  0x009265    0x8b  main.o [1]
  .near_func.text    ro code  0x0092f0    0x7d  transport.o [1]
  .near_func.text    ro code  0x00936d    0x71  stm8s_clk.o [1]
  .near_func.text    ro code  0x0093de    0x62  timer_pwm.o [1]
  .near_func.text    ro code  0x009440    0x58  stm8s_tim1.o [1]
  .near_func.text    ro code  0x009498    0x54  stm8s_adc1.o [1]
  .near_func.text    ro code  0x0094ec    0x52  stm8s_tim1.o [1]
  .near_func.text    ro code  0x00953e    0x51  timer_pwm.o [1]
  .near_func.text    ro code  0x00958f    0x50  nodecontrol.o [1]
  .near_func.text    ro code  0x0095df    0x4b  commands.o [1]
  .near_func.text    ro code  0x00962a    0x4b  stm8s_tim1.o [1]
  .near_func.text    ro code  0x009675    0x48  util.o [1]
  .near_func.text    ro code  0x0096bd    0x47  long_util.o [4]
  .near_func.text    ro code  0x009704    0x45  stm8s_adc1.o [1]
  .near_func.text    ro code  0x009749    0x3d  stm8s_adc1.o [1]
  .near_func.text    ro code  0x009786    0x3b  stm8s_clk.o [1]
  .near_func.text    ro code  0x0097c1    0x38  timer_pwm.o [1]
  .near_func.text    ro code  0x0097f9    0x38  transport.o [1]
  .near_func.text    ro code  0x009831    0x37  main.o [1]
  .near_func.text    ro code  0x009868    0x36  commands.o [1]
  .near_func.text    ro code  0x00989e    0x35  stm8s_clk.o [1]
  .near_func.text    ro code  0x0098d3    0x35  stm8s_it.o [1]
  .near_func.text    ro code  0x009908    0x34  commands.o [1]
  .near_func.text    ro code  0x00993c    0x34  transport.o [1]
  .near_func.text    ro code  0x009970    0x33  led_controller.o [1]
  .near_func.text    ro code  0x0099a3    0x31  stm8s_tim1.o [1]
  .near_func.text    ro code  0x0099d4    0x2e  main.o [1]
  .near_func.text    ro code  0x009a02    0x2d  ir_transmitter.o [1]
  .near_func.text    ro code  0x009a2f    0x2d  transport.o [1]
  .near_func.text    ro code  0x009a5c    0x2c  transport.o [1]
  .near_func.text    ro code  0x009a88    0x2b  stm8s_uart1.o [1]
  .near_func.text    ro code  0x009ab3    0x2b  util.o [1]
  .near_func.text    ro code  0x009ade    0x2a  stm8s_tim1.o [1]
  .near_func.text    ro code  0x009b08    0x2a  stm8s_tim2.o [1]
  .near_func.text    ro code  0x009b32    0x2a  stm8s_tim2.o [1]
  .near_func.text    ro code  0x009b5c    0x2a  stm8s_tim2.o [1]
  .near_func.text    ro code  0x009b86    0x2a  stm8s_tim2.o [1]
  .near_func.text    ro code  0x009bb0    0x29  led_controller.o [1]
  .near_func.text    ro code  0x009bd9    0x28  init_small.o [4]
  .near_func.text    ro code  0x009c01    0x27  led_controller.o [1]
  .near_func.text    ro code  0x009c28    0x27  timer_counter.o [1]
  .near_func.text    ro code  0x009c4f    0x26  ir_transmitter.o [1]
  .near_func.text    ro code  0x009c75    0x25  dc_util.o [4]
  .near_func.text    ro code  0x009c9a    0x23  stm8s_it.o [1]
  .near_func.text    ro code  0x009cbd    0x22  stm8s_it.o [1]
  .near_func.text    ro code  0x009cdf    0x21  stm8s_itc.o [1]
  .iar.init_table    const    0x009d00    0x12  - Linker created -
  .near_func.text    ro code  0x009d12    0x20  TaskManager.o [1]
  .near_func.text    ro code  0x009d32    0x1f  move.o [4]
  .near_func.text    ro code  0x009d51    0x1e  commands.o [1]
  .near_func.text    ro code  0x009d6f    0x1e  main.o [1]
  .near_func.text    ro code  0x009d8d    0x1e  init_small.o [4]
  .near_func.text    ro code  0x009dab    0x1d  nodecontrol.o [1]
  .near_func.text    ro code  0x009dc8    0x15  gpio_util.o [1]
  .near_func.text    ro code  0x009ddd    0x15  nodestatemanager.o [1]
  .near_func.text    ro code  0x009df2    0x14  short.o [4]
  .near_func.text    ro code  0x009e06    0x14  init.o [4]
  .near_func.text    ro code  0x009e1a    0x13  main.o [1]
  .near_func.text    ro code  0x009e2d    0x13  timer_pwm.o [1]
  .near_func.text    ro code  0x009e40    0x13  cstartup.o [4]
  .near_func.text    ro code  0x009e53    0x10  TaskManager.o [1]
  .near_func.text    ro code  0x009e63     0xf  timer_counter.o [1]
  .near.rodata       const    0x009e72     0xe  stm8s_uart1.o [1]
  .near.rodata       const    0x009e80     0xd  stm8s_adc1.o [1]
  .near.rodata       const    0x009e8d     0xd  stm8s_gpio.o [1]
  .near.rodata       const    0x009e9a     0xd  stm8s_tim1.o [1]
  .near.rodata       const    0x009ea7     0xd  stm8s_tim2.o [1]
  .near_func.text    ro code  0x009eb4     0xd  transport.o [1]
  .near.rodata       const    0x009ec1     0xc  stm8s_clk.o [1]
  .near.rodata       const    0x009ecd     0xc  stm8s_itc.o [1]
  .near_func.text    ro code  0x009ed9     0xc  stm8s_tim2.o [1]
  .near_func.text    ro code  0x009ee5     0xc  transport.o [1]
  .near_func.text    ro code  0x009ef1     0xa  char.o [4]
  .near_func.text    ro code  0x009efb     0x9  main.o [1]
  .near_func.text    ro code  0x009f04     0x9  nodestatemanager.o [1]
  .near_func.text    ro code  0x009f0d     0x9  stm8s_tim2.o [1]
  .near_func.text    ro code  0x009f16     0x7  stm8s_gpio.o [1]
  .near_func.text    ro code  0x009f1d     0x7  stm8s_gpio.o [1]
  .near_func.text    ro code  0x009f24     0x6  stm8s_itc.o [1]
  .near_func.text    ro code  0x009f2a     0x6  timer_counter.o [1]
  .near_func.text    ro code  0x009f30     0x5  stm8s_adc1.o [1]
  .near_func.text    ro code  0x009f35     0x5  cexit.o [4]
  Initializer bytes  const    0x009f3a     0x5  <for P2-1>
  .near.rodata       const    0x009f3f     0x4  stm8s_clk.o [1]
  .near_func.text    ro code  0x009f43     0x4  ir_receiver.o [1]
  .near_func.text    ro code  0x009f47     0x4  ir_transmitter.o [1]
  .near_func.text    ro code  0x009f4b     0x4  led_controller.o [1]
  .near_func.text    ro code  0x009f4f     0x4  nodestatemanager.o [1]
  .near_func.text    ro code  0x009f53     0x4  nodestatemanager.o [1]
  .near_func.text    ro code  0x009f57     0x4  nodestatemanager.o [1]
  .near_func.text    ro code  0x009f5b     0x4  stm8s_gpio.o [1]
  .near_func.text    ro code  0x009f5f     0x4  stm8s_uart1.o [1]
  .near_func.text    ro code  0x009f63     0x4  stm8s_uart1.o [1]
  .near_func.text    ro code  0x009f67     0x4  timer_pwm.o [1]
  .near_func.text    ro code  0x009f6b     0x4  transport.o [1]
  .near_func.text    ro code  0x009f6f     0x3  gpio_util.o [1]
  .near_func.text    ro code  0x009f72     0x3  stm8s_itc.o [1]
  .near_func.text    ro code  0x009f75     0x3  interrupt.o [4]
  .near_func.text    ro code  0x009f78     0x3  low_level_init.o [4]
  .near_func.text    ro code  0x009f7b     0x3  exit.o [4]
  .near_func.text    ro code  0x009f7e     0x3  unhandled_exception.o [4]
  .near_func.text    ro code  0x009f81     0x2  stm8s_gpio.o [1]
  .near_func.text    ro code  0x009f83     0x2  xxexit.o [3]
  .near_func.text    ro code  0x009f85     0x1  nodecontrol.o [1]
  .near_func.text    ro code  0x009f86     0x1  stm8s_it.o [1]
  .near_func.text    ro code  0x009f87     0x1  stm8s_it.o [1]
  .near_func.text    ro code  0x009f88     0x1  stm8s_it.o [1]
  .near_func.text    ro code  0x009f89     0x1  stm8s_it.o [1]
  .near_func.text    ro code  0x009f8a     0x1  stm8s_it.o [1]
  .near_func.text    ro code  0x009f8b     0x1  stm8s_it.o [1]
  .near_func.text    ro code  0x009f8c     0x1  stm8s_it.o [1]
  .near_func.text    ro code  0x009f8d     0x1  stm8s_it.o [1]
  .near_func.text    ro code  0x009f8e     0x1  stm8s_it.o [1]
  .near_func.text    ro code  0x009f8f     0x1  stm8s_it.o [1]
  .near_func.text    ro code  0x009f90     0x1  stm8s_it.o [1]
  .near_func.text    ro code  0x009f91     0x1  stm8s_it.o [1]
  .near_func.text    ro code  0x009f92     0x1  stm8s_it.o [1]
  .near_func.text    ro code  0x009f93     0x1  stm8s_it.o [1]
  .near_func.text    ro code  0x009f94     0x1  stm8s_it.o [1]
  .near_func.text    ro code  0x009f95     0x1  stm8s_it.o [1]
  .near_func.text    ro code  0x009f96     0x1  stm8s_it.o [1]
                            - 0x009f97  0x1f17


*******************************************************************************
*** INIT TABLE
***

          Address   Size
          -------   ----
Zero (__iar_zero_init2)
    1 destination range, total size 0x1c5:
          0x000015  0x1c5

Copy (__iar_copy_init2)
    1 source range, total size 0x5:
          0x009f3a    0x5
    1 destination range, total size 0x5:
          0x000010    0x5



*******************************************************************************
*** MODULE SUMMARY
***

    Module                 ro code  ro data  rw data
    ------                 -------  -------  -------
E:\03-DuAn\LedController\LedController\02-Software\STM8S003\RS485Slave\Release\Obj: [1]
    TaskManager.o               48                41
    commands.o                 211                23
    gpio_util.o                 24
    ir_receiver.o              480                40
    ir_transmitter.o            87        1        3
    led_controller.o           135                 1
    main.o                     298                 4
    nodecontrol.o              110
    nodestatemanager.o          42                 2
    stm8s_adc1.o               958       13
    stm8s_clk.o                225       16
    stm8s_gpio.o               221       13
    stm8s_it.o                 139
    stm8s_itc.o                353       12
    stm8s_tim1.o               336       13
    stm8s_tim2.o               513       13
    stm8s_uart1.o              881       14
    timer_counter.o             60                 4
    timer_pwm.o                258        4       10
    transport.o                351               330
    util.o                     115
    ------------------------------------------------
    Total:                   5 845       99      458

command line: [2]
    ------------------------------------------------
    Total:

dbgstm8smn.a: [3]
    xxexit.o                     2
    ------------------------------------------------
    Total:                       2

dlstm8smn.a: [4]
    cexit.o                      5
    char.o                      10
    cstartup.o                  19
    dc_util.o                   37
    exit.o                       3
    float.o                  1 023
    init.o                      20
    init_small.o                70
    interrupt.o                  3      128
    long.o                     416
    long_util.o                 71
    low_level_init.o             3
    move.o                      31
    short.o                     20
    unhandled_exception.o        3
    vreg_util.o                261
    vregs.o                                       16
    ------------------------------------------------
    Total:                   1 995      128       16

    Linker created                       18      256
----------------------------------------------------
    Grand Total:             7 842      245      730


*******************************************************************************
*** ENTRY LIST
***

Entry                    Address   Size  Type      Object
-----                    -------   ----  ----      ------
.iar.init_table$$Base   0x009d00          --   Gb  - Linker created -
.iar.init_table$$Limit  0x009d12          --   Gb  - Linker created -
?add32_l0_l0_0x         0x008877         Code  Gb  long.o [4]
?add32_l0_l0_dl         0x008872         Code  Gb  long.o [4]
?b0                     0x000000         Data  Gb  vregs.o [4]
?b1                     0x000001         Data  Gb  vregs.o [4]
?b10                    0x00000a         Data  Gb  vregs.o [4]
?b11                    0x00000b         Data  Gb  vregs.o [4]
?b12                    0x00000c         Data  Gb  vregs.o [4]
?b13                    0x00000d         Data  Gb  vregs.o [4]
?b14                    0x00000e         Data  Gb  vregs.o [4]
?b15                    0x00000f         Data  Gb  vregs.o [4]
?b2                     0x000002         Data  Gb  vregs.o [4]
?b3                     0x000003         Data  Gb  vregs.o [4]
?b4                     0x000004         Data  Gb  vregs.o [4]
?b5                     0x000005         Data  Gb  vregs.o [4]
?b6                     0x000006         Data  Gb  vregs.o [4]
?b7                     0x000007         Data  Gb  vregs.o [4]
?b8                     0x000008         Data  Gb  vregs.o [4]
?b9                     0x000009         Data  Gb  vregs.o [4]
?dc32_l0                0x009c75         Code  Gb  dc_util.o [4]
?dc32_l1                0x009c82         Code  Gb  dc_util.o [4]
?dc32_px                0x009c8f         Code  Gb  dc_util.o [4]
?dec32_0x_0x            0x00885e         Code  Gb  long.o [4]
?dec32_l0_l0            0x008859         Code  Gb  long.o [4]
?e0                     0x000001         Data  Gb  vregs.o [4]
?e1                     0x000005         Data  Gb  vregs.o [4]
?e2                     0x000009         Data  Gb  vregs.o [4]
?e3                     0x00000d         Data  Gb  vregs.o [4]
?epilogue_l2            0x008d1c         Code  Gb  vreg_util.o [4]
?epilogue_l2_l3         0x008d19         Code  Gb  vreg_util.o [4]
?epilogue_l2_w6         0x008d20         Code  Gb  vreg_util.o [4]
?epilogue_w4            0x008d27         Code  Gb  vreg_util.o [4]
?fadd32_l0_l0_0x        0x0080a8         Code  Gb  float.o [4]
?fadd32_l0_l0_l1        0x0080ab         Code  Gb  float.o [4]
?fcastf32u16_l0_x       0x008333         Code  Gb  float.o [4]
?fcasts16f32_x_l0       0x008351         Code  Gb  float.o [4]
?fcmpge32_c_l0_0x       0x0082d4         Code  Gb  float.o [4]
?fcmpge32_c_l0_dc32     0x0082cf         Code  Gb  float.o [4]
?fcmplt32_c_l0_0x       0x0082dd         Code  Gb  float.o [4]
?fcmplt32_c_l0_dc32     0x0082d8         Code  Gb  float.o [4]
?fdiv32_l0_dc32_l1      0x00821c         Code  Gb  float.o [4]
?fdiv32_l0_l0_l1        0x008221         Code  Gb  float.o [4]
?fmul32_l0_l0_0x        0x00817e         Code  Gb  float.o [4]
?fmul32_l0_l0_dc32      0x008179         Code  Gb  float.o [4]
?fmul32_l0_l0_l1        0x008181         Code  Gb  float.o [4]
?fsub32_l0_dc32_l1      0x00809d         Code  Gb  float.o [4]
?fsub32_l0_l0_l1        0x0080a2         Code  Gb  float.o [4]
?inc32_0x_0x            0x00884b         Code  Gb  long.o [4]
?inc32_l0_l0            0x008846         Code  Gb  long.o [4]
?l0                     0x000000         Data  Gb  vregs.o [4]
?l1                     0x000004         Data  Gb  vregs.o [4]
?l2                     0x000008         Data  Gb  vregs.o [4]
?l3                     0x00000c         Data  Gb  vregs.o [4]
?load32_0x_l0           0x0096f6         Code  Gb  long_util.o [4]
?load32_asp_l0          0x0096ea         Code  Gb  long_util.o [4]
?load32_dbsp_l0         0x0096e5         Code  Gb  long_util.o [4]
?load32_l0_0x           0x0096cd         Code  Gb  long_util.o [4]
?load32_l0_asp          0x0096c2         Code  Gb  long_util.o [4]
?load32_l0_dbsp         0x0096bd         Code  Gb  long_util.o [4]
?load32_l0_xsp          0x0096c4         Code  Gb  long_util.o [4]
?load32_l1_0x           0x0096d9         Code  Gb  long_util.o [4]
?load32_xsp_l0          0x0096ec         Code  Gb  long_util.o [4]
?longfarg16_v_w0_a      0x009d3f         Code  Gb  move.o [4]
?longfarg16_v_w0_x      0x009d41         Code  Gb  move.o [4]
?mov_e0_e1              0x008d2e         Code  Gb  vreg_util.o [4]
?mov_e0_e2              0x008d3b         Code  Gb  vreg_util.o [4]
?mov_e1_e0              0x008d48         Code  Gb  vreg_util.o [4]
?mov_e1_e2              0x008d55         Code  Gb  vreg_util.o [4]
?mov_e1_e3              0x008d62         Code  Gb  vreg_util.o [4]
?mov_e2_e0              0x008d6f         Code  Gb  vreg_util.o [4]
?mov_e3_e0              0x008d7c         Code  Gb  vreg_util.o [4]
?mov_l0_l1              0x008d2b         Code  Gb  vreg_util.o [4]
?mov_l0_l2              0x008d38         Code  Gb  vreg_util.o [4]
?mov_l1_l0              0x008d45         Code  Gb  vreg_util.o [4]
?mov_l1_l2              0x008d52         Code  Gb  vreg_util.o [4]
?mov_l1_l3              0x008d5f         Code  Gb  vreg_util.o [4]
?mov_l2_l0              0x008d6c         Code  Gb  vreg_util.o [4]
?mov_l3_l0              0x008d79         Code  Gb  vreg_util.o [4]
?mov_w1_w3              0x008d31         Code  Gb  vreg_util.o [4]
?mov_w1_w5              0x008d3e         Code  Gb  vreg_util.o [4]
?mov_w3_w1              0x008d4b         Code  Gb  vreg_util.o [4]
?mov_w3_w5              0x008d58         Code  Gb  vreg_util.o [4]
?mov_w3_w7              0x008d65         Code  Gb  vreg_util.o [4]
?mov_w5_w1              0x008d72         Code  Gb  vreg_util.o [4]
?mov_w7_w1              0x008d7f         Code  Gb  vreg_util.o [4]
?move1616_v_x_y_a       0x009d32         Code  Gb  move.o [4]
?mul32_l0_l0_0x         0x0088ad         Code  Gb  long.o [4]
?mul32_l0_l0_dl         0x0088aa         Code  Gb  long.o [4]
?mul32_l0_l0_l1         0x0088b6         Code  Gb  long.o [4]
?pop_l0                 0x008ce5         Code  Gb  vreg_util.o [4]
?pop_l1                 0x008cf0         Code  Gb  vreg_util.o [4]
?pop_l2                 0x008cfb         Code  Gb  vreg_util.o [4]
?pop_l3                 0x008d06         Code  Gb  vreg_util.o [4]
?pop_w4                 0x008c9e         Code  Gb  vreg_util.o [4]
?pop_w6                 0x008ca5         Code  Gb  vreg_util.o [4]
?push_l0                0x008cb4         Code  Gb  vreg_util.o [4]
?push_l1                0x008cb9         Code  Gb  vreg_util.o [4]
?push_l2                0x008cbe         Code  Gb  vreg_util.o [4]
?push_l3                0x008cc3         Code  Gb  vreg_util.o [4]
?push_w4                0x008c81         Code  Gb  vreg_util.o [4]
?push_w6                0x008c86         Code  Gb  vreg_util.o [4]
?sll16_x_x_4            0x009dfc         Code  Gb  short.o [4]
?sll16_x_x_5            0x009dfb         Code  Gb  short.o [4]
?sll16_x_x_6            0x009dfa         Code  Gb  short.o [4]
?sll16_x_x_a            0x009df2         Code  Gb  short.o [4]
?sll32_0x_0x_a          0x0089c7         Code  Gb  long.o [4]
?sll32_l0_l0_a          0x0089c4         Code  Gb  long.o [4]
?sll8_a_a_b0            0x009ef1         Code  Gb  char.o [4]
?srl16_x_x_4            0x009e01         Code  Gb  short.o [4]
?srl32_0x_0x_a          0x0089d8         Code  Gb  long.o [4]
?srl32_l0_l0_a          0x0089d5         Code  Gb  long.o [4]
?sub32_l0_l0_0x         0x008892         Code  Gb  long.o [4]
?sub32_l0_l0_l1         0x00888f         Code  Gb  long.o [4]
?ucmp32_c_l0_0x         0x0089a9         Code  Gb  long.o [4]
?ucmp32_c_l0_l1         0x0089b9         Code  Gb  long.o [4]
?udiv32_l0_dl_l1        0x008934         Code  Gb  long.o [4]
?udiv32_l0_l0_dl        0x008939         Code  Gb  long.o [4]
?udiv32_l0_l0_l1        0x00893c         Code  Gb  long.o [4]
?umod32_l1_l0_l1        0x00893c         Code  Gb  long.o [4]
?w0                     0x000000         Data  Gb  vregs.o [4]
?w1                     0x000002         Data  Gb  vregs.o [4]
?w2                     0x000004         Data  Gb  vregs.o [4]
?w3                     0x000006         Data  Gb  vregs.o [4]
?w4                     0x000008         Data  Gb  vregs.o [4]
?w5                     0x00000a         Data  Gb  vregs.o [4]
?w6                     0x00000c         Data  Gb  vregs.o [4]
?w7                     0x00000e         Data  Gb  vregs.o [4]
ADC1_ConversionConfig   0x008fdc   0xa7  Code  Gb  stm8s_adc1.o [1]
ADC1_ExternalTriggerConfig
                        0x009498   0x54  Code  Gb  stm8s_adc1.o [1]
ADC1_GetConversionValue
                        0x009749   0x3d  Code  Gb  stm8s_adc1.o [1]
ADC1_IRQHandler         0x009f94    0x1  Code  Gb  stm8s_it.o [1]
ADC1_Init               0x0089e6  0x164  Code  Gb  stm8s_adc1.o [1]
ADC1_PrescalerConfig    0x009704   0x45  Code  Gb  stm8s_adc1.o [1]
ADC1_SchmittTriggerConfig
                        0x008d86   0xd8  Code  Gb  stm8s_adc1.o [1]
ADC1_StartConversion    0x009f30    0x5  Code  Gb  stm8s_adc1.o [1]
AWU_IRQHandler          0x009f88    0x1  Code  Gb  stm8s_it.o [1]
CLK_GetClockFreq        0x009786   0x3b  Code  Gb  stm8s_clk.o [1]
CLK_HSIPrescalerConfig  0x00989e   0x35  Code  Gb  stm8s_clk.o [1]
CLK_IRQHandler          0x009f89    0x1  Code  Gb  stm8s_it.o [1]
CLK_SYSCLKConfig        0x00936d   0x71  Code  Gb  stm8s_clk.o [1]
CSTACK$$Base            0x000300          --   Gb  - Linker created -
CSTACK$$Limit           0x000400          --   Gb  - Linker created -
Clock_Config            0x009efb    0x9  Code  Gb  main.o [1]
Command_PopCommand      0x009908   0x34  Code  Gb  commands.o [1]
Command_SendCommand     0x009d51   0x1e  Code  Gb  commands.o [1]
Command_Task            0x0095df   0x4b  Code  Gb  commands.o [1]
Delay_Us                0x009ab3   0x2b  Code  Gb  util.o [1]
EEPROM_EEC_IRQHandler   0x009f96    0x1  Code  Gb  stm8s_it.o [1]
EXTI_PORTA_IRQHandler   0x009f8a    0x1  Code  Gb  stm8s_it.o [1]
EXTI_PORTB_IRQHandler   0x009f8b    0x1  Code  Gb  stm8s_it.o [1]
EXTI_PORTC_IRQHandler   0x009f8c    0x1  Code  Gb  stm8s_it.o [1]
EXTI_PORTD_IRQHandler   0x009f8d    0x1  Code  Gb  stm8s_it.o [1]
EXTI_PORTE_IRQHandler   0x009f8e    0x1  Code  Gb  stm8s_it.o [1]
GPIO_Init               0x008e5e   0xc9  Code  Gb  stm8s_gpio.o [1]
GPIO_ReadOutputData     0x009f81    0x2  Code  Gb  stm8s_gpio.o [1]
GPIO_Util_Init          0x009f6f    0x3  Code  Gb  gpio_util.o [1]
GPIO_Util_Toggle        0x009dce    0x3  Code  Gb  gpio_util.o [1]
GPIO_Util_TurnOffActiveHighLed
                        0x009dda    0x3  Code  Gb  gpio_util.o [1]
GPIO_Util_TurnOffLed    0x009dd4    0x3  Code  Gb  gpio_util.o [1]
GPIO_Util_TurnOnActiveHighLed
                        0x009dd7    0x3  Code  Gb  gpio_util.o [1]
GPIO_Util_TurnOnLed     0x009dd1    0x3  Code  Gb  gpio_util.o [1]
GPIO_Util_WriteHigh     0x009dc8    0x3  Code  Gb  gpio_util.o [1]
GPIO_Util_WriteLow      0x009dcb    0x3  Code  Gb  gpio_util.o [1]
GPIO_WriteHigh          0x009f16    0x7  Code  Gb  stm8s_gpio.o [1]
GPIO_WriteLow           0x009f5b    0x4  Code  Gb  stm8s_gpio.o [1]
GPIO_WriteReverse       0x009f1d    0x7  Code  Gb  stm8s_gpio.o [1]
Generate_TestingSignal  0x009675   0x48  Code  Gb  util.o [1]
HSIDivFactor            0x009f3f    0x4  Data  Gb  stm8s_clk.o [1]
I2C_IRQHandler          0x009f93    0x1  Code  Gb  stm8s_it.o [1]
INTVEC$$Base            0x008000          --   Gb  - Linker created -
INTVEC$$Limit           0x008080          --   Gb  - Linker created -
IR_Receiver_GetState    0x009f43    0x4  Code  Gb  ir_receiver.o [1]
IR_Receiver_Init        0x0087e6   0x4e  Code  Gb  ir_receiver.o [1]
IR_Receiver_Task        0x008834   0x12  Code  Gb  ir_receiver.o [1]
IR_Transmitter_GetMode  0x009f47    0x4  Code  Gb  ir_transmitter.o [1]
IR_Transmitter_Init     0x009c4f   0x26  Code  Gb  ir_transmitter.o [1]
IR_Transmitter_Task     0x009a02   0x2d  Code  Gb  ir_transmitter.o [1]
IR_Transmitter_Task{1}{2}{3}{5}::counter
                        0x0001d1    0x1  Data  Lc  ir_transmitter.o [1]
ITC_DeInit              0x009cdf   0x21  Code  Gb  stm8s_itc.o [1]
ITC_GetCPUCC            0x009f72    0x3  Code  Gb  stm8s_itc.o [1]
ITC_GetSoftIntStatus    0x009f24    0x6  Code  Gb  stm8s_itc.o [1]
ITC_SetSoftwarePriority
                        0x008b4a  0x137  Code  Gb  stm8s_itc.o [1]
Interrupt_Init          0x009e1a   0x13  Code  Gb  main.o [1]
Led_Control_Cmd         0x009bc3   0x16  Code  Gb  led_controller.o [1]
Led_Control_GetMode     0x009f4b    0x4  Code  Gb  led_controller.o [1]
Led_Control_Immediate   0x009bb0   0x13  Code  Gb  led_controller.o [1]
Led_Control_Init        0x009970   0x33  Code  Gb  led_controller.o [1]
Led_Control_Task        0x009c18   0x10  Code  Gb  led_controller.o [1]
Node_Control_InitNodes  0x009f85    0x1  Code  Gb  nodecontrol.o [1]
Node_Control_Task       0x009dab   0x1d  Code  Gb  nodecontrol.o [1]
Node_State_GetInputState
                        0x009f4f    0x4  Code  Gb  nodestatemanager.o [1]
Node_State_GetOutputState
                        0x009f53    0x4  Code  Gb  nodestatemanager.o [1]
Node_State_Manager_Init
                        0x009f04    0x9  Code  Gb  nodestatemanager.o [1]
Node_State_Manager_Task
                        0x009de1   0x11  Code  Gb  nodestatemanager.o [1]
Node_State_SetInputState
                        0x009ddd    0x4  Code  Gb  nodestatemanager.o [1]
Node_State_SetOutputState
                        0x009f57    0x4  Code  Gb  nodestatemanager.o [1]
RC                      0x00019e    0x4  Data  Gb  ir_receiver.o [1]
RC_h                    0x0001aa    0x4  Data  Gb  ir_receiver.o [1]
Region$$Table$$Base     0x009d00          --   Gb  - Linker created -
Region$$Table$$Limit    0x009d12          --   Gb  - Linker created -
SPI_IRQHandler          0x009f8f    0x1  Code  Gb  stm8s_it.o [1]
System_Init             0x009d6f   0x1e  Code  Gb  main.o [1]
TIM1_CAP_COM_IRQHandler
                        0x009f90    0x1  Code  Gb  stm8s_it.o [1]
TIM1_ClearFlag          0x0099a3   0x31  Code  Gb  stm8s_tim1.o [1]
TIM1_Cmd                0x009ade   0x2a  Code  Gb  stm8s_tim1.o [1]
TIM1_GetITStatus        0x0094ec   0x52  Code  Gb  stm8s_tim1.o [1]
TIM1_ITConfig           0x00962a   0x4b  Code  Gb  stm8s_tim1.o [1]
TIM1_TimeBaseInit       0x009440   0x58  Code  Gb  stm8s_tim1.o [1]
TIM1_UPD_OVF_TRG_BRK_IRQHandler
                        0x009c9a   0x23  Code  Gb  stm8s_it.o [1]
TIM2_ARRPreloadConfig   0x009b32   0x2a  Code  Gb  stm8s_tim2.o [1]
TIM2_CAP_COM_IRQHandler
                        0x009f92    0x1  Code  Gb  stm8s_it.o [1]
TIM2_Cmd                0x009b08   0x2a  Code  Gb  stm8s_tim2.o [1]
TIM2_OC1Init            0x009083   0xa2  Code  Gb  stm8s_tim2.o [1]
TIM2_OC1PreloadConfig   0x009b5c   0x2a  Code  Gb  stm8s_tim2.o [1]
TIM2_OC3Init            0x009125   0xa2  Code  Gb  stm8s_tim2.o [1]
TIM2_OC3PreloadConfig   0x009b86   0x2a  Code  Gb  stm8s_tim2.o [1]
TIM2_SetCompare1        0x009f0d    0x9  Code  Gb  stm8s_tim2.o [1]
TIM2_TimeBaseInit       0x009ed9    0xc  Code  Gb  stm8s_tim2.o [1]
TIM2_UPD_OVF_BRK_IRQHandler
                        0x009f91    0x1  Code  Gb  stm8s_it.o [1]
TIM4_UPD_OVF_IRQHandler
                        0x009f95    0x1  Code  Gb  stm8s_it.o [1]
TLI_IRQHandler          0x009f87    0x1  Code  Gb  stm8s_it.o [1]
TRAP_IRQHandler         0x009f86    0x1  Code  Gb  stm8s_it.o [1]
Task_Init               0x009831   0x37  Code  Gb  main.o [1]
Task_Manager_AddTask    0x009e53   0x10  Code  Gb  TaskManager.o [1]
Task_Manager_PerformTask
                        0x009d12   0x20  Code  Gb  TaskManager.o [1]
Timer_Connter_Init_Timer
                        0x009c28   0x1d  Code  Gb  timer_counter.o [1]
Timer_Counter_GetCounter
                        0x009f2a    0x6  Code  Gb  timer_counter.o [1]
Timer_Counter_IncreaseCounter
                        0x009e63    0xf  Code  Gb  timer_counter.o [1]
Timer_Counter_Init      0x009c45    0xa  Code  Gb  timer_counter.o [1]
Timer_PWM_IR_Transmitter_Init
                        0x0097c1   0x38  Code  Gb  timer_pwm.o [1]
Timer_PWM_Init          0x009551   0x3e  Code  Gb  timer_pwm.o [1]
Timer_PWM_SetChangePeriod
                        0x00953e   0x13  Code  Gb  timer_pwm.o [1]
Timer_PWM_Start         0x009f67    0x4  Code  Gb  timer_pwm.o [1]
Timer_PWM_Update_Period
                        0x0093de   0x62  Code  Gb  timer_pwm.o [1]
Transport_GetRxBufferSize
                        0x009f6b    0x4  Code  Gb  transport.o [1]
Transport_Init          0x0092fc   0x37  Code  Gb  transport.o [1]
Transport_OutputDisable
                        0x009ee5    0xc  Code  Gb  transport.o [1]
Transport_OutputEnable  0x009eb4    0xd  Code  Gb  transport.o [1]
Transport_RxPop         0x0097f9   0x38  Code  Gb  transport.o [1]
Transport_RxPush        0x009a2f   0x2d  Code  Gb  transport.o [1]
Transport_TxPop         0x00993c   0x34  Code  Gb  transport.o [1]
Transport_TxPush        0x009333   0x3a  Code  Gb  transport.o [1]
Transport_Write         0x009a5c   0x2c  Code  Gb  transport.o [1]
UART1_DeInit            0x009a88   0x2b  Code  Gb  stm8s_uart1.o [1]
UART1_GetITStatus       0x0091c7   0x9e  Code  Gb  stm8s_uart1.o [1]
UART1_ITConfig          0x008f27   0xb5  Code  Gb  stm8s_uart1.o [1]
UART1_Init              0x00847f  0x1eb  Code  Gb  stm8s_uart1.o [1]
UART1_RX_IRQHandler     0x009cbd   0x22  Code  Gb  stm8s_it.o [1]
UART1_ReceiveData8      0x009f5f    0x4  Code  Gb  stm8s_uart1.o [1]
UART1_SendData8         0x009f63    0x4  Code  Gb  stm8s_uart1.o [1]
UART1_TX_IRQHandler     0x0098d3   0x35  Code  Gb  stm8s_it.o [1]
__exit                  0x009f83    0x2  Code  Gb  xxexit.o [3]
__iar_copy_init2        0x009bd9         Code  Gb  init_small.o [4]
__iar_data_init2        0x009e06   0x14  Code  Gb  init.o [4]
__iar_program_start     0x009e40         Code  Gb  cstartup.o [4]
__iar_unhandled_exception
                        0x009f7e         Code  Gb  unhandled_exception.o [4]
__iar_zero_init2        0x009d8d         Code  Gb  init_small.o [4]
__intvec                0x008000         Data  Gb  interrupt.o [4]
__low_level_init        0x009f78    0x3  Code  Gb  low_level_init.o [4]
_exit                   0x009f35         Code  Gb  cexit.o [4]
_interrupt_1            0x009f86         Code  Gb  stm8s_it.o [1]
_interrupt_12           0x009f8f         Code  Gb  stm8s_it.o [1]
_interrupt_13           0x009c9a         Code  Gb  stm8s_it.o [1]
_interrupt_14           0x009f90         Code  Gb  stm8s_it.o [1]
_interrupt_15           0x009f91         Code  Gb  stm8s_it.o [1]
_interrupt_16           0x009f92         Code  Gb  stm8s_it.o [1]
_interrupt_19           0x0098d3         Code  Gb  stm8s_it.o [1]
_interrupt_2            0x009f87         Code  Gb  stm8s_it.o [1]
_interrupt_20           0x009cbd         Code  Gb  stm8s_it.o [1]
_interrupt_21           0x009f93         Code  Gb  stm8s_it.o [1]
_interrupt_24           0x009f94         Code  Gb  stm8s_it.o [1]
_interrupt_25           0x009f95         Code  Gb  stm8s_it.o [1]
_interrupt_26           0x009f96         Code  Gb  stm8s_it.o [1]
_interrupt_3            0x009f88         Code  Gb  stm8s_it.o [1]
_interrupt_4            0x009f89         Code  Gb  stm8s_it.o [1]
_interrupt_5            0x009f8a         Code  Gb  stm8s_it.o [1]
_interrupt_6            0x009f8b         Code  Gb  stm8s_it.o [1]
_interrupt_7            0x009f8c         Code  Gb  stm8s_it.o [1]
_interrupt_8            0x009f8d         Code  Gb  stm8s_it.o [1]
_interrupt_9            0x009f8e         Code  Gb  stm8s_it.o [1]
active_period           0x000011    0x4  Data  Gb  timer_pwm.o [1]
alpha                   0x0001a6    0x4  Data  Gb  ir_receiver.o [1]
assert_failed           0x0099d4   0x2e  Code  Gb  main.o [1]
assert_failed::counter  0x0001ae    0x4  Data  Lc  main.o [1]
change_factor           0x0001b6    0x4  Data  Gb  timer_pwm.o [1]
cmd_cnt                 0x0001ce    0x1  Data  Gb  commands.o [1]
cmd_push                0x009868   0x36  Code  Gb  commands.o [1]
cmd_rd_idx              0x0001cd    0x1  Data  Gb  commands.o [1]
cmd_wr_idx              0x0001cc    0x1  Data  Gb  commands.o [1]
commands                0x00017d   0x14  Data  Gb  commands.o [1]
compose_command         0x00958f   0x1d  Code  Gb  nodecontrol.o [1]
debug_variable          0x0001d9    0x1  Data  Gb  transport.o [1]
detected_time_stamp     0x000196    0x4  Data  Gb  ir_receiver.o [1]
detecting_pulse         0x0087a6   0x40  Code  Gb  ir_receiver.o [1]
detecting_pulse::direction
                        0x0001cf    0x1  Data  Lc  ir_receiver.o [1]
detecting_pulse::previous_v
                        0x0001c2    0x2  Data  Lc  ir_receiver.o [1]
dt                      0x0001a2    0x4  Data  Gb  ir_receiver.o [1]
exit                    0x009f7b    0x3  Code  Gb  exit.o [4]
gpio_state              0x0001d4    0x1  Data  Gb  timer_pwm.o [1]
highpass_filter         0x00877f   0x27  Code  Gb  ir_receiver.o [1]
highpass_filter::previous_x
                        0x0001be    0x2  Data  Lc  ir_receiver.o [1]
highpass_filter::previous_y
                        0x0001c0    0x2  Data  Lc  ir_receiver.o [1]
is_configured           0x0001d5    0x1  Data  Gb  timer_pwm.o [1]
lowpass_filter          0x008737   0x48  Code  Gb  ir_receiver.o [1]
lowpass_filter::filtered_value
                        0x0001bc    0x2  Data  Lc  ir_receiver.o [1]
main                    0x009265   0x8b  Code  Gb  main.o [1]
make_decision           0x00866a   0x38  Code  Gb  ir_receiver.o [1]
node_state              0x0001c4    0x2  Data  Gb  nodestatemanager.o [1]
process_command         0x0095ac   0x33  Code  Gb  nodecontrol.o [1]
process_ir_signal       0x0086a2   0x95  Code  Gb  ir_receiver.o [1]
process_ir_signal::stable_marker
                        0x0001ba    0x2  Data  Lc  ir_receiver.o [1]
running_mode            0x0001d0    0x1  Data  Gb  ir_transmitter.o [1]
running_mode            0x0001d2    0x1  Data  Lc  led_controller.o [1]
rx_buff                 0x000115   0x40  Data  Gb  transport.o [1]
rx_cnt                  0x0001d8    0x1  Data  Gb  transport.o [1]
rx_interrupt_config     0x0092f6    0x6  Code  Gb  transport.o [1]
rx_rd_idx               0x0001d7    0x1  Data  Gb  transport.o [1]
rx_wr_idx               0x0001d6    0x1  Data  Gb  transport.o [1]
signal_state            0x000191    0x5  Data  Gb  ir_receiver.o [1]
task_Index              0x0001d3    0x1  Data  Gb  TaskManager.o [1]
tasks                   0x000155   0x28  Data  Gb  TaskManager.o [1]
time_prescaler          0x000010    0x1  Data  Gb  ir_transmitter.o [1]
timer_counter           0x00019a    0x4  Data  Gb  ir_receiver.o [1]
timer_counter           0x0001b2    0x4  Data  Lc  timer_counter.o [1]
tx_buff                 0x000015  0x100  Data  Gb  transport.o [1]
tx_cnt                  0x0001ca    0x2  Data  Gb  transport.o [1]
tx_interrupt_config     0x0092f0    0x6  Code  Gb  transport.o [1]
tx_rd_idx               0x0001c8    0x2  Data  Gb  transport.o [1]
tx_wr_idx               0x0001c6    0x2  Data  Gb  transport.o [1]
update_duty_cycle       0x009e2d   0x13  Code  Gb  timer_pwm.o [1]
update_led_indicator    0x009c01   0x17  Code  Gb  led_controller.o [1]


[1] = E:\03-DuAn\LedController\LedController\02-Software\STM8S003\RS485Slave\Release\Obj
[2] = command line
[3] = dbgstm8smn.a
[4] = dlstm8smn.a

  7 842 bytes of readonly  code memory
    245 bytes of readonly  data memory
    730 bytes of readwrite data memory

Errors: none
Warnings: none
