###############################################################################
#
# IAR ELF Linker V3.10.1.201 for STM8                     14/Apr/2019  23:53:08
# Copyright 2010-2017 IAR Systems AB.
#
#    Output file  =  
#        E:\DATA\03-DuAn\01-LedProject\LedController\02-Software\STM8S003\LEDPIR\Release\Exe\LED_PIR.out
#    Map file     =  
#        E:\DATA\03-DuAn\01-LedProject\LedController\02-Software\STM8S003\LEDPIR\Release\List\LED_PIR.map
#    Command line =  
#        -f C:\Users\Hungnv\AppData\Local\Temp\EW15E2.tmp
#        (E:\DATA\03-DuAn\01-LedProject\LedController\02-Software\STM8S003\LEDPIR\Release\Obj\gpio_util.o
#        E:\DATA\03-DuAn\01-LedProject\LedController\02-Software\STM8S003\LEDPIR\Release\Obj\led_controller.o
#        E:\DATA\03-DuAn\01-LedProject\LedController\02-Software\STM8S003\LEDPIR\Release\Obj\main.o
#        E:\DATA\03-DuAn\01-LedProject\LedController\02-Software\STM8S003\LEDPIR\Release\Obj\nodecontrol.o
#        E:\DATA\03-DuAn\01-LedProject\LedController\02-Software\STM8S003\LEDPIR\Release\Obj\nodestatemanager.o
#        E:\DATA\03-DuAn\01-LedProject\LedController\02-Software\STM8S003\LEDPIR\Release\Obj\pir.o
#        E:\DATA\03-DuAn\01-LedProject\LedController\02-Software\STM8S003\LEDPIR\Release\Obj\stm8s_adc1.o
#        E:\DATA\03-DuAn\01-LedProject\LedController\02-Software\STM8S003\LEDPIR\Release\Obj\stm8s_clk.o
#        E:\DATA\03-DuAn\01-LedProject\LedController\02-Software\STM8S003\LEDPIR\Release\Obj\stm8s_gpio.o
#        E:\DATA\03-DuAn\01-LedProject\LedController\02-Software\STM8S003\LEDPIR\Release\Obj\stm8s_it.o
#        E:\DATA\03-DuAn\01-LedProject\LedController\02-Software\STM8S003\LEDPIR\Release\Obj\stm8s_itc.o
#        E:\DATA\03-DuAn\01-LedProject\LedController\02-Software\STM8S003\LEDPIR\Release\Obj\stm8s_tim1.o
#        E:\DATA\03-DuAn\01-LedProject\LedController\02-Software\STM8S003\LEDPIR\Release\Obj\stm8s_tim2.o
#        E:\DATA\03-DuAn\01-LedProject\LedController\02-Software\STM8S003\LEDPIR\Release\Obj\stm8s_uart1.o
#        E:\DATA\03-DuAn\01-LedProject\LedController\02-Software\STM8S003\LEDPIR\Release\Obj\TaskManager.o
#        E:\DATA\03-DuAn\01-LedProject\LedController\02-Software\STM8S003\LEDPIR\Release\Obj\timer_counter.o
#        E:\DATA\03-DuAn\01-LedProject\LedController\02-Software\STM8S003\LEDPIR\Release\Obj\timer_pwm.o
#        E:\DATA\03-DuAn\01-LedProject\LedController\02-Software\STM8S003\LEDPIR\Release\Obj\transport.o
#        E:\DATA\03-DuAn\01-LedProject\LedController\02-Software\STM8S003\LEDPIR\Release\Obj\util.o
#        --redirect _Printf=_PrintfFullNoMb --redirect _Scanf=_ScanfFullNoMb -o
#        E:\DATA\03-DuAn\01-LedProject\LedController\02-Software\STM8S003\LEDPIR\Release\Exe\LED_PIR.out
#        --map
#        E:\DATA\03-DuAn\01-LedProject\LedController\02-Software\STM8S003\LEDPIR\Release\List\LED_PIR.map
#        --config "C:\Program Files (x86)\IAR Systems\Embedded Workbench
#        8.0\stm8\config\lnkstm8s003f3.icf" --config_def _CSTACK_SIZE=0x100
#        --config_def _HEAP_SIZE=0x100 --entry __iar_program_start)
#
###############################################################################

*******************************************************************************
*** RUNTIME MODEL ATTRIBUTES
***

__SystemLibrary            = DLib
__code_model               = small
__core                     = stm8
__data_model               = medium
__dlib_file_descriptor     = 0
__dlib_full_locale_support = 0
__rt_version               = 4


*******************************************************************************
*** PLACEMENT SUMMARY
***

"A0":  place at start of [0x000000-0x0000ff] { rw section .vregs };
"A1":  place at end of [0x000000-0x0003ff] { block CSTACK };
"P2":  place in [from 0x000000 to 0x0003ff] {
          block HEAP, rw section __DLIB_PERTHREAD, rw section .far.bss,
          rw section .far.data, rw section .far.noinit,
          rw section .far_func.textrw, rw section .huge.bss,
          rw section .huge.data, rw section .huge.noinit,
          rw section .huge_func.textrw, rw section .iar.dynexit,
          rw section .near.bss, rw section .near.data, rw section .near.noinit,
          rw section .near_func.textrw };
"A2":  place at start of [0x008000-0x009fff] { block INTVEC };
"P3":  place in [from 0x008000 to 0x009fff] {
          ro section __DLIB_PERTHREAD_init, ro section .far.data_init,
          ro section .far_func.textrw_init, ro section .huge.data_init,
          ro section .huge_func.textrw_init, ro section .iar.init_table,
          ro section .init_array, ro section .near.data_init,
          ro section .near.rodata, ro section .near_func.text,
          ro section .near_func.textrw_init, ro section .tiny.data_init,
          ro section .tiny.rodata_init };
"P4":  place in [from 0x008000 to 0x009fff] {
          ro section .far.rodata, ro section .far_func.text };
"P5":  place in [from 0x008000 to 0x009fff] {
          ro section .huge.rodata, ro section .huge_func.text };
do not initialize {
   rw section .eeprom.noinit, rw section .far.noinit, rw section .huge.noinit,
   rw section .near.noinit, rw section .tiny.noinit, rw section .vregs };
initialize by copy {
   rw section .far.bss, rw section .far.data, rw section .far_func.textrw,
   rw section .huge.bss, rw section .huge.data, rw section .huge_func.textrw,
   rw section .iar.dynexit, rw section .near.bss, rw section .near.data,
   rw section .near_func.textrw, rw section .tiny.bss, rw section .tiny.data,
   ro section .tiny.rodata };

  Section            Kind      Address    Size  Object
  -------            ----      -------    ----  ------
"A0":                                     0x10
  .vregs             uninit   0x000000    0x10  vregs.o [4]
                            - 0x000010    0x10

"P2", part 1 of 2:                         0x4
  P2-1                        0x000010     0x4  <Init block>
    .near.data       inited   0x000010     0x4  timer_pwm.o [1]
                            - 0x000014     0x4

"P2", part 2 of 2:                       0x193
  .near.bss          zero     0x000014   0x100  transport.o [1]
  .near.bss          zero     0x000114    0x40  transport.o [1]
  .near.bss          zero     0x000154    0x28  TaskManager.o [1]
  .near.bss          zero     0x00017c     0x4  main.o [1]
  .near.bss          zero     0x000180     0x4  pir.o [1]
  .near.bss          zero     0x000184     0x4  pir.o [1]
  .near.bss          zero     0x000188     0x4  pir.o [1]
  .near.bss          zero     0x00018c     0x4  pir.o [1]
  .near.bss          zero     0x000190     0x4  timer_counter.o [1]
  .near.bss          zero     0x000194     0x4  timer_pwm.o [1]
  .near.bss          zero     0x000198     0x2  nodestatemanager.o [1]
  .near.bss          zero     0x00019a     0x2  transport.o [1]
  .near.bss          zero     0x00019c     0x2  transport.o [1]
  .near.bss          zero     0x00019e     0x2  transport.o [1]
  .near.bss          zero     0x0001a0     0x1  led_controller.o [1]
  .near.bss          zero     0x0001a1     0x1  TaskManager.o [1]
  .near.bss          zero     0x0001a2     0x1  timer_pwm.o [1]
  .near.bss          zero     0x0001a3     0x1  timer_pwm.o [1]
  .near.bss          zero     0x0001a4     0x1  transport.o [1]
  .near.bss          zero     0x0001a5     0x1  transport.o [1]
  .near.bss          zero     0x0001a6     0x1  transport.o [1]
                            - 0x0001a7   0x193

"A1":                                    0x100
  CSTACK                      0x000300   0x100  <Block>
    CSTACK           uninit   0x000300   0x100  <Block tail>
                            - 0x000400   0x100

"A2":                                     0x80
  INTVEC                      0x008000    0x80  <Block>
    .intvec          const    0x008000    0x80  interrupt.o [4]
                            - 0x008080    0x80

"P3-P5":                                0x181a
  .near_func.text    ro code  0x008080   0x320  float.o [4]
  .near_func.text    ro code  0x0083a0   0x1b7  stm8s_uart1.o [1]
  .near_func.text    ro code  0x008557   0x162  long.o [4]
  .near_func.text    ro code  0x0086b9   0x124  stm8s_adc1.o [1]
  .near_func.text    ro code  0x0087dd   0x115  stm8s_itc.o [1]
  .near_func.text    ro code  0x0088f2   0x112  vreg_util.o [4]
  .near_func.text    ro code  0x008a04    0xb1  stm8s_gpio.o [1]
  .near_func.text    ro code  0x008ab5    0xb0  stm8s_adc1.o [1]
  .near_func.text    ro code  0x008b65    0x95  stm8s_uart1.o [1]
  .near_func.text    ro code  0x008bfa    0x8a  stm8s_adc1.o [1]
  .near_func.text    ro code  0x008c84    0x86  stm8s_uart1.o [1]
  .near_func.text    ro code  0x008d0a    0x82  main.o [1]
  .near_func.text    ro code  0x008d8c    0x78  timer_pwm.o [1]
  .near_func.text    ro code  0x008e04    0x6f  stm8s_tim2.o [1]
  .near_func.text    ro code  0x008e73    0x62  util.o [1]
  .near_func.text    ro code  0x008ed5    0x5e  stm8s_clk.o [1]
  .near_func.text    ro code  0x008f33    0x50  led_controller.o [1]
  .near_func.text    ro code  0x008f83    0x4e  pir.o [1]
  .near_func.text    ro code  0x008fd1    0x4c  stm8s_tim1.o [1]
  .near_func.text    ro code  0x00901d    0x4c  stm8s_tim1.o [1]
  .near_func.text    ro code  0x009069    0x47  long_util.o [4]
  .near_func.text    ro code  0x0090b0    0x3f  stm8s_adc1.o [1]
  .near_func.text    ro code  0x0090ef    0x3d  stm8s_adc1.o [1]
  .near_func.text    ro code  0x00912c    0x3b  stm8s_clk.o [1]
  .near_func.text    ro code  0x009167    0x39  stm8s_adc1.o [1]
  .near_func.text    ro code  0x0091a0    0x34  transport.o [1]
  .near_func.text    ro code  0x0091d4    0x32  stm8s_it.o [1]
  .near_func.text    ro code  0x009206    0x31  stm8s_tim1.o [1]
  .near_func.text    ro code  0x009237    0x2f  led_controller.o [1]
  .near_func.text    ro code  0x009266    0x2f  timer_pwm.o [1]
  .near_func.text    ro code  0x009295    0x2d  transport.o [1]
  .near_func.text    ro code  0x0092c2    0x2d  transport.o [1]
  .near_func.text    ro code  0x0092ef    0x2b  main.o [1]
  .near_func.text    ro code  0x00931a    0x2b  stm8s_uart1.o [1]
  .near_func.text    ro code  0x009345    0x29  stm8s_tim1.o [1]
  .near_func.text    ro code  0x00936e    0x28  pir.o [1]
  .near_func.text    ro code  0x009396    0x28  stm8s_clk.o [1]
  .near_func.text    ro code  0x0093be    0x28  init_small.o [4]
  .near_func.text    ro code  0x0093e6    0x25  dc_util.o [4]
  .near_func.text    ro code  0x00940b    0x23  transport.o [1]
  .near_func.text    ro code  0x00942e    0x21  stm8s_itc.o [1]
  .iar.init_table    const    0x00944f    0x12  - Linker created -
  .near_func.text    ro code  0x009461    0x20  stm8s_it.o [1]
  .near_func.text    ro code  0x009481    0x20  TaskManager.o [1]
  .near_func.text    ro code  0x0094a1    0x1f  main.o [1]
  .near_func.text    ro code  0x0094c0    0x1f  stm8s_it.o [1]
  .near_func.text    ro code  0x0094df    0x1e  transport.o [1]
  .near_func.text    ro code  0x0094fd    0x1e  init_small.o [4]
  .near_func.text    ro code  0x00951b    0x1d  timer_counter.o [1]
  .near_func.text    ro code  0x009538    0x16  stm8s_tim1.o [1]
  .near_func.text    ro code  0x00954e    0x16  stm8s_tim2.o [1]
  .near_func.text    ro code  0x009564    0x16  stm8s_tim2.o [1]
  .near_func.text    ro code  0x00957a    0x16  stm8s_tim2.o [1]
  .near_func.text    ro code  0x009590    0x14  pir.o [1]
  .near_func.text    ro code  0x0095a4    0x14  short.o [4]
  .near_func.text    ro code  0x0095b8    0x14  init.o [4]
  .near_func.text    ro code  0x0095cc    0x13  cstartup.o [4]
  .near_func.text    ro code  0x0095df    0x12  timer_pwm.o [1]
  .near_func.text    ro code  0x0095f1    0x11  main.o [1]
  .near_func.text    ro code  0x009602    0x10  main.o [1]
  .near_func.text    ro code  0x009612    0x10  TaskManager.o [1]
  .near_func.text    ro code  0x009622    0x10  timer_pwm.o [1]
  .near_func.text    ro code  0x009632     0xf  stm8s_itc.o [1]
  .near_func.text    ro code  0x009641     0xf  stm8s_tim2.o [1]
  .near_func.text    ro code  0x009650     0xf  timer_counter.o [1]
  .near.rodata       const    0x00965f     0xe  stm8s_uart1.o [1]
  .near.rodata       const    0x00966d     0xd  stm8s_adc1.o [1]
  .near.rodata       const    0x00967a     0xd  stm8s_gpio.o [1]
  .near.rodata       const    0x009687     0xd  stm8s_tim1.o [1]
  .near.rodata       const    0x009694     0xd  stm8s_tim2.o [1]
  .near_func.text    ro code  0x0096a1     0xd  stm8s_tim2.o [1]
  .near_func.text    ro code  0x0096ae     0xd  transport.o [1]
  .near.rodata       const    0x0096bb     0xc  stm8s_clk.o [1]
  .near.rodata       const    0x0096c7     0xc  stm8s_itc.o [1]
  .near_func.text    ro code  0x0096d3     0xc  timer_pwm.o [1]
  .near_func.text    ro code  0x0096df     0xc  transport.o [1]
  .near_func.text    ro code  0x0096eb     0xb  stm8s_adc1.o [1]
  .near_func.text    ro code  0x0096f6     0xb  stm8s_clk.o [1]
  .near_func.text    ro code  0x009701     0xb  stm8s_gpio.o [1]
  .near_func.text    ro code  0x00970c     0xb  stm8s_itc.o [1]
  .near_func.text    ro code  0x009717     0xb  stm8s_tim1.o [1]
  .near_func.text    ro code  0x009722     0xb  stm8s_tim2.o [1]
  .near_func.text    ro code  0x00972d     0xb  stm8s_tim2.o [1]
  .near_func.text    ro code  0x009738     0xb  stm8s_uart1.o [1]
  .near_func.text    ro code  0x009743     0xb  timer_counter.o [1]
  .near_func.text    ro code  0x00974e     0xa  char.o [4]
  .near_func.text    ro code  0x009758     0x9  nodestatemanager.o [1]
  .near_func.text    ro code  0x009761     0x9  nodestatemanager.o [1]
  .near_func.text    ro code  0x00976a     0x9  stm8s_adc1.o [1]
  .near_func.text    ro code  0x009773     0x9  stm8s_adc1.o [1]
  .near_func.text    ro code  0x00977c     0x9  stm8s_clk.o [1]
  .near_func.text    ro code  0x009785     0x9  stm8s_tim2.o [1]
  .near_func.text    ro code  0x00978e     0x9  stm8s_tim2.o [1]
  .near_func.text    ro code  0x009797     0x9  stm8s_uart1.o [1]
  .near_func.text    ro code  0x0097a0     0x9  timer_pwm.o [1]
  .near_func.text    ro code  0x0097a9     0x8  stm8s_adc1.o [1]
  .near_func.text    ro code  0x0097b1     0x8  stm8s_tim1.o [1]
  .near_func.text    ro code  0x0097b9     0x8  stm8s_uart1.o [1]
  .near_func.text    ro code  0x0097c1     0x8  stm8s_uart1.o [1]
  .near_func.text    ro code  0x0097c9     0x8  transport.o [1]
  .near_func.text    ro code  0x0097d1     0x7  stm8s_gpio.o [1]
  .near_func.text    ro code  0x0097d8     0x7  stm8s_gpio.o [1]
  .near_func.text    ro code  0x0097df     0x7  stm8s_it.o [1]
  .near_func.text    ro code  0x0097e6     0x7  stm8s_tim2.o [1]
  .near_func.text    ro code  0x0097ed     0x6  led_controller.o [1]
  .near_func.text    ro code  0x0097f3     0x6  led_controller.o [1]
  .near_func.text    ro code  0x0097f9     0x6  led_controller.o [1]
  .near_func.text    ro code  0x0097ff     0x6  led_controller.o [1]
  .near_func.text    ro code  0x009805     0x6  stm8s_tim1.o [1]
  .near_func.text    ro code  0x00980b     0x6  stm8s_uart1.o [1]
  .near_func.text    ro code  0x009811     0x6  timer_counter.o [1]
  .near_func.text    ro code  0x009817     0x6  timer_pwm.o [1]
  .near_func.text    ro code  0x00981d     0x6  timer_pwm.o [1]
  .near_func.text    ro code  0x009823     0x6  transport.o [1]
  .near_func.text    ro code  0x009829     0x6  transport.o [1]
  .near_func.text    ro code  0x00982f     0x5  stm8s_adc1.o [1]
  .near_func.text    ro code  0x009834     0x5  stm8s_tim1.o [1]
  .near_func.text    ro code  0x009839     0x5  cexit.o [4]
  .near.rodata       const    0x00983e     0x4  stm8s_clk.o [1]
  .near_func.text    ro code  0x009842     0x4  led_controller.o [1]
  .near_func.text    ro code  0x009846     0x4  nodestatemanager.o [1]
  .near_func.text    ro code  0x00984a     0x4  stm8s_gpio.o [1]
  .near_func.text    ro code  0x00984e     0x4  stm8s_uart1.o [1]
  .near_func.text    ro code  0x009852     0x4  stm8s_uart1.o [1]
  .near_func.text    ro code  0x009856     0x4  timer_pwm.o [1]
  Initializer bytes  const    0x00985a     0x4  <for P2-1>
  .near_func.text    ro code  0x00985e     0x3  gpio_util.o [1]
  .near_func.text    ro code  0x009861     0x3  gpio_util.o [1]
  .near_func.text    ro code  0x009864     0x3  gpio_util.o [1]
  .near_func.text    ro code  0x009867     0x3  gpio_util.o [1]
  .near_func.text    ro code  0x00986a     0x3  gpio_util.o [1]
  .near_func.text    ro code  0x00986d     0x3  gpio_util.o [1]
  .near_func.text    ro code  0x009870     0x3  gpio_util.o [1]
  .near_func.text    ro code  0x009873     0x3  gpio_util.o [1]
  .near_func.text    ro code  0x009876     0x3  stm8s_itc.o [1]
  .near_func.text    ro code  0x009879     0x3  interrupt.o [4]
  .near_func.text    ro code  0x00987c     0x3  low_level_init.o [4]
  .near_func.text    ro code  0x00987f     0x3  exit.o [4]
  .near_func.text    ro code  0x009882     0x3  unhandled_exception.o [4]
  .near_func.text    ro code  0x009885     0x2  xxexit.o [3]
  .near_func.text    ro code  0x009887     0x1  main.o [1]
  .near_func.text    ro code  0x009888     0x1  nodecontrol.o [1]
  .near_func.text    ro code  0x009889     0x1  stm8s_it.o [1]
  .near_func.text    ro code  0x00988a     0x1  stm8s_it.o [1]
  .near_func.text    ro code  0x00988b     0x1  stm8s_it.o [1]
  .near_func.text    ro code  0x00988c     0x1  stm8s_it.o [1]
  .near_func.text    ro code  0x00988d     0x1  stm8s_it.o [1]
  .near_func.text    ro code  0x00988e     0x1  stm8s_it.o [1]
  .near_func.text    ro code  0x00988f     0x1  stm8s_it.o [1]
  .near_func.text    ro code  0x009890     0x1  stm8s_it.o [1]
  .near_func.text    ro code  0x009891     0x1  stm8s_it.o [1]
  .near_func.text    ro code  0x009892     0x1  stm8s_it.o [1]
  .near_func.text    ro code  0x009893     0x1  stm8s_it.o [1]
  .near_func.text    ro code  0x009894     0x1  stm8s_it.o [1]
  .near_func.text    ro code  0x009895     0x1  stm8s_it.o [1]
  .near_func.text    ro code  0x009896     0x1  stm8s_it.o [1]
  .near_func.text    ro code  0x009897     0x1  stm8s_it.o [1]
  .near_func.text    ro code  0x009898     0x1  stm8s_it.o [1]
  .near_func.text    ro code  0x009899     0x1  stm8s_it.o [1]
                            - 0x00989a  0x181a


*******************************************************************************
*** INIT TABLE
***

          Address   Size
          -------   ----
Zero (__iar_zero_init2)
    1 destination range, total size 0x193:
          0x000014  0x193

Copy (__iar_copy_init2)
    1 source range, total size 0x4:
          0x00985a    0x4
    1 destination range, total size 0x4:
          0x000010    0x4



*******************************************************************************
*** MODULE SUMMARY
***

    Module                 ro code  ro data  rw data
    ------                 -------  -------  -------
E:\DATA\03-DuAn\01-LedProject\LedController\02-Software\STM8S003\LEDPIR\Release\Obj: [1]
    TaskManager.o               48                41
    gpio_util.o                 24
    led_controller.o           155                 1
    main.o                     238                 4
    nodecontrol.o                1
    nodestatemanager.o          22                 2
    pir.o                      138                16
    stm8s_adc1.o               829       13
    stm8s_clk.o                213       16
    stm8s_gpio.o               206       13
    stm8s_it.o                 137
    stm8s_itc.o                339       12
    stm8s_tim1.o               294       13
    stm8s_tim2.o               252       13
    stm8s_uart1.o              815       14
    timer_counter.o             61                 4
    timer_pwm.o                238        4       10
    transport.o                252               329
    util.o                      98
    ------------------------------------------------
    Total:                   4 360       98      407

command line: [2]
    ------------------------------------------------
    Total:

dbgstm8smn.a: [3]
    xxexit.o                     2
    ------------------------------------------------
    Total:                       2

dlstm8smn.a: [4]
    cexit.o                      5
    char.o                      10
    cstartup.o                  19
    dc_util.o                   37
    exit.o                       3
    float.o                    800
    init.o                      20
    init_small.o                70
    interrupt.o                  3      128
    long.o                     354
    long_util.o                 71
    low_level_init.o             3
    short.o                     20
    unhandled_exception.o        3
    vreg_util.o                274
    vregs.o                                       16
    ------------------------------------------------
    Total:                   1 692      128       16

    Linker created                       18      256
----------------------------------------------------
    Grand Total:             6 054      244      679


*******************************************************************************
*** ENTRY LIST
***

Entry                    Address   Size  Type      Object
-----                    -------   ----  ----      ------
.iar.init_table$$Base   0x00944f          --   Gb  - Linker created -
.iar.init_table$$Limit  0x009461          --   Gb  - Linker created -
?b0                     0x000000         Data  Gb  vregs.o [4]
?b1                     0x000001         Data  Gb  vregs.o [4]
?b10                    0x00000a         Data  Gb  vregs.o [4]
?b11                    0x00000b         Data  Gb  vregs.o [4]
?b12                    0x00000c         Data  Gb  vregs.o [4]
?b13                    0x00000d         Data  Gb  vregs.o [4]
?b14                    0x00000e         Data  Gb  vregs.o [4]
?b15                    0x00000f         Data  Gb  vregs.o [4]
?b2                     0x000002         Data  Gb  vregs.o [4]
?b3                     0x000003         Data  Gb  vregs.o [4]
?b4                     0x000004         Data  Gb  vregs.o [4]
?b5                     0x000005         Data  Gb  vregs.o [4]
?b6                     0x000006         Data  Gb  vregs.o [4]
?b7                     0x000007         Data  Gb  vregs.o [4]
?b8                     0x000008         Data  Gb  vregs.o [4]
?b9                     0x000009         Data  Gb  vregs.o [4]
?dc32_l0                0x0093e6         Code  Gb  dc_util.o [4]
?dc32_l1                0x0093f3         Code  Gb  dc_util.o [4]
?dc32_px                0x009400         Code  Gb  dc_util.o [4]
?dec32_0x_0x            0x00856f         Code  Gb  long.o [4]
?dec32_l0_l0            0x00856a         Code  Gb  long.o [4]
?e0                     0x000001         Data  Gb  vregs.o [4]
?e1                     0x000005         Data  Gb  vregs.o [4]
?e2                     0x000009         Data  Gb  vregs.o [4]
?e3                     0x00000d         Data  Gb  vregs.o [4]
?epilogue_l2            0x00898d         Code  Gb  vreg_util.o [4]
?epilogue_l2_l3         0x00898a         Code  Gb  vreg_util.o [4]
?epilogue_l2_w6         0x008991         Code  Gb  vreg_util.o [4]
?epilogue_w4            0x008998         Code  Gb  vreg_util.o [4]
?fadd32_l0_l0_0x        0x0080a3         Code  Gb  float.o [4]
?fadd32_l0_l0_l1        0x0080a6         Code  Gb  float.o [4]
?fcasts16f32_x_l0       0x008272         Code  Gb  float.o [4]
?fcmpge32_c_l0_0x       0x008213         Code  Gb  float.o [4]
?fcmpge32_c_l0_dc32     0x00820e         Code  Gb  float.o [4]
?fcmplt32_c_l0_0x       0x00821c         Code  Gb  float.o [4]
?fcmplt32_c_l0_dc32     0x008217         Code  Gb  float.o [4]
?fmul32_l0_l0_dc32      0x008174         Code  Gb  float.o [4]
?fmul32_l0_l0_l1        0x008179         Code  Gb  float.o [4]
?fsub32_l0_l0_l1        0x00809d         Code  Gb  float.o [4]
?inc32_0x_0x            0x00855c         Code  Gb  long.o [4]
?inc32_l0_l0            0x008557         Code  Gb  long.o [4]
?l0                     0x000000         Data  Gb  vregs.o [4]
?l1                     0x000004         Data  Gb  vregs.o [4]
?l2                     0x000008         Data  Gb  vregs.o [4]
?l3                     0x00000c         Data  Gb  vregs.o [4]
?load32_0x_l0           0x0090a2         Code  Gb  long_util.o [4]
?load32_asp_l0          0x009096         Code  Gb  long_util.o [4]
?load32_dbsp_l0         0x009091         Code  Gb  long_util.o [4]
?load32_l0_0x           0x009079         Code  Gb  long_util.o [4]
?load32_l0_asp          0x00906e         Code  Gb  long_util.o [4]
?load32_l0_dbsp         0x009069         Code  Gb  long_util.o [4]
?load32_l0_xsp          0x009070         Code  Gb  long_util.o [4]
?load32_l1_0x           0x009085         Code  Gb  long_util.o [4]
?load32_xsp_l0          0x009098         Code  Gb  long_util.o [4]
?mov_e0_e1              0x00899f         Code  Gb  vreg_util.o [4]
?mov_e0_e2              0x0089ac         Code  Gb  vreg_util.o [4]
?mov_e0_e3              0x0089b9         Code  Gb  vreg_util.o [4]
?mov_e1_e0              0x0089c6         Code  Gb  vreg_util.o [4]
?mov_e1_e2              0x0089d3         Code  Gb  vreg_util.o [4]
?mov_e1_e3              0x0089e0         Code  Gb  vreg_util.o [4]
?mov_e2_e0              0x0089ed         Code  Gb  vreg_util.o [4]
?mov_e3_e0              0x0089fa         Code  Gb  vreg_util.o [4]
?mov_l0_l1              0x00899c         Code  Gb  vreg_util.o [4]
?mov_l0_l2              0x0089a9         Code  Gb  vreg_util.o [4]
?mov_l0_l3              0x0089b6         Code  Gb  vreg_util.o [4]
?mov_l1_l0              0x0089c3         Code  Gb  vreg_util.o [4]
?mov_l1_l2              0x0089d0         Code  Gb  vreg_util.o [4]
?mov_l1_l3              0x0089dd         Code  Gb  vreg_util.o [4]
?mov_l2_l0              0x0089ea         Code  Gb  vreg_util.o [4]
?mov_l3_l0              0x0089f7         Code  Gb  vreg_util.o [4]
?mov_w1_w3              0x0089a2         Code  Gb  vreg_util.o [4]
?mov_w1_w5              0x0089af         Code  Gb  vreg_util.o [4]
?mov_w1_w7              0x0089bc         Code  Gb  vreg_util.o [4]
?mov_w3_w1              0x0089c9         Code  Gb  vreg_util.o [4]
?mov_w3_w5              0x0089d6         Code  Gb  vreg_util.o [4]
?mov_w3_w7              0x0089e3         Code  Gb  vreg_util.o [4]
?mov_w5_w1              0x0089f0         Code  Gb  vreg_util.o [4]
?mov_w7_w1              0x0089fd         Code  Gb  vreg_util.o [4]
?mul32_l0_l0_0x         0x0085a1         Code  Gb  long.o [4]
?mul32_l0_l0_dl         0x00859e         Code  Gb  long.o [4]
?mul32_l0_l0_l1         0x0085aa         Code  Gb  long.o [4]
?pop_l0                 0x008956         Code  Gb  vreg_util.o [4]
?pop_l1                 0x008961         Code  Gb  vreg_util.o [4]
?pop_l2                 0x00896c         Code  Gb  vreg_util.o [4]
?pop_l3                 0x008977         Code  Gb  vreg_util.o [4]
?pop_w4                 0x00890f         Code  Gb  vreg_util.o [4]
?pop_w6                 0x008916         Code  Gb  vreg_util.o [4]
?push_l0                0x008925         Code  Gb  vreg_util.o [4]
?push_l1                0x00892a         Code  Gb  vreg_util.o [4]
?push_l2                0x00892f         Code  Gb  vreg_util.o [4]
?push_l3                0x008934         Code  Gb  vreg_util.o [4]
?push_w4                0x0088f2         Code  Gb  vreg_util.o [4]
?push_w6                0x0088f7         Code  Gb  vreg_util.o [4]
?sll16_x_x_4            0x0095ae         Code  Gb  short.o [4]
?sll16_x_x_5            0x0095ad         Code  Gb  short.o [4]
?sll16_x_x_6            0x0095ac         Code  Gb  short.o [4]
?sll16_x_x_a            0x0095a4         Code  Gb  short.o [4]
?sll32_0x_0x_a          0x0086ab         Code  Gb  long.o [4]
?sll32_l0_l0_a          0x0086a8         Code  Gb  long.o [4]
?sll8_a_a_b0            0x00974e         Code  Gb  char.o [4]
?srl16_x_x_4            0x0095b3         Code  Gb  short.o [4]
?sub32_l0_l0_0x         0x008586         Code  Gb  long.o [4]
?sub32_l0_l0_l1         0x008583         Code  Gb  long.o [4]
?ucmp32_c_l0_l1         0x00869d         Code  Gb  long.o [4]
?udiv32_l0_dl_l1        0x008628         Code  Gb  long.o [4]
?udiv32_l0_l0_dl        0x00862d         Code  Gb  long.o [4]
?udiv32_l0_l0_l1        0x008630         Code  Gb  long.o [4]
?umod32_l1_l0_l1        0x008630         Code  Gb  long.o [4]
?w0                     0x000000         Data  Gb  vregs.o [4]
?w1                     0x000002         Data  Gb  vregs.o [4]
?w2                     0x000004         Data  Gb  vregs.o [4]
?w3                     0x000006         Data  Gb  vregs.o [4]
?w4                     0x000008         Data  Gb  vregs.o [4]
?w5                     0x00000a         Data  Gb  vregs.o [4]
?w6                     0x00000c         Data  Gb  vregs.o [4]
?w7                     0x00000e         Data  Gb  vregs.o [4]
ADC1_ConversionConfig   0x008bfa   0x8a  Code  Gb  stm8s_adc1.o [1]
ADC1_ExternalTriggerConfig
                        0x0090b0   0x3f  Code  Gb  stm8s_adc1.o [1]
ADC1_GetConversionValue
                        0x009167   0x39  Code  Gb  stm8s_adc1.o [1]
ADC1_IRQHandler         0x009897    0x1  Code  Gb  stm8s_it.o [1]
ADC1_Init               0x0086b9  0x124  Code  Gb  stm8s_adc1.o [1]
ADC1_PrescalerConfig    0x0090ef   0x3d  Code  Gb  stm8s_adc1.o [1]
ADC1_SchmittTriggerConfig
                        0x008ab5   0xb0  Code  Gb  stm8s_adc1.o [1]
ADC1_StartConversion    0x00982f    0x5  Code  Gb  stm8s_adc1.o [1]
AWU_IRQHandler          0x00988b    0x1  Code  Gb  stm8s_it.o [1]
CLK_GetClockFreq        0x00912c   0x3b  Code  Gb  stm8s_clk.o [1]
CLK_HSIPrescalerConfig  0x009396   0x28  Code  Gb  stm8s_clk.o [1]
CLK_IRQHandler          0x00988c    0x1  Code  Gb  stm8s_it.o [1]
CLK_SYSCLKConfig        0x008ed5   0x5e  Code  Gb  stm8s_clk.o [1]
CSTACK$$Base            0x000300          --   Gb  - Linker created -
CSTACK$$Limit           0x000400          --   Gb  - Linker created -
EEPROM_EEC_IRQHandler   0x009899    0x1  Code  Gb  stm8s_it.o [1]
EXTI_PORTA_IRQHandler   0x00988d    0x1  Code  Gb  stm8s_it.o [1]
EXTI_PORTB_IRQHandler   0x00988e    0x1  Code  Gb  stm8s_it.o [1]
EXTI_PORTC_IRQHandler   0x00988f    0x1  Code  Gb  stm8s_it.o [1]
EXTI_PORTD_IRQHandler   0x009890    0x1  Code  Gb  stm8s_it.o [1]
EXTI_PORTE_IRQHandler   0x009891    0x1  Code  Gb  stm8s_it.o [1]
GPIO_Init               0x008a04   0xb1  Code  Gb  stm8s_gpio.o [1]
GPIO_Util_Init          0x00985e    0x3  Code  Gb  gpio_util.o [1]
GPIO_Util_Toggle        0x009867    0x3  Code  Gb  gpio_util.o [1]
GPIO_Util_TurnOffActiveHighLed
                        0x009873    0x3  Code  Gb  gpio_util.o [1]
GPIO_Util_TurnOffLed    0x00986d    0x3  Code  Gb  gpio_util.o [1]
GPIO_Util_TurnOnActiveHighLed
                        0x009870    0x3  Code  Gb  gpio_util.o [1]
GPIO_Util_TurnOnLed     0x00986a    0x3  Code  Gb  gpio_util.o [1]
GPIO_Util_WriteHigh     0x009861    0x3  Code  Gb  gpio_util.o [1]
GPIO_Util_WriteLow      0x009864    0x3  Code  Gb  gpio_util.o [1]
GPIO_WriteHigh          0x0097d1    0x7  Code  Gb  stm8s_gpio.o [1]
GPIO_WriteLow           0x00984a    0x4  Code  Gb  stm8s_gpio.o [1]
GPIO_WriteReverse       0x0097d8    0x7  Code  Gb  stm8s_gpio.o [1]
Generate_TestingSignal  0x008e73   0x62  Code  Gb  util.o [1]
HSIDivFactor            0x00983e    0x4  Data  Gb  stm8s_clk.o [1]
I2C_IRQHandler          0x009896    0x1  Code  Gb  stm8s_it.o [1]
INTVEC$$Base            0x008000          --   Gb  - Linker created -
INTVEC$$Limit           0x008080          --   Gb  - Linker created -
ITC_DeInit              0x00942e   0x21  Code  Gb  stm8s_itc.o [1]
ITC_GetCPUCC            0x009876    0x3  Code  Gb  stm8s_itc.o [1]
ITC_SetSoftwarePriority
                        0x0087dd  0x115  Code  Gb  stm8s_itc.o [1]
Led_Control_GetMode     0x009842    0x4  Code  Gb  led_controller.o [1]
Led_Control_Init        0x009237   0x2f  Code  Gb  led_controller.o [1]
Led_Control_Task        0x008f33   0x50  Code  Gb  led_controller.o [1]
Node_Control_InitNodes  0x009888    0x1  Code  Gb  nodecontrol.o [1]
Node_State_GetActivePeriod
                        0x009761    0x9  Code  Gb  nodestatemanager.o [1]
Node_State_GetOutputState
                        0x009846    0x4  Code  Gb  nodestatemanager.o [1]
Node_State_Manager_Init
                        0x009758    0x9  Code  Gb  nodestatemanager.o [1]
PIR_Receiver_Init       0x008f83   0x4e  Code  Gb  pir.o [1]
PIR_Task                0x009590   0x14  Code  Gb  pir.o [1]
RC                      0x000180    0x4  Data  Gb  pir.o [1]
RC_h                    0x00018c    0x4  Data  Gb  pir.o [1]
Region$$Table$$Base     0x00944f          --   Gb  - Linker created -
Region$$Table$$Limit    0x009461          --   Gb  - Linker created -
SPI_IRQHandler          0x009892    0x1  Code  Gb  stm8s_it.o [1]
TIM1_CAP_COM_IRQHandler
                        0x009893    0x1  Code  Gb  stm8s_it.o [1]
TIM1_ClearFlag          0x009345   0x29  Code  Gb  stm8s_tim1.o [1]
TIM1_Cmd                0x009538   0x16  Code  Gb  stm8s_tim1.o [1]
TIM1_GetITStatus        0x00901d   0x4c  Code  Gb  stm8s_tim1.o [1]
TIM1_ITConfig           0x009206   0x31  Code  Gb  stm8s_tim1.o [1]
TIM1_TimeBaseInit       0x008fd1   0x4c  Code  Gb  stm8s_tim1.o [1]
TIM1_UPD_OVF_TRG_BRK_IRQHandler
                        0x009461   0x20  Code  Gb  stm8s_it.o [1]
TIM2_ARRPreloadConfig   0x009564   0x16  Code  Gb  stm8s_tim2.o [1]
TIM2_CAP_COM_IRQHandler
                        0x009895    0x1  Code  Gb  stm8s_it.o [1]
TIM2_Cmd                0x00954e   0x16  Code  Gb  stm8s_tim2.o [1]
TIM2_OC1Init            0x008e04   0x6f  Code  Gb  stm8s_tim2.o [1]
TIM2_OC1PreloadConfig   0x00957a   0x16  Code  Gb  stm8s_tim2.o [1]
TIM2_SetCompare1        0x00978e    0x9  Code  Gb  stm8s_tim2.o [1]
TIM2_TimeBaseInit       0x0097e6    0x7  Code  Gb  stm8s_tim2.o [1]
TIM2_UPD_OVF_BRK_IRQHandler
                        0x009894    0x1  Code  Gb  stm8s_it.o [1]
TIM4_UPD_OVF_IRQHandler
                        0x009898    0x1  Code  Gb  stm8s_it.o [1]
TLI_IRQHandler          0x00988a    0x1  Code  Gb  stm8s_it.o [1]
TRAP_IRQHandler         0x009889    0x1  Code  Gb  stm8s_it.o [1]
Task_Manager_AddTask    0x009612   0x10  Code  Gb  TaskManager.o [1]
Task_Manager_PerformTask
                        0x009481   0x20  Code  Gb  TaskManager.o [1]
Test_PIR                0x009887    0x1  Code  Gb  main.o [1]
Timer_Counter_GetCounter
                        0x009811    0x6  Code  Gb  timer_counter.o [1]
Timer_Counter_IncreaseCounter
                        0x009650    0xf  Code  Gb  timer_counter.o [1]
Timer_Counter_Init      0x009743    0xb  Code  Gb  timer_counter.o [1]
Timer_PWM_Init          0x009266   0x2f  Code  Gb  timer_pwm.o [1]
Timer_PWM_Set_Active_Period
                        0x0097a0    0x9  Code  Gb  timer_pwm.o [1]
Timer_PWM_Start         0x009856    0x4  Code  Gb  timer_pwm.o [1]
Timer_PWM_Update_Period
                        0x008d8c   0x78  Code  Gb  timer_pwm.o [1]
Transport_Init          0x009295   0x2d  Code  Gb  transport.o [1]
Transport_OutputDisable
                        0x0096df    0xc  Code  Gb  transport.o [1]
Transport_OutputEnable  0x0096ae    0xd  Code  Gb  transport.o [1]
Transport_RxPush        0x0092c2   0x2d  Code  Gb  transport.o [1]
Transport_TxPop         0x0091a0   0x34  Code  Gb  transport.o [1]
Transport_TxPush        0x00940b   0x23  Code  Gb  transport.o [1]
UART1_DeInit            0x00931a   0x2b  Code  Gb  stm8s_uart1.o [1]
UART1_GetITStatus       0x008c84   0x86  Code  Gb  stm8s_uart1.o [1]
UART1_ITConfig          0x008b65   0x95  Code  Gb  stm8s_uart1.o [1]
UART1_Init              0x0083a0  0x1b7  Code  Gb  stm8s_uart1.o [1]
UART1_RX_IRQHandler     0x0094c0   0x1f  Code  Gb  stm8s_it.o [1]
UART1_ReceiveData8      0x00984e    0x4  Code  Gb  stm8s_uart1.o [1]
UART1_SendData8         0x009852    0x4  Code  Gb  stm8s_uart1.o [1]
UART1_TX_IRQHandler     0x0091d4   0x32  Code  Gb  stm8s_it.o [1]
__exit                  0x009885    0x2  Code  Gb  xxexit.o [3]
__iar_copy_init2        0x0093be         Code  Gb  init_small.o [4]
__iar_data_init2        0x0095b8   0x14  Code  Gb  init.o [4]
__iar_program_start     0x0095cc         Code  Gb  cstartup.o [4]
__iar_unhandled_exception
                        0x009882         Code  Gb  unhandled_exception.o [4]
__iar_zero_init2        0x0094fd         Code  Gb  init_small.o [4]
__intvec                0x008000         Data  Gb  interrupt.o [4]
__low_level_init        0x00987c    0x3  Code  Gb  low_level_init.o [4]
_exit                   0x009839         Code  Gb  cexit.o [4]
_interrupt_1            0x009889         Code  Gb  stm8s_it.o [1]
_interrupt_12           0x009892         Code  Gb  stm8s_it.o [1]
_interrupt_13           0x009461         Code  Gb  stm8s_it.o [1]
_interrupt_14           0x009893         Code  Gb  stm8s_it.o [1]
_interrupt_15           0x009894         Code  Gb  stm8s_it.o [1]
_interrupt_16           0x009895         Code  Gb  stm8s_it.o [1]
_interrupt_19           0x0091d4         Code  Gb  stm8s_it.o [1]
_interrupt_2            0x00988a         Code  Gb  stm8s_it.o [1]
_interrupt_20           0x0094c0         Code  Gb  stm8s_it.o [1]
_interrupt_21           0x009896         Code  Gb  stm8s_it.o [1]
_interrupt_24           0x009897         Code  Gb  stm8s_it.o [1]
_interrupt_25           0x009898         Code  Gb  stm8s_it.o [1]
_interrupt_26           0x009899         Code  Gb  stm8s_it.o [1]
_interrupt_3            0x00988b         Code  Gb  stm8s_it.o [1]
_interrupt_4            0x00988c         Code  Gb  stm8s_it.o [1]
_interrupt_5            0x00988d         Code  Gb  stm8s_it.o [1]
_interrupt_6            0x00988e         Code  Gb  stm8s_it.o [1]
_interrupt_7            0x00988f         Code  Gb  stm8s_it.o [1]
_interrupt_8            0x009890         Code  Gb  stm8s_it.o [1]
_interrupt_9            0x009891         Code  Gb  stm8s_it.o [1]
active_period           0x000010    0x4  Data  Gb  timer_pwm.o [1]
alpha                   0x000188    0x4  Data  Gb  pir.o [1]
assert_failed           0x0092ef   0x2b  Code  Gb  main.o [1]
assert_failed::counter  0x00017c    0x4  Data  Lc  main.o [1]
change_factor           0x000194    0x4  Data  Gb  timer_pwm.o [1]
debug_variable          0x0001a6    0x1  Data  Gb  transport.o [1]
dt                      0x000184    0x4  Data  Gb  pir.o [1]
exit                    0x00987f    0x3  Code  Gb  exit.o [4]
gpio_state              0x0001a2    0x1  Data  Gb  timer_pwm.o [1]
is_configured           0x0001a3    0x1  Data  Gb  timer_pwm.o [1]
main                    0x008d0a   0x82  Code  Gb  main.o [1]
node_state              0x000198    0x2  Data  Gb  nodestatemanager.o [1]
running_mode            0x0001a0    0x1  Data  Lc  led_controller.o [1]
rx_buff                 0x000114   0x40  Data  Gb  transport.o [1]
rx_cnt                  0x0001a5    0x1  Data  Gb  transport.o [1]
rx_wr_idx               0x0001a4    0x1  Data  Gb  transport.o [1]
task_Index              0x0001a1    0x1  Data  Gb  TaskManager.o [1]
tasks                   0x000154   0x28  Data  Gb  TaskManager.o [1]
timer_counter           0x000190    0x4  Data  Lc  timer_counter.o [1]
tx_buff                 0x000014  0x100  Data  Gb  transport.o [1]
tx_cnt                  0x00019e    0x2  Data  Gb  transport.o [1]
tx_rd_idx               0x00019c    0x2  Data  Gb  transport.o [1]
tx_wr_idx               0x00019a    0x2  Data  Gb  transport.o [1]


[1] = E:\DATA\03-DuAn\01-LedProject\LedController\02-Software\STM8S003\LEDPIR\Release\Obj
[2] = command line
[3] = dbgstm8smn.a
[4] = dlstm8smn.a

  6 054 bytes of readonly  code memory
    244 bytes of readonly  data memory
    679 bytes of readwrite data memory

Errors: none
Warnings: none
