###############################################################################
#
# IAR ELF Linker V3.10.1.201 for STM8                     24/Aug/2019  01:21:45
# Copyright 2010-2017 IAR Systems AB.
#
#    Output file  =  
#        D:\DATA\03-DuAn\01-LedProject\LedController\02-Software\STM8S003\LedPowerControllable\Debug\Exe\LedPowerControllable.out
#    Map file     =  
#        D:\DATA\03-DuAn\01-LedProject\LedController\02-Software\STM8S003\LedPowerControllable\Debug\List\LedPowerControllable.map
#    Command line =  
#        -f C:\Users\hungnv\AppData\Local\Temp\EW13A7.tmp
#        (D:\DATA\03-DuAn\01-LedProject\LedController\02-Software\STM8S003\LedPowerControllable\Debug\Obj\gpio_util.o
#        D:\DATA\03-DuAn\01-LedProject\LedController\02-Software\STM8S003\LedPowerControllable\Debug\Obj\ir_receiver.o
#        D:\DATA\03-DuAn\01-LedProject\LedController\02-Software\STM8S003\LedPowerControllable\Debug\Obj\ir_transmitter.o
#        D:\DATA\03-DuAn\01-LedProject\LedController\02-Software\STM8S003\LedPowerControllable\Debug\Obj\led_controller.o
#        D:\DATA\03-DuAn\01-LedProject\LedController\02-Software\STM8S003\LedPowerControllable\Debug\Obj\main.o
#        D:\DATA\03-DuAn\01-LedProject\LedController\02-Software\STM8S003\LedPowerControllable\Debug\Obj\nodestatemanager.o
#        D:\DATA\03-DuAn\01-LedProject\LedController\02-Software\STM8S003\LedPowerControllable\Debug\Obj\stm8s_adc1.o
#        D:\DATA\03-DuAn\01-LedProject\LedController\02-Software\STM8S003\LedPowerControllable\Debug\Obj\stm8s_clk.o
#        D:\DATA\03-DuAn\01-LedProject\LedController\02-Software\STM8S003\LedPowerControllable\Debug\Obj\stm8s_flash.o
#        D:\DATA\03-DuAn\01-LedProject\LedController\02-Software\STM8S003\LedPowerControllable\Debug\Obj\stm8s_gpio.o
#        D:\DATA\03-DuAn\01-LedProject\LedController\02-Software\STM8S003\LedPowerControllable\Debug\Obj\stm8s_it.o
#        D:\DATA\03-DuAn\01-LedProject\LedController\02-Software\STM8S003\LedPowerControllable\Debug\Obj\stm8s_itc.o
#        D:\DATA\03-DuAn\01-LedProject\LedController\02-Software\STM8S003\LedPowerControllable\Debug\Obj\stm8s_tim1.o
#        D:\DATA\03-DuAn\01-LedProject\LedController\02-Software\STM8S003\LedPowerControllable\Debug\Obj\stm8s_tim2.o
#        D:\DATA\03-DuAn\01-LedProject\LedController\02-Software\STM8S003\LedPowerControllable\Debug\Obj\stm8s_wwdg.o
#        D:\DATA\03-DuAn\01-LedProject\LedController\02-Software\STM8S003\LedPowerControllable\Debug\Obj\TaskManager.o
#        D:\DATA\03-DuAn\01-LedProject\LedController\02-Software\STM8S003\LedPowerControllable\Debug\Obj\timer_counter.o
#        D:\DATA\03-DuAn\01-LedProject\LedController\02-Software\STM8S003\LedPowerControllable\Debug\Obj\timer_pwm.o
#        D:\DATA\03-DuAn\01-LedProject\LedController\02-Software\STM8S003\LedPowerControllable\Debug\Obj\util.o
#        D:\DATA\03-DuAn\01-LedProject\LedController\02-Software\STM8S003\LedPowerControllable\Debug\Obj\write_flash.o
#        --redirect _Printf=_PrintfFullNoMb --redirect _Scanf=_ScanfFullNoMb -o
#        D:\DATA\03-DuAn\01-LedProject\LedController\02-Software\STM8S003\LedPowerControllable\Debug\Exe\LedPowerControllable.out
#        --map
#        D:\DATA\03-DuAn\01-LedProject\LedController\02-Software\STM8S003\LedPowerControllable\Debug\List\LedPowerControllable.map
#        --config "C:\Program Files (x86)\IAR Systems\Embedded Workbench
#        8.0\stm8\config\lnkstm8s003f3.icf" --config_def _CSTACK_SIZE=0x100
#        --config_def _HEAP_SIZE=0x100 --entry __iar_program_start --debug_lib)
#
###############################################################################

*******************************************************************************
*** MESSAGES
***

Error[Lp011]: section placement failed
            unable to allocate space for sections/blocks with a total estimated
                      minimum size of 0x1fb8 bytes (max align 0x1) in
                      <[0x008000-0x009fff]> (total uncommitted space 0x1f80).
Error[Li016]: size limit exceeded. The application needs 0x2026 (8 230) bytes,
          which is greater than the limit of 0x2000 (8 192) bytes.


*******************************************************************************
*** RUNTIME MODEL ATTRIBUTES
***

__SystemLibrary            = DLib
__code_model               = small
__core                     = stm8
__data_model               = medium
__dlib_file_descriptor     = 0
__dlib_full_locale_support = 0
__rt_version               = 4


*******************************************************************************
*** PLACEMENT SUMMARY
***

"A0":  place at start of [0x000000-0x0000ff] { rw section .vregs };
"A1":  place at end of [0x000000-0x0003ff] { block CSTACK };
"P2":  place in [from 0x000000 to 0x0003ff] {
          block HEAP, rw section __DLIB_PERTHREAD, rw section .far.bss,
          rw section .far.data, rw section .far.noinit,
          rw section .far_func.textrw, rw section .huge.bss,
          rw section .huge.data, rw section .huge.noinit,
          rw section .huge_func.textrw, rw section .iar.dynexit,
          rw section .near.bss, rw section .near.data, rw section .near.noinit,
          rw section .near_func.textrw };
"A2":  place at start of [0x008000-0x009fff] { block INTVEC };
"P3":  place in [from 0x008000 to 0x009fff] {
          ro section __DLIB_PERTHREAD_init, ro section .far.data_init,
          ro section .far_func.textrw_init, ro section .huge.data_init,
          ro section .huge_func.textrw_init, ro section .iar.init_table,
          ro section .init_array, ro section .near.data_init,
          ro section .near.rodata, ro section .near_func.text,
          ro section .near_func.textrw_init, ro section .tiny.data_init,
          ro section .tiny.rodata_init };
"P4":  place in [from 0x008000 to 0x009fff] {
          ro section .far.rodata, ro section .far_func.text };
"P5":  place in [from 0x008000 to 0x009fff] {
          ro section .huge.rodata, ro section .huge_func.text };
do not initialize {
   rw section .eeprom.noinit, rw section .far.noinit, rw section .huge.noinit,
   rw section .near.noinit, rw section .tiny.noinit, rw section .vregs };
initialize by copy {
   rw section .far.bss, rw section .far.data, rw section .far_func.textrw,
   rw section .huge.bss, rw section .huge.data, rw section .huge_func.textrw,
   rw section .iar.dynexit, rw section .near.bss, rw section .near.data,
   rw section .near_func.textrw, rw section .tiny.bss, rw section .tiny.data,
   ro section .tiny.rodata };

  Section            Kind      Address    Size  Object
  -------            ----      -------    ----  ------
"A0":                                     0x10
  .vregs             uninit   0x000000    0x10  vregs.o [4]
                            - 0x000010    0x10

"P2", part 1 of 2:                        0x16
  P2-1                        0x000010    0x16  <Init block>
    .near.data       inited   0x000010     0x1  ir_transmitter.o [1]
    .near.data       inited   0x000011     0x1  nodestatemanager.o [1]
    .near.data       inited   0x000012     0x4  nodestatemanager.o [1]
    .near.data       inited   0x000016     0x4  nodestatemanager.o [1]
    .near.data       inited   0x00001a     0x4  timer_pwm.o [1]
    .near.data       inited   0x00001e     0x4  timer_pwm.o [1]
    .near.data       inited   0x000022     0x4  write_flash.o [1]
                            - 0x000026    0x16

"P2", part 2 of 2:                        0x70
  .near.bss          zero     0x000026    0x28  TaskManager.o [1]
  .near.bss          zero     0x00004e     0x6  nodestatemanager.o [1]
  .near.bss          zero     0x000054     0x5  ir_receiver.o [1]
  .near.bss          zero     0x000059     0x4  ir_receiver.o [1]
  .near.bss          zero     0x00005d     0x4  ir_receiver.o [1]
  .near.bss          zero     0x000061     0x4  ir_receiver.o [1]
  .near.bss          zero     0x000065     0x4  ir_receiver.o [1]
  .near.bss          zero     0x000069     0x4  ir_receiver.o [1]
  .near.bss          zero     0x00006d     0x4  ir_receiver.o [1]
  .near.bss          zero     0x000071     0x4  main.o [1]
  .near.bss          zero     0x000075     0x4  nodestatemanager.o [1]
  .near.bss          zero     0x000079     0x4  timer_counter.o [1]
  .near.bss          zero     0x00007d     0x4  timer_pwm.o [1]
  .near.bss          zero     0x000081     0x2  ir_receiver.o [1]
  .near.bss          zero     0x000083     0x2  ir_receiver.o [1]
  .near.bss          zero     0x000085     0x2  ir_receiver.o [1]
  .near.bss          zero     0x000087     0x2  ir_receiver.o [1]
  .near.bss          zero     0x000089     0x2  ir_receiver.o [1]
  .near.bss          zero     0x00008b     0x2  nodestatemanager.o [1]
  .near.bss          zero     0x00008d     0x1  ir_receiver.o [1]
  .near.bss          zero     0x00008e     0x1  ir_transmitter.o [1]
  .near.bss          zero     0x00008f     0x1  ir_transmitter.o [1]
  .near.bss          zero     0x000090     0x1  led_controller.o [1]
  .near.bss          zero     0x000091     0x1  nodestatemanager.o [1]
  .near.bss          zero     0x000092     0x1  nodestatemanager.o [1]
  .near.bss          zero     0x000093     0x1  TaskManager.o [1]
  .near.bss          zero     0x000094     0x1  timer_pwm.o [1]
  .near.bss          zero     0x000095     0x1  timer_pwm.o [1]
                            - 0x000096    0x70

"A1":                                    0x100
  CSTACK                      0x000300   0x100  <Block>
    CSTACK           uninit   0x000300   0x100  <Block tail>
                            - 0x000400   0x100

"A2":                                     0x80
  INTVEC                      0x008000    0x80  <Block>
    .intvec          const    0x008000    0x80  interrupt.o [4]
                            - 0x008080    0x80

"P3-P5" (*** FAILED ***):               0x1fb8
  .near_func.text    ro code             0x4a4  float.o [4]
  .near_func.text    ro code             0x243  ir_receiver.o [1]
  .near_func.text    ro code             0x19a  stm8s_adc1.o [1]
  .near_func.text    ro code             0x155  timer_pwm.o [1]
  .near_func.text    ro code             0x152  stm8s_itc.o [1]
  .near_func.text    ro code             0x112  vreg_util.o [4]
  .near_func.text    ro code             0x110  stm8s_gpio.o [1]
  .near_func.text    ro code              0xfc  stm8s_adc1.o [1]
  .near_func.text    ro code              0xe3  nodestatemanager.o [1]
  .near_func.text    ro code              0xd0  nodestatemanager.o [1]
  .near_func.text    ro code              0xc6  long.o [4]
  .near_func.text    ro code              0xbe  stm8s_adc1.o [1]
  .near_func.text    ro code              0xac  stm8s_tim2.o [1]
  .near_func.text    ro code              0xac  stm8s_tim2.o [1]
  .near_func.text    ro code              0x8b  stm8s_clk.o [1]
  .near_func.text    ro code              0x84  write_flash.o [1]
  .near_func.text    ro code              0x7a  write_flash.o [1]
  .near_func.text    ro code              0x71  stm8s_flash.o [1]
  .near_func.text    ro code              0x6d  stm8s_tim1.o [1]
  .near_func.text    ro code              0x61  long_util.o [4]
  .near_func.text    ro code              0x60  stm8s_tim1.o [1]
  .near_func.text    ro code              0x5e  nodestatemanager.o [1]
  .near_func.text    ro code              0x59  stm8s_adc1.o [1]
  .near_func.text    ro code              0x55  stm8s_adc1.o [1]
  .near_func.text    ro code              0x55  stm8s_adc1.o [1]
  .near_func.text    ro code              0x54  stm8s_flash.o [1]
  .near_func.text    ro code              0x4f  main.o [1]
  .near_func.text    ro code              0x4e  stm8s_tim1.o [1]
  .near_func.text    ro code              0x4a  stm8s_flash.o [1]
  .near_func.text    ro code              0x4a  util.o [1]
  .near_func.text    ro code              0x3d  stm8s_clk.o [1]
  .near_func.text    ro code              0x3d  fabs.o [4]
  .near_func.text    ro code              0x3b  stm8s_flash.o [1]
  .near_func.text    ro code              0x35  led_controller.o [1]
  .near_func.text    ro code              0x35  main.o [1]
  .near_func.text    ro code              0x35  stm8s_tim1.o [1]
  .near_func.text    ro code              0x34  led_controller.o [1]
  .near_func.text    ro code              0x31  util.o [1]
  .near_func.text    ro code              0x2f  ir_transmitter.o [1]
  .near_func.text    ro code              0x2f  stm8s_tim1.o [1]
  .near_func.text    ro code              0x2f  stm8s_tim2.o [1]
  .near_func.text    ro code              0x2f  stm8s_tim2.o [1]
  .near_func.text    ro code              0x2f  stm8s_tim2.o [1]
  .near_func.text    ro code              0x2f  stm8s_tim2.o [1]
  .near_func.text    ro code              0x2f  write_flash.o [1]
  .near_func.text    ro code              0x2d  stm8s_flash.o [1]
  .near_func.text    ro code              0x2c  main.o [1]
  .near_func.text    ro code              0x2b  stm8s_flash.o [1]
  .near_func.text    ro code              0x29  ir_transmitter.o [1]
  .near_func.text    ro code              0x28  timer_counter.o [1]
  .near_func.text    ro code              0x28  init_small.o [4]
  .near_func.text    ro code              0x26  led_controller.o [1]
  .near_func.text    ro code              0x25  dc_util.o [4]
  .near_func.text    ro code              0x24  stm8s_it.o [1]
  .near_func.text    ro code              0x23  TaskManager.o [1]
  .near_func.text    ro code              0x21  stm8s_itc.o [1]
  .iar.init_table    const                0x12  - Linker created -
  .near_func.text    ro code              0x20  float_libsup.o [4]
  .near_func.text    ro code              0x1e  init_small.o [4]
  .near_func.text    ro code              0x1a  main.o [1]
  Initializer bytes  const                0x16  <for P2-1> (used: 0x0)
  .near_func.text    ro code              0x15  gpio_util.o [1]
  .near_func.text    ro code              0x14  led_controller.o [1]
  .near_func.text    ro code              0x14  init.o [4]
  .near_func.text    ro code              0x14  __dbg_xxexit.o [3]
  .near_func.text    ro code              0x13  cstartup.o [4]
  .near_func.text    ro code              0x10  TaskManager.o [1]
  .near_func.text    ro code               0xf  timer_counter.o [1]
  .near_func.text    ro code               0xf  short.o [4]
  .near.rodata       const                 0xe  stm8s_flash.o [1]
  .near.rodata       const                 0xd  stm8s_adc1.o [1]
  .near.rodata       const                 0xd  stm8s_gpio.o [1]
  .near.rodata       const                 0xd  stm8s_tim1.o [1]
  .near.rodata       const                 0xd  stm8s_tim2.o [1]
  .near.rodata       const                 0xc  stm8s_clk.o [1]
  .near.rodata       const                 0xc  stm8s_itc.o [1]
  .near_func.text    ro code               0xc  stm8s_tim2.o [1]
  .near_func.text    ro code               0xa  main.o [1]
  .near_func.text    ro code               0x9  main.o [1]
  .near_func.text    ro code               0x9  stm8s_tim2.o [1]
  .near_func.text    ro code               0x7  stm8s_gpio.o [1]
  .near_func.text    ro code               0x7  stm8s_gpio.o [1]
  .near_func.text    ro code               0x6  nodestatemanager.o [1]
  .near_func.text    ro code               0x6  stm8s_itc.o [1]
  .near_func.text    ro code               0x6  timer_counter.o [1]
  .near_func.text    ro code               0x6  timer_pwm.o [1]
  .near_func.text    ro code               0x6  timer_pwm.o [1]
  .near_func.text    ro code               0x6  timer_pwm.o [1]
  .near_func.text    ro code               0x5  stm8s_adc1.o [1]
  .near_func.text    ro code               0x5  cexit.o [4]
  .near.rodata       const                 0x4  write_flash.o [1]
  .near.rodata       const                 0x4  write_flash.o [1]
  .near.rodata       const                 0x4  write_flash.o [1]
  .near.rodata       const                 0x4  write_flash.o [1]
  .near_func.text    ro code               0x4  ir_receiver.o [1]
  .near_func.text    ro code               0x4  ir_transmitter.o [1]
  .near_func.text    ro code               0x4  led_controller.o [1]
  .near_func.text    ro code               0x4  nodestatemanager.o [1]
  .near_func.text    ro code               0x4  nodestatemanager.o [1]
  .near_func.text    ro code               0x4  stm8s_gpio.o [1]
  .near_func.text    ro code               0x4  write_flash.o [1]
  .near_func.text    ro code               0x3  gpio_util.o [1]
  .near_func.text    ro code               0x3  stm8s_itc.o [1]
  .near_func.text    ro code               0x3  interrupt.o [4]
  .near_func.text    ro code               0x3  low_level_init.o [4]
  .near_func.text    ro code               0x3  exit.o [4]
  .near_func.text    ro code               0x3  unhandled_exception.o [4]
  .near.rodata       const                 0x1  write_flash.o [1]
  .near_func.text    ro code               0x1  stm8s_it.o [1]
  .near_func.text    ro code               0x1  stm8s_it.o [1]
  .near_func.text    ro code               0x1  stm8s_it.o [1]
  .near_func.text    ro code               0x1  stm8s_it.o [1]
  .near_func.text    ro code               0x1  stm8s_it.o [1]
  .near_func.text    ro code               0x1  stm8s_it.o [1]
  .near_func.text    ro code               0x1  stm8s_it.o [1]
  .near_func.text    ro code               0x1  stm8s_it.o [1]
  .near_func.text    ro code               0x1  stm8s_it.o [1]
  .near_func.text    ro code               0x1  stm8s_it.o [1]
  .near_func.text    ro code               0x1  stm8s_it.o [1]
  .near_func.text    ro code               0x1  stm8s_it.o [1]
  .near_func.text    ro code               0x1  stm8s_it.o [1]
  .near_func.text    ro code               0x1  stm8s_it.o [1]
  .near_func.text    ro code               0x1  stm8s_it.o [1]
  .near_func.text    ro code               0x1  stm8s_it.o [1]
  .near_func.text    ro code               0x1  stm8s_it.o [1]
  .near_func.text    ro code               0x1  stm8s_it.o [1]
  .near_func.text    ro code               0x1  stm8s_it.o [1]
  .near_func.text    ro code               0x1  __dbg_break.o [3]
                                        0x1fb8


*******************************************************************************
*** INIT TABLE
***

          Address     Size
          -------     ----
Zero (__iar_zero_init2)
    1 destination range, total size 0x70:
            0x000026  0x70

Copy (__iar_copy_init2)
    1 source range, total size 0x16:
          0x00001dff  0x16
    1 destination range, total size 0x16:
            0x000010  0x16



*******************************************************************************
*** MODULE SUMMARY
***

    Module                 ro code  ro data  rw data
    ------                 -------  -------  -------
D:\DATA\03-DuAn\01-LedProject\LedController\02-Software\STM8S003\LedPowerControllable\Debug\Obj: [1]
    TaskManager.o               51                41
    gpio_util.o                 24
    ir_receiver.o              583                40
    ir_transmitter.o            92        1        3
    led_controller.o           167                 1
    main.o                     221                 4
    nodestatemanager.o         543        9       23
    stm8s_adc1.o             1 116       13
    stm8s_clk.o                200       12
    stm8s_flash.o              418       14
    stm8s_gpio.o               290       13
    stm8s_it.o                  55
    stm8s_itc.o                380       12
    stm8s_tim1.o               383       13
    stm8s_tim2.o               553       13
    timer_counter.o             61                 4
    timer_pwm.o                359        8       14
    util.o                     123
    write_flash.o              305       21        4
    ------------------------------------------------
    Total:                   5 924      129      134

command line: [2]
    ------------------------------------------------
    Total:

dbgstm8smd.a: [3]
    __dbg_break.o                1
    __dbg_xxexit.o              20
    ------------------------------------------------
    Total:                      21

dlstm8smn.a: [4]
    cexit.o                      5
    cstartup.o                  19
    dc_util.o                   37
    exit.o                       3
    fabs.o                      61
    float.o                  1 188
    float_libsup.o              32
    init.o                      20
    init_small.o                70
    interrupt.o                  3      128
    long.o                     198
    long_util.o                 97
    low_level_init.o             3
    short.o                     15
    unhandled_exception.o        3
    vreg_util.o                274
    vregs.o                                       16
    ------------------------------------------------
    Total:                   2 028      128       16

    Linker created                       18      256
----------------------------------------------------
    Grand Total:             7 973      275      406


*******************************************************************************
*** ENTRY LIST
***

Entry                      Address   Size  Type      Object
-----                      -------   ----  ----      ------
.iar.init_table$$Base   0x00001d95          --   Gb  - Linker created -
.iar.init_table$$Limit  0x00001da7          --   Gb  - Linker created -
?add32_l0_l0_0x         0x0000102f         Code  Gb  long.o [4]
?add32_l0_l0_dl         0x0000102a         Code  Gb  long.o [4]
?b0                       0x000000         Data  Gb  vregs.o [4]
?b1                       0x000001         Data  Gb  vregs.o [4]
?b10                      0x00000a         Data  Gb  vregs.o [4]
?b11                      0x00000b         Data  Gb  vregs.o [4]
?b12                      0x00000c         Data  Gb  vregs.o [4]
?b13                      0x00000d         Data  Gb  vregs.o [4]
?b14                      0x00000e         Data  Gb  vregs.o [4]
?b15                      0x00000f         Data  Gb  vregs.o [4]
?b2                       0x000002         Data  Gb  vregs.o [4]
?b3                       0x000003         Data  Gb  vregs.o [4]
?b4                       0x000004         Data  Gb  vregs.o [4]
?b5                       0x000005         Data  Gb  vregs.o [4]
?b6                       0x000006         Data  Gb  vregs.o [4]
?b7                       0x000007         Data  Gb  vregs.o [4]
?b8                       0x000008         Data  Gb  vregs.o [4]
?b9                       0x000009         Data  Gb  vregs.o [4]
?dc32_l0                0x00001d08         Code  Gb  dc_util.o [4]
?dc32_l1                0x00001d15         Code  Gb  dc_util.o [4]
?dc32_px                0x00001d22         Code  Gb  dc_util.o [4]
?dec32_0x_0x            0x00001016         Code  Gb  long.o [4]
?dec32_l0_l0            0x00001011         Code  Gb  long.o [4]
?e0                       0x000001         Data  Gb  vregs.o [4]
?e1                       0x000005         Data  Gb  vregs.o [4]
?e2                       0x000009         Data  Gb  vregs.o [4]
?e3                       0x00000d         Data  Gb  vregs.o [4]
?epilogue_l2            0x00000bc3         Code  Gb  vreg_util.o [4]
?epilogue_l2_l3         0x00000bc0         Code  Gb  vreg_util.o [4]
?epilogue_l2_w6         0x00000bc7         Code  Gb  vreg_util.o [4]
?epilogue_w4            0x00000bce         Code  Gb  vreg_util.o [4]
?fadd32_l0_l0_0x        0x0000002b         Code  Gb  float.o [4]
?fadd32_l0_l0_l1        0x0000002e         Code  Gb  float.o [4]
?fcastf32u16_l0_x       0x000002bb         Code  Gb  float.o [4]
?fcastf32u32_l0_l0      0x0000035e         Code  Gb  float.o [4]
?fcasts16f32_x_l0       0x000002d9         Code  Gb  float.o [4]
?fcastu32f32_l0_l0      0x0000030e         Code  Gb  float.o [4]
?fcmpge32_c_l0_0x       0x0000025c         Code  Gb  float.o [4]
?fcmpge32_c_l0_dc32     0x00000257         Code  Gb  float.o [4]
?fcmplt32_c_l0_0x       0x00000265         Code  Gb  float.o [4]
?fcmplt32_c_l0_dc32     0x00000260         Code  Gb  float.o [4]
?fdiv32_l0_dc32_l1      0x0000019f         Code  Gb  float.o [4]
?fdiv32_l0_l0_dc32      0x000001a4         Code  Gb  float.o [4]
?fdiv32_l0_l0_l1        0x000001a9         Code  Gb  float.o [4]
?fmul32_l0_l0_0x        0x00000101         Code  Gb  float.o [4]
?fmul32_l0_l0_dc32      0x000000fc         Code  Gb  float.o [4]
?fmul32_l0_l0_l1        0x00000104         Code  Gb  float.o [4]
?fsub32_l0_dc32_l1      0x0000001d         Code  Gb  float.o [4]
?fsub32_l0_l0_0x        0x00000022         Code  Gb  float.o [4]
?fsub32_l0_l0_l1        0x00000025         Code  Gb  float.o [4]
?inc32_0x_0x            0x00001003         Code  Gb  long.o [4]
?inc32_l0_l0            0x00000ff9         Code  Gb  long.o [4]
?inc32_l3_l3            0x00000ffe         Code  Gb  long.o [4]
?l0                       0x000000         Data  Gb  vregs.o [4]
?l1                       0x000004         Data  Gb  vregs.o [4]
?l2                       0x000008         Data  Gb  vregs.o [4]
?l3                       0x00000c         Data  Gb  vregs.o [4]
?load32_0x_l0           0x00001581         Code  Gb  long_util.o [4]
?load32_0x_l2           0x0000158f         Code  Gb  long_util.o [4]
?load32_asp_l0          0x00001575         Code  Gb  long_util.o [4]
?load32_dbsp_l0         0x00001570         Code  Gb  long_util.o [4]
?load32_l0_0x           0x0000154c         Code  Gb  long_util.o [4]
?load32_l0_asp          0x00001541         Code  Gb  long_util.o [4]
?load32_l0_dbsp         0x0000153c         Code  Gb  long_util.o [4]
?load32_l0_xsp          0x00001543         Code  Gb  long_util.o [4]
?load32_l1_0x           0x00001558         Code  Gb  long_util.o [4]
?load32_l3_0x           0x00001564         Code  Gb  long_util.o [4]
?load32_xsp_l0          0x00001577         Code  Gb  long_util.o [4]
?mov_e0_e1              0x00000bd5         Code  Gb  vreg_util.o [4]
?mov_e0_e2              0x00000be2         Code  Gb  vreg_util.o [4]
?mov_e0_e3              0x00000bef         Code  Gb  vreg_util.o [4]
?mov_e1_e0              0x00000bfc         Code  Gb  vreg_util.o [4]
?mov_e1_e2              0x00000c09         Code  Gb  vreg_util.o [4]
?mov_e1_e3              0x00000c16         Code  Gb  vreg_util.o [4]
?mov_e2_e0              0x00000c23         Code  Gb  vreg_util.o [4]
?mov_e3_e0              0x00000c30         Code  Gb  vreg_util.o [4]
?mov_l0_l1              0x00000bd2         Code  Gb  vreg_util.o [4]
?mov_l0_l2              0x00000bdf         Code  Gb  vreg_util.o [4]
?mov_l0_l3              0x00000bec         Code  Gb  vreg_util.o [4]
?mov_l1_l0              0x00000bf9         Code  Gb  vreg_util.o [4]
?mov_l1_l2              0x00000c06         Code  Gb  vreg_util.o [4]
?mov_l1_l3              0x00000c13         Code  Gb  vreg_util.o [4]
?mov_l2_l0              0x00000c20         Code  Gb  vreg_util.o [4]
?mov_l3_l0              0x00000c2d         Code  Gb  vreg_util.o [4]
?mov_w1_w3              0x00000bd8         Code  Gb  vreg_util.o [4]
?mov_w1_w5              0x00000be5         Code  Gb  vreg_util.o [4]
?mov_w1_w7              0x00000bf2         Code  Gb  vreg_util.o [4]
?mov_w3_w1              0x00000bff         Code  Gb  vreg_util.o [4]
?mov_w3_w5              0x00000c0c         Code  Gb  vreg_util.o [4]
?mov_w3_w7              0x00000c19         Code  Gb  vreg_util.o [4]
?mov_w5_w1              0x00000c26         Code  Gb  vreg_util.o [4]
?mov_w7_w1              0x00000c33         Code  Gb  vreg_util.o [4]
?or32_l0_l0_0x          0x00001085         Code  Gb  long.o [4]
?or32_l0_l0_l1          0x00001082         Code  Gb  long.o [4]
?pop_l0                 0x00000b8c         Code  Gb  vreg_util.o [4]
?pop_l1                 0x00000b97         Code  Gb  vreg_util.o [4]
?pop_l2                 0x00000ba2         Code  Gb  vreg_util.o [4]
?pop_l3                 0x00000bad         Code  Gb  vreg_util.o [4]
?pop_w4                 0x00000b45         Code  Gb  vreg_util.o [4]
?pop_w6                 0x00000b4c         Code  Gb  vreg_util.o [4]
?push_l0                0x00000b5b         Code  Gb  vreg_util.o [4]
?push_l1                0x00000b60         Code  Gb  vreg_util.o [4]
?push_l2                0x00000b65         Code  Gb  vreg_util.o [4]
?push_l3                0x00000b6a         Code  Gb  vreg_util.o [4]
?push_w4                0x00000b28         Code  Gb  vreg_util.o [4]
?push_w6                0x00000b2d         Code  Gb  vreg_util.o [4]
?sll16_x_x_4            0x00001ea2         Code  Gb  short.o [4]
?sll16_x_x_5            0x00001ea1         Code  Gb  short.o [4]
?sll16_x_x_6            0x00001ea0         Code  Gb  short.o [4]
?sll16_x_x_a            0x00001e98         Code  Gb  short.o [4]
?sll32_0x_0x_a          0x000010a0         Code  Gb  long.o [4]
?sll32_l0_l0_a          0x0000109d         Code  Gb  long.o [4]
?srl32_0x_0x_a          0x000010b1         Code  Gb  long.o [4]
?srl32_l0_l0_a          0x000010ae         Code  Gb  long.o [4]
?sub32_l0_l0_0x         0x0000104f         Code  Gb  long.o [4]
?sub32_l0_l0_dl         0x00001047         Code  Gb  long.o [4]
?sub32_l0_l0_l1         0x0000104c         Code  Gb  long.o [4]
?ucmp32_c_l0_0x         0x00001067         Code  Gb  long.o [4]
?ucmp32_c_l0_l1         0x00001077         Code  Gb  long.o [4]
?w0                       0x000000         Data  Gb  vregs.o [4]
?w1                       0x000002         Data  Gb  vregs.o [4]
?w2                       0x000004         Data  Gb  vregs.o [4]
?w3                       0x000006         Data  Gb  vregs.o [4]
?w4                       0x000008         Data  Gb  vregs.o [4]
?w5                       0x00000a         Data  Gb  vregs.o [4]
?w6                       0x00000c         Data  Gb  vregs.o [4]
?w7                       0x00000e         Data  Gb  vregs.o [4]
ADC1_ConversionConfig   0x000010bf   0xbe  Code  Gb  stm8s_adc1.o [1]
ADC1_ExternalTriggerConfig
                        0x0000165b   0x59  Code  Gb  stm8s_adc1.o [1]
ADC1_GetConversionValue
                        0x00001709   0x55  Code  Gb  stm8s_adc1.o [1]
ADC1_IRQHandler         0x00001fb4    0x1  Code  Gb  stm8s_it.o [1]
ADC1_Init               0x000006e7  0x19a  Code  Gb  stm8s_adc1.o [1]
ADC1_PrescalerConfig    0x000016b4   0x55  Code  Gb  stm8s_adc1.o [1]
ADC1_SchmittTriggerConfig
                        0x00000d4a   0xfc  Code  Gb  stm8s_adc1.o [1]
ADC1_StartConversion    0x00001f5b    0x5  Code  Gb  stm8s_adc1.o [1]
AWU_IRQHandler          0x00001fa6    0x1  Code  Gb  stm8s_it.o [1]
CLK_HSIPrescalerConfig  0x000018e3   0x3d  Code  Gb  stm8s_clk.o [1]
CLK_IRQHandler          0x00001fa7    0x1  Code  Gb  stm8s_it.o [1]
CLK_SYSCLKConfig        0x000012d5   0x8b  Code  Gb  stm8s_clk.o [1]
CSTACK$$Base              0x000300          --   Gb  - Linker created -
CSTACK$$Limit             0x000400          --   Gb  - Linker created -
Clock_Config            0x00001f17    0x9  Code  Gb  main.o [1]
Delay_Us                0x00001a6b   0x31  Code  Gb  util.o [1]
EEPROM_EEC_IRQHandler   0x00001fb6    0x1  Code  Gb  stm8s_it.o [1]
EXTI_PORTA_IRQHandler   0x00001fa8    0x1  Code  Gb  stm8s_it.o [1]
EXTI_PORTB_IRQHandler   0x00001fa9    0x1  Code  Gb  stm8s_it.o [1]
EXTI_PORTC_IRQHandler   0x00001faa    0x1  Code  Gb  stm8s_it.o [1]
EXTI_PORTD_IRQHandler   0x00001fab    0x1  Code  Gb  stm8s_it.o [1]
EXTI_PORTE_IRQHandler   0x00001fac    0x1  Code  Gb  stm8s_it.o [1]
FLASH_Lock              0x00001c3e   0x2b  Code  Gb  stm8s_flash.o [1]
FLASH_ProgramByte       0x0000175e   0x54  Code  Gb  stm8s_flash.o [1]
FLASH_ProgramWord       0x0000145e   0x71  Code  Gb  stm8s_flash.o [1]
FLASH_ReadByte          0x0000184f   0x4a  Code  Gb  stm8s_flash.o [1]
FLASH_SetProgrammingTime
                        0x00001be5   0x2d  Code  Gb  stm8s_flash.o [1]
FLASH_Unlock            0x0000195d   0x3b  Code  Gb  stm8s_flash.o [1]
Flash_Init              0x00001f8d    0x4  Code  Gb  write_flash.o [1]
Flash_Read_ActivePeriod
                        0x00001360   0x84  Code  Gb  write_flash.o [1]
Flash_Write_ActivePeriod
                        0x000013e4   0x7a  Code  Gb  write_flash.o [1]
Flash_Write_ActivePeriod::previous_value
                          0x000022    0x4  Data  Lc  write_flash.o [1]
Flash_Write_OutputMode  0x00001bb6   0x2f  Code  Gb  write_flash.o [1]
GPIO_Init               0x00000c3a  0x110  Code  Gb  stm8s_gpio.o [1]
GPIO_Util_Init          0x00001f91    0x3  Code  Gb  gpio_util.o [1]
GPIO_Util_Toggle        0x00001e1b    0x3  Code  Gb  gpio_util.o [1]
GPIO_Util_TurnOffActiveHighLed
                        0x00001e27    0x3  Code  Gb  gpio_util.o [1]
GPIO_Util_TurnOffLed    0x00001e21    0x3  Code  Gb  gpio_util.o [1]
GPIO_Util_TurnOnActiveHighLed
                        0x00001e24    0x3  Code  Gb  gpio_util.o [1]
GPIO_Util_TurnOnLed     0x00001e1e    0x3  Code  Gb  gpio_util.o [1]
GPIO_Util_WriteHigh     0x00001e15    0x3  Code  Gb  gpio_util.o [1]
GPIO_Util_WriteLow      0x00001e18    0x3  Code  Gb  gpio_util.o [1]
GPIO_WriteHigh          0x00001f29    0x7  Code  Gb  stm8s_gpio.o [1]
GPIO_WriteLow           0x00001f89    0x4  Code  Gb  stm8s_gpio.o [1]
GPIO_WriteReverse       0x00001f30    0x7  Code  Gb  stm8s_gpio.o [1]
Generate_TestingSignal  0x00001899   0x4a  Code  Gb  util.o [1]
I2C_IRQHandler          0x00001fb3    0x1  Code  Gb  stm8s_it.o [1]
INTVEC$$Base              0x008000          --   Gb  - Linker created -
INTVEC$$Limit             0x008080          --   Gb  - Linker created -
IR_Receiver_GetState    0x00001f75    0x4  Code  Gb  ir_receiver.o [1]
IR_Receiver_Init        0x0000064a   0x8b  Code  Gb  ir_receiver.o [1]
IR_Receiver_Task        0x000006d5   0x12  Code  Gb  ir_receiver.o [1]
IR_Transmitter_GetMode  0x00001f79    0x4  Code  Gb  ir_transmitter.o [1]
IR_Transmitter_Init     0x00001c69   0x29  Code  Gb  ir_transmitter.o [1]
IR_Transmitter_Task     0x00001a9c   0x2f  Code  Gb  ir_transmitter.o [1]
IR_Transmitter_Task{1}{2}{3}{5}::counter
                          0x00008f    0x1  Data  Lc  ir_transmitter.o [1]
ITC_DeInit              0x00001d74   0x21  Code  Gb  stm8s_itc.o [1]
ITC_GetCPUCC            0x00001f94    0x3  Code  Gb  stm8s_itc.o [1]
ITC_GetSoftIntStatus    0x00001f3d    0x6  Code  Gb  stm8s_itc.o [1]
ITC_SetSoftwarePriority
                        0x000009d6  0x152  Code  Gb  stm8s_itc.o [1]
Interrupt_Init          0x00001f0d    0xa  Code  Gb  main.o [1]
Led_Control_Cmd         0x00001998   0x35  Code  Gb  led_controller.o [1]
Led_Control_GetMode     0x00001f7d    0x4  Code  Gb  led_controller.o [1]
Led_Control_Immediate   0x00001e2a   0x14  Code  Gb  led_controller.o [1]
Led_Control_Init        0x00001a37   0x34  Code  Gb  led_controller.o [1]
Led_Control_Task        0x00001cf8   0x10  Code  Gb  led_controller.o [1]
Node_State_GetActivePeriod
                        0x00001f37    0x6  Code  Gb  nodestatemanager.o [1]
Node_State_GetOutputState
                        0x00001f81    0x4  Code  Gb  nodestatemanager.o [1]
Node_State_Manager_Init
                        0x000015fd   0x5e  Code  Gb  nodestatemanager.o [1]
Node_State_Manager_Task
                        0x00000f29   0xd0  Code  Gb  nodestatemanager.o [1]
Node_State_SetInputState
                        0x00001f85    0x4  Code  Gb  nodestatemanager.o [1]
RC                        0x000061    0x4  Data  Gb  ir_receiver.o [1]
RC_h                      0x00006d    0x4  Data  Gb  ir_receiver.o [1]
Region$$Table$$Base     0x00001d95          --   Gb  - Linker created -
Region$$Table$$Limit    0x00001da7          --   Gb  - Linker created -
SPI_IRQHandler          0x00001fad    0x1  Code  Gb  stm8s_it.o [1]
System_Init             0x00001de5   0x1a  Code  Gb  main.o [1]
TIM1_CAP_COM_IRQHandler
                        0x00001fae    0x1  Code  Gb  stm8s_it.o [1]
TIM1_ClearFlag          0x00001a02   0x35  Code  Gb  stm8s_tim1.o [1]
TIM1_Cmd                0x00001acb   0x2f  Code  Gb  stm8s_tim1.o [1]
TIM1_GetITStatus        0x000014cf   0x6d  Code  Gb  stm8s_tim1.o [1]
TIM1_ITConfig           0x00001801   0x4e  Code  Gb  stm8s_tim1.o [1]
TIM1_TimeBaseInit       0x0000159d   0x60  Code  Gb  stm8s_tim1.o [1]
TIM1_UPD_OVF_TRG_BRK_IRQHandler
                        0x00001d2d   0x24  Code  Gb  stm8s_it.o [1]
TIM2_ARRPreloadConfig   0x00001b29   0x2f  Code  Gb  stm8s_tim2.o [1]
TIM2_CAP_COM_IRQHandler
                        0x00001fb0    0x1  Code  Gb  stm8s_it.o [1]
TIM2_Cmd                0x00001afa   0x2f  Code  Gb  stm8s_tim2.o [1]
TIM2_OC1Init            0x0000117d   0xac  Code  Gb  stm8s_tim2.o [1]
TIM2_OC1PreloadConfig   0x00001b58   0x2f  Code  Gb  stm8s_tim2.o [1]
TIM2_OC3Init            0x00001229   0xac  Code  Gb  stm8s_tim2.o [1]
TIM2_OC3PreloadConfig   0x00001b87   0x2f  Code  Gb  stm8s_tim2.o [1]
TIM2_SetCompare1        0x00001f20    0x9  Code  Gb  stm8s_tim2.o [1]
TIM2_TimeBaseInit       0x00001f01    0xc  Code  Gb  stm8s_tim2.o [1]
TIM2_UPD_OVF_BRK_IRQHandler
                        0x00001faf    0x1  Code  Gb  stm8s_it.o [1]
TIM4_UPD_OVF_IRQHandler
                        0x00001fb5    0x1  Code  Gb  stm8s_it.o [1]
TLI_IRQHandler          0x00001fa5    0x1  Code  Gb  stm8s_it.o [1]
TRAP_IRQHandler         0x00001fa4    0x1  Code  Gb  stm8s_it.o [1]
Task_Init               0x00001c12   0x2c  Code  Gb  main.o [1]
Task_Manager_AddTask    0x00001e79   0x10  Code  Gb  TaskManager.o [1]
Task_Manager_PerformTask
                        0x00001d51   0x23  Code  Gb  TaskManager.o [1]
Timer_Connter_Init_Timer
                        0x00001c92   0x1d  Code  Gb  timer_counter.o [1]
Timer_Counter_GetCounter
                        0x00001f43    0x6  Code  Gb  timer_counter.o [1]
Timer_Counter_IncreaseCounter
                        0x00001e89    0xf  Code  Gb  timer_counter.o [1]
Timer_Counter_Init      0x00001caf    0xb  Code  Gb  timer_counter.o [1]
Timer_PWM_Get_Active_Period
                        0x00001f49    0x6  Code  Gb  timer_pwm.o [1]
Timer_PWM_Get_Max_Active_Period
                        0x00001f4f    0x6  Code  Gb  timer_pwm.o [1]
Timer_PWM_IR_Transmitter_Init
                        0x000008e7   0x3a  Code  Gb  timer_pwm.o [1]
Timer_PWM_Init          0x000008a7   0x40  Code  Gb  timer_pwm.o [1]
Timer_PWM_SetChangePeriod
                        0x00000894   0x13  Code  Gb  timer_pwm.o [1]
Timer_PWM_Set_Active_Period
                        0x000009c7    0xf  Code  Gb  timer_pwm.o [1]
Timer_PWM_Set_Max_Active_Period
                        0x00001f55    0x6  Code  Gb  timer_pwm.o [1]
Timer_PWM_Start         0x00000921    0x4  Code  Gb  timer_pwm.o [1]
Timer_PWM_Update_Period
                        0x00000925   0xa2  Code  Gb  timer_pwm.o [1]
UART1_RX_IRQHandler     0x00001fb2    0x1  Code  Gb  stm8s_it.o [1]
UART1_TX_IRQHandler     0x00001fb1    0x1  Code  Gb  stm8s_it.o [1]
__DebugBreak            0x00001fb7    0x1  Code  Gb  __dbg_break.o [3]
__exit                  0x00001e52   0x14  Code  Gb  __dbg_xxexit.o [3]
__iar_Dtest             0x00001da7         Code  Gb  float_libsup.o [4]
__iar_copy_init2        0x00001cba         Code  Gb  init_small.o [4]
__iar_data_init2        0x00001e3e   0x14  Code  Gb  init.o [4]
__iar_program_start     0x00001e66         Code  Gb  cstartup.o [4]
__iar_unhandled_exception
                        0x00001fa0         Code  Gb  unhandled_exception.o [4]
__iar_zero_init2        0x00001dc7         Code  Gb  init_small.o [4]
__intvec                  0x008000         Data  Gb  interrupt.o [4]
__low_level_init        0x00001f9a    0x3  Code  Gb  low_level_init.o [4]
_exit                   0x00001f60         Code  Gb  cexit.o [4]
_interrupt_1            0x00001fa4         Code  Gb  stm8s_it.o [1]
_interrupt_12           0x00001fad         Code  Gb  stm8s_it.o [1]
_interrupt_13           0x00001d2d         Code  Gb  stm8s_it.o [1]
_interrupt_14           0x00001fae         Code  Gb  stm8s_it.o [1]
_interrupt_15           0x00001faf         Code  Gb  stm8s_it.o [1]
_interrupt_16           0x00001fb0         Code  Gb  stm8s_it.o [1]
_interrupt_19           0x00001fb1         Code  Gb  stm8s_it.o [1]
_interrupt_2            0x00001fa5         Code  Gb  stm8s_it.o [1]
_interrupt_20           0x00001fb2         Code  Gb  stm8s_it.o [1]
_interrupt_21           0x00001fb3         Code  Gb  stm8s_it.o [1]
_interrupt_24           0x00001fb4         Code  Gb  stm8s_it.o [1]
_interrupt_25           0x00001fb5         Code  Gb  stm8s_it.o [1]
_interrupt_26           0x00001fb6         Code  Gb  stm8s_it.o [1]
_interrupt_3            0x00001fa6         Code  Gb  stm8s_it.o [1]
_interrupt_4            0x00001fa7         Code  Gb  stm8s_it.o [1]
_interrupt_5            0x00001fa8         Code  Gb  stm8s_it.o [1]
_interrupt_6            0x00001fa9         Code  Gb  stm8s_it.o [1]
_interrupt_7            0x00001faa         Code  Gb  stm8s_it.o [1]
_interrupt_8            0x00001fab         Code  Gb  stm8s_it.o [1]
_interrupt_9            0x00001fac         Code  Gb  stm8s_it.o [1]
active_period             0x00001e    0x4  Data  Gb  timer_pwm.o [1]
alpha                     0x000069    0x4  Data  Gb  ir_receiver.o [1]
assert_failed           0x000019cd   0x35  Code  Gb  main.o [1]
assert_failed::counter    0x000071    0x4  Data  Lc  main.o [1]
change_factor             0x00007d    0x4  Data  Gb  timer_pwm.o [1]
detected_time_stamp       0x000059    0x4  Data  Gb  ir_receiver.o [1]
detecting_pulse         0x000004f6   0x4b  Code  Gb  ir_receiver.o [1]
detecting_pulse::direction
                          0x00008d    0x1  Data  Lc  ir_receiver.o [1]
detecting_pulse::previous_v
                          0x000089    0x2  Data  Lc  ir_receiver.o [1]
dimming_off_change_factor
                          0x000016    0x4  Data  Gb  nodestatemanager.o [1]
dimming_on_change_factor
                          0x000012    0x4  Data  Gb  nodestatemanager.o [1]
dt                        0x000065    0x4  Data  Gb  ir_receiver.o [1]
exit                    0x00001f9d    0x3  Code  Gb  exit.o [4]
fabs                    0x00001920   0x3d  Code  Gb  fabs.o [4]
gpio_state                0x000094    0x1  Data  Gb  timer_pwm.o [1]
highpass_filter         0x00000621   0x29  Code  Gb  ir_receiver.o [1]
highpass_filter::previous_x
                          0x000085    0x2  Data  Lc  ir_receiver.o [1]
highpass_filter::previous_y
                          0x000087    0x2  Data  Lc  ir_receiver.o [1]
is_configured             0x000095    0x1  Data  Gb  timer_pwm.o [1]
lowpass_filter          0x000005d9   0x48  Code  Gb  ir_receiver.o [1]
lowpass_filter::filtered_value
                          0x000083    0x2  Data  Lc  ir_receiver.o [1]
main                    0x000017b2   0x4f  Code  Gb  main.o [1]
make_decision           0x000004a4   0x52  Code  Gb  ir_receiver.o [1]
mask_add                0x00001f69    0x4  Data  Gb  write_flash.o [1]
mask_add_output_state   0x00001f71    0x4  Data  Gb  write_flash.o [1]
mask_val                0x00001fa3    0x1  Data  Gb  write_flash.o [1]
max_active_period         0x00001a    0x4  Data  Gb  timer_pwm.o [1]
node_state                0x00004e    0x6  Data  Gb  nodestatemanager.o [1]
output_mode               0x000011    0x1  Data  Gb  nodestatemanager.o [1]
previous_node_state       0x000091    0x1  Data  Gb  nodestatemanager.o [1]
process_ir_signal       0x00000541   0x98  Code  Gb  ir_receiver.o [1]
process_ir_signal::stable_marker
                          0x000081    0x2  Data  Lc  ir_receiver.o [1]
running_mode              0x00008e    0x1  Data  Gb  ir_transmitter.o [1]
running_mode              0x000090    0x1  Data  Lc  led_controller.o [1]
signal_state              0x000054    0x5  Data  Gb  ir_receiver.o [1]
start_add               0x00001f65    0x4  Data  Gb  write_flash.o [1]
start_add_output_state  0x00001f6d    0x4  Data  Gb  write_flash.o [1]
state_change_counter      0x000092    0x1  Data  Gb  nodestatemanager.o [1]
task_Index                0x000093    0x1  Data  Gb  TaskManager.o [1]
tasks                     0x000026   0x28  Data  Gb  TaskManager.o [1]
time_accurmate            0x000075    0x4  Data  Gb  nodestatemanager.o [1]
time_prescaler            0x000010    0x1  Data  Gb  ir_transmitter.o [1]
timer_counter             0x00005d    0x4  Data  Gb  ir_receiver.o [1]
timer_counter             0x000079    0x4  Data  Lc  timer_counter.o [1]
update_duty_cycle       0x00000881   0x13  Code  Gb  timer_pwm.o [1]
update_flash_timeout      0x00008b    0x2  Data  Gb  nodestatemanager.o [1]
update_led_indicator    0x00001ce2   0x16  Code  Gb  led_controller.o [1]
update_output           0x00000e46   0xe3  Code  Gb  nodestatemanager.o [1]


[1] = D:\DATA\03-DuAn\01-LedProject\LedController\02-Software\STM8S003\LedPowerControllable\Debug\Obj
[2] = command line
[3] = dbgstm8smd.a
[4] = dlstm8smn.a

  7 973 bytes of readonly  code memory
    275 bytes of readonly  data memory
    406 bytes of readwrite data memory

Errors: 2
Warnings: none
