###############################################################################
#
# IAR ELF Linker V3.10.1.201 for STM8                     10/Jan/2020  00:02:59
# Copyright 2010-2017 IAR Systems AB.
#
#    Output file  =  
#        D:\DATA\03-DuAn\01-LedProject\LedController\02-Software\STM8S003\LedInterMaster\Release\Exe\LedInterMaster.out
#    Map file     =  
#        D:\DATA\03-DuAn\01-LedProject\LedController\02-Software\STM8S003\LedInterMaster\Release\List\LedInterMaster.map
#    Command line =  
#        -f C:\Users\hungnv\AppData\Local\Temp\EWDFFC.tmp
#        (D:\DATA\03-DuAn\01-LedProject\LedController\02-Software\STM8S003\LedInterMaster\Release\Obj\gpio_util.o
#        D:\DATA\03-DuAn\01-LedProject\LedController\02-Software\STM8S003\LedInterMaster\Release\Obj\ir_receiver.o
#        D:\DATA\03-DuAn\01-LedProject\LedController\02-Software\STM8S003\LedInterMaster\Release\Obj\ir_transmitter.o
#        D:\DATA\03-DuAn\01-LedProject\LedController\02-Software\STM8S003\LedInterMaster\Release\Obj\led_controller.o
#        D:\DATA\03-DuAn\01-LedProject\LedController\02-Software\STM8S003\LedInterMaster\Release\Obj\main.o
#        D:\DATA\03-DuAn\01-LedProject\LedController\02-Software\STM8S003\LedInterMaster\Release\Obj\nodeinterconn.o
#        D:\DATA\03-DuAn\01-LedProject\LedController\02-Software\STM8S003\LedInterMaster\Release\Obj\nodestatemanager.o
#        D:\DATA\03-DuAn\01-LedProject\LedController\02-Software\STM8S003\LedInterMaster\Release\Obj\stm8s_adc1.o
#        D:\DATA\03-DuAn\01-LedProject\LedController\02-Software\STM8S003\LedInterMaster\Release\Obj\stm8s_clk.o
#        D:\DATA\03-DuAn\01-LedProject\LedController\02-Software\STM8S003\LedInterMaster\Release\Obj\stm8s_gpio.o
#        D:\DATA\03-DuAn\01-LedProject\LedController\02-Software\STM8S003\LedInterMaster\Release\Obj\stm8s_it.o
#        D:\DATA\03-DuAn\01-LedProject\LedController\02-Software\STM8S003\LedInterMaster\Release\Obj\stm8s_itc.o
#        D:\DATA\03-DuAn\01-LedProject\LedController\02-Software\STM8S003\LedInterMaster\Release\Obj\stm8s_tim1.o
#        D:\DATA\03-DuAn\01-LedProject\LedController\02-Software\STM8S003\LedInterMaster\Release\Obj\stm8s_tim2.o
#        D:\DATA\03-DuAn\01-LedProject\LedController\02-Software\STM8S003\LedInterMaster\Release\Obj\TaskManager.o
#        D:\DATA\03-DuAn\01-LedProject\LedController\02-Software\STM8S003\LedInterMaster\Release\Obj\test.o
#        D:\DATA\03-DuAn\01-LedProject\LedController\02-Software\STM8S003\LedInterMaster\Release\Obj\timer_counter.o
#        D:\DATA\03-DuAn\01-LedProject\LedController\02-Software\STM8S003\LedInterMaster\Release\Obj\timer_pwm.o
#        D:\DATA\03-DuAn\01-LedProject\LedController\02-Software\STM8S003\LedInterMaster\Release\Obj\util.o
#        --redirect _Printf=_PrintfFullNoMb --redirect _Scanf=_ScanfFullNoMb -o
#        D:\DATA\03-DuAn\01-LedProject\LedController\02-Software\STM8S003\LedInterMaster\Release\Exe\LedInterMaster.out
#        --map
#        D:\DATA\03-DuAn\01-LedProject\LedController\02-Software\STM8S003\LedInterMaster\Release\List\LedInterMaster.map
#        --config "C:\Program Files (x86)\IAR Systems\Embedded Workbench
#        8.0\stm8\config\lnkstm8s003f3.icf" --config_def _CSTACK_SIZE=0x100
#        --config_def _HEAP_SIZE=0x100 --entry __iar_program_start)
#
###############################################################################

*******************************************************************************
*** RUNTIME MODEL ATTRIBUTES
***

__SystemLibrary            = DLib
__code_model               = small
__core                     = stm8
__data_model               = medium
__dlib_file_descriptor     = 0
__dlib_full_locale_support = 0
__rt_version               = 4


*******************************************************************************
*** PLACEMENT SUMMARY
***

"A0":  place at start of [0x000000-0x0000ff] { rw section .vregs };
"A1":  place at end of [0x000000-0x0003ff] { block CSTACK };
"P2":  place in [from 0x000000 to 0x0003ff] {
          block HEAP, rw section __DLIB_PERTHREAD, rw section .far.bss,
          rw section .far.data, rw section .far.noinit,
          rw section .far_func.textrw, rw section .huge.bss,
          rw section .huge.data, rw section .huge.noinit,
          rw section .huge_func.textrw, rw section .iar.dynexit,
          rw section .near.bss, rw section .near.data, rw section .near.noinit,
          rw section .near_func.textrw };
"A2":  place at start of [0x008000-0x009fff] { block INTVEC };
"P3":  place in [from 0x008000 to 0x009fff] {
          ro section __DLIB_PERTHREAD_init, ro section .far.data_init,
          ro section .far_func.textrw_init, ro section .huge.data_init,
          ro section .huge_func.textrw_init, ro section .iar.init_table,
          ro section .init_array, ro section .near.data_init,
          ro section .near.rodata, ro section .near_func.text,
          ro section .near_func.textrw_init, ro section .tiny.data_init,
          ro section .tiny.rodata_init };
"P4":  place in [from 0x008000 to 0x009fff] {
          ro section .far.rodata, ro section .far_func.text };
"P5":  place in [from 0x008000 to 0x009fff] {
          ro section .huge.rodata, ro section .huge_func.text };
do not initialize {
   rw section .eeprom.noinit, rw section .far.noinit, rw section .huge.noinit,
   rw section .near.noinit, rw section .tiny.noinit, rw section .vregs };
initialize by copy {
   rw section .far.bss, rw section .far.data, rw section .far_func.textrw,
   rw section .huge.bss, rw section .huge.data, rw section .huge_func.textrw,
   rw section .iar.dynexit, rw section .near.bss, rw section .near.data,
   rw section .near_func.textrw, rw section .tiny.bss, rw section .tiny.data,
   ro section .tiny.rodata };

  Section            Kind      Address    Size  Object
  -------            ----      -------    ----  ------
"A0":                                     0x10
  .vregs             uninit   0x000000    0x10  vregs.o [4]
                            - 0x000010    0x10

"P2", part 1 of 2:                         0xa
  P2-1                        0x000010     0xa  <Init block>
    .near.data       inited   0x000010     0x1  ir_transmitter.o [1]
    .near.data       inited   0x000011     0x1  nodestatemanager.o [1]
    .near.data       inited   0x000012     0x4  timer_pwm.o [1]
    .near.data       inited   0x000016     0x4  timer_pwm.o [1]
                            - 0x00001a     0xa

"P2", part 2 of 2:                        0x65
  .near.bss          zero     0x00001a    0x28  TaskManager.o [1]
  .near.bss          zero     0x000042     0x5  ir_receiver.o [1]
  .near.bss          zero     0x000047     0x4  ir_receiver.o [1]
  .near.bss          zero     0x00004b     0x4  ir_receiver.o [1]
  .near.bss          zero     0x00004f     0x4  ir_receiver.o [1]
  .near.bss          zero     0x000053     0x4  ir_receiver.o [1]
  .near.bss          zero     0x000057     0x4  ir_receiver.o [1]
  .near.bss          zero     0x00005b     0x4  ir_receiver.o [1]
  .near.bss          zero     0x00005f     0x4  main.o [1]
  .near.bss          zero     0x000063     0x4  timer_counter.o [1]
  .near.bss          zero     0x000067     0x4  timer_pwm.o [1]
  .near.bss          zero     0x00006b     0x2  ir_receiver.o [1]
  .near.bss          zero     0x00006d     0x2  ir_receiver.o [1]
  .near.bss          zero     0x00006f     0x2  ir_receiver.o [1]
  .near.bss          zero     0x000071     0x2  ir_receiver.o [1]
  .near.bss          zero     0x000073     0x2  ir_receiver.o [1]
  .near.bss          zero     0x000075     0x2  nodestatemanager.o [1]
  .near.bss          zero     0x000077     0x1  ir_receiver.o [1]
  .near.bss          zero     0x000078     0x1  ir_transmitter.o [1]
  .near.bss          zero     0x000079     0x1  ir_transmitter.o [1]
  .near.bss          zero     0x00007a     0x1  led_controller.o [1]
  .near.bss          zero     0x00007b     0x1  nodeinterconn.o [1]
  .near.bss          zero     0x00007c     0x1  TaskManager.o [1]
  .near.bss          zero     0x00007d     0x1  timer_pwm.o [1]
  .near.bss          zero     0x00007e     0x1  timer_pwm.o [1]
                            - 0x00007f    0x65

"A1":                                    0x100
  CSTACK                      0x000300   0x100  <Block>
    CSTACK           uninit   0x000300   0x100  <Block tail>
                            - 0x000400   0x100

"A2":                                     0x80
  INTVEC                      0x008000    0x80  <Block>
    .intvec          const    0x008000    0x80  interrupt.o [4]
                            - 0x008080    0x80

"P3-P5":                                0x1d89
  .near_func.text    ro code  0x008080   0x3ff  float.o [4]
  .near_func.text    ro code  0x00847f   0x19a  stm8s_adc1.o [1]
  .near_func.text    ro code  0x008619   0x14a  stm8s_itc.o [1]
  .near_func.text    ro code  0x008763   0x10e  stm8s_gpio.o [1]
  .near_func.text    ro code  0x008871    0xf8  vreg_util.o [4]
  .near_func.text    ro code  0x008969    0xf7  stm8s_adc1.o [1]
  .near_func.text    ro code  0x008a60    0xbe  stm8s_adc1.o [1]
  .near_func.text    ro code  0x008b1e    0xb9  ir_receiver.o [1]
  .near_func.text    ro code  0x008bd7    0xad  timer_pwm.o [1]
  .near_func.text    ro code  0x008c84    0xac  stm8s_tim2.o [1]
  .near_func.text    ro code  0x008d30    0xac  stm8s_tim2.o [1]
  .near_func.text    ro code  0x008ddc    0x90  long.o [4]
  .near_func.text    ro code  0x008e6c    0x8b  ir_receiver.o [1]
  .near_func.text    ro code  0x008ef7    0x8b  stm8s_clk.o [1]
  .near.rodata       const    0x008f82    0x70  stm8s_adc1.o [1]
  .near.rodata       const    0x008ff2    0x70  stm8s_gpio.o [1]
  .near.rodata       const    0x009062    0x70  stm8s_tim1.o [1]
  .near.rodata       const    0x0090d2    0x70  stm8s_tim2.o [1]
  .near.rodata       const    0x009142    0x6f  stm8s_clk.o [1]
  .near.rodata       const    0x0091b1    0x6f  stm8s_itc.o [1]
  .near_func.text    ro code  0x009220    0x6c  stm8s_tim1.o [1]
  .near_func.text    ro code  0x00928c    0x61  ir_receiver.o [1]
  .near_func.text    ro code  0x0092ed    0x60  stm8s_tim1.o [1]
  .near_func.text    ro code  0x00934d    0x59  stm8s_adc1.o [1]
  .near_func.text    ro code  0x0093a6    0x55  stm8s_adc1.o [1]
  .near_func.text    ro code  0x0093fb    0x55  stm8s_adc1.o [1]
  .near_func.text    ro code  0x009450    0x4d  main.o [1]
  .near_func.text    ro code  0x00949d    0x4c  stm8s_tim1.o [1]
  .near_func.text    ro code  0x0094e9    0x4b  ir_receiver.o [1]
  .near_func.text    ro code  0x009534    0x4a  util.o [1]
  .near_func.text    ro code  0x00957e    0x48  ir_receiver.o [1]
  .near_func.text    ro code  0x0095c6    0x47  long_util.o [4]
  .near_func.text    ro code  0x00960d    0x41  timer_pwm.o [1]
  .near_func.text    ro code  0x00964e    0x40  main.o [1]
  .near_func.text    ro code  0x00968e    0x3e  nodestatemanager.o [1]
  .near_func.text    ro code  0x0096cc    0x3d  stm8s_clk.o [1]
  .near_func.text    ro code  0x009709    0x3b  timer_pwm.o [1]
  .near_func.text    ro code  0x009744    0x38  ir_transmitter.o [1]
  .near_func.text    ro code  0x00977c    0x37  util.o [1]
  .near_func.text    ro code  0x0097b3    0x35  stm8s_tim1.o [1]
  .near_func.text    ro code  0x0097e8    0x34  led_controller.o [1]
  .near_func.text    ro code  0x00981c    0x33  main.o [1]
  .near_func.text    ro code  0x00984f    0x2f  stm8s_tim1.o [1]
  .near_func.text    ro code  0x00987e    0x2f  stm8s_tim2.o [1]
  .near_func.text    ro code  0x0098ad    0x2f  stm8s_tim2.o [1]
  .near_func.text    ro code  0x0098dc    0x2f  stm8s_tim2.o [1]
  .near_func.text    ro code  0x00990b    0x2f  stm8s_tim2.o [1]
  .near_func.text    ro code  0x00993a    0x29  ir_receiver.o [1]
  .near_func.text    ro code  0x009963    0x29  ir_transmitter.o [1]
  .near_func.text    ro code  0x00998c    0x29  nodeinterconn.o [1]
  .near_func.text    ro code  0x0099b5    0x28  init_small.o [4]
  .near_func.text    ro code  0x0099dd    0x26  led_controller.o [1]
  .near_func.text    ro code  0x009a03    0x25  nodestatemanager.o [1]
  .near_func.text    ro code  0x009a28    0x25  dc_util.o [4]
  .near_func.text    ro code  0x009a4d    0x24  nodeinterconn.o [1]
  .near_func.text    ro code  0x009a71    0x24  stm8s_it.o [1]
  .near_func.text    ro code  0x009a95    0x23  TaskManager.o [1]
  .near_func.text    ro code  0x009ab8    0x22  led_controller.o [1]
  .near_func.text    ro code  0x009ada    0x21  led_controller.o [1]
  .near_func.text    ro code  0x009afb    0x21  led_controller.o [1]
  .near_func.text    ro code  0x009b1c    0x21  stm8s_itc.o [1]
  .iar.init_table    const    0x009b3d    0x12  - Linker created -
  .near_func.text    ro code  0x009b4f    0x1e  main.o [1]
  .near_func.text    ro code  0x009b6d    0x1e  init_small.o [4]
  .near_func.text    ro code  0x009b8b    0x1d  timer_counter.o [1]
  .near_func.text    ro code  0x009ba8    0x1d  timer_pwm.o [1]
  .near_func.text    ro code  0x009bc5    0x1a  ir_receiver.o [1]
  .near_func.text    ro code  0x009bdf    0x17  gpio_util.o [1]
  .near_func.text    ro code  0x009bf6    0x17  gpio_util.o [1]
  .near_func.text    ro code  0x009c0d    0x17  gpio_util.o [1]
  .near_func.text    ro code  0x009c24    0x17  gpio_util.o [1]
  .near_func.text    ro code  0x009c3b    0x17  gpio_util.o [1]
  .near_func.text    ro code  0x009c52    0x17  gpio_util.o [1]
  .near_func.text    ro code  0x009c69    0x17  gpio_util.o [1]
  .near_func.text    ro code  0x009c80    0x17  gpio_util.o [1]
  .near_func.text    ro code  0x009c97    0x17  nodeinterconn.o [1]
  .near_func.text    ro code  0x009cae    0x16  nodeinterconn.o [1]
  .near_func.text    ro code  0x009cc4    0x14  timer_pwm.o [1]
  .near_func.text    ro code  0x009cd8    0x14  init.o [4]
  .near_func.text    ro code  0x009cec    0x13  cstartup.o [4]
  .near_func.text    ro code  0x009cff    0x10  stm8s_tim2.o [1]
  .near_func.text    ro code  0x009d0f    0x10  TaskManager.o [1]
  .near_func.text    ro code  0x009d1f    0x10  timer_counter.o [1]
  .near_func.text    ro code  0x009d2f     0xf  short.o [4]
  .near_func.text    ro code  0x009d3e     0xe  nodeinterconn.o [1]
  .near_func.text    ro code  0x009d4c     0xd  gpio_util.o [1]
  .near_func.text    ro code  0x009d59     0xc  nodestatemanager.o [1]
  .near_func.text    ro code  0x009d65     0xc  timer_counter.o [1]
  .near_func.text    ro code  0x009d71     0xb  main.o [1]
  .near_func.text    ro code  0x009d7c     0xa  main.o [1]
  Initializer bytes  const    0x009d86     0xa  <for P2-1>
  .near_func.text    ro code  0x009d90     0x9  stm8s_tim2.o [1]
  .near_func.text    ro code  0x009d99     0x8  stm8s_gpio.o [1]
  .near_func.text    ro code  0x009da1     0x7  stm8s_gpio.o [1]
  .near_func.text    ro code  0x009da8     0x7  stm8s_gpio.o [1]
  .near_func.text    ro code  0x009daf     0x7  timer_counter.o [1]
  .near_func.text    ro code  0x009db6     0x6  stm8s_itc.o [1]
  .near_func.text    ro code  0x009dbc     0x5  stm8s_adc1.o [1]
  .near_func.text    ro code  0x009dc1     0x5  cexit.o [4]
  .near_func.text    ro code  0x009dc6     0x4  ir_receiver.o [1]
  .near_func.text    ro code  0x009dca     0x4  ir_transmitter.o [1]
  .near_func.text    ro code  0x009dce     0x4  led_controller.o [1]
  .near_func.text    ro code  0x009dd2     0x4  nodestatemanager.o [1]
  .near_func.text    ro code  0x009dd6     0x4  nodestatemanager.o [1]
  .near_func.text    ro code  0x009dda     0x4  nodestatemanager.o [1]
  .near_func.text    ro code  0x009dde     0x4  timer_pwm.o [1]
  .near_func.text    ro code  0x009de2     0x3  stm8s_gpio.o [1]
  .near_func.text    ro code  0x009de5     0x3  stm8s_itc.o [1]
  .near_func.text    ro code  0x009de8     0x3  interrupt.o [4]
  .near_func.text    ro code  0x009deb     0x3  low_level_init.o [4]
  .near_func.text    ro code  0x009dee     0x3  exit.o [4]
  .near_func.text    ro code  0x009df1     0x3  unhandled_exception.o [4]
  .near_func.text    ro code  0x009df4     0x2  xxexit.o [3]
  .near_func.text    ro code  0x009df6     0x1  stm8s_it.o [1]
  .near_func.text    ro code  0x009df7     0x1  stm8s_it.o [1]
  .near_func.text    ro code  0x009df8     0x1  stm8s_it.o [1]
  .near_func.text    ro code  0x009df9     0x1  stm8s_it.o [1]
  .near_func.text    ro code  0x009dfa     0x1  stm8s_it.o [1]
  .near_func.text    ro code  0x009dfb     0x1  stm8s_it.o [1]
  .near_func.text    ro code  0x009dfc     0x1  stm8s_it.o [1]
  .near_func.text    ro code  0x009dfd     0x1  stm8s_it.o [1]
  .near_func.text    ro code  0x009dfe     0x1  stm8s_it.o [1]
  .near_func.text    ro code  0x009dff     0x1  stm8s_it.o [1]
  .near_func.text    ro code  0x009e00     0x1  stm8s_it.o [1]
  .near_func.text    ro code  0x009e01     0x1  stm8s_it.o [1]
  .near_func.text    ro code  0x009e02     0x1  stm8s_it.o [1]
  .near_func.text    ro code  0x009e03     0x1  stm8s_it.o [1]
  .near_func.text    ro code  0x009e04     0x1  stm8s_it.o [1]
  .near_func.text    ro code  0x009e05     0x1  stm8s_it.o [1]
  .near_func.text    ro code  0x009e06     0x1  stm8s_it.o [1]
  .near_func.text    ro code  0x009e07     0x1  stm8s_it.o [1]
  .near_func.text    ro code  0x009e08     0x1  stm8s_it.o [1]
                            - 0x009e09  0x1d89


*******************************************************************************
*** INIT TABLE
***

          Address   Size
          -------   ----
Zero (__iar_zero_init2)
    1 destination range, total size 0x65:
          0x00001a  0x65

Copy (__iar_copy_init2)
    1 source range, total size 0xa:
          0x009d86   0xa
    1 destination range, total size 0xa:
          0x000010   0xa



*******************************************************************************
*** MODULE SUMMARY
***

    Module                 ro code  ro data  rw data
    ------                 -------  -------  -------
D:\DATA\03-DuAn\01-LedProject\LedController\02-Software\STM8S003\LedInterMaster\Release\Obj: [1]
    TaskManager.o               51                41
    gpio_util.o                197
    ir_receiver.o              639                40
    ir_transmitter.o           101        1        3
    led_controller.o           194                 1
    main.o                     243                 4
    nodeinterconn.o            136                 1
    nodestatemanager.o         123        1        3
    stm8s_adc1.o             1 111      112
    stm8s_clk.o                200      111
    stm8s_gpio.o               295      112
    stm8s_it.o                  55
    stm8s_itc.o                372      111
    stm8s_tim1.o               380      112
    stm8s_tim2.o               557      112
    timer_counter.o             64                 4
    timer_pwm.o                350        8       14
    util.o                     129
    ------------------------------------------------
    Total:                   5 197      680      111

command line: [2]
    ------------------------------------------------
    Total:

dbgstm8smn.a: [3]
    xxexit.o                     2
    ------------------------------------------------
    Total:                       2

dlstm8smn.a: [4]
    cexit.o                      5
    cstartup.o                  19
    dc_util.o                   37
    exit.o                       3
    float.o                  1 023
    init.o                      20
    init_small.o                70
    interrupt.o                  3      128
    long.o                     144
    long_util.o                 71
    low_level_init.o             3
    short.o                     15
    unhandled_exception.o        3
    vreg_util.o                248
    vregs.o                                       16
    ------------------------------------------------
    Total:                   1 664      128       16

    Linker created                       18      256
----------------------------------------------------
    Grand Total:             6 863      826      383


*******************************************************************************
*** ENTRY LIST
***

Entry                    Address   Size  Type      Object
-----                    -------   ----  ----      ------
.iar.init_table$$Base   0x009b3d          --   Gb  - Linker created -
.iar.init_table$$Limit  0x009b4f          --   Gb  - Linker created -
?add32_l0_l0_0x         0x008e0d         Code  Gb  long.o [4]
?add32_l0_l0_dl         0x008e08         Code  Gb  long.o [4]
?b0                     0x000000         Data  Gb  vregs.o [4]
?b1                     0x000001         Data  Gb  vregs.o [4]
?b10                    0x00000a         Data  Gb  vregs.o [4]
?b11                    0x00000b         Data  Gb  vregs.o [4]
?b12                    0x00000c         Data  Gb  vregs.o [4]
?b13                    0x00000d         Data  Gb  vregs.o [4]
?b14                    0x00000e         Data  Gb  vregs.o [4]
?b15                    0x00000f         Data  Gb  vregs.o [4]
?b2                     0x000002         Data  Gb  vregs.o [4]
?b3                     0x000003         Data  Gb  vregs.o [4]
?b4                     0x000004         Data  Gb  vregs.o [4]
?b5                     0x000005         Data  Gb  vregs.o [4]
?b6                     0x000006         Data  Gb  vregs.o [4]
?b7                     0x000007         Data  Gb  vregs.o [4]
?b8                     0x000008         Data  Gb  vregs.o [4]
?b9                     0x000009         Data  Gb  vregs.o [4]
?dc32_l0                0x009a28         Code  Gb  dc_util.o [4]
?dc32_l1                0x009a35         Code  Gb  dc_util.o [4]
?dc32_px                0x009a42         Code  Gb  dc_util.o [4]
?dec32_0x_0x            0x008df4         Code  Gb  long.o [4]
?dec32_l0_l0            0x008def         Code  Gb  long.o [4]
?e0                     0x000001         Data  Gb  vregs.o [4]
?e1                     0x000005         Data  Gb  vregs.o [4]
?e2                     0x000009         Data  Gb  vregs.o [4]
?e3                     0x00000d         Data  Gb  vregs.o [4]
?epilogue_l2            0x00890c         Code  Gb  vreg_util.o [4]
?epilogue_l2_l3         0x008909         Code  Gb  vreg_util.o [4]
?epilogue_l2_w6         0x008910         Code  Gb  vreg_util.o [4]
?epilogue_w4            0x008917         Code  Gb  vreg_util.o [4]
?fadd32_l0_l0_0x        0x0080a8         Code  Gb  float.o [4]
?fadd32_l0_l0_l1        0x0080ab         Code  Gb  float.o [4]
?fcastf32u16_l0_x       0x008333         Code  Gb  float.o [4]
?fcasts16f32_x_l0       0x008351         Code  Gb  float.o [4]
?fcmpge32_c_l0_0x       0x0082d4         Code  Gb  float.o [4]
?fcmpge32_c_l0_dc32     0x0082cf         Code  Gb  float.o [4]
?fcmplt32_c_l0_0x       0x0082dd         Code  Gb  float.o [4]
?fcmplt32_c_l0_dc32     0x0082d8         Code  Gb  float.o [4]
?fdiv32_l0_dc32_l1      0x00821c         Code  Gb  float.o [4]
?fdiv32_l0_l0_l1        0x008221         Code  Gb  float.o [4]
?fmul32_l0_l0_0x        0x00817e         Code  Gb  float.o [4]
?fmul32_l0_l0_dc32      0x008179         Code  Gb  float.o [4]
?fmul32_l0_l0_l1        0x008181         Code  Gb  float.o [4]
?fsub32_l0_dc32_l1      0x00809d         Code  Gb  float.o [4]
?fsub32_l0_l0_l1        0x0080a2         Code  Gb  float.o [4]
?inc32_0x_0x            0x008de1         Code  Gb  long.o [4]
?inc32_l0_l0            0x008ddc         Code  Gb  long.o [4]
?l0                     0x000000         Data  Gb  vregs.o [4]
?l1                     0x000004         Data  Gb  vregs.o [4]
?l2                     0x000008         Data  Gb  vregs.o [4]
?l3                     0x00000c         Data  Gb  vregs.o [4]
?load32_0x_l0           0x0095ff         Code  Gb  long_util.o [4]
?load32_asp_l0          0x0095f3         Code  Gb  long_util.o [4]
?load32_dbsp_l0         0x0095ee         Code  Gb  long_util.o [4]
?load32_l0_0x           0x0095d6         Code  Gb  long_util.o [4]
?load32_l0_asp          0x0095cb         Code  Gb  long_util.o [4]
?load32_l0_dbsp         0x0095c6         Code  Gb  long_util.o [4]
?load32_l0_xsp          0x0095cd         Code  Gb  long_util.o [4]
?load32_l1_0x           0x0095e2         Code  Gb  long_util.o [4]
?load32_xsp_l0          0x0095f5         Code  Gb  long_util.o [4]
?mov_e0_e1              0x00891e         Code  Gb  vreg_util.o [4]
?mov_e1_e0              0x00892b         Code  Gb  vreg_util.o [4]
?mov_e1_e2              0x008938         Code  Gb  vreg_util.o [4]
?mov_e1_e3              0x008945         Code  Gb  vreg_util.o [4]
?mov_e2_e0              0x008952         Code  Gb  vreg_util.o [4]
?mov_e3_e0              0x00895f         Code  Gb  vreg_util.o [4]
?mov_l0_l1              0x00891b         Code  Gb  vreg_util.o [4]
?mov_l1_l0              0x008928         Code  Gb  vreg_util.o [4]
?mov_l1_l2              0x008935         Code  Gb  vreg_util.o [4]
?mov_l1_l3              0x008942         Code  Gb  vreg_util.o [4]
?mov_l2_l0              0x00894f         Code  Gb  vreg_util.o [4]
?mov_l3_l0              0x00895c         Code  Gb  vreg_util.o [4]
?mov_w1_w3              0x008921         Code  Gb  vreg_util.o [4]
?mov_w3_w1              0x00892e         Code  Gb  vreg_util.o [4]
?mov_w3_w5              0x00893b         Code  Gb  vreg_util.o [4]
?mov_w3_w7              0x008948         Code  Gb  vreg_util.o [4]
?mov_w5_w1              0x008955         Code  Gb  vreg_util.o [4]
?mov_w7_w1              0x008962         Code  Gb  vreg_util.o [4]
?pop_l0                 0x0088d5         Code  Gb  vreg_util.o [4]
?pop_l1                 0x0088e0         Code  Gb  vreg_util.o [4]
?pop_l2                 0x0088eb         Code  Gb  vreg_util.o [4]
?pop_l3                 0x0088f6         Code  Gb  vreg_util.o [4]
?pop_w4                 0x00888e         Code  Gb  vreg_util.o [4]
?pop_w6                 0x008895         Code  Gb  vreg_util.o [4]
?push_l0                0x0088a4         Code  Gb  vreg_util.o [4]
?push_l1                0x0088a9         Code  Gb  vreg_util.o [4]
?push_l2                0x0088ae         Code  Gb  vreg_util.o [4]
?push_l3                0x0088b3         Code  Gb  vreg_util.o [4]
?push_w4                0x008871         Code  Gb  vreg_util.o [4]
?push_w6                0x008876         Code  Gb  vreg_util.o [4]
?sll16_x_x_4            0x009d39         Code  Gb  short.o [4]
?sll16_x_x_5            0x009d38         Code  Gb  short.o [4]
?sll16_x_x_6            0x009d37         Code  Gb  short.o [4]
?sll16_x_x_a            0x009d2f         Code  Gb  short.o [4]
?srl32_0x_0x_a          0x008e5e         Code  Gb  long.o [4]
?srl32_l0_l0_a          0x008e5b         Code  Gb  long.o [4]
?sub32_l0_l0_0x         0x008e28         Code  Gb  long.o [4]
?sub32_l0_l0_l1         0x008e25         Code  Gb  long.o [4]
?ucmp32_c_l0_0x         0x008e40         Code  Gb  long.o [4]
?ucmp32_c_l0_l1         0x008e50         Code  Gb  long.o [4]
?w0                     0x000000         Data  Gb  vregs.o [4]
?w1                     0x000002         Data  Gb  vregs.o [4]
?w2                     0x000004         Data  Gb  vregs.o [4]
?w3                     0x000006         Data  Gb  vregs.o [4]
?w4                     0x000008         Data  Gb  vregs.o [4]
?w5                     0x00000a         Data  Gb  vregs.o [4]
?w6                     0x00000c         Data  Gb  vregs.o [4]
?w7                     0x00000e         Data  Gb  vregs.o [4]
ADC1_ConversionConfig   0x008a60   0xbe  Code  Gb  stm8s_adc1.o [1]
ADC1_ExternalTriggerConfig
                        0x00934d   0x59  Code  Gb  stm8s_adc1.o [1]
ADC1_GetConversionValue
                        0x0093fb   0x55  Code  Gb  stm8s_adc1.o [1]
ADC1_IRQHandler         0x009e06    0x1  Code  Gb  stm8s_it.o [1]
ADC1_Init               0x00847f  0x19a  Code  Gb  stm8s_adc1.o [1]
ADC1_PrescalerConfig    0x0093a6   0x55  Code  Gb  stm8s_adc1.o [1]
ADC1_SchmittTriggerConfig
                        0x008969   0xf7  Code  Gb  stm8s_adc1.o [1]
ADC1_StartConversion    0x009dbc    0x5  Code  Gb  stm8s_adc1.o [1]
AWU_IRQHandler          0x009df8    0x1  Code  Gb  stm8s_it.o [1]
CLK_HSIPrescalerConfig  0x0096cc   0x3d  Code  Gb  stm8s_clk.o [1]
CLK_IRQHandler          0x009df9    0x1  Code  Gb  stm8s_it.o [1]
CLK_SYSCLKConfig        0x008ef7   0x8b  Code  Gb  stm8s_clk.o [1]
CSTACK$$Base            0x000300          --   Gb  - Linker created -
CSTACK$$Limit           0x000400          --   Gb  - Linker created -
Clock_Config            0x009d7c    0xa  Code  Gb  main.o [1]
Delay_Us                0x00977c   0x37  Code  Gb  util.o [1]
EEPROM_EEC_IRQHandler   0x009e08    0x1  Code  Gb  stm8s_it.o [1]
EXTI_PORTA_IRQHandler   0x009dfa    0x1  Code  Gb  stm8s_it.o [1]
EXTI_PORTB_IRQHandler   0x009dfb    0x1  Code  Gb  stm8s_it.o [1]
EXTI_PORTC_IRQHandler   0x009dfc    0x1  Code  Gb  stm8s_it.o [1]
EXTI_PORTD_IRQHandler   0x009dfd    0x1  Code  Gb  stm8s_it.o [1]
EXTI_PORTE_IRQHandler   0x009dfe    0x1  Code  Gb  stm8s_it.o [1]
GPIO_Init               0x008763  0x10e  Code  Gb  stm8s_gpio.o [1]
GPIO_ReadInputData      0x009de2    0x3  Code  Gb  stm8s_gpio.o [1]
GPIO_Util_Init          0x009bdf   0x17  Code  Gb  gpio_util.o [1]
GPIO_Util_ReadInputData
                        0x009d4c    0xd  Code  Gb  gpio_util.o [1]
GPIO_Util_Toggle        0x009c24   0x17  Code  Gb  gpio_util.o [1]
GPIO_Util_TurnOffActiveHighLed
                        0x009c80   0x17  Code  Gb  gpio_util.o [1]
GPIO_Util_TurnOffLed    0x009c52   0x17  Code  Gb  gpio_util.o [1]
GPIO_Util_TurnOnActiveHighLed
                        0x009c69   0x17  Code  Gb  gpio_util.o [1]
GPIO_Util_TurnOnLed     0x009c3b   0x17  Code  Gb  gpio_util.o [1]
GPIO_Util_WriteHigh     0x009bf6   0x17  Code  Gb  gpio_util.o [1]
GPIO_Util_WriteLow      0x009c0d   0x17  Code  Gb  gpio_util.o [1]
GPIO_WriteHigh          0x009da1    0x7  Code  Gb  stm8s_gpio.o [1]
GPIO_WriteLow           0x009d99    0x8  Code  Gb  stm8s_gpio.o [1]
GPIO_WriteReverse       0x009da8    0x7  Code  Gb  stm8s_gpio.o [1]
Generate_TestingSignal  0x009534   0x4a  Code  Gb  util.o [1]
I2C_IRQHandler          0x009e05    0x1  Code  Gb  stm8s_it.o [1]
INTVEC$$Base            0x008000          --   Gb  - Linker created -
INTVEC$$Limit           0x008080          --   Gb  - Linker created -
IR_Receiver_GetState    0x009dc6    0x4  Code  Gb  ir_receiver.o [1]
IR_Receiver_Init        0x008e6c   0x8b  Code  Gb  ir_receiver.o [1]
IR_Receiver_Task        0x009bc5   0x1a  Code  Gb  ir_receiver.o [1]
IR_Transmitter_GetMode  0x009dca    0x4  Code  Gb  ir_transmitter.o [1]
IR_Transmitter_Init     0x009963   0x29  Code  Gb  ir_transmitter.o [1]
IR_Transmitter_Task     0x009744   0x38  Code  Gb  ir_transmitter.o [1]
IR_Transmitter_Task{1}{2}{3}{5}::counter
                        0x000079    0x1  Data  Lc  ir_transmitter.o [1]
ITC_DeInit              0x009b1c   0x21  Code  Gb  stm8s_itc.o [1]
ITC_GetCPUCC            0x009de5    0x3  Code  Gb  stm8s_itc.o [1]
ITC_GetSoftIntStatus    0x009db6    0x6  Code  Gb  stm8s_itc.o [1]
ITC_SetSoftwarePriority
                        0x008619  0x14a  Code  Gb  stm8s_itc.o [1]
Interrupt_Init          0x009d71    0xb  Code  Gb  main.o [1]
Led_Control_Cmd         0x0099dd   0x26  Code  Gb  led_controller.o [1]
Led_Control_GetMode     0x009dce    0x4  Code  Gb  led_controller.o [1]
Led_Control_Immediate   0x009ada   0x21  Code  Gb  led_controller.o [1]
Led_Control_Init        0x0097e8   0x34  Code  Gb  led_controller.o [1]
Led_Control_Task        0x009afb   0x21  Code  Gb  led_controller.o [1]
Node_Inter_Conn_Init    0x009c97   0x17  Code  Gb  nodeinterconn.o [1]
Node_Inter_Conn_Task    0x009d3e    0xe  Code  Gb  nodeinterconn.o [1]
Node_State_GetOutputState
                        0x009dd2    0x4  Code  Gb  nodestatemanager.o [1]
Node_State_Manager_Init
                        0x009d59    0xc  Code  Gb  nodestatemanager.o [1]
Node_State_Manager_Task
                        0x009a03   0x25  Code  Gb  nodestatemanager.o [1]
Node_State_SetInputState
                        0x009dda    0x4  Code  Gb  nodestatemanager.o [1]
Node_State_SetOutputState
                        0x009dd6    0x4  Code  Gb  nodestatemanager.o [1]
RC                      0x00004f    0x4  Data  Gb  ir_receiver.o [1]
RC_h                    0x00005b    0x4  Data  Gb  ir_receiver.o [1]
Region$$Table$$Base     0x009b3d          --   Gb  - Linker created -
Region$$Table$$Limit    0x009b4f          --   Gb  - Linker created -
SPI_IRQHandler          0x009dff    0x1  Code  Gb  stm8s_it.o [1]
System_Init             0x009b4f   0x1e  Code  Gb  main.o [1]
TIM1_CAP_COM_IRQHandler
                        0x009e00    0x1  Code  Gb  stm8s_it.o [1]
TIM1_ClearFlag          0x0097b3   0x35  Code  Gb  stm8s_tim1.o [1]
TIM1_Cmd                0x00984f   0x2f  Code  Gb  stm8s_tim1.o [1]
TIM1_GetITStatus        0x009220   0x6c  Code  Gb  stm8s_tim1.o [1]
TIM1_ITConfig           0x00949d   0x4c  Code  Gb  stm8s_tim1.o [1]
TIM1_TimeBaseInit       0x0092ed   0x60  Code  Gb  stm8s_tim1.o [1]
TIM1_UPD_OVF_TRG_BRK_IRQHandler
                        0x009a71   0x24  Code  Gb  stm8s_it.o [1]
TIM2_ARRPreloadConfig   0x0098ad   0x2f  Code  Gb  stm8s_tim2.o [1]
TIM2_CAP_COM_IRQHandler
                        0x009e02    0x1  Code  Gb  stm8s_it.o [1]
TIM2_Cmd                0x00987e   0x2f  Code  Gb  stm8s_tim2.o [1]
TIM2_OC1Init            0x008c84   0xac  Code  Gb  stm8s_tim2.o [1]
TIM2_OC1PreloadConfig   0x0098dc   0x2f  Code  Gb  stm8s_tim2.o [1]
TIM2_OC3Init            0x008d30   0xac  Code  Gb  stm8s_tim2.o [1]
TIM2_OC3PreloadConfig   0x00990b   0x2f  Code  Gb  stm8s_tim2.o [1]
TIM2_SetCompare1        0x009d90    0x9  Code  Gb  stm8s_tim2.o [1]
TIM2_TimeBaseInit       0x009cff   0x10  Code  Gb  stm8s_tim2.o [1]
TIM2_UPD_OVF_BRK_IRQHandler
                        0x009e01    0x1  Code  Gb  stm8s_it.o [1]
TIM4_UPD_OVF_IRQHandler
                        0x009e07    0x1  Code  Gb  stm8s_it.o [1]
TLI_IRQHandler          0x009df7    0x1  Code  Gb  stm8s_it.o [1]
TRAP_IRQHandler         0x009df6    0x1  Code  Gb  stm8s_it.o [1]
Task_Init               0x00981c   0x33  Code  Gb  main.o [1]
Task_Manager_AddTask    0x009d0f   0x10  Code  Gb  TaskManager.o [1]
Task_Manager_PerformTask
                        0x009a95   0x23  Code  Gb  TaskManager.o [1]
Timer_Connter_Init_Timer
                        0x009b8b   0x1d  Code  Gb  timer_counter.o [1]
Timer_Counter_GetCounter
                        0x009daf    0x7  Code  Gb  timer_counter.o [1]
Timer_Counter_IncreaseCounter
                        0x009d1f   0x10  Code  Gb  timer_counter.o [1]
Timer_Counter_Init      0x009d65    0xc  Code  Gb  timer_counter.o [1]
Timer_PWM_IR_Transmitter_Init
                        0x009709   0x3b  Code  Gb  timer_pwm.o [1]
Timer_PWM_Init          0x00960d   0x41  Code  Gb  timer_pwm.o [1]
Timer_PWM_SetChangePeriod
                        0x009ba8   0x1d  Code  Gb  timer_pwm.o [1]
Timer_PWM_Start         0x009dde    0x4  Code  Gb  timer_pwm.o [1]
Timer_PWM_Update_Period
                        0x008bd7   0xad  Code  Gb  timer_pwm.o [1]
UART1_RX_IRQHandler     0x009e04    0x1  Code  Gb  stm8s_it.o [1]
UART1_TX_IRQHandler     0x009e03    0x1  Code  Gb  stm8s_it.o [1]
__exit                  0x009df4    0x2  Code  Gb  xxexit.o [3]
__iar_copy_init2        0x0099b5         Code  Gb  init_small.o [4]
__iar_data_init2        0x009cd8   0x14  Code  Gb  init.o [4]
__iar_program_start     0x009cec         Code  Gb  cstartup.o [4]
__iar_unhandled_exception
                        0x009df1         Code  Gb  unhandled_exception.o [4]
__iar_zero_init2        0x009b6d         Code  Gb  init_small.o [4]
__intvec                0x008000         Data  Gb  interrupt.o [4]
__low_level_init        0x009deb    0x3  Code  Gb  low_level_init.o [4]
_exit                   0x009dc1         Code  Gb  cexit.o [4]
_interrupt_1            0x009df6         Code  Gb  stm8s_it.o [1]
_interrupt_12           0x009dff         Code  Gb  stm8s_it.o [1]
_interrupt_13           0x009a71         Code  Gb  stm8s_it.o [1]
_interrupt_14           0x009e00         Code  Gb  stm8s_it.o [1]
_interrupt_15           0x009e01         Code  Gb  stm8s_it.o [1]
_interrupt_16           0x009e02         Code  Gb  stm8s_it.o [1]
_interrupt_19           0x009e03         Code  Gb  stm8s_it.o [1]
_interrupt_2            0x009df7         Code  Gb  stm8s_it.o [1]
_interrupt_20           0x009e04         Code  Gb  stm8s_it.o [1]
_interrupt_21           0x009e05         Code  Gb  stm8s_it.o [1]
_interrupt_24           0x009e06         Code  Gb  stm8s_it.o [1]
_interrupt_25           0x009e07         Code  Gb  stm8s_it.o [1]
_interrupt_26           0x009e08         Code  Gb  stm8s_it.o [1]
_interrupt_3            0x009df8         Code  Gb  stm8s_it.o [1]
_interrupt_4            0x009df9         Code  Gb  stm8s_it.o [1]
_interrupt_5            0x009dfa         Code  Gb  stm8s_it.o [1]
_interrupt_6            0x009dfb         Code  Gb  stm8s_it.o [1]
_interrupt_7            0x009dfc         Code  Gb  stm8s_it.o [1]
_interrupt_8            0x009dfd         Code  Gb  stm8s_it.o [1]
_interrupt_9            0x009dfe         Code  Gb  stm8s_it.o [1]
active_period           0x000016    0x4  Data  Gb  timer_pwm.o [1]
alpha                   0x000057    0x4  Data  Gb  ir_receiver.o [1]
assert_failed           0x00964e   0x40  Code  Gb  main.o [1]
assert_failed::counter  0x00005f    0x4  Data  Lc  main.o [1]
change_factor           0x000067    0x4  Data  Gb  timer_pwm.o [1]
detected_time_stamp     0x000047    0x4  Data  Gb  ir_receiver.o [1]
detecting_pulse         0x0094e9   0x4b  Code  Gb  ir_receiver.o [1]
detecting_pulse::direction
                        0x000077    0x1  Data  Lc  ir_receiver.o [1]
detecting_pulse::previous_v
                        0x000073    0x2  Data  Lc  ir_receiver.o [1]
dt                      0x000053    0x4  Data  Gb  ir_receiver.o [1]
exit                    0x009dee    0x3  Code  Gb  exit.o [4]
get_input_state         0x009cae   0x16  Code  Gb  nodeinterconn.o [1]
gpio_state              0x00007d    0x1  Data  Gb  timer_pwm.o [1]
highpass_filter         0x00993a   0x29  Code  Gb  ir_receiver.o [1]
highpass_filter::previous_x
                        0x00006f    0x2  Data  Lc  ir_receiver.o [1]
highpass_filter::previous_y
                        0x000071    0x2  Data  Lc  ir_receiver.o [1]
is_configured           0x00007e    0x1  Data  Gb  timer_pwm.o [1]
lowpass_filter          0x00957e   0x48  Code  Gb  ir_receiver.o [1]
lowpass_filter::filtered_value
                        0x00006d    0x2  Data  Lc  ir_receiver.o [1]
main                    0x009450   0x4d  Code  Gb  main.o [1]
make_decision           0x00928c   0x61  Code  Gb  ir_receiver.o [1]
max_active_period       0x000012    0x4  Data  Gb  timer_pwm.o [1]
node_state              0x000075    0x2  Data  Gb  nodestatemanager.o [1]
output_mode             0x000011    0x1  Data  Gb  nodestatemanager.o [1]
pre_digital_input_state
                        0x00007b    0x1  Data  Gb  nodeinterconn.o [1]
process_digital_input   0x00998c   0x29  Code  Gb  nodeinterconn.o [1]
process_ditital_output  0x009a4d   0x24  Code  Gb  nodeinterconn.o [1]
process_ir_signal       0x008b1e   0xb9  Code  Gb  ir_receiver.o [1]
process_ir_signal::stable_marker
                        0x00006b    0x2  Data  Lc  ir_receiver.o [1]
running_mode            0x000078    0x1  Data  Gb  ir_transmitter.o [1]
running_mode            0x00007a    0x1  Data  Lc  led_controller.o [1]
signal_state            0x000042    0x5  Data  Gb  ir_receiver.o [1]
task_Index              0x00007c    0x1  Data  Gb  TaskManager.o [1]
tasks                   0x00001a   0x28  Data  Gb  TaskManager.o [1]
time_prescaler          0x000010    0x1  Data  Gb  ir_transmitter.o [1]
timer_counter           0x00004b    0x4  Data  Gb  ir_receiver.o [1]
timer_counter           0x000063    0x4  Data  Lc  timer_counter.o [1]
update_duty_cycle       0x009cc4   0x14  Code  Gb  timer_pwm.o [1]
update_led_indicator    0x009ab8   0x22  Code  Gb  led_controller.o [1]
update_output           0x00968e   0x3e  Code  Gb  nodestatemanager.o [1]


[1] = D:\DATA\03-DuAn\01-LedProject\LedController\02-Software\STM8S003\LedInterMaster\Release\Obj
[2] = command line
[3] = dbgstm8smn.a
[4] = dlstm8smn.a

  6 863 bytes of readonly  code memory
    826 bytes of readonly  data memory
    383 bytes of readwrite data memory

Errors: none
Warnings: none
