###############################################################################
#
# IAR ELF Linker V3.10.1.201 for STM8                     19/Jan/2019  13:42:41
# Copyright 2010-2017 IAR Systems AB.
#
#    Output file  =  
#        E:\DATA\03-DuAn\02-LedController\LedController\02-Software\RS485Slave\Release\Exe\RS485Slave.out
#    Map file     =  
#        E:\DATA\03-DuAn\02-LedController\LedController\02-Software\RS485Slave\Release\List\RS485Slave.map
#    Command line =  
#        -f C:\Users\PM-HUN~1\AppData\Local\Temp\EW6496.tmp
#        (E:\DATA\03-DuAn\02-LedController\LedController\02-Software\RS485Slave\Release\Obj\commands.o
#        E:\DATA\03-DuAn\02-LedController\LedController\02-Software\RS485Slave\Release\Obj\gpio_util.o
#        E:\DATA\03-DuAn\02-LedController\LedController\02-Software\RS485Slave\Release\Obj\ir_receiver.o
#        E:\DATA\03-DuAn\02-LedController\LedController\02-Software\RS485Slave\Release\Obj\ir_transmitter.o
#        E:\DATA\03-DuAn\02-LedController\LedController\02-Software\RS485Slave\Release\Obj\led_controller.o
#        E:\DATA\03-DuAn\02-LedController\LedController\02-Software\RS485Slave\Release\Obj\main.o
#        E:\DATA\03-DuAn\02-LedController\LedController\02-Software\RS485Slave\Release\Obj\nodecontrol.o
#        E:\DATA\03-DuAn\02-LedController\LedController\02-Software\RS485Slave\Release\Obj\nodestatemanager.o
#        E:\DATA\03-DuAn\02-LedController\LedController\02-Software\RS485Slave\Release\Obj\stm8s_adc1.o
#        E:\DATA\03-DuAn\02-LedController\LedController\02-Software\RS485Slave\Release\Obj\stm8s_clk.o
#        E:\DATA\03-DuAn\02-LedController\LedController\02-Software\RS485Slave\Release\Obj\stm8s_gpio.o
#        E:\DATA\03-DuAn\02-LedController\LedController\02-Software\RS485Slave\Release\Obj\stm8s_it.o
#        E:\DATA\03-DuAn\02-LedController\LedController\02-Software\RS485Slave\Release\Obj\stm8s_itc.o
#        E:\DATA\03-DuAn\02-LedController\LedController\02-Software\RS485Slave\Release\Obj\stm8s_tim1.o
#        E:\DATA\03-DuAn\02-LedController\LedController\02-Software\RS485Slave\Release\Obj\stm8s_tim2.o
#        E:\DATA\03-DuAn\02-LedController\LedController\02-Software\RS485Slave\Release\Obj\stm8s_uart1.o
#        E:\DATA\03-DuAn\02-LedController\LedController\02-Software\RS485Slave\Release\Obj\TaskManager.o
#        E:\DATA\03-DuAn\02-LedController\LedController\02-Software\RS485Slave\Release\Obj\timer_counter.o
#        E:\DATA\03-DuAn\02-LedController\LedController\02-Software\RS485Slave\Release\Obj\timer_pwm.o
#        E:\DATA\03-DuAn\02-LedController\LedController\02-Software\RS485Slave\Release\Obj\transport.o
#        --redirect _Printf=_PrintfFullNoMb --redirect _Scanf=_ScanfFullNoMb -o
#        E:\DATA\03-DuAn\02-LedController\LedController\02-Software\RS485Slave\Release\Exe\RS485Slave.out
#        --map
#        E:\DATA\03-DuAn\02-LedController\LedController\02-Software\RS485Slave\Release\List\RS485Slave.map
#        --config "C:\Program Files (x86)\IAR Systems\Embedded Workbench
#        8.0\stm8\config\lnkstm8s003f3.icf" --config_def _CSTACK_SIZE=0x100
#        --config_def _HEAP_SIZE=0x100 --entry __iar_program_start)
#
###############################################################################

*******************************************************************************
*** RUNTIME MODEL ATTRIBUTES
***

__SystemLibrary            = DLib
__code_model               = small
__core                     = stm8
__data_model               = medium
__dlib_file_descriptor     = 0
__dlib_full_locale_support = 0
__rt_version               = 4


*******************************************************************************
*** PLACEMENT SUMMARY
***

"A0":  place at start of [0x000000-0x0000ff] { rw section .vregs };
"A1":  place at end of [0x000000-0x0003ff] { block CSTACK };
"P2":  place in [from 0x000000 to 0x0003ff] {
          block HEAP, rw section __DLIB_PERTHREAD, rw section .far.bss,
          rw section .far.data, rw section .far.noinit,
          rw section .far_func.textrw, rw section .huge.bss,
          rw section .huge.data, rw section .huge.noinit,
          rw section .huge_func.textrw, rw section .iar.dynexit,
          rw section .near.bss, rw section .near.data, rw section .near.noinit,
          rw section .near_func.textrw };
"A2":  place at start of [0x008000-0x009fff] { block INTVEC };
"P3":  place in [from 0x008000 to 0x009fff] {
          ro section __DLIB_PERTHREAD_init, ro section .far.data_init,
          ro section .far_func.textrw_init, ro section .huge.data_init,
          ro section .huge_func.textrw_init, ro section .iar.init_table,
          ro section .init_array, ro section .near.data_init,
          ro section .near.rodata, ro section .near_func.text,
          ro section .near_func.textrw_init, ro section .tiny.data_init,
          ro section .tiny.rodata_init };
"P4":  place in [from 0x008000 to 0x009fff] {
          ro section .far.rodata, ro section .far_func.text };
"P5":  place in [from 0x008000 to 0x009fff] {
          ro section .huge.rodata, ro section .huge_func.text };
do not initialize {
   rw section .eeprom.noinit, rw section .far.noinit, rw section .huge.noinit,
   rw section .near.noinit, rw section .tiny.noinit, rw section .vregs };
initialize by copy {
   rw section .far.bss, rw section .far.data, rw section .far_func.textrw,
   rw section .huge.bss, rw section .huge.data, rw section .huge_func.textrw,
   rw section .iar.dynexit, rw section .near.bss, rw section .near.data,
   rw section .near_func.textrw, rw section .tiny.bss, rw section .tiny.data,
   ro section .tiny.rodata };

  Section            Kind      Address    Size  Object
  -------            ----      -------    ----  ------
"A0":                                     0x10
  .vregs             uninit   0x000000    0x10  vregs.o [4]
                            - 0x000010    0x10

"P2", part 1 of 2:                         0x5
  P2-1                        0x000010     0x5  <Init block>
    .near.data       inited   0x000010     0x1  ir_transmitter.o [1]
    .near.data       inited   0x000011     0x4  timer_pwm.o [1]
                            - 0x000015     0x5

"P2", part 2 of 2:                       0x1c4
  .near.bss          zero     0x000015   0x100  transport.o [1]
  .near.bss          zero     0x000115    0x40  transport.o [1]
  .near.bss          zero     0x000155    0x28  TaskManager.o [1]
  .near.bss          zero     0x00017d    0x14  commands.o [1]
  .near.bss          zero     0x000191     0x5  ir_receiver.o [1]
  .near.bss          zero     0x000196     0x4  ir_receiver.o [1]
  .near.bss          zero     0x00019a     0x4  ir_receiver.o [1]
  .near.bss          zero     0x00019e     0x4  ir_receiver.o [1]
  .near.bss          zero     0x0001a2     0x4  ir_receiver.o [1]
  .near.bss          zero     0x0001a6     0x4  ir_receiver.o [1]
  .near.bss          zero     0x0001aa     0x4  ir_receiver.o [1]
  .near.bss          zero     0x0001ae     0x4  main.o [1]
  .near.bss          zero     0x0001b2     0x4  timer_counter.o [1]
  .near.bss          zero     0x0001b6     0x4  timer_pwm.o [1]
  .near.bss          zero     0x0001ba     0x2  ir_receiver.o [1]
  .near.bss          zero     0x0001bc     0x2  ir_receiver.o [1]
  .near.bss          zero     0x0001be     0x2  ir_receiver.o [1]
  .near.bss          zero     0x0001c0     0x2  ir_receiver.o [1]
  .near.bss          zero     0x0001c2     0x2  ir_receiver.o [1]
  .near.bss          zero     0x0001c4     0x2  nodestatemanager.o [1]
  .near.bss          zero     0x0001c6     0x2  transport.o [1]
  .near.bss          zero     0x0001c8     0x2  transport.o [1]
  .near.bss          zero     0x0001ca     0x2  transport.o [1]
  .near.bss          zero     0x0001cc     0x1  commands.o [1]
  .near.bss          zero     0x0001cd     0x1  commands.o [1]
  .near.bss          zero     0x0001ce     0x1  commands.o [1]
  .near.bss          zero     0x0001cf     0x1  ir_receiver.o [1]
  .near.bss          zero     0x0001d0     0x1  ir_transmitter.o [1]
  .near.bss          zero     0x0001d1     0x1  ir_transmitter.o [1]
  .near.bss          zero     0x0001d2     0x1  led_controller.o [1]
  .near.bss          zero     0x0001d3     0x1  TaskManager.o [1]
  .near.bss          zero     0x0001d4     0x1  timer_pwm.o [1]
  .near.bss          zero     0x0001d5     0x1  timer_pwm.o [1]
  .near.bss          zero     0x0001d6     0x1  transport.o [1]
  .near.bss          zero     0x0001d7     0x1  transport.o [1]
  .near.bss          zero     0x0001d8     0x1  transport.o [1]
                            - 0x0001d9   0x1c4

"A1":                                    0x100
  CSTACK                      0x000300   0x100  <Block>
    CSTACK           uninit   0x000300   0x100  <Block tail>
                            - 0x000400   0x100

"A2":                                     0x80
  INTVEC                      0x008000    0x80  <Block>
    .intvec          const    0x008000    0x80  interrupt.o [4]
                            - 0x008080    0x80

"P3-P5":                                0x1b96
  .near_func.text    ro code  0x008080   0x351  float.o [4]
  .near_func.text    ro code  0x0083d1   0x1c5  ir_receiver.o [1]
  .near_func.text    ro code  0x008596   0x1b7  stm8s_uart1.o [1]
  .near_func.text    ro code  0x00874d   0x176  long.o [4]
  .near_func.text    ro code  0x0088c3   0x124  stm8s_adc1.o [1]
  .near_func.text    ro code  0x0089e7   0x115  stm8s_itc.o [1]
  .near_func.text    ro code  0x008afc   0x105  vreg_util.o [4]
  .near_func.text    ro code  0x008c01    0xb1  stm8s_gpio.o [1]
  .near_func.text    ro code  0x008cb2    0xb0  stm8s_adc1.o [1]
  .near_func.text    ro code  0x008d62    0x95  stm8s_uart1.o [1]
  .near_func.text    ro code  0x008df7    0x8a  stm8s_adc1.o [1]
  .near_func.text    ro code  0x008e81    0x86  stm8s_uart1.o [1]
  .near_func.text    ro code  0x008f07    0x6f  stm8s_tim2.o [1]
  .near_func.text    ro code  0x008f76    0x6f  stm8s_tim2.o [1]
  .near_func.text    ro code  0x008fe5    0x5e  stm8s_clk.o [1]
  .near_func.text    ro code  0x009043    0x53  main.o [1]
  .near_func.text    ro code  0x009096    0x4c  stm8s_tim1.o [1]
  .near_func.text    ro code  0x0090e2    0x4c  stm8s_tim1.o [1]
  .near_func.text    ro code  0x00912e    0x4b  commands.o [1]
  .near_func.text    ro code  0x009179    0x4b  nodecontrol.o [1]
  .near_func.text    ro code  0x0091c4    0x47  transport.o [1]
  .near_func.text    ro code  0x00920b    0x47  long_util.o [4]
  .near_func.text    ro code  0x009252    0x3f  stm8s_adc1.o [1]
  .near_func.text    ro code  0x009291    0x3d  stm8s_adc1.o [1]
  .near_func.text    ro code  0x0092ce    0x3d  timer_pwm.o [1]
  .near_func.text    ro code  0x00930b    0x3b  stm8s_clk.o [1]
  .near_func.text    ro code  0x009346    0x39  stm8s_adc1.o [1]
  .near_func.text    ro code  0x00937f    0x37  main.o [1]
  .near_func.text    ro code  0x0093b6    0x37  timer_pwm.o [1]
  .near_func.text    ro code  0x0093ed    0x36  commands.o [1]
  .near_func.text    ro code  0x009423    0x34  commands.o [1]
  .near_func.text    ro code  0x009457    0x32  stm8s_it.o [1]
  .near_func.text    ro code  0x009489    0x31  stm8s_tim1.o [1]
  .near_func.text    ro code  0x0094ba    0x31  transport.o [1]
  .near_func.text    ro code  0x0094eb    0x30  transport.o [1]
  .near_func.text    ro code  0x00951b    0x2d  ir_transmitter.o [1]
  .near_func.text    ro code  0x009548    0x2b  gpio_util.o [1]
  .near_func.text    ro code  0x009573    0x2b  stm8s_uart1.o [1]
  .near_func.text    ro code  0x00959e    0x2a  main.o [1]
  .near_func.text    ro code  0x0095c8    0x29  stm8s_tim1.o [1]
  .near_func.text    ro code  0x0095f1    0x28  stm8s_clk.o [1]
  .near_func.text    ro code  0x009619    0x28  init_small.o [4]
  .near_func.text    ro code  0x009641    0x27  led_controller.o [1]
  .near_func.text    ro code  0x009668    0x27  transport.o [1]
  .near_func.text    ro code  0x00968f    0x26  ir_transmitter.o [1]
  .near_func.text    ro code  0x0096b5    0x25  main.o [1]
  .near_func.text    ro code  0x0096da    0x25  transport.o [1]
  .near_func.text    ro code  0x0096ff    0x25  dc_util.o [4]
  .near_func.text    ro code  0x009724    0x22  timer_pwm.o [1]
  .near_func.text    ro code  0x009746    0x21  stm8s_itc.o [1]
  .iar.init_table    const    0x009767    0x12  - Linker created -
  .near_func.text    ro code  0x009779    0x20  led_controller.o [1]
  .near_func.text    ro code  0x009799    0x20  stm8s_it.o [1]
  .near_func.text    ro code  0x0097b9    0x20  TaskManager.o [1]
  .near_func.text    ro code  0x0097d9    0x1f  stm8s_it.o [1]
  .near_func.text    ro code  0x0097f8    0x1f  move.o [4]
  .near_func.text    ro code  0x009817    0x1e  commands.o [1]
  .near_func.text    ro code  0x009835    0x1e  init_small.o [4]
  .near_func.text    ro code  0x009853    0x1d  nodecontrol.o [1]
  .near_func.text    ro code  0x009870    0x1d  timer_counter.o [1]
  .near_func.text    ro code  0x00988d    0x16  stm8s_tim1.o [1]
  .near_func.text    ro code  0x0098a3    0x16  stm8s_tim2.o [1]
  .near_func.text    ro code  0x0098b9    0x16  stm8s_tim2.o [1]
  .near_func.text    ro code  0x0098cf    0x16  stm8s_tim2.o [1]
  .near_func.text    ro code  0x0098e5    0x16  stm8s_tim2.o [1]
  .near_func.text    ro code  0x0098fb    0x14  short.o [4]
  .near_func.text    ro code  0x00990f    0x14  init.o [4]
  .near_func.text    ro code  0x009923    0x13  cstartup.o [4]
  .near_func.text    ro code  0x009936    0x12  nodestatemanager.o [1]
  .near_func.text    ro code  0x009948    0x12  timer_pwm.o [1]
  .near_func.text    ro code  0x00995a    0x12  transport.o [1]
  .near_func.text    ro code  0x00996c    0x11  main.o [1]
  .near_func.text    ro code  0x00997d    0x10  TaskManager.o [1]
  .near_func.text    ro code  0x00998d    0x10  transport.o [1]
  .near_func.text    ro code  0x00999d     0xf  stm8s_itc.o [1]
  .near_func.text    ro code  0x0099ac     0xf  stm8s_tim2.o [1]
  .near_func.text    ro code  0x0099bb     0xf  timer_counter.o [1]
  .near.rodata       const    0x0099ca     0xe  stm8s_uart1.o [1]
  .near_func.text    ro code  0x0099d8     0xe  transport.o [1]
  .near.rodata       const    0x0099e6     0xd  stm8s_adc1.o [1]
  .near.rodata       const    0x0099f3     0xd  stm8s_gpio.o [1]
  .near.rodata       const    0x009a00     0xd  stm8s_tim1.o [1]
  .near.rodata       const    0x009a0d     0xd  stm8s_tim2.o [1]
  .near_func.text    ro code  0x009a1a     0xd  stm8s_tim2.o [1]
  .near.rodata       const    0x009a27     0xc  stm8s_clk.o [1]
  .near.rodata       const    0x009a33     0xc  stm8s_itc.o [1]
  .near_func.text    ro code  0x009a3f     0xc  timer_pwm.o [1]
  .near_func.text    ro code  0x009a4b     0xb  stm8s_adc1.o [1]
  .near_func.text    ro code  0x009a56     0xb  stm8s_clk.o [1]
  .near_func.text    ro code  0x009a61     0xb  stm8s_gpio.o [1]
  .near_func.text    ro code  0x009a6c     0xb  stm8s_itc.o [1]
  .near_func.text    ro code  0x009a77     0xb  stm8s_tim1.o [1]
  .near_func.text    ro code  0x009a82     0xb  stm8s_tim2.o [1]
  .near_func.text    ro code  0x009a8d     0xb  stm8s_tim2.o [1]
  .near_func.text    ro code  0x009a98     0xb  stm8s_tim2.o [1]
  .near_func.text    ro code  0x009aa3     0xb  stm8s_uart1.o [1]
  .near_func.text    ro code  0x009aae     0xb  timer_counter.o [1]
  .near_func.text    ro code  0x009ab9     0xa  main.o [1]
  .near_func.text    ro code  0x009ac3     0xa  timer_pwm.o [1]
  .near_func.text    ro code  0x009acd     0xa  char.o [4]
  .near_func.text    ro code  0x009ad7     0x9  nodestatemanager.o [1]
  .near_func.text    ro code  0x009ae0     0x9  stm8s_adc1.o [1]
  .near_func.text    ro code  0x009ae9     0x9  stm8s_adc1.o [1]
  .near_func.text    ro code  0x009af2     0x9  stm8s_clk.o [1]
  .near_func.text    ro code  0x009afb     0x9  stm8s_tim2.o [1]
  .near_func.text    ro code  0x009b04     0x9  stm8s_tim2.o [1]
  .near_func.text    ro code  0x009b0d     0x9  stm8s_uart1.o [1]
  .near_func.text    ro code  0x009b16     0x8  stm8s_adc1.o [1]
  .near_func.text    ro code  0x009b1e     0x8  stm8s_tim1.o [1]
  .near_func.text    ro code  0x009b26     0x8  stm8s_uart1.o [1]
  .near_func.text    ro code  0x009b2e     0x8  stm8s_uart1.o [1]
  .near_func.text    ro code  0x009b36     0x8  transport.o [1]
  .near_func.text    ro code  0x009b3e     0x8  transport.o [1]
  .near_func.text    ro code  0x009b46     0x7  stm8s_gpio.o [1]
  .near_func.text    ro code  0x009b4d     0x7  stm8s_it.o [1]
  .near_func.text    ro code  0x009b54     0x7  stm8s_tim2.o [1]
  .near_func.text    ro code  0x009b5b     0x7  transport.o [1]
  .near_func.text    ro code  0x009b62     0x6  led_controller.o [1]
  .near_func.text    ro code  0x009b68     0x6  main.o [1]
  .near_func.text    ro code  0x009b6e     0x6  stm8s_tim1.o [1]
  .near_func.text    ro code  0x009b74     0x6  stm8s_uart1.o [1]
  .near_func.text    ro code  0x009b7a     0x6  timer_counter.o [1]
  .near_func.text    ro code  0x009b80     0x6  timer_pwm.o [1]
  .near_func.text    ro code  0x009b86     0x6  transport.o [1]
  .near_func.text    ro code  0x009b8c     0x6  transport.o [1]
  .near_func.text    ro code  0x009b92     0x6  transport.o [1]
  .near_func.text    ro code  0x009b98     0x6  transport.o [1]
  .near_func.text    ro code  0x009b9e     0x5  stm8s_adc1.o [1]
  .near_func.text    ro code  0x009ba3     0x5  stm8s_tim1.o [1]
  .near_func.text    ro code  0x009ba8     0x5  cexit.o [4]
  Initializer bytes  const    0x009bad     0x5  <for P2-1>
  .near.rodata       const    0x009bb2     0x4  stm8s_clk.o [1]
  .near_func.text    ro code  0x009bb6     0x4  ir_receiver.o [1]
  .near_func.text    ro code  0x009bba     0x4  ir_transmitter.o [1]
  .near_func.text    ro code  0x009bbe     0x4  led_controller.o [1]
  .near_func.text    ro code  0x009bc2     0x4  nodestatemanager.o [1]
  .near_func.text    ro code  0x009bc6     0x4  nodestatemanager.o [1]
  .near_func.text    ro code  0x009bca     0x4  nodestatemanager.o [1]
  .near_func.text    ro code  0x009bce     0x4  stm8s_gpio.o [1]
  .near_func.text    ro code  0x009bd2     0x4  stm8s_uart1.o [1]
  .near_func.text    ro code  0x009bd6     0x4  stm8s_uart1.o [1]
  .near_func.text    ro code  0x009bda     0x4  timer_pwm.o [1]
  .near_func.text    ro code  0x009bde     0x4  transport.o [1]
  .near_func.text    ro code  0x009be2     0x3  gpio_util.o [1]
  .near_func.text    ro code  0x009be5     0x3  gpio_util.o [1]
  .near_func.text    ro code  0x009be8     0x3  gpio_util.o [1]
  .near_func.text    ro code  0x009beb     0x3  gpio_util.o [1]
  .near_func.text    ro code  0x009bee     0x3  gpio_util.o [1]
  .near_func.text    ro code  0x009bf1     0x3  stm8s_itc.o [1]
  .near_func.text    ro code  0x009bf4     0x3  interrupt.o [4]
  .near_func.text    ro code  0x009bf7     0x3  low_level_init.o [4]
  .near_func.text    ro code  0x009bfa     0x3  exit.o [4]
  .near_func.text    ro code  0x009bfd     0x3  unhandled_exception.o [4]
  .near_func.text    ro code  0x009c00     0x2  stm8s_gpio.o [1]
  .near_func.text    ro code  0x009c02     0x2  xxexit.o [3]
  .near_func.text    ro code  0x009c04     0x1  nodecontrol.o [1]
  .near_func.text    ro code  0x009c05     0x1  stm8s_it.o [1]
  .near_func.text    ro code  0x009c06     0x1  stm8s_it.o [1]
  .near_func.text    ro code  0x009c07     0x1  stm8s_it.o [1]
  .near_func.text    ro code  0x009c08     0x1  stm8s_it.o [1]
  .near_func.text    ro code  0x009c09     0x1  stm8s_it.o [1]
  .near_func.text    ro code  0x009c0a     0x1  stm8s_it.o [1]
  .near_func.text    ro code  0x009c0b     0x1  stm8s_it.o [1]
  .near_func.text    ro code  0x009c0c     0x1  stm8s_it.o [1]
  .near_func.text    ro code  0x009c0d     0x1  stm8s_it.o [1]
  .near_func.text    ro code  0x009c0e     0x1  stm8s_it.o [1]
  .near_func.text    ro code  0x009c0f     0x1  stm8s_it.o [1]
  .near_func.text    ro code  0x009c10     0x1  stm8s_it.o [1]
  .near_func.text    ro code  0x009c11     0x1  stm8s_it.o [1]
  .near_func.text    ro code  0x009c12     0x1  stm8s_it.o [1]
  .near_func.text    ro code  0x009c13     0x1  stm8s_it.o [1]
  .near_func.text    ro code  0x009c14     0x1  stm8s_it.o [1]
  .near_func.text    ro code  0x009c15     0x1  stm8s_it.o [1]
                            - 0x009c16  0x1b96


*******************************************************************************
*** INIT TABLE
***

          Address   Size
          -------   ----
Zero (__iar_zero_init2)
    1 destination range, total size 0x1c4:
          0x000015  0x1c4

Copy (__iar_copy_init2)
    1 source range, total size 0x5:
          0x009bad    0x5
    1 destination range, total size 0x5:
          0x000010    0x5



*******************************************************************************
*** MODULE SUMMARY
***

    Module                 ro code  ro data  rw data
    ------                 -------  -------  -------
E:\DATA\03-DuAn\02-LedController\LedController\02-Software\RS485Slave\Release\Obj: [1]
    TaskManager.o               48                41
    commands.o                 211                23
    gpio_util.o                 58
    ir_receiver.o              457                40
    ir_transmitter.o            87        1        3
    led_controller.o            81                 1
    main.o                     250                 4
    nodecontrol.o              105
    nodestatemanager.o          39                 2
    stm8s_adc1.o               829       13
    stm8s_clk.o                213       16
    stm8s_gpio.o               201       13
    stm8s_it.o                 137
    stm8s_itc.o                339       12
    stm8s_tim1.o               294       13
    stm8s_tim2.o               396       13
    stm8s_uart1.o              815       14
    timer_counter.o             61                 4
    timer_pwm.o                200        4       10
    transport.o                343               329
    ------------------------------------------------
    Total:                   5 164       99      457

command line: [2]
    ------------------------------------------------
    Total:

dbgstm8smn.a: [3]
    xxexit.o                     2
    ------------------------------------------------
    Total:                       2

dlstm8smn.a: [4]
    cexit.o                      5
    char.o                      10
    cstartup.o                  19
    dc_util.o                   37
    exit.o                       3
    float.o                    849
    init.o                      20
    init_small.o                70
    interrupt.o                  3      128
    long.o                     374
    long_util.o                 71
    low_level_init.o             3
    move.o                      31
    short.o                     20
    unhandled_exception.o        3
    vreg_util.o                261
    vregs.o                                       16
    ------------------------------------------------
    Total:                   1 779      128       16

    Linker created                       18      256
----------------------------------------------------
    Grand Total:             6 945      245      729


*******************************************************************************
*** ENTRY LIST
***

Entry                    Address   Size  Type      Object
-----                    -------   ----  ----      ------
.iar.init_table$$Base   0x009767          --   Gb  - Linker created -
.iar.init_table$$Limit  0x009779          --   Gb  - Linker created -
?add32_l0_l0_0x         0x008765         Code  Gb  long.o [4]
?add32_l0_l0_dl         0x008760         Code  Gb  long.o [4]
?b0                     0x000000         Data  Gb  vregs.o [4]
?b1                     0x000001         Data  Gb  vregs.o [4]
?b10                    0x00000a         Data  Gb  vregs.o [4]
?b11                    0x00000b         Data  Gb  vregs.o [4]
?b12                    0x00000c         Data  Gb  vregs.o [4]
?b13                    0x00000d         Data  Gb  vregs.o [4]
?b14                    0x00000e         Data  Gb  vregs.o [4]
?b15                    0x00000f         Data  Gb  vregs.o [4]
?b2                     0x000002         Data  Gb  vregs.o [4]
?b3                     0x000003         Data  Gb  vregs.o [4]
?b4                     0x000004         Data  Gb  vregs.o [4]
?b5                     0x000005         Data  Gb  vregs.o [4]
?b6                     0x000006         Data  Gb  vregs.o [4]
?b7                     0x000007         Data  Gb  vregs.o [4]
?b8                     0x000008         Data  Gb  vregs.o [4]
?b9                     0x000009         Data  Gb  vregs.o [4]
?dc32_l0                0x0096ff         Code  Gb  dc_util.o [4]
?dc32_l1                0x00970c         Code  Gb  dc_util.o [4]
?dc32_px                0x009719         Code  Gb  dc_util.o [4]
?e0                     0x000001         Data  Gb  vregs.o [4]
?e1                     0x000005         Data  Gb  vregs.o [4]
?e2                     0x000009         Data  Gb  vregs.o [4]
?e3                     0x00000d         Data  Gb  vregs.o [4]
?epilogue_l2            0x008b97         Code  Gb  vreg_util.o [4]
?epilogue_l2_l3         0x008b94         Code  Gb  vreg_util.o [4]
?epilogue_l2_w6         0x008b9b         Code  Gb  vreg_util.o [4]
?epilogue_w4            0x008ba2         Code  Gb  vreg_util.o [4]
?fadd32_l0_l0_0x        0x0080ab         Code  Gb  float.o [4]
?fadd32_l0_l0_l1        0x0080ae         Code  Gb  float.o [4]
?fcastf32u16_l0_x       0x008285         Code  Gb  float.o [4]
?fcasts16f32_x_l0       0x0082a3         Code  Gb  float.o [4]
?fcmpeq32_c_0x_fzero    0x008219         Code  Gb  float.o [4]
?fcmpge32_c_l0_0x       0x008226         Code  Gb  float.o [4]
?fcmpge32_c_l0_dc32     0x008221         Code  Gb  float.o [4]
?fcmplt32_c_l0_0x       0x00822f         Code  Gb  float.o [4]
?fcmplt32_c_l0_dc32     0x00822a         Code  Gb  float.o [4]
?fmul32_l0_l0_0x        0x008181         Code  Gb  float.o [4]
?fmul32_l0_l0_dc32      0x00817c         Code  Gb  float.o [4]
?fmul32_l0_l0_l1        0x008184         Code  Gb  float.o [4]
?fsub32_l0_dc32_l1      0x00809d         Code  Gb  float.o [4]
?fsub32_l0_l0_0x        0x0080a2         Code  Gb  float.o [4]
?fsub32_l0_l0_l1        0x0080a5         Code  Gb  float.o [4]
?inc32_0x_0x            0x008752         Code  Gb  long.o [4]
?inc32_l0_l0            0x00874d         Code  Gb  long.o [4]
?l0                     0x000000         Data  Gb  vregs.o [4]
?l1                     0x000004         Data  Gb  vregs.o [4]
?l2                     0x000008         Data  Gb  vregs.o [4]
?l3                     0x00000c         Data  Gb  vregs.o [4]
?load32_0x_l0           0x009244         Code  Gb  long_util.o [4]
?load32_asp_l0          0x009238         Code  Gb  long_util.o [4]
?load32_dbsp_l0         0x009233         Code  Gb  long_util.o [4]
?load32_l0_0x           0x00921b         Code  Gb  long_util.o [4]
?load32_l0_asp          0x009210         Code  Gb  long_util.o [4]
?load32_l0_dbsp         0x00920b         Code  Gb  long_util.o [4]
?load32_l0_xsp          0x009212         Code  Gb  long_util.o [4]
?load32_l1_0x           0x009227         Code  Gb  long_util.o [4]
?load32_xsp_l0          0x00923a         Code  Gb  long_util.o [4]
?longfarg16_v_w0_a      0x009805         Code  Gb  move.o [4]
?longfarg16_v_w0_x      0x009807         Code  Gb  move.o [4]
?mov_e0_e1              0x008ba9         Code  Gb  vreg_util.o [4]
?mov_e0_e2              0x008bb6         Code  Gb  vreg_util.o [4]
?mov_e0_e3              0x008bc3         Code  Gb  vreg_util.o [4]
?mov_e1_e2              0x008bd0         Code  Gb  vreg_util.o [4]
?mov_e1_e3              0x008bdd         Code  Gb  vreg_util.o [4]
?mov_e2_e0              0x008bea         Code  Gb  vreg_util.o [4]
?mov_e3_e0              0x008bf7         Code  Gb  vreg_util.o [4]
?mov_l0_l1              0x008ba6         Code  Gb  vreg_util.o [4]
?mov_l0_l2              0x008bb3         Code  Gb  vreg_util.o [4]
?mov_l0_l3              0x008bc0         Code  Gb  vreg_util.o [4]
?mov_l1_l2              0x008bcd         Code  Gb  vreg_util.o [4]
?mov_l1_l3              0x008bda         Code  Gb  vreg_util.o [4]
?mov_l2_l0              0x008be7         Code  Gb  vreg_util.o [4]
?mov_l3_l0              0x008bf4         Code  Gb  vreg_util.o [4]
?mov_w1_w3              0x008bac         Code  Gb  vreg_util.o [4]
?mov_w1_w5              0x008bb9         Code  Gb  vreg_util.o [4]
?mov_w1_w7              0x008bc6         Code  Gb  vreg_util.o [4]
?mov_w3_w5              0x008bd3         Code  Gb  vreg_util.o [4]
?mov_w3_w7              0x008be0         Code  Gb  vreg_util.o [4]
?mov_w5_w1              0x008bed         Code  Gb  vreg_util.o [4]
?mov_w7_w1              0x008bfa         Code  Gb  vreg_util.o [4]
?move1616_v_x_y_a       0x0097f8         Code  Gb  move.o [4]
?mul32_l0_l0_0x         0x00879b         Code  Gb  long.o [4]
?mul32_l0_l0_dl         0x008798         Code  Gb  long.o [4]
?mul32_l0_l0_l1         0x0087a4         Code  Gb  long.o [4]
?pop_l0                 0x008b60         Code  Gb  vreg_util.o [4]
?pop_l1                 0x008b6b         Code  Gb  vreg_util.o [4]
?pop_l2                 0x008b76         Code  Gb  vreg_util.o [4]
?pop_l3                 0x008b81         Code  Gb  vreg_util.o [4]
?pop_w4                 0x008b19         Code  Gb  vreg_util.o [4]
?pop_w6                 0x008b20         Code  Gb  vreg_util.o [4]
?push_l0                0x008b2f         Code  Gb  vreg_util.o [4]
?push_l1                0x008b34         Code  Gb  vreg_util.o [4]
?push_l2                0x008b39         Code  Gb  vreg_util.o [4]
?push_l3                0x008b3e         Code  Gb  vreg_util.o [4]
?push_w4                0x008afc         Code  Gb  vreg_util.o [4]
?push_w6                0x008b01         Code  Gb  vreg_util.o [4]
?sll16_x_x_4            0x009905         Code  Gb  short.o [4]
?sll16_x_x_5            0x009904         Code  Gb  short.o [4]
?sll16_x_x_6            0x009903         Code  Gb  short.o [4]
?sll16_x_x_a            0x0098fb         Code  Gb  short.o [4]
?sll32_0x_0x_a          0x0088b5         Code  Gb  long.o [4]
?sll32_l0_l0_a          0x0088b2         Code  Gb  long.o [4]
?sll8_a_a_b0            0x009acd         Code  Gb  char.o [4]
?srl16_x_x_4            0x00990a         Code  Gb  short.o [4]
?sub32_l0_l0_0x         0x008780         Code  Gb  long.o [4]
?sub32_l0_l0_l1         0x00877d         Code  Gb  long.o [4]
?ucmp32_c_l0_0x         0x008897         Code  Gb  long.o [4]
?ucmp32_c_l0_l1         0x0088a7         Code  Gb  long.o [4]
?udiv32_l0_dl_l1        0x008822         Code  Gb  long.o [4]
?udiv32_l0_l0_dl        0x008827         Code  Gb  long.o [4]
?udiv32_l0_l0_l1        0x00882a         Code  Gb  long.o [4]
?umod32_l1_l0_l1        0x00882a         Code  Gb  long.o [4]
?w0                     0x000000         Data  Gb  vregs.o [4]
?w1                     0x000002         Data  Gb  vregs.o [4]
?w2                     0x000004         Data  Gb  vregs.o [4]
?w3                     0x000006         Data  Gb  vregs.o [4]
?w4                     0x000008         Data  Gb  vregs.o [4]
?w5                     0x00000a         Data  Gb  vregs.o [4]
?w6                     0x00000c         Data  Gb  vregs.o [4]
?w7                     0x00000e         Data  Gb  vregs.o [4]
ADC1_ConversionConfig   0x008df7   0x8a  Code  Gb  stm8s_adc1.o [1]
ADC1_ExternalTriggerConfig
                        0x009252   0x3f  Code  Gb  stm8s_adc1.o [1]
ADC1_GetConversionValue
                        0x009346   0x39  Code  Gb  stm8s_adc1.o [1]
ADC1_IRQHandler         0x009c13    0x1  Code  Gb  stm8s_it.o [1]
ADC1_Init               0x0088c3  0x124  Code  Gb  stm8s_adc1.o [1]
ADC1_PrescalerConfig    0x009291   0x3d  Code  Gb  stm8s_adc1.o [1]
ADC1_SchmittTriggerConfig
                        0x008cb2   0xb0  Code  Gb  stm8s_adc1.o [1]
ADC1_StartConversion    0x009b9e    0x5  Code  Gb  stm8s_adc1.o [1]
AWU_IRQHandler          0x009c07    0x1  Code  Gb  stm8s_it.o [1]
CLK_GetClockFreq        0x00930b   0x3b  Code  Gb  stm8s_clk.o [1]
CLK_HSIPrescalerConfig  0x0095f1   0x28  Code  Gb  stm8s_clk.o [1]
CLK_IRQHandler          0x009c08    0x1  Code  Gb  stm8s_it.o [1]
CLK_SYSCLKConfig        0x008fe5   0x5e  Code  Gb  stm8s_clk.o [1]
CSTACK$$Base            0x000300          --   Gb  - Linker created -
CSTACK$$Limit           0x000400          --   Gb  - Linker created -
Command_PopCommand      0x009423   0x34  Code  Gb  commands.o [1]
Command_SendCommand     0x009817   0x1e  Code  Gb  commands.o [1]
Command_Task            0x00912e   0x4b  Code  Gb  commands.o [1]
EEPROM_EEC_IRQHandler   0x009c15    0x1  Code  Gb  stm8s_it.o [1]
EXTI_PORTA_IRQHandler   0x009c09    0x1  Code  Gb  stm8s_it.o [1]
EXTI_PORTB_IRQHandler   0x009c0a    0x1  Code  Gb  stm8s_it.o [1]
EXTI_PORTC_IRQHandler   0x009c0b    0x1  Code  Gb  stm8s_it.o [1]
EXTI_PORTD_IRQHandler   0x009c0c    0x1  Code  Gb  stm8s_it.o [1]
EXTI_PORTE_IRQHandler   0x009c0d    0x1  Code  Gb  stm8s_it.o [1]
GPIO_Init               0x008c01   0xb1  Code  Gb  stm8s_gpio.o [1]
GPIO_ReadOutputData     0x009c00    0x2  Code  Gb  stm8s_gpio.o [1]
GPIO_Util_Init          0x009be2    0x3  Code  Gb  gpio_util.o [1]
GPIO_Util_Toggle        0x009548   0x2b  Code  Gb  gpio_util.o [1]
GPIO_Util_TurnOffLed    0x009bee    0x3  Code  Gb  gpio_util.o [1]
GPIO_Util_TurnOnLed     0x009beb    0x3  Code  Gb  gpio_util.o [1]
GPIO_Util_WriteHigh     0x009be5    0x3  Code  Gb  gpio_util.o [1]
GPIO_Util_WriteLow      0x009be8    0x3  Code  Gb  gpio_util.o [1]
GPIO_WriteHigh          0x009b46    0x7  Code  Gb  stm8s_gpio.o [1]
GPIO_WriteLow           0x009bce    0x4  Code  Gb  stm8s_gpio.o [1]
HSIDivFactor            0x009bb2    0x4  Data  Gb  stm8s_clk.o [1]
I2C_IRQHandler          0x009c12    0x1  Code  Gb  stm8s_it.o [1]
INTVEC$$Base            0x008000          --   Gb  - Linker created -
INTVEC$$Limit           0x008080          --   Gb  - Linker created -
IR_Receiver_GetState    0x009bb6    0x4  Code  Gb  ir_receiver.o [1]
IR_Receiver_Init        0x008536   0x4e  Code  Gb  ir_receiver.o [1]
IR_Receiver_Task        0x008584   0x12  Code  Gb  ir_receiver.o [1]
IR_Transmitter_GetMode  0x009bba    0x4  Code  Gb  ir_transmitter.o [1]
IR_Transmitter_Init     0x00968f   0x26  Code  Gb  ir_transmitter.o [1]
IR_Transmitter_Task     0x00951b   0x2d  Code  Gb  ir_transmitter.o [1]
IR_Transmitter_Task{1}{2}{3}{5}::counter
                        0x0001d1    0x1  Data  Lc  ir_transmitter.o [1]
ITC_DeInit              0x009746   0x21  Code  Gb  stm8s_itc.o [1]
ITC_GetCPUCC            0x009bf1    0x3  Code  Gb  stm8s_itc.o [1]
ITC_SetSoftwarePriority
                        0x0089e7  0x115  Code  Gb  stm8s_itc.o [1]
Led_Control_GetMode     0x009bbe    0x4  Code  Gb  led_controller.o [1]
Led_Control_Init        0x009779   0x20  Code  Gb  led_controller.o [1]
Led_Control_Task        0x009641   0x27  Code  Gb  led_controller.o [1]
Node_Control_InitNodes  0x009c04    0x1  Code  Gb  nodecontrol.o [1]
Node_Control_Task       0x009853   0x1d  Code  Gb  nodecontrol.o [1]
Node_State_GetInputState
                        0x009bc2    0x4  Code  Gb  nodestatemanager.o [1]
Node_State_GetOutputState
                        0x009bc6    0x4  Code  Gb  nodestatemanager.o [1]
Node_State_Manager_Init
                        0x009ad7    0x9  Code  Gb  nodestatemanager.o [1]
Node_State_Manager_Task
                        0x009936   0x12  Code  Gb  nodestatemanager.o [1]
Node_State_SetOutputState
                        0x009bca    0x4  Code  Gb  nodestatemanager.o [1]
RC                      0x00019e    0x4  Data  Gb  ir_receiver.o [1]
RC_h                    0x0001aa    0x4  Data  Gb  ir_receiver.o [1]
Region$$Table$$Base     0x009767          --   Gb  - Linker created -
Region$$Table$$Limit    0x009779          --   Gb  - Linker created -
SPI_IRQHandler          0x009c0e    0x1  Code  Gb  stm8s_it.o [1]
System_Init             0x00959e   0x2a  Code  Gb  main.o [1]
TIM1_CAP_COM_IRQHandler
                        0x009c0f    0x1  Code  Gb  stm8s_it.o [1]
TIM1_ClearFlag          0x0095c8   0x29  Code  Gb  stm8s_tim1.o [1]
TIM1_Cmd                0x00988d   0x16  Code  Gb  stm8s_tim1.o [1]
TIM1_GetITStatus        0x0090e2   0x4c  Code  Gb  stm8s_tim1.o [1]
TIM1_ITConfig           0x009489   0x31  Code  Gb  stm8s_tim1.o [1]
TIM1_TimeBaseInit       0x009096   0x4c  Code  Gb  stm8s_tim1.o [1]
TIM1_UPD_OVF_TRG_BRK_IRQHandler
                        0x009799   0x20  Code  Gb  stm8s_it.o [1]
TIM2_ARRPreloadConfig   0x0098b9   0x16  Code  Gb  stm8s_tim2.o [1]
TIM2_CAP_COM_IRQHandler
                        0x009c11    0x1  Code  Gb  stm8s_it.o [1]
TIM2_Cmd                0x0098a3   0x16  Code  Gb  stm8s_tim2.o [1]
TIM2_OC1Init            0x008f07   0x6f  Code  Gb  stm8s_tim2.o [1]
TIM2_OC1PreloadConfig   0x0098cf   0x16  Code  Gb  stm8s_tim2.o [1]
TIM2_OC3Init            0x008f76   0x6f  Code  Gb  stm8s_tim2.o [1]
TIM2_OC3PreloadConfig   0x0098e5   0x16  Code  Gb  stm8s_tim2.o [1]
TIM2_SetCompare1        0x009b04    0x9  Code  Gb  stm8s_tim2.o [1]
TIM2_TimeBaseInit       0x009b54    0x7  Code  Gb  stm8s_tim2.o [1]
TIM2_UPD_OVF_BRK_IRQHandler
                        0x009c10    0x1  Code  Gb  stm8s_it.o [1]
TIM4_UPD_OVF_IRQHandler
                        0x009c14    0x1  Code  Gb  stm8s_it.o [1]
TLI_IRQHandler          0x009c06    0x1  Code  Gb  stm8s_it.o [1]
TRAP_IRQHandler         0x009c05    0x1  Code  Gb  stm8s_it.o [1]
Task_Init               0x00937f   0x37  Code  Gb  main.o [1]
Task_Manager_AddTask    0x00997d   0x10  Code  Gb  TaskManager.o [1]
Task_Manager_PerformTask
                        0x0097b9   0x20  Code  Gb  TaskManager.o [1]
Timer_Counter_GetCounter
                        0x009b7a    0x6  Code  Gb  timer_counter.o [1]
Timer_Counter_IncreaseCounter
                        0x0099bb    0xf  Code  Gb  timer_counter.o [1]
Timer_Counter_Init      0x009aae    0xb  Code  Gb  timer_counter.o [1]
Timer_PWM_IR_Transmitter_Init
                        0x009724   0x22  Code  Gb  timer_pwm.o [1]
Timer_PWM_Init          0x0093b6   0x37  Code  Gb  timer_pwm.o [1]
Timer_PWM_Start         0x009bda    0x4  Code  Gb  timer_pwm.o [1]
Timer_PWM_Update_Period
                        0x0092ce   0x3d  Code  Gb  timer_pwm.o [1]
Transport_GetRxBufferSize
                        0x009bde    0x4  Code  Gb  transport.o [1]
Transport_Init          0x0094ba   0x31  Code  Gb  transport.o [1]
Transport_OutputDisable
                        0x009b98    0x6  Code  Gb  transport.o [1]
Transport_OutputEnable  0x009b92    0x6  Code  Gb  transport.o [1]
Transport_RxPop         0x0096da   0x25  Code  Gb  transport.o [1]
Transport_RxPush        0x009668   0x27  Code  Gb  transport.o [1]
Transport_TxPop         0x0094eb   0x30  Code  Gb  transport.o [1]
Transport_Write         0x0091c4   0x47  Code  Gb  transport.o [1]
UART1_DeInit            0x009573   0x2b  Code  Gb  stm8s_uart1.o [1]
UART1_GetITStatus       0x008e81   0x86  Code  Gb  stm8s_uart1.o [1]
UART1_ITConfig          0x008d62   0x95  Code  Gb  stm8s_uart1.o [1]
UART1_Init              0x008596  0x1b7  Code  Gb  stm8s_uart1.o [1]
UART1_RX_IRQHandler     0x0097d9   0x1f  Code  Gb  stm8s_it.o [1]
UART1_ReceiveData8      0x009bd2    0x4  Code  Gb  stm8s_uart1.o [1]
UART1_SendData8         0x009bd6    0x4  Code  Gb  stm8s_uart1.o [1]
UART1_TX_IRQHandler     0x009457   0x32  Code  Gb  stm8s_it.o [1]
__exit                  0x009c02    0x2  Code  Gb  xxexit.o [3]
__iar_copy_init2        0x009619         Code  Gb  init_small.o [4]
__iar_data_init2        0x00990f   0x14  Code  Gb  init.o [4]
__iar_program_start     0x009923         Code  Gb  cstartup.o [4]
__iar_unhandled_exception
                        0x009bfd         Code  Gb  unhandled_exception.o [4]
__iar_zero_init2        0x009835         Code  Gb  init_small.o [4]
__intvec                0x008000         Data  Gb  interrupt.o [4]
__low_level_init        0x009bf7    0x3  Code  Gb  low_level_init.o [4]
_exit                   0x009ba8         Code  Gb  cexit.o [4]
_interrupt_1            0x009c05         Code  Gb  stm8s_it.o [1]
_interrupt_12           0x009c0e         Code  Gb  stm8s_it.o [1]
_interrupt_13           0x009799         Code  Gb  stm8s_it.o [1]
_interrupt_14           0x009c0f         Code  Gb  stm8s_it.o [1]
_interrupt_15           0x009c10         Code  Gb  stm8s_it.o [1]
_interrupt_16           0x009c11         Code  Gb  stm8s_it.o [1]
_interrupt_19           0x009457         Code  Gb  stm8s_it.o [1]
_interrupt_2            0x009c06         Code  Gb  stm8s_it.o [1]
_interrupt_20           0x0097d9         Code  Gb  stm8s_it.o [1]
_interrupt_21           0x009c12         Code  Gb  stm8s_it.o [1]
_interrupt_24           0x009c13         Code  Gb  stm8s_it.o [1]
_interrupt_25           0x009c14         Code  Gb  stm8s_it.o [1]
_interrupt_26           0x009c15         Code  Gb  stm8s_it.o [1]
_interrupt_3            0x009c07         Code  Gb  stm8s_it.o [1]
_interrupt_4            0x009c08         Code  Gb  stm8s_it.o [1]
_interrupt_5            0x009c09         Code  Gb  stm8s_it.o [1]
_interrupt_6            0x009c0a         Code  Gb  stm8s_it.o [1]
_interrupt_7            0x009c0b         Code  Gb  stm8s_it.o [1]
_interrupt_8            0x009c0c         Code  Gb  stm8s_it.o [1]
_interrupt_9            0x009c0d         Code  Gb  stm8s_it.o [1]
active_period           0x000011    0x4  Data  Gb  timer_pwm.o [1]
alpha                   0x0001a6    0x4  Data  Gb  ir_receiver.o [1]
assert_failed           0x0096b5   0x25  Code  Gb  main.o [1]
assert_failed::counter  0x0001ae    0x4  Data  Lc  main.o [1]
change_factor           0x0001b6    0x4  Data  Gb  timer_pwm.o [1]
cmd_cnt                 0x0001ce    0x1  Data  Gb  commands.o [1]
cmd_push                0x0093ed   0x36  Code  Gb  commands.o [1]
cmd_rd_idx              0x0001cd    0x1  Data  Gb  commands.o [1]
cmd_wr_idx              0x0001cc    0x1  Data  Gb  commands.o [1]
commands                0x00017d   0x14  Data  Gb  commands.o [1]
detected_time_stamp     0x000196    0x4  Data  Gb  ir_receiver.o [1]
detecting_pulse         0x0084fa   0x3c  Code  Gb  ir_receiver.o [1]
detecting_pulse::direction
                        0x0001cf    0x1  Data  Lc  ir_receiver.o [1]
detecting_pulse::previous_v
                        0x0001c2    0x2  Data  Lc  ir_receiver.o [1]
dt                      0x0001a2    0x4  Data  Gb  ir_receiver.o [1]
exit                    0x009bfa    0x3  Code  Gb  exit.o [4]
gpio_state              0x0001d4    0x1  Data  Gb  timer_pwm.o [1]
highpass_filter::previous_x
                        0x0001be    0x2  Data  Lc  ir_receiver.o [1]
highpass_filter::previous_y
                        0x0001c0    0x2  Data  Lc  ir_receiver.o [1]
is_configured           0x0001d5    0x1  Data  Gb  timer_pwm.o [1]
lowpass_filter::filtered_value
                        0x0001bc    0x2  Data  Lc  ir_receiver.o [1]
main                    0x009043   0x53  Code  Gb  main.o [1]
node_state              0x0001c4    0x2  Data  Gb  nodestatemanager.o [1]
process_command         0x009179   0x4b  Code  Gb  nodecontrol.o [1]
process_ir_signal       0x0083d1   0xb9  Code  Gb  ir_receiver.o [1]
process_ir_signal::stable_marker
                        0x0001ba    0x2  Data  Lc  ir_receiver.o [1]
running_mode            0x0001d0    0x1  Data  Gb  ir_transmitter.o [1]
running_mode            0x0001d2    0x1  Data  Lc  led_controller.o [1]
rx_buff                 0x000115   0x40  Data  Gb  transport.o [1]
rx_cnt                  0x0001d8    0x1  Data  Gb  transport.o [1]
rx_rd_idx               0x0001d7    0x1  Data  Gb  transport.o [1]
rx_wr_idx               0x0001d6    0x1  Data  Gb  transport.o [1]
signal_state            0x000191    0x5  Data  Gb  ir_receiver.o [1]
task_Index              0x0001d3    0x1  Data  Gb  TaskManager.o [1]
tasks                   0x000155   0x28  Data  Gb  TaskManager.o [1]
time_prescaler          0x000010    0x1  Data  Gb  ir_transmitter.o [1]
timer_counter           0x00019a    0x4  Data  Gb  ir_receiver.o [1]
timer_counter           0x0001b2    0x4  Data  Lc  timer_counter.o [1]
tx_buff                 0x000015  0x100  Data  Gb  transport.o [1]
tx_cnt                  0x0001ca    0x2  Data  Gb  transport.o [1]
tx_rd_idx               0x0001c8    0x2  Data  Gb  transport.o [1]
tx_wr_idx               0x0001c6    0x2  Data  Gb  transport.o [1]


[1] = E:\DATA\03-DuAn\02-LedController\LedController\02-Software\RS485Slave\Release\Obj
[2] = command line
[3] = dbgstm8smn.a
[4] = dlstm8smn.a

  6 945 bytes of readonly  code memory
    245 bytes of readonly  data memory
    729 bytes of readwrite data memory

Errors: none
Warnings: none
