###############################################################################
#
# IAR ELF Linker V3.10.1.201 for STM8                     10/Jan/2019  17:23:50
# Copyright 2010-2017 IAR Systems AB.
#
#    Output file  =  
#        E:\DATA\03-DuAn\02-LedController\LedController\02-Software\RS485Master\Debug\Exe\RS485.out
#    Map file     =  
#        E:\DATA\03-DuAn\02-LedController\LedController\02-Software\RS485Master\Debug\List\RS485.map
#    Command line =  
#        -f C:\Users\PM-HUN~1\AppData\Local\Temp\EW3D44.tmp
#        (E:\DATA\03-DuAn\02-LedController\LedController\02-Software\RS485Master\Debug\Obj\commands.o
#        E:\DATA\03-DuAn\02-LedController\LedController\02-Software\RS485Master\Debug\Obj\gpio_util.o
#        E:\DATA\03-DuAn\02-LedController\LedController\02-Software\RS485Master\Debug\Obj\ir_receiver.o
#        E:\DATA\03-DuAn\02-LedController\LedController\02-Software\RS485Master\Debug\Obj\ir_transmitter.o
#        E:\DATA\03-DuAn\02-LedController\LedController\02-Software\RS485Master\Debug\Obj\led_controller.o
#        E:\DATA\03-DuAn\02-LedController\LedController\02-Software\RS485Master\Debug\Obj\main.o
#        E:\DATA\03-DuAn\02-LedController\LedController\02-Software\RS485Master\Debug\Obj\nodecontrol.o
#        E:\DATA\03-DuAn\02-LedController\LedController\02-Software\RS485Master\Debug\Obj\stm8s_adc1.o
#        E:\DATA\03-DuAn\02-LedController\LedController\02-Software\RS485Master\Debug\Obj\stm8s_clk.o
#        E:\DATA\03-DuAn\02-LedController\LedController\02-Software\RS485Master\Debug\Obj\stm8s_gpio.o
#        E:\DATA\03-DuAn\02-LedController\LedController\02-Software\RS485Master\Debug\Obj\stm8s_it.o
#        E:\DATA\03-DuAn\02-LedController\LedController\02-Software\RS485Master\Debug\Obj\stm8s_tim1.o
#        E:\DATA\03-DuAn\02-LedController\LedController\02-Software\RS485Master\Debug\Obj\stm8s_tim2.o
#        E:\DATA\03-DuAn\02-LedController\LedController\02-Software\RS485Master\Debug\Obj\stm8s_uart1.o
#        E:\DATA\03-DuAn\02-LedController\LedController\02-Software\RS485Master\Debug\Obj\timer_counter.o
#        E:\DATA\03-DuAn\02-LedController\LedController\02-Software\RS485Master\Debug\Obj\timer_pwm.o
#        E:\DATA\03-DuAn\02-LedController\LedController\02-Software\RS485Master\Debug\Obj\transport.o
#        --redirect _Printf=_PrintfFullNoMb --redirect _Scanf=_ScanfFullNoMb -o
#        E:\DATA\03-DuAn\02-LedController\LedController\02-Software\RS485Master\Debug\Exe\RS485.out
#        --map
#        E:\DATA\03-DuAn\02-LedController\LedController\02-Software\RS485Master\Debug\List\RS485.map
#        --config "C:\Program Files (x86)\IAR Systems\Embedded Workbench
#        8.0\stm8\config\lnkstm8s003f3.icf" --config_def _CSTACK_SIZE=0x100
#        --config_def _HEAP_SIZE=0x100 --entry __iar_program_start --debug_lib)
#
###############################################################################

*******************************************************************************
*** RUNTIME MODEL ATTRIBUTES
***

__SystemLibrary            = DLib
__code_model               = small
__core                     = stm8
__data_model               = medium
__dlib_file_descriptor     = 0
__dlib_full_locale_support = 0
__rt_version               = 4


*******************************************************************************
*** PLACEMENT SUMMARY
***

"A0":  place at start of [0x000000-0x0000ff] { rw section .vregs };
"A1":  place at end of [0x000000-0x0003ff] { block CSTACK };
"P2":  place in [from 0x000000 to 0x0003ff] {
          block HEAP, rw section __DLIB_PERTHREAD, rw section .far.bss,
          rw section .far.data, rw section .far.noinit,
          rw section .far_func.textrw, rw section .huge.bss,
          rw section .huge.data, rw section .huge.noinit,
          rw section .huge_func.textrw, rw section .iar.dynexit,
          rw section .near.bss, rw section .near.data, rw section .near.noinit,
          rw section .near_func.textrw };
"A2":  place at start of [0x008000-0x009fff] { block INTVEC };
"P3":  place in [from 0x008000 to 0x009fff] {
          ro section __DLIB_PERTHREAD_init, ro section .far.data_init,
          ro section .far_func.textrw_init, ro section .huge.data_init,
          ro section .huge_func.textrw_init, ro section .iar.init_table,
          ro section .init_array, ro section .near.data_init,
          ro section .near.rodata, ro section .near_func.text,
          ro section .near_func.textrw_init, ro section .tiny.data_init,
          ro section .tiny.rodata_init };
"P4":  place in [from 0x008000 to 0x009fff] {
          ro section .far.rodata, ro section .far_func.text };
"P5":  place in [from 0x008000 to 0x009fff] {
          ro section .huge.rodata, ro section .huge_func.text };
do not initialize {
   rw section .eeprom.noinit, rw section .far.noinit, rw section .huge.noinit,
   rw section .near.noinit, rw section .tiny.noinit, rw section .vregs };
initialize by copy {
   rw section .far.bss, rw section .far.data, rw section .far_func.textrw,
   rw section .huge.bss, rw section .huge.data, rw section .huge_func.textrw,
   rw section .iar.dynexit, rw section .near.bss, rw section .near.data,
   rw section .near_func.textrw, rw section .tiny.bss, rw section .tiny.data,
   ro section .tiny.rodata };

  Section            Kind      Address    Size  Object
  -------            ----      -------    ----  ------
"A0":                                     0x10
  .vregs             uninit   0x000000    0x10  vregs.o [4]
                            - 0x000010    0x10

"P2", part 1 of 2:                         0x1
  P2-1                        0x000010     0x1  <Init block>
    .near.data       inited   0x000010     0x1  timer_pwm.o [1]
                            - 0x000011     0x1

"P2", part 2 of 2:                        0xa6
  .near.bss          zero     0x000011    0x40  transport.o [1]
  .near.bss          zero     0x000051    0x40  transport.o [1]
  .near.bss          zero     0x000091    0x14  timer_counter.o [1]
  .near.bss          zero     0x0000a5     0x4  timer_counter.o [1]
  .near.bss          zero     0x0000a9     0x4  timer_pwm.o [1]
  .near.bss          zero     0x0000ad     0x4  timer_pwm.o [1]
  .near.bss          zero     0x0000b1     0x1  timer_counter.o [1]
  .near.bss          zero     0x0000b2     0x1  timer_pwm.o [1]
  .near.bss          zero     0x0000b3     0x1  transport.o [1]
  .near.bss          zero     0x0000b4     0x1  transport.o [1]
  .near.bss          zero     0x0000b5     0x1  transport.o [1]
  .near.bss          zero     0x0000b6     0x1  transport.o [1]
                            - 0x0000b7    0xa6

"A1":                                    0x100
  CSTACK                      0x000300   0x100  <Block>
    CSTACK           uninit   0x000300   0x100  <Block tail>
                            - 0x000400   0x100

"A2":                                     0x80
  INTVEC                      0x008000    0x80  <Block>
    .intvec          const    0x008000    0x80  interrupt.o [4]
                            - 0x008080    0x80

"P3-P5":                                0x117b
  .near_func.text    ro code  0x008080   0x32b  float.o [4]
  .near_func.text    ro code  0x0083ab   0x222  stm8s_uart1.o [1]
  .near_func.text    ro code  0x0085cd   0x13e  long.o [4]
  .near_func.text    ro code  0x00870b   0x112  vreg_util.o [4]
  .near_func.text    ro code  0x00881d    0xd0  stm8s_uart1.o [1]
  .near_func.text    ro code  0x0088ed    0xb3  timer_pwm.o [1]
  .near_func.text    ro code  0x0089a0    0xac  stm8s_tim2.o [1]
  .near_func.text    ro code  0x008a4c    0x6d  stm8s_tim1.o [1]
  .near.rodata       const    0x008ab9    0x6b  stm8s_uart1.o [1]
  .near.rodata       const    0x008b24    0x6a  stm8s_tim1.o [1]
  .near.rodata       const    0x008b8e    0x6a  stm8s_tim2.o [1]
  .near.rodata       const    0x008bf8    0x69  stm8s_clk.o [1]
  .near_func.text    ro code  0x008c61    0x60  main.o [1]
  .near_func.text    ro code  0x008cc1    0x60  stm8s_tim1.o [1]
  .near_func.text    ro code  0x008d21    0x57  stm8s_clk.o [1]
  .near_func.text    ro code  0x008d78    0x4e  stm8s_tim1.o [1]
  .near_func.text    ro code  0x008dc6    0x47  long_util.o [4]
  .near_func.text    ro code  0x008e0d    0x3d  stm8s_clk.o [1]
  .near_func.text    ro code  0x008e4a    0x36  transport.o [1]
  .near_func.text    ro code  0x008e80    0x35  stm8s_tim1.o [1]
  .near_func.text    ro code  0x008eb5    0x2f  stm8s_tim1.o [1]
  .near_func.text    ro code  0x008ee4    0x2f  stm8s_tim2.o [1]
  .near_func.text    ro code  0x008f13    0x2f  stm8s_tim2.o [1]
  .near_func.text    ro code  0x008f42    0x2f  stm8s_tim2.o [1]
  .near_func.text    ro code  0x008f71    0x2e  transport.o [1]
  .near_func.text    ro code  0x008f9f    0x2d  stm8s_uart1.o [1]
  .near_func.text    ro code  0x008fcc    0x2b  transport.o [1]
  .near_func.text    ro code  0x008ff7    0x28  timer_counter.o [1]
  .near_func.text    ro code  0x00901f    0x28  init_small.o [4]
  .near_func.text    ro code  0x009047    0x27  stm8s_it.o [1]
  .near_func.text    ro code  0x00906e    0x27  stm8s_it.o [1]
  .near_func.text    ro code  0x009095    0x25  dc_util.o [4]
  .near_func.text    ro code  0x0090ba    0x23  timer_counter.o [1]
  .iar.init_table    const    0x0090dd    0x12  - Linker created -
  .near_func.text    ro code  0x0090ef    0x1e  init_small.o [4]
  .near_func.text    ro code  0x00910d    0x19  stm8s_it.o [1]
  .near_func.text    ro code  0x009126    0x14  init.o [4]
  .near_func.text    ro code  0x00913a    0x14  __dbg_xxexit.o [3]
  .near_func.text    ro code  0x00914e    0x13  cstartup.o [4]
  .near_func.text    ro code  0x009161    0x10  timer_counter.o [1]
  .near_func.text    ro code  0x009171     0xf  timer_counter.o [1]
  .near_func.text    ro code  0x009180     0xd  short.o [4]
  .near_func.text    ro code  0x00918d     0xc  stm8s_tim2.o [1]
  .near_func.text    ro code  0x009199     0x9  stm8s_tim2.o [1]
  .near_func.text    ro code  0x0091a2     0x7  stm8s_gpio.o [1]
  .near_func.text    ro code  0x0091a9     0x6  timer_counter.o [1]
  .near_func.text    ro code  0x0091af     0x6  transport.o [1]
  .near_func.text    ro code  0x0091b5     0x6  transport.o [1]
  .near_func.text    ro code  0x0091bb     0x5  cexit.o [4]
  .near.rodata       const    0x0091c0     0x4  stm8s_clk.o [1]
  .near_func.text    ro code  0x0091c4     0x4  main.o [1]
  .near_func.text    ro code  0x0091c8     0x4  stm8s_gpio.o [1]
  .near_func.text    ro code  0x0091cc     0x4  stm8s_uart1.o [1]
  .near_func.text    ro code  0x0091d0     0x4  stm8s_uart1.o [1]
  .near_func.text    ro code  0x0091d4     0x3  gpio_util.o [1]
  .near_func.text    ro code  0x0091d7     0x3  gpio_util.o [1]
  .near_func.text    ro code  0x0091da     0x3  interrupt.o [4]
  .near_func.text    ro code  0x0091dd     0x3  low_level_init.o [4]
  .near_func.text    ro code  0x0091e0     0x3  exit.o [4]
  .near_func.text    ro code  0x0091e3     0x3  unhandled_exception.o [4]
  .near_func.text    ro code  0x0091e6     0x2  main.o [1]
  .near_func.text    ro code  0x0091e8     0x1  stm8s_it.o [1]
  .near_func.text    ro code  0x0091e9     0x1  stm8s_it.o [1]
  .near_func.text    ro code  0x0091ea     0x1  stm8s_it.o [1]
  .near_func.text    ro code  0x0091eb     0x1  stm8s_it.o [1]
  .near_func.text    ro code  0x0091ec     0x1  stm8s_it.o [1]
  .near_func.text    ro code  0x0091ed     0x1  stm8s_it.o [1]
  .near_func.text    ro code  0x0091ee     0x1  stm8s_it.o [1]
  .near_func.text    ro code  0x0091ef     0x1  stm8s_it.o [1]
  .near_func.text    ro code  0x0091f0     0x1  stm8s_it.o [1]
  .near_func.text    ro code  0x0091f1     0x1  stm8s_it.o [1]
  .near_func.text    ro code  0x0091f2     0x1  stm8s_it.o [1]
  .near_func.text    ro code  0x0091f3     0x1  stm8s_it.o [1]
  .near_func.text    ro code  0x0091f4     0x1  stm8s_it.o [1]
  .near_func.text    ro code  0x0091f5     0x1  stm8s_it.o [1]
  .near_func.text    ro code  0x0091f6     0x1  stm8s_it.o [1]
  .near_func.text    ro code  0x0091f7     0x1  stm8s_it.o [1]
  .near_func.text    ro code  0x0091f8     0x1  stm8s_it.o [1]
  .near_func.text    ro code  0x0091f9     0x1  __dbg_break.o [3]
  Initializer bytes  const    0x0091fa     0x1  <for P2-1>
                            - 0x0091fb  0x117b


*******************************************************************************
*** INIT TABLE
***

          Address   Size
          -------   ----
Zero (__iar_zero_init2)
    1 destination range, total size 0xa6:
          0x000011  0xa6

Copy (__iar_copy_init2)
    1 source range, total size 0x1:
          0x0091fa   0x1
    1 destination range, total size 0x1:
          0x000010   0x1



*******************************************************************************
*** MODULE SUMMARY
***

    Module                 ro code  ro data  rw data
    ------                 -------  -------  -------
E:\DATA\03-DuAn\02-LedController\LedController\02-Software\RS485Master\Debug\Obj: [1]
    gpio_util.o                  6
    main.o                     102
    stm8s_clk.o                148      109
    stm8s_gpio.o                11
    stm8s_it.o                 120
    stm8s_tim1.o               383      106
    stm8s_tim2.o               334      106
    stm8s_uart1.o              807      107
    timer_counter.o            112                25
    timer_pwm.o                179        1       10
    transport.o                155               132
    ------------------------------------------------
    Total:                   2 357      429      167

command line: [2]
    ------------------------------------------------
    Total:

dbgstm8smd.a: [3]
    __dbg_break.o                1
    __dbg_xxexit.o              20
    ------------------------------------------------
    Total:                      21

dlstm8smn.a: [4]
    cexit.o                      5
    cstartup.o                  19
    dc_util.o                   37
    exit.o                       3
    float.o                    811
    init.o                      20
    init_small.o                70
    interrupt.o                  3      128
    long.o                     318
    long_util.o                 71
    low_level_init.o             3
    short.o                     13
    unhandled_exception.o        3
    vreg_util.o                274
    vregs.o                                       16
    ------------------------------------------------
    Total:                   1 650      128       16

    Linker created                       18      256
----------------------------------------------------
    Grand Total:             4 028      575      439


*******************************************************************************
*** ENTRY LIST
***

Entry                    Address   Size  Type      Object
-----                    -------   ----  ----      ------
.iar.init_table$$Base   0x0090dd          --   Gb  - Linker created -
.iar.init_table$$Limit  0x0090ef          --   Gb  - Linker created -
?b0                     0x000000         Data  Gb  vregs.o [4]
?b1                     0x000001         Data  Gb  vregs.o [4]
?b10                    0x00000a         Data  Gb  vregs.o [4]
?b11                    0x00000b         Data  Gb  vregs.o [4]
?b12                    0x00000c         Data  Gb  vregs.o [4]
?b13                    0x00000d         Data  Gb  vregs.o [4]
?b14                    0x00000e         Data  Gb  vregs.o [4]
?b15                    0x00000f         Data  Gb  vregs.o [4]
?b2                     0x000002         Data  Gb  vregs.o [4]
?b3                     0x000003         Data  Gb  vregs.o [4]
?b4                     0x000004         Data  Gb  vregs.o [4]
?b5                     0x000005         Data  Gb  vregs.o [4]
?b6                     0x000006         Data  Gb  vregs.o [4]
?b7                     0x000007         Data  Gb  vregs.o [4]
?b8                     0x000008         Data  Gb  vregs.o [4]
?b9                     0x000009         Data  Gb  vregs.o [4]
?dc32_l0                0x009095         Code  Gb  dc_util.o [4]
?dc32_l1                0x0090a2         Code  Gb  dc_util.o [4]
?dc32_px                0x0090af         Code  Gb  dc_util.o [4]
?e0                     0x000001         Data  Gb  vregs.o [4]
?e1                     0x000005         Data  Gb  vregs.o [4]
?e2                     0x000009         Data  Gb  vregs.o [4]
?e3                     0x00000d         Data  Gb  vregs.o [4]
?epilogue_l2            0x0087a6         Code  Gb  vreg_util.o [4]
?epilogue_l2_l3         0x0087a3         Code  Gb  vreg_util.o [4]
?epilogue_l2_w6         0x0087aa         Code  Gb  vreg_util.o [4]
?epilogue_w4            0x0087b1         Code  Gb  vreg_util.o [4]
?fadd32_l0_l0_0x        0x0080a6         Code  Gb  float.o [4]
?fadd32_l0_l0_l1        0x0080a9         Code  Gb  float.o [4]
?fcasts16f32_x_l0       0x00827d         Code  Gb  float.o [4]
?fcmpeq32_c_0x_fzero    0x008211         Code  Gb  float.o [4]
?fcmpge32_c_l0_0x       0x00821e         Code  Gb  float.o [4]
?fcmpge32_c_l0_dc32     0x008219         Code  Gb  float.o [4]
?fcmplt32_c_l0_0x       0x008227         Code  Gb  float.o [4]
?fcmplt32_c_l0_dc32     0x008222         Code  Gb  float.o [4]
?fmul32_l0_l0_dc32      0x008177         Code  Gb  float.o [4]
?fmul32_l0_l0_l1        0x00817c         Code  Gb  float.o [4]
?fsub32_l0_l0_0x        0x00809d         Code  Gb  float.o [4]
?fsub32_l0_l0_l1        0x0080a0         Code  Gb  float.o [4]
?inc32_0x_0x            0x0085d2         Code  Gb  long.o [4]
?inc32_l0_l0            0x0085cd         Code  Gb  long.o [4]
?l0                     0x000000         Data  Gb  vregs.o [4]
?l1                     0x000004         Data  Gb  vregs.o [4]
?l2                     0x000008         Data  Gb  vregs.o [4]
?l3                     0x00000c         Data  Gb  vregs.o [4]
?load32_0x_l0           0x008dff         Code  Gb  long_util.o [4]
?load32_asp_l0          0x008df3         Code  Gb  long_util.o [4]
?load32_dbsp_l0         0x008dee         Code  Gb  long_util.o [4]
?load32_l0_0x           0x008dd6         Code  Gb  long_util.o [4]
?load32_l0_asp          0x008dcb         Code  Gb  long_util.o [4]
?load32_l0_dbsp         0x008dc6         Code  Gb  long_util.o [4]
?load32_l0_xsp          0x008dcd         Code  Gb  long_util.o [4]
?load32_l1_0x           0x008de2         Code  Gb  long_util.o [4]
?load32_xsp_l0          0x008df5         Code  Gb  long_util.o [4]
?mov_e0_e1              0x0087b8         Code  Gb  vreg_util.o [4]
?mov_e0_e2              0x0087c5         Code  Gb  vreg_util.o [4]
?mov_e0_e3              0x0087d2         Code  Gb  vreg_util.o [4]
?mov_e1_e0              0x0087df         Code  Gb  vreg_util.o [4]
?mov_e1_e2              0x0087ec         Code  Gb  vreg_util.o [4]
?mov_e1_e3              0x0087f9         Code  Gb  vreg_util.o [4]
?mov_e2_e0              0x008806         Code  Gb  vreg_util.o [4]
?mov_e3_e0              0x008813         Code  Gb  vreg_util.o [4]
?mov_l0_l1              0x0087b5         Code  Gb  vreg_util.o [4]
?mov_l0_l2              0x0087c2         Code  Gb  vreg_util.o [4]
?mov_l0_l3              0x0087cf         Code  Gb  vreg_util.o [4]
?mov_l1_l0              0x0087dc         Code  Gb  vreg_util.o [4]
?mov_l1_l2              0x0087e9         Code  Gb  vreg_util.o [4]
?mov_l1_l3              0x0087f6         Code  Gb  vreg_util.o [4]
?mov_l2_l0              0x008803         Code  Gb  vreg_util.o [4]
?mov_l3_l0              0x008810         Code  Gb  vreg_util.o [4]
?mov_w1_w3              0x0087bb         Code  Gb  vreg_util.o [4]
?mov_w1_w5              0x0087c8         Code  Gb  vreg_util.o [4]
?mov_w1_w7              0x0087d5         Code  Gb  vreg_util.o [4]
?mov_w3_w1              0x0087e2         Code  Gb  vreg_util.o [4]
?mov_w3_w5              0x0087ef         Code  Gb  vreg_util.o [4]
?mov_w3_w7              0x0087fc         Code  Gb  vreg_util.o [4]
?mov_w5_w1              0x008809         Code  Gb  vreg_util.o [4]
?mov_w7_w1              0x008816         Code  Gb  vreg_util.o [4]
?mul32_l0_l0_0x         0x0085fe         Code  Gb  long.o [4]
?mul32_l0_l0_dl         0x0085fb         Code  Gb  long.o [4]
?mul32_l0_l0_l1         0x008607         Code  Gb  long.o [4]
?pop_l0                 0x00876f         Code  Gb  vreg_util.o [4]
?pop_l1                 0x00877a         Code  Gb  vreg_util.o [4]
?pop_l2                 0x008785         Code  Gb  vreg_util.o [4]
?pop_l3                 0x008790         Code  Gb  vreg_util.o [4]
?pop_w4                 0x008728         Code  Gb  vreg_util.o [4]
?pop_w6                 0x00872f         Code  Gb  vreg_util.o [4]
?push_l0                0x00873e         Code  Gb  vreg_util.o [4]
?push_l1                0x008743         Code  Gb  vreg_util.o [4]
?push_l2                0x008748         Code  Gb  vreg_util.o [4]
?push_l3                0x00874d         Code  Gb  vreg_util.o [4]
?push_w4                0x00870b         Code  Gb  vreg_util.o [4]
?push_w6                0x008710         Code  Gb  vreg_util.o [4]
?sll16_x_x_a            0x009180         Code  Gb  short.o [4]
?sll32_0x_0x_a          0x0086fd         Code  Gb  long.o [4]
?sll32_l0_l0_a          0x0086fa         Code  Gb  long.o [4]
?srl16_x_x_4            0x009188         Code  Gb  short.o [4]
?sub32_l0_l0_0x         0x0085e3         Code  Gb  long.o [4]
?sub32_l0_l0_l1         0x0085e0         Code  Gb  long.o [4]
?udiv32_l0_dl_l1        0x008685         Code  Gb  long.o [4]
?udiv32_l0_l0_dl        0x00868a         Code  Gb  long.o [4]
?udiv32_l0_l0_l1        0x00868d         Code  Gb  long.o [4]
?umod32_l1_l0_l1        0x00868d         Code  Gb  long.o [4]
?w0                     0x000000         Data  Gb  vregs.o [4]
?w1                     0x000002         Data  Gb  vregs.o [4]
?w2                     0x000004         Data  Gb  vregs.o [4]
?w3                     0x000006         Data  Gb  vregs.o [4]
?w4                     0x000008         Data  Gb  vregs.o [4]
?w5                     0x00000a         Data  Gb  vregs.o [4]
?w6                     0x00000c         Data  Gb  vregs.o [4]
?w7                     0x00000e         Data  Gb  vregs.o [4]
ADC1_IRQHandler         0x0091f6    0x1  Code  Gb  stm8s_it.o [1]
AWU_IRQHandler          0x0091ea    0x1  Code  Gb  stm8s_it.o [1]
CLK_GetClockFreq        0x008d21   0x57  Code  Gb  stm8s_clk.o [1]
CLK_HSIPrescalerConfig  0x008e0d   0x3d  Code  Gb  stm8s_clk.o [1]
CLK_IRQHandler          0x0091eb    0x1  Code  Gb  stm8s_it.o [1]
CSTACK$$Base            0x000300          --   Gb  - Linker created -
CSTACK$$Limit           0x000400          --   Gb  - Linker created -
Clock_Config            0x0091c4    0x4  Code  Gb  main.o [1]
EEPROM_EEC_IRQHandler   0x0091f8    0x1  Code  Gb  stm8s_it.o [1]
EXTI_PORTA_IRQHandler   0x0091ec    0x1  Code  Gb  stm8s_it.o [1]
EXTI_PORTB_IRQHandler   0x0091ed    0x1  Code  Gb  stm8s_it.o [1]
EXTI_PORTC_IRQHandler   0x0091ee    0x1  Code  Gb  stm8s_it.o [1]
EXTI_PORTD_IRQHandler   0x0091ef    0x1  Code  Gb  stm8s_it.o [1]
EXTI_PORTE_IRQHandler   0x0091f0    0x1  Code  Gb  stm8s_it.o [1]
GPIO_Util_WriteHigh     0x0091d4    0x3  Code  Gb  gpio_util.o [1]
GPIO_Util_WriteLow      0x0091d7    0x3  Code  Gb  gpio_util.o [1]
GPIO_WriteHigh          0x0091a2    0x7  Code  Gb  stm8s_gpio.o [1]
GPIO_WriteLow           0x0091c8    0x4  Code  Gb  stm8s_gpio.o [1]
HSIDivFactor            0x0091c0    0x4  Data  Gb  stm8s_clk.o [1]
I2C_IRQHandler          0x0091f5    0x1  Code  Gb  stm8s_it.o [1]
INTVEC$$Base            0x008000          --   Gb  - Linker created -
INTVEC$$Limit           0x008080          --   Gb  - Linker created -
Region$$Table$$Base     0x0090dd          --   Gb  - Linker created -
Region$$Table$$Limit    0x0090ef          --   Gb  - Linker created -
SPI_IRQHandler          0x0091f1    0x1  Code  Gb  stm8s_it.o [1]
TIM1_CAP_COM_IRQHandler
                        0x0091f2    0x1  Code  Gb  stm8s_it.o [1]
TIM1_ClearFlag          0x008e80   0x35  Code  Gb  stm8s_tim1.o [1]
TIM1_Cmd                0x008eb5   0x2f  Code  Gb  stm8s_tim1.o [1]
TIM1_GetITStatus        0x008a4c   0x6d  Code  Gb  stm8s_tim1.o [1]
TIM1_ITConfig           0x008d78   0x4e  Code  Gb  stm8s_tim1.o [1]
TIM1_TimeBaseInit       0x008cc1   0x60  Code  Gb  stm8s_tim1.o [1]
TIM1_UPD_OVF_TRG_BRK_IRQHandler
                        0x009047   0x27  Code  Gb  stm8s_it.o [1]
TIM2_ARRPreloadConfig   0x008f13   0x2f  Code  Gb  stm8s_tim2.o [1]
TIM2_CAP_COM_IRQHandler
                        0x0091f4    0x1  Code  Gb  stm8s_it.o [1]
TIM2_Cmd                0x008ee4   0x2f  Code  Gb  stm8s_tim2.o [1]
TIM2_OC1Init            0x0089a0   0xac  Code  Gb  stm8s_tim2.o [1]
TIM2_OC1PreloadConfig   0x008f42   0x2f  Code  Gb  stm8s_tim2.o [1]
TIM2_SetCompare1        0x009199    0x9  Code  Gb  stm8s_tim2.o [1]
TIM2_TimeBaseInit       0x00918d    0xc  Code  Gb  stm8s_tim2.o [1]
TIM2_UPD_OVF_BRK_IRQHandler
                        0x0091f3    0x1  Code  Gb  stm8s_it.o [1]
TIM4_UPD_OVF_IRQHandler
                        0x0091f7    0x1  Code  Gb  stm8s_it.o [1]
TLI_IRQHandler          0x0091e9    0x1  Code  Gb  stm8s_it.o [1]
TRAP_IRQHandler         0x0091e8    0x1  Code  Gb  stm8s_it.o [1]
Timer_Connter_Init_Timer
                        0x008ff7   0x1d  Code  Gb  timer_counter.o [1]
Timer_Counter_AddTask   0x009161   0x10  Code  Gb  timer_counter.o [1]
Timer_Counter_GetCounter
                        0x0091a9    0x6  Code  Gb  timer_counter.o [1]
Timer_Counter_IncreaseCounter
                        0x009171    0xf  Code  Gb  timer_counter.o [1]
Timer_Counter_Init      0x009014    0xb  Code  Gb  timer_counter.o [1]
Timer_Counter_PerformTask
                        0x0090ba   0x23  Code  Gb  timer_counter.o [1]
Timer_PWM_Init          0x008900   0x44  Code  Gb  timer_pwm.o [1]
Timer_PWM_Update_Period
                        0x008944   0x5c  Code  Gb  timer_pwm.o [1]
Transport_Init          0x008fcc   0x2b  Code  Gb  transport.o [1]
Transport_RxPush        0x008e4a   0x36  Code  Gb  transport.o [1]
Transport_TxPop         0x008f71   0x2e  Code  Gb  transport.o [1]
UART1_DeInit            0x008f9f   0x2d  Code  Gb  stm8s_uart1.o [1]
UART1_ITConfig          0x00881d   0xd0  Code  Gb  stm8s_uart1.o [1]
UART1_Init              0x0083ab  0x222  Code  Gb  stm8s_uart1.o [1]
UART1_RX_IRQHandler     0x00910d   0x19  Code  Gb  stm8s_it.o [1]
UART1_ReceiveData8      0x0091cc    0x4  Code  Gb  stm8s_uart1.o [1]
UART1_SendData8         0x0091d0    0x4  Code  Gb  stm8s_uart1.o [1]
UART1_TX_IRQHandler     0x00906e   0x27  Code  Gb  stm8s_it.o [1]
__DebugBreak            0x0091f9    0x1  Code  Gb  __dbg_break.o [3]
__exit                  0x00913a   0x14  Code  Gb  __dbg_xxexit.o [3]
__iar_copy_init2        0x00901f         Code  Gb  init_small.o [4]
__iar_data_init2        0x009126   0x14  Code  Gb  init.o [4]
__iar_program_start     0x00914e         Code  Gb  cstartup.o [4]
__iar_unhandled_exception
                        0x0091e3         Code  Gb  unhandled_exception.o [4]
__iar_zero_init2        0x0090ef         Code  Gb  init_small.o [4]
__intvec                0x008000         Data  Gb  interrupt.o [4]
__low_level_init        0x0091dd    0x3  Code  Gb  low_level_init.o [4]
_exit                   0x0091bb         Code  Gb  cexit.o [4]
_interrupt_1            0x0091e8         Code  Gb  stm8s_it.o [1]
_interrupt_12           0x0091f1         Code  Gb  stm8s_it.o [1]
_interrupt_13           0x009047         Code  Gb  stm8s_it.o [1]
_interrupt_14           0x0091f2         Code  Gb  stm8s_it.o [1]
_interrupt_15           0x0091f3         Code  Gb  stm8s_it.o [1]
_interrupt_16           0x0091f4         Code  Gb  stm8s_it.o [1]
_interrupt_19           0x00906e         Code  Gb  stm8s_it.o [1]
_interrupt_2            0x0091e9         Code  Gb  stm8s_it.o [1]
_interrupt_20           0x00910d         Code  Gb  stm8s_it.o [1]
_interrupt_21           0x0091f5         Code  Gb  stm8s_it.o [1]
_interrupt_24           0x0091f6         Code  Gb  stm8s_it.o [1]
_interrupt_25           0x0091f7         Code  Gb  stm8s_it.o [1]
_interrupt_26           0x0091f8         Code  Gb  stm8s_it.o [1]
_interrupt_3            0x0091ea         Code  Gb  stm8s_it.o [1]
_interrupt_4            0x0091eb         Code  Gb  stm8s_it.o [1]
_interrupt_5            0x0091ec         Code  Gb  stm8s_it.o [1]
_interrupt_6            0x0091ed         Code  Gb  stm8s_it.o [1]
_interrupt_7            0x0091ee         Code  Gb  stm8s_it.o [1]
_interrupt_8            0x0091ef         Code  Gb  stm8s_it.o [1]
_interrupt_9            0x0091f0         Code  Gb  stm8s_it.o [1]
active_period           0x0000a9    0x4  Data  Gb  timer_pwm.o [1]
assert_failed           0x0091e6    0x2  Code  Gb  main.o [1]
change_factor           0x0000ad    0x4  Data  Gb  timer_pwm.o [1]
exit                    0x0091e0    0x3  Code  Gb  exit.o [4]
gpio_state              0x000010    0x1  Data  Gb  timer_pwm.o [1]
is_configured           0x0000b2    0x1  Data  Gb  timer_pwm.o [1]
main                    0x008c61   0x60  Code  Gb  main.o [1]
rx_buff                 0x000051   0x40  Data  Gb  transport.o [1]
rx_cnt                  0x0000b6    0x1  Data  Gb  transport.o [1]
rx_interrupt_config     0x0091b5    0x6  Code  Gb  transport.o [1]
rx_wr_idx               0x0000b5    0x1  Data  Gb  transport.o [1]
task_Index              0x0000b1    0x1  Data  Gb  timer_counter.o [1]
tasks                   0x000091   0x14  Data  Gb  timer_counter.o [1]
timer_counter           0x0000a5    0x4  Data  Lc  timer_counter.o [1]
tx_buff                 0x000011   0x40  Data  Gb  transport.o [1]
tx_cnt                  0x0000b4    0x1  Data  Gb  transport.o [1]
tx_interrupt_config     0x0091af    0x6  Code  Gb  transport.o [1]
tx_rd_idx               0x0000b3    0x1  Data  Gb  transport.o [1]
update_duty_cycle       0x0088ed   0x13  Code  Gb  timer_pwm.o [1]


[1] = E:\DATA\03-DuAn\02-LedController\LedController\02-Software\RS485Master\Debug\Obj
[2] = command line
[3] = dbgstm8smd.a
[4] = dlstm8smn.a

  4 028 bytes of readonly  code memory
    575 bytes of readonly  data memory
    439 bytes of readwrite data memory

Errors: none
Warnings: none
