###############################################################################
#
# IAR ELF Linker V3.10.1.201 for STM8                     11/Jan/2019  00:18:29
# Copyright 2010-2017 IAR Systems AB.
#
#    Output file  =  
#        E:\03-DuAn\LedController\LedController\02-Software\RS485Master\Debug\Exe\RS485.out
#    Map file     =  
#        E:\03-DuAn\LedController\LedController\02-Software\RS485Master\Debug\List\RS485.map
#    Command line =  
#        -f C:\Users\hungn\AppData\Local\Temp\EW3154.tmp
#        (E:\03-DuAn\LedController\LedController\02-Software\RS485Master\Debug\Obj\commands.o
#        E:\03-DuAn\LedController\LedController\02-Software\RS485Master\Debug\Obj\gpio_util.o
#        E:\03-DuAn\LedController\LedController\02-Software\RS485Master\Debug\Obj\ir_receiver.o
#        E:\03-DuAn\LedController\LedController\02-Software\RS485Master\Debug\Obj\ir_transmitter.o
#        E:\03-DuAn\LedController\LedController\02-Software\RS485Master\Debug\Obj\led_controller.o
#        E:\03-DuAn\LedController\LedController\02-Software\RS485Master\Debug\Obj\main.o
#        E:\03-DuAn\LedController\LedController\02-Software\RS485Master\Debug\Obj\nodecontrol.o
#        E:\03-DuAn\LedController\LedController\02-Software\RS485Master\Debug\Obj\stm8s_adc1.o
#        E:\03-DuAn\LedController\LedController\02-Software\RS485Master\Debug\Obj\stm8s_clk.o
#        E:\03-DuAn\LedController\LedController\02-Software\RS485Master\Debug\Obj\stm8s_gpio.o
#        E:\03-DuAn\LedController\LedController\02-Software\RS485Master\Debug\Obj\stm8s_it.o
#        E:\03-DuAn\LedController\LedController\02-Software\RS485Master\Debug\Obj\stm8s_tim1.o
#        E:\03-DuAn\LedController\LedController\02-Software\RS485Master\Debug\Obj\stm8s_tim2.o
#        E:\03-DuAn\LedController\LedController\02-Software\RS485Master\Debug\Obj\stm8s_uart1.o
#        E:\03-DuAn\LedController\LedController\02-Software\RS485Master\Debug\Obj\TaskManager.o
#        E:\03-DuAn\LedController\LedController\02-Software\RS485Master\Debug\Obj\timer_counter.o
#        E:\03-DuAn\LedController\LedController\02-Software\RS485Master\Debug\Obj\timer_pwm.o
#        E:\03-DuAn\LedController\LedController\02-Software\RS485Master\Debug\Obj\transport.o
#        --redirect _Printf=_PrintfFullNoMb --redirect _Scanf=_ScanfFullNoMb -o
#        E:\03-DuAn\LedController\LedController\02-Software\RS485Master\Debug\Exe\RS485.out
#        --map
#        E:\03-DuAn\LedController\LedController\02-Software\RS485Master\Debug\List\RS485.map
#        --config "C:\Program Files (x86)\IAR Systems\Embedded Workbench
#        8.0\stm8\config\lnkstm8s003f3.icf" --config_def _CSTACK_SIZE=0x100
#        --config_def _HEAP_SIZE=0x100 --entry __iar_program_start --debug_lib)
#
###############################################################################

*******************************************************************************
*** RUNTIME MODEL ATTRIBUTES
***

__SystemLibrary            = DLib
__code_model               = small
__core                     = stm8
__data_model               = medium
__dlib_file_descriptor     = 0
__dlib_full_locale_support = 0
__rt_version               = 4


*******************************************************************************
*** PLACEMENT SUMMARY
***

"A0":  place at start of [0x000000-0x0000ff] { rw section .vregs };
"A1":  place at end of [0x000000-0x0003ff] { block CSTACK };
"P2":  place in [from 0x000000 to 0x0003ff] {
          block HEAP, rw section __DLIB_PERTHREAD, rw section .far.bss,
          rw section .far.data, rw section .far.noinit,
          rw section .far_func.textrw, rw section .huge.bss,
          rw section .huge.data, rw section .huge.noinit,
          rw section .huge_func.textrw, rw section .iar.dynexit,
          rw section .near.bss, rw section .near.data, rw section .near.noinit,
          rw section .near_func.textrw };
"A2":  place at start of [0x008000-0x009fff] { block INTVEC };
"P3":  place in [from 0x008000 to 0x009fff] {
          ro section __DLIB_PERTHREAD_init, ro section .far.data_init,
          ro section .far_func.textrw_init, ro section .huge.data_init,
          ro section .huge_func.textrw_init, ro section .iar.init_table,
          ro section .init_array, ro section .near.data_init,
          ro section .near.rodata, ro section .near_func.text,
          ro section .near_func.textrw_init, ro section .tiny.data_init,
          ro section .tiny.rodata_init };
"P4":  place in [from 0x008000 to 0x009fff] {
          ro section .far.rodata, ro section .far_func.text };
"P5":  place in [from 0x008000 to 0x009fff] {
          ro section .huge.rodata, ro section .huge_func.text };
do not initialize {
   rw section .eeprom.noinit, rw section .far.noinit, rw section .huge.noinit,
   rw section .near.noinit, rw section .tiny.noinit, rw section .vregs };
initialize by copy {
   rw section .far.bss, rw section .far.data, rw section .far_func.textrw,
   rw section .huge.bss, rw section .huge.data, rw section .huge_func.textrw,
   rw section .iar.dynexit, rw section .near.bss, rw section .near.data,
   rw section .near_func.textrw, rw section .tiny.bss, rw section .tiny.data,
   ro section .tiny.rodata };

  Section            Kind      Address    Size  Object
  -------            ----      -------    ----  ------
"A0":                                     0x10
  .vregs             uninit   0x000000    0x10  vregs.o [4]
                            - 0x000010    0x10

"P2", part 1 of 2:                         0x2
  P2-1                        0x000010     0x2  <Init block>
    .near.data       inited   0x000010     0x1  ir_transmitter.o [1]
    .near.data       inited   0x000011     0x1  timer_pwm.o [1]
                            - 0x000012     0x2

"P2", part 2 of 2:                       0x12a
  .near.bss          zero     0x000012    0x64  nodecontrol.o [1]
  .near.bss          zero     0x000076    0x40  transport.o [1]
  .near.bss          zero     0x0000b6    0x40  transport.o [1]
  .near.bss          zero     0x0000f6    0x14  commands.o [1]
  .near.bss          zero     0x00010a    0x14  TaskManager.o [1]
  .near.bss          zero     0x00011e     0x4  main.o [1]
  .near.bss          zero     0x000122     0x4  timer_counter.o [1]
  .near.bss          zero     0x000126     0x4  timer_pwm.o [1]
  .near.bss          zero     0x00012a     0x4  timer_pwm.o [1]
  .near.bss          zero     0x00012e     0x2  main.o [1]
  .near.bss          zero     0x000130     0x1  commands.o [1]
  .near.bss          zero     0x000131     0x1  commands.o [1]
  .near.bss          zero     0x000132     0x1  ir_transmitter.o [1]
  .near.bss          zero     0x000133     0x1  ir_transmitter.o [1]
  .near.bss          zero     0x000134     0x1  led_controller.o [1]
  .near.bss          zero     0x000135     0x1  TaskManager.o [1]
  .near.bss          zero     0x000136     0x1  timer_pwm.o [1]
  .near.bss          zero     0x000137     0x1  transport.o [1]
  .near.bss          zero     0x000138     0x1  transport.o [1]
  .near.bss          zero     0x000139     0x1  transport.o [1]
  .near.bss          zero     0x00013a     0x1  transport.o [1]
  .near.bss          zero     0x00013b     0x1  transport.o [1]
                            - 0x00013c   0x12a

"A1":                                    0x100
  CSTACK                      0x000300   0x100  <Block>
    CSTACK           uninit   0x000300   0x100  <Block tail>
                            - 0x000400   0x100

"A2":                                     0x80
  INTVEC                      0x008000    0x80  <Block>
    .intvec          const    0x008000    0x80  interrupt.o [4]
                            - 0x008080    0x80

"P3-P5":                                0x170a
  .near_func.text    ro code  0x008080   0x32b  float.o [4]
  .near_func.text    ro code  0x0083ab   0x222  stm8s_uart1.o [1]
  .near_func.text    ro code  0x0085cd   0x149  long.o [4]
  .near_func.text    ro code  0x008716   0x112  vreg_util.o [4]
  .near_func.text    ro code  0x008828   0x110  stm8s_gpio.o [1]
  .near_func.text    ro code  0x008938    0xf8  timer_pwm.o [1]
  .near_func.text    ro code  0x008a30    0xd0  stm8s_uart1.o [1]
  .near_func.text    ro code  0x008b00    0xac  stm8s_tim2.o [1]
  .near_func.text    ro code  0x008bac    0xac  stm8s_tim2.o [1]
  .near_func.text    ro code  0x008c58    0x8b  stm8s_clk.o [1]
  .near_func.text    ro code  0x008ce3    0x6d  stm8s_tim1.o [1]
  .near.rodata       const    0x008d50    0x63  stm8s_uart1.o [1]
  .near.rodata       const    0x008db3    0x62  stm8s_gpio.o [1]
  .near.rodata       const    0x008e15    0x62  stm8s_tim1.o [1]
  .near.rodata       const    0x008e77    0x62  stm8s_tim2.o [1]
  .near.rodata       const    0x008ed9    0x61  stm8s_clk.o [1]
  .near_func.text    ro code  0x008f3a    0x60  stm8s_tim1.o [1]
  .near_func.text    ro code  0x008f9a    0x57  stm8s_clk.o [1]
  .near_func.text    ro code  0x008ff1    0x54  commands.o [1]
  .near_func.text    ro code  0x009045    0x4e  stm8s_tim1.o [1]
  .near_func.text    ro code  0x009093    0x4d  nodecontrol.o [1]
  .near_func.text    ro code  0x0090e0    0x4b  main.o [1]
  .near_func.text    ro code  0x00912b    0x47  long_util.o [4]
  .near_func.text    ro code  0x009172    0x3f  commands.o [1]
  .near_func.text    ro code  0x0091b1    0x3d  stm8s_clk.o [1]
  .near_func.text    ro code  0x0091ee    0x3b  transport.o [1]
  .near_func.text    ro code  0x009229    0x35  main.o [1]
  .near_func.text    ro code  0x00925e    0x35  stm8s_tim1.o [1]
  .near_func.text    ro code  0x009293    0x33  gpio_util.o [1]
  .near_func.text    ro code  0x0092c6    0x2f  stm8s_tim1.o [1]
  .near_func.text    ro code  0x0092f5    0x2f  stm8s_tim2.o [1]
  .near_func.text    ro code  0x009324    0x2f  stm8s_tim2.o [1]
  .near_func.text    ro code  0x009353    0x2f  stm8s_tim2.o [1]
  .near_func.text    ro code  0x009382    0x2f  stm8s_tim2.o [1]
  .near_func.text    ro code  0x0093b1    0x2e  transport.o [1]
  .near_func.text    ro code  0x0093df    0x2d  stm8s_uart1.o [1]
  .near_func.text    ro code  0x00940c    0x2b  transport.o [1]
  .near_func.text    ro code  0x009437    0x2b  short.o [4]
  .near_func.text    ro code  0x009462    0x28  timer_counter.o [1]
  .near_func.text    ro code  0x00948a    0x28  init_small.o [4]
  .near_func.text    ro code  0x0094b2    0x27  stm8s_it.o [1]
  .near_func.text    ro code  0x0094d9    0x27  transport.o [1]
  .near_func.text    ro code  0x009500    0x26  main.o [1]
  .near_func.text    ro code  0x009526    0x25  ir_transmitter.o [1]
  .near_func.text    ro code  0x00954b    0x25  dc_util.o [4]
  .near_func.text    ro code  0x009570    0x24  stm8s_it.o [1]
  .near_func.text    ro code  0x009594    0x23  TaskManager.o [1]
  .near_func.text    ro code  0x0095b7    0x21  led_controller.o [1]
  .iar.init_table    const    0x0095d8    0x12  - Linker created -
  .near_func.text    ro code  0x0095ea    0x20  ir_transmitter.o [1]
  .near_func.text    ro code  0x00960a    0x1f  move.o [4]
  .near_func.text    ro code  0x009629    0x1e  init_small.o [4]
  .near_func.text    ro code  0x009647    0x1c  main.o [1]
  .near_func.text    ro code  0x009663    0x1a  main.o [1]
  .near_func.text    ro code  0x00967d    0x19  stm8s_it.o [1]
  .near_func.text    ro code  0x009696    0x14  init.o [4]
  .near_func.text    ro code  0x0096aa    0x14  __dbg_xxexit.o [3]
  .near_func.text    ro code  0x0096be    0x13  cstartup.o [4]
  .near_func.text    ro code  0x0096d1    0x10  TaskManager.o [1]
  .near_func.text    ro code  0x0096e1     0xf  timer_counter.o [1]
  .near_func.text    ro code  0x0096f0     0xe  gpio_util.o [1]
  .near_func.text    ro code  0x0096fe     0xc  stm8s_tim2.o [1]
  .near_func.text    ro code  0x00970a     0xb  gpio_util.o [1]
  .near_func.text    ro code  0x009715     0x9  main.o [1]
  .near_func.text    ro code  0x00971e     0x9  stm8s_tim2.o [1]
  .near_func.text    ro code  0x009727     0x7  stm8s_gpio.o [1]
  .near_func.text    ro code  0x00972e     0x6  timer_counter.o [1]
  .near_func.text    ro code  0x009734     0x6  transport.o [1]
  .near_func.text    ro code  0x00973a     0x6  transport.o [1]
  .near_func.text    ro code  0x009740     0x5  cexit.o [4]
  .near.rodata       const    0x009745     0x4  stm8s_clk.o [1]
  .near_func.text    ro code  0x009749     0x4  ir_transmitter.o [1]
  .near_func.text    ro code  0x00974d     0x4  led_controller.o [1]
  .near_func.text    ro code  0x009751     0x4  stm8s_gpio.o [1]
  .near_func.text    ro code  0x009755     0x4  stm8s_uart1.o [1]
  .near_func.text    ro code  0x009759     0x4  stm8s_uart1.o [1]
  .near_func.text    ro code  0x00975d     0x4  transport.o [1]
  .near_func.text    ro code  0x009761     0x3  gpio_util.o [1]
  .near_func.text    ro code  0x009764     0x3  gpio_util.o [1]
  .near_func.text    ro code  0x009767     0x3  interrupt.o [4]
  .near_func.text    ro code  0x00976a     0x3  low_level_init.o [4]
  .near_func.text    ro code  0x00976d     0x3  exit.o [4]
  .near_func.text    ro code  0x009770     0x3  unhandled_exception.o [4]
  .near_func.text    ro code  0x009773     0x2  stm8s_gpio.o [1]
  Initializer bytes  const    0x009775     0x2  <for P2-1>
  .near_func.text    ro code  0x009777     0x1  ir_receiver.o [1]
  .near_func.text    ro code  0x009778     0x1  stm8s_it.o [1]
  .near_func.text    ro code  0x009779     0x1  stm8s_it.o [1]
  .near_func.text    ro code  0x00977a     0x1  stm8s_it.o [1]
  .near_func.text    ro code  0x00977b     0x1  stm8s_it.o [1]
  .near_func.text    ro code  0x00977c     0x1  stm8s_it.o [1]
  .near_func.text    ro code  0x00977d     0x1  stm8s_it.o [1]
  .near_func.text    ro code  0x00977e     0x1  stm8s_it.o [1]
  .near_func.text    ro code  0x00977f     0x1  stm8s_it.o [1]
  .near_func.text    ro code  0x009780     0x1  stm8s_it.o [1]
  .near_func.text    ro code  0x009781     0x1  stm8s_it.o [1]
  .near_func.text    ro code  0x009782     0x1  stm8s_it.o [1]
  .near_func.text    ro code  0x009783     0x1  stm8s_it.o [1]
  .near_func.text    ro code  0x009784     0x1  stm8s_it.o [1]
  .near_func.text    ro code  0x009785     0x1  stm8s_it.o [1]
  .near_func.text    ro code  0x009786     0x1  stm8s_it.o [1]
  .near_func.text    ro code  0x009787     0x1  stm8s_it.o [1]
  .near_func.text    ro code  0x009788     0x1  stm8s_it.o [1]
  .near_func.text    ro code  0x009789     0x1  __dbg_break.o [3]
                            - 0x00978a  0x170a


*******************************************************************************
*** INIT TABLE
***

          Address   Size
          -------   ----
Zero (__iar_zero_init2)
    1 destination range, total size 0x12a:
          0x000012  0x12a

Copy (__iar_copy_init2)
    1 source range, total size 0x2:
          0x009775    0x2
    1 destination range, total size 0x2:
          0x000010    0x2



*******************************************************************************
*** MODULE SUMMARY
***

    Module                 ro code  ro data  rw data
    ------                 -------  -------  -------
E:\03-DuAn\LedController\LedController\02-Software\RS485Master\Debug\Obj: [1]
    TaskManager.o               51                21
    commands.o                 147                22
    gpio_util.o                 82
    ir_receiver.o                1
    ir_transmitter.o            73        1        3
    led_controller.o            37                 1
    main.o                     229                 6
    nodecontrol.o               77               100
    stm8s_clk.o                287      101
    stm8s_gpio.o               285       98
    stm8s_it.o                 117
    stm8s_tim1.o               383       98
    stm8s_tim2.o               553       98
    stm8s_uart1.o              807       99
    timer_counter.o             61                 4
    timer_pwm.o                248        1       10
    transport.o                203               133
    ------------------------------------------------
    Total:                   3 641      496      300

command line: [2]
    ------------------------------------------------
    Total:

dbgstm8smd.a: [3]
    __dbg_break.o                1
    __dbg_xxexit.o              20
    ------------------------------------------------
    Total:                      21

dlstm8smn.a: [4]
    cexit.o                      5
    cstartup.o                  19
    dc_util.o                   37
    exit.o                       3
    float.o                    811
    init.o                      20
    init_small.o                70
    interrupt.o                  3      128
    long.o                     329
    long_util.o                 71
    low_level_init.o             3
    move.o                      31
    short.o                     43
    unhandled_exception.o        3
    vreg_util.o                274
    vregs.o                                       16
    ------------------------------------------------
    Total:                   1 722      128       16

    Linker created                       18      256
----------------------------------------------------
    Grand Total:             5 384      642      572


*******************************************************************************
*** ENTRY LIST
***

Entry                    Address   Size  Type      Object
-----                    -------   ----  ----      ------
.iar.init_table$$Base   0x0095d8          --   Gb  - Linker created -
.iar.init_table$$Limit  0x0095ea          --   Gb  - Linker created -
?b0                     0x000000         Data  Gb  vregs.o [4]
?b1                     0x000001         Data  Gb  vregs.o [4]
?b10                    0x00000a         Data  Gb  vregs.o [4]
?b11                    0x00000b         Data  Gb  vregs.o [4]
?b12                    0x00000c         Data  Gb  vregs.o [4]
?b13                    0x00000d         Data  Gb  vregs.o [4]
?b14                    0x00000e         Data  Gb  vregs.o [4]
?b15                    0x00000f         Data  Gb  vregs.o [4]
?b2                     0x000002         Data  Gb  vregs.o [4]
?b3                     0x000003         Data  Gb  vregs.o [4]
?b4                     0x000004         Data  Gb  vregs.o [4]
?b5                     0x000005         Data  Gb  vregs.o [4]
?b6                     0x000006         Data  Gb  vregs.o [4]
?b7                     0x000007         Data  Gb  vregs.o [4]
?b8                     0x000008         Data  Gb  vregs.o [4]
?b9                     0x000009         Data  Gb  vregs.o [4]
?dc32_l0                0x00954b         Code  Gb  dc_util.o [4]
?dc32_l1                0x009558         Code  Gb  dc_util.o [4]
?dc32_px                0x009565         Code  Gb  dc_util.o [4]
?e0                     0x000001         Data  Gb  vregs.o [4]
?e1                     0x000005         Data  Gb  vregs.o [4]
?e2                     0x000009         Data  Gb  vregs.o [4]
?e3                     0x00000d         Data  Gb  vregs.o [4]
?epilogue_l2            0x0087b1         Code  Gb  vreg_util.o [4]
?epilogue_l2_l3         0x0087ae         Code  Gb  vreg_util.o [4]
?epilogue_l2_w6         0x0087b5         Code  Gb  vreg_util.o [4]
?epilogue_w4            0x0087bc         Code  Gb  vreg_util.o [4]
?fadd32_l0_l0_0x        0x0080a6         Code  Gb  float.o [4]
?fadd32_l0_l0_l1        0x0080a9         Code  Gb  float.o [4]
?fcasts16f32_x_l0       0x00827d         Code  Gb  float.o [4]
?fcmpeq32_c_0x_fzero    0x008211         Code  Gb  float.o [4]
?fcmpge32_c_l0_0x       0x00821e         Code  Gb  float.o [4]
?fcmpge32_c_l0_dc32     0x008219         Code  Gb  float.o [4]
?fcmplt32_c_l0_0x       0x008227         Code  Gb  float.o [4]
?fcmplt32_c_l0_dc32     0x008222         Code  Gb  float.o [4]
?fmul32_l0_l0_dc32      0x008177         Code  Gb  float.o [4]
?fmul32_l0_l0_l1        0x00817c         Code  Gb  float.o [4]
?fsub32_l0_l0_0x        0x00809d         Code  Gb  float.o [4]
?fsub32_l0_l0_l1        0x0080a0         Code  Gb  float.o [4]
?inc32_0x_0x            0x0085d2         Code  Gb  long.o [4]
?inc32_l0_l0            0x0085cd         Code  Gb  long.o [4]
?l0                     0x000000         Data  Gb  vregs.o [4]
?l1                     0x000004         Data  Gb  vregs.o [4]
?l2                     0x000008         Data  Gb  vregs.o [4]
?l3                     0x00000c         Data  Gb  vregs.o [4]
?load32_0x_l0           0x009164         Code  Gb  long_util.o [4]
?load32_asp_l0          0x009158         Code  Gb  long_util.o [4]
?load32_dbsp_l0         0x009153         Code  Gb  long_util.o [4]
?load32_l0_0x           0x00913b         Code  Gb  long_util.o [4]
?load32_l0_asp          0x009130         Code  Gb  long_util.o [4]
?load32_l0_dbsp         0x00912b         Code  Gb  long_util.o [4]
?load32_l0_xsp          0x009132         Code  Gb  long_util.o [4]
?load32_l1_0x           0x009147         Code  Gb  long_util.o [4]
?load32_xsp_l0          0x00915a         Code  Gb  long_util.o [4]
?longfarg16_v_w0_a      0x009617         Code  Gb  move.o [4]
?longfarg16_v_w0_x      0x009619         Code  Gb  move.o [4]
?mov_e0_e1              0x0087c3         Code  Gb  vreg_util.o [4]
?mov_e0_e2              0x0087d0         Code  Gb  vreg_util.o [4]
?mov_e0_e3              0x0087dd         Code  Gb  vreg_util.o [4]
?mov_e1_e0              0x0087ea         Code  Gb  vreg_util.o [4]
?mov_e1_e2              0x0087f7         Code  Gb  vreg_util.o [4]
?mov_e1_e3              0x008804         Code  Gb  vreg_util.o [4]
?mov_e2_e0              0x008811         Code  Gb  vreg_util.o [4]
?mov_e3_e0              0x00881e         Code  Gb  vreg_util.o [4]
?mov_l0_l1              0x0087c0         Code  Gb  vreg_util.o [4]
?mov_l0_l2              0x0087cd         Code  Gb  vreg_util.o [4]
?mov_l0_l3              0x0087da         Code  Gb  vreg_util.o [4]
?mov_l1_l0              0x0087e7         Code  Gb  vreg_util.o [4]
?mov_l1_l2              0x0087f4         Code  Gb  vreg_util.o [4]
?mov_l1_l3              0x008801         Code  Gb  vreg_util.o [4]
?mov_l2_l0              0x00880e         Code  Gb  vreg_util.o [4]
?mov_l3_l0              0x00881b         Code  Gb  vreg_util.o [4]
?mov_w1_w3              0x0087c6         Code  Gb  vreg_util.o [4]
?mov_w1_w5              0x0087d3         Code  Gb  vreg_util.o [4]
?mov_w1_w7              0x0087e0         Code  Gb  vreg_util.o [4]
?mov_w3_w1              0x0087ed         Code  Gb  vreg_util.o [4]
?mov_w3_w5              0x0087fa         Code  Gb  vreg_util.o [4]
?mov_w3_w7              0x008807         Code  Gb  vreg_util.o [4]
?mov_w5_w1              0x008814         Code  Gb  vreg_util.o [4]
?mov_w7_w1              0x008821         Code  Gb  vreg_util.o [4]
?move1616_v_x_y_a       0x00960a         Code  Gb  move.o [4]
?mul16_x_x_w0           0x009437         Code  Gb  short.o [4]
?mul32_l0_l0_0x         0x0085fe         Code  Gb  long.o [4]
?mul32_l0_l0_dl         0x0085fb         Code  Gb  long.o [4]
?mul32_l0_l0_l1         0x008607         Code  Gb  long.o [4]
?pop_l0                 0x00877a         Code  Gb  vreg_util.o [4]
?pop_l1                 0x008785         Code  Gb  vreg_util.o [4]
?pop_l2                 0x008790         Code  Gb  vreg_util.o [4]
?pop_l3                 0x00879b         Code  Gb  vreg_util.o [4]
?pop_w4                 0x008733         Code  Gb  vreg_util.o [4]
?pop_w6                 0x00873a         Code  Gb  vreg_util.o [4]
?push_l0                0x008749         Code  Gb  vreg_util.o [4]
?push_l1                0x00874e         Code  Gb  vreg_util.o [4]
?push_l2                0x008753         Code  Gb  vreg_util.o [4]
?push_l3                0x008758         Code  Gb  vreg_util.o [4]
?push_w4                0x008716         Code  Gb  vreg_util.o [4]
?push_w6                0x00871b         Code  Gb  vreg_util.o [4]
?sll16_x_x_a            0x009455         Code  Gb  short.o [4]
?sll32_0x_0x_a          0x008708         Code  Gb  long.o [4]
?sll32_l0_l0_a          0x008705         Code  Gb  long.o [4]
?srl16_x_x_4            0x00945d         Code  Gb  short.o [4]
?sub32_l0_l0_0x         0x0085e3         Code  Gb  long.o [4]
?sub32_l0_l0_l1         0x0085e0         Code  Gb  long.o [4]
?ucmp32_c_l0_l1         0x0086fa         Code  Gb  long.o [4]
?udiv32_l0_dl_l1        0x008685         Code  Gb  long.o [4]
?udiv32_l0_l0_dl        0x00868a         Code  Gb  long.o [4]
?udiv32_l0_l0_l1        0x00868d         Code  Gb  long.o [4]
?umod32_l1_l0_l1        0x00868d         Code  Gb  long.o [4]
?w0                     0x000000         Data  Gb  vregs.o [4]
?w1                     0x000002         Data  Gb  vregs.o [4]
?w2                     0x000004         Data  Gb  vregs.o [4]
?w3                     0x000006         Data  Gb  vregs.o [4]
?w4                     0x000008         Data  Gb  vregs.o [4]
?w5                     0x00000a         Data  Gb  vregs.o [4]
?w6                     0x00000c         Data  Gb  vregs.o [4]
?w7                     0x00000e         Data  Gb  vregs.o [4]
ADC1_IRQHandler         0x009786    0x1  Code  Gb  stm8s_it.o [1]
AWU_IRQHandler          0x00977a    0x1  Code  Gb  stm8s_it.o [1]
CLK_GetClockFreq        0x008f9a   0x57  Code  Gb  stm8s_clk.o [1]
CLK_HSIPrescalerConfig  0x0091b1   0x3d  Code  Gb  stm8s_clk.o [1]
CLK_IRQHandler          0x00977b    0x1  Code  Gb  stm8s_it.o [1]
CLK_SYSCLKConfig        0x008c58   0x8b  Code  Gb  stm8s_clk.o [1]
CSTACK$$Base            0x000300          --   Gb  - Linker created -
CSTACK$$Limit           0x000400          --   Gb  - Linker created -
Clock_Config            0x009715    0x9  Code  Gb  main.o [1]
Command_Task            0x008ff1   0x54  Code  Gb  commands.o [1]
EEPROM_EEC_IRQHandler   0x009788    0x1  Code  Gb  stm8s_it.o [1]
EXTI_PORTA_IRQHandler   0x00977c    0x1  Code  Gb  stm8s_it.o [1]
EXTI_PORTB_IRQHandler   0x00977d    0x1  Code  Gb  stm8s_it.o [1]
EXTI_PORTC_IRQHandler   0x00977e    0x1  Code  Gb  stm8s_it.o [1]
EXTI_PORTD_IRQHandler   0x00977f    0x1  Code  Gb  stm8s_it.o [1]
EXTI_PORTE_IRQHandler   0x009780    0x1  Code  Gb  stm8s_it.o [1]
GPIO_Init               0x008828  0x110  Code  Gb  stm8s_gpio.o [1]
GPIO_ReadOutputData     0x009773    0x2  Code  Gb  stm8s_gpio.o [1]
GPIO_Util_Init_As_Out   0x00970a    0xb  Code  Gb  gpio_util.o [1]
GPIO_Util_ReadValue     0x0096f0    0xe  Code  Gb  gpio_util.o [1]
GPIO_Util_Toggle        0x009293   0x33  Code  Gb  gpio_util.o [1]
GPIO_Util_WriteHigh     0x009761    0x3  Code  Gb  gpio_util.o [1]
GPIO_Util_WriteLow      0x009764    0x3  Code  Gb  gpio_util.o [1]
GPIO_WriteHigh          0x009727    0x7  Code  Gb  stm8s_gpio.o [1]
GPIO_WriteLow           0x009751    0x4  Code  Gb  stm8s_gpio.o [1]
HSIDivFactor            0x009745    0x4  Data  Gb  stm8s_clk.o [1]
I2C_IRQHandler          0x009785    0x1  Code  Gb  stm8s_it.o [1]
INTVEC$$Base            0x008000          --   Gb  - Linker created -
INTVEC$$Limit           0x008080          --   Gb  - Linker created -
IR_Receiver_Init        0x009777    0x1  Code  Gb  ir_receiver.o [1]
IR_Transmitter_GetMode  0x009749    0x4  Code  Gb  ir_transmitter.o [1]
IR_Transmitter_Init     0x009526   0x25  Code  Gb  ir_transmitter.o [1]
IR_Transmitter_Task     0x0095ea   0x20  Code  Gb  ir_transmitter.o [1]
IR_Transmitter_Task{1}{2}::counter
                        0x000133    0x1  Data  Lc  ir_transmitter.o [1]
Led_Control_GetMode     0x00974d    0x4  Code  Gb  led_controller.o [1]
Led_Control_Init        0x0095b7   0x21  Code  Gb  led_controller.o [1]
Node_Control_InitNodes  0x009093   0x4d  Code  Gb  nodecontrol.o [1]
Region$$Table$$Base     0x0095d8          --   Gb  - Linker created -
Region$$Table$$Limit    0x0095ea          --   Gb  - Linker created -
SPI_IRQHandler          0x009781    0x1  Code  Gb  stm8s_it.o [1]
System_Init             0x009663   0x1a  Code  Gb  main.o [1]
TIM1_CAP_COM_IRQHandler
                        0x009782    0x1  Code  Gb  stm8s_it.o [1]
TIM1_ClearFlag          0x00925e   0x35  Code  Gb  stm8s_tim1.o [1]
TIM1_Cmd                0x0092c6   0x2f  Code  Gb  stm8s_tim1.o [1]
TIM1_GetITStatus        0x008ce3   0x6d  Code  Gb  stm8s_tim1.o [1]
TIM1_ITConfig           0x009045   0x4e  Code  Gb  stm8s_tim1.o [1]
TIM1_TimeBaseInit       0x008f3a   0x60  Code  Gb  stm8s_tim1.o [1]
TIM1_UPD_OVF_TRG_BRK_IRQHandler
                        0x009570   0x24  Code  Gb  stm8s_it.o [1]
TIM2_ARRPreloadConfig   0x009324   0x2f  Code  Gb  stm8s_tim2.o [1]
TIM2_CAP_COM_IRQHandler
                        0x009784    0x1  Code  Gb  stm8s_it.o [1]
TIM2_Cmd                0x0092f5   0x2f  Code  Gb  stm8s_tim2.o [1]
TIM2_OC1Init            0x008b00   0xac  Code  Gb  stm8s_tim2.o [1]
TIM2_OC1PreloadConfig   0x009353   0x2f  Code  Gb  stm8s_tim2.o [1]
TIM2_OC3Init            0x008bac   0xac  Code  Gb  stm8s_tim2.o [1]
TIM2_OC3PreloadConfig   0x009382   0x2f  Code  Gb  stm8s_tim2.o [1]
TIM2_SetCompare1        0x00971e    0x9  Code  Gb  stm8s_tim2.o [1]
TIM2_TimeBaseInit       0x0096fe    0xc  Code  Gb  stm8s_tim2.o [1]
TIM2_UPD_OVF_BRK_IRQHandler
                        0x009783    0x1  Code  Gb  stm8s_it.o [1]
TIM4_UPD_OVF_IRQHandler
                        0x009787    0x1  Code  Gb  stm8s_it.o [1]
TLI_IRQHandler          0x009779    0x1  Code  Gb  stm8s_it.o [1]
TRAP_IRQHandler         0x009778    0x1  Code  Gb  stm8s_it.o [1]
Task_Init               0x009500   0x26  Code  Gb  main.o [1]
Task_Manager_AddTask    0x0096d1   0x10  Code  Gb  TaskManager.o [1]
Task_Manager_PerformTask
                        0x009594   0x23  Code  Gb  TaskManager.o [1]
Test_Task               0x009647   0x1c  Code  Gb  main.o [1]
Test_Task::counter      0x00012e    0x2  Data  Lc  main.o [1]
Timer_Connter_Init_Timer
                        0x009462   0x1d  Code  Gb  timer_counter.o [1]
Timer_Counter_GetCounter
                        0x00972e    0x6  Code  Gb  timer_counter.o [1]
Timer_Counter_IncreaseCounter
                        0x0096e1    0xf  Code  Gb  timer_counter.o [1]
Timer_Counter_Init      0x00947f    0xb  Code  Gb  timer_counter.o [1]
Timer_PWM_IR_Transmitter_Init
                        0x00899a   0x3a  Code  Gb  timer_pwm.o [1]
Timer_PWM_Init          0x00894b   0x4f  Code  Gb  timer_pwm.o [1]
Timer_PWM_Update_Period
                        0x0089d4   0x5c  Code  Gb  timer_pwm.o [1]
Transport_GetRxBufferSize
                        0x00975d    0x4  Code  Gb  transport.o [1]
Transport_Init          0x00940c   0x2b  Code  Gb  transport.o [1]
Transport_RxPop         0x0091ee   0x3b  Code  Gb  transport.o [1]
Transport_RxPush        0x0094d9   0x27  Code  Gb  transport.o [1]
Transport_TxPop         0x0093b1   0x2e  Code  Gb  transport.o [1]
UART1_DeInit            0x0093df   0x2d  Code  Gb  stm8s_uart1.o [1]
UART1_ITConfig          0x008a30   0xd0  Code  Gb  stm8s_uart1.o [1]
UART1_Init              0x0083ab  0x222  Code  Gb  stm8s_uart1.o [1]
UART1_RX_IRQHandler     0x00967d   0x19  Code  Gb  stm8s_it.o [1]
UART1_ReceiveData8      0x009755    0x4  Code  Gb  stm8s_uart1.o [1]
UART1_SendData8         0x009759    0x4  Code  Gb  stm8s_uart1.o [1]
UART1_TX_IRQHandler     0x0094b2   0x27  Code  Gb  stm8s_it.o [1]
__DebugBreak            0x009789    0x1  Code  Gb  __dbg_break.o [3]
__exit                  0x0096aa   0x14  Code  Gb  __dbg_xxexit.o [3]
__iar_copy_init2        0x00948a         Code  Gb  init_small.o [4]
__iar_data_init2        0x009696   0x14  Code  Gb  init.o [4]
__iar_program_start     0x0096be         Code  Gb  cstartup.o [4]
__iar_unhandled_exception
                        0x009770         Code  Gb  unhandled_exception.o [4]
__iar_zero_init2        0x009629         Code  Gb  init_small.o [4]
__intvec                0x008000         Data  Gb  interrupt.o [4]
__low_level_init        0x00976a    0x3  Code  Gb  low_level_init.o [4]
_exit                   0x009740         Code  Gb  cexit.o [4]
_interrupt_1            0x009778         Code  Gb  stm8s_it.o [1]
_interrupt_12           0x009781         Code  Gb  stm8s_it.o [1]
_interrupt_13           0x009570         Code  Gb  stm8s_it.o [1]
_interrupt_14           0x009782         Code  Gb  stm8s_it.o [1]
_interrupt_15           0x009783         Code  Gb  stm8s_it.o [1]
_interrupt_16           0x009784         Code  Gb  stm8s_it.o [1]
_interrupt_19           0x0094b2         Code  Gb  stm8s_it.o [1]
_interrupt_2            0x009779         Code  Gb  stm8s_it.o [1]
_interrupt_20           0x00967d         Code  Gb  stm8s_it.o [1]
_interrupt_21           0x009785         Code  Gb  stm8s_it.o [1]
_interrupt_24           0x009786         Code  Gb  stm8s_it.o [1]
_interrupt_25           0x009787         Code  Gb  stm8s_it.o [1]
_interrupt_26           0x009788         Code  Gb  stm8s_it.o [1]
_interrupt_3            0x00977a         Code  Gb  stm8s_it.o [1]
_interrupt_4            0x00977b         Code  Gb  stm8s_it.o [1]
_interrupt_5            0x00977c         Code  Gb  stm8s_it.o [1]
_interrupt_6            0x00977d         Code  Gb  stm8s_it.o [1]
_interrupt_7            0x00977e         Code  Gb  stm8s_it.o [1]
_interrupt_8            0x00977f         Code  Gb  stm8s_it.o [1]
_interrupt_9            0x009780         Code  Gb  stm8s_it.o [1]
active_period           0x000126    0x4  Data  Gb  timer_pwm.o [1]
assert_failed           0x009229   0x35  Code  Gb  main.o [1]
assert_failed::counter  0x00011e    0x4  Data  Lc  main.o [1]
change_factor           0x00012a    0x4  Data  Gb  timer_pwm.o [1]
cmd_cnt                 0x000131    0x1  Data  Gb  commands.o [1]
cmd_push                0x009172   0x3f  Code  Gb  commands.o [1]
cmd_wr_idx              0x000130    0x1  Data  Gb  commands.o [1]
commands                0x0000f6   0x14  Data  Gb  commands.o [1]
exit                    0x00976d    0x3  Code  Gb  exit.o [4]
gpio_state              0x000011    0x1  Data  Gb  timer_pwm.o [1]
is_configured           0x000136    0x1  Data  Gb  timer_pwm.o [1]
main                    0x0090e0   0x4b  Code  Gb  main.o [1]
nodes                   0x000012   0x64  Data  Gb  nodecontrol.o [1]
running_mode            0x000132    0x1  Data  Gb  ir_transmitter.o [1]
running_mode            0x000134    0x1  Data  Lc  led_controller.o [1]
rx_buff                 0x0000b6   0x40  Data  Gb  transport.o [1]
rx_cnt                  0x00013b    0x1  Data  Gb  transport.o [1]
rx_interrupt_config     0x00973a    0x6  Code  Gb  transport.o [1]
rx_rd_idx               0x00013a    0x1  Data  Gb  transport.o [1]
rx_wr_idx               0x000139    0x1  Data  Gb  transport.o [1]
task_Index              0x000135    0x1  Data  Gb  TaskManager.o [1]
tasks                   0x00010a   0x14  Data  Gb  TaskManager.o [1]
time_prescaler          0x000010    0x1  Data  Gb  ir_transmitter.o [1]
timer_counter           0x000122    0x4  Data  Lc  timer_counter.o [1]
tx_buff                 0x000076   0x40  Data  Gb  transport.o [1]
tx_cnt                  0x000138    0x1  Data  Gb  transport.o [1]
tx_interrupt_config     0x009734    0x6  Code  Gb  transport.o [1]
tx_rd_idx               0x000137    0x1  Data  Gb  transport.o [1]
update_duty_cycle       0x008938   0x13  Code  Gb  timer_pwm.o [1]


[1] = E:\03-DuAn\LedController\LedController\02-Software\RS485Master\Debug\Obj
[2] = command line
[3] = dbgstm8smd.a
[4] = dlstm8smn.a

  5 384 bytes of readonly  code memory
    642 bytes of readonly  data memory
    572 bytes of readwrite data memory

Errors: none
Warnings: none
