###############################################################################
#
# IAR ELF Linker V3.10.1.201 for STM8                     16/Jan/2019  22:02:24
# Copyright 2010-2017 IAR Systems AB.
#
#    Output file  =  
#        E:\03-DuAn\LedController\LedController\02-Software\RS485Master\Debug\Exe\RS485.out
#    Map file     =  
#        E:\03-DuAn\LedController\LedController\02-Software\RS485Master\Debug\List\RS485.map
#    Command line =  
#        -f C:\Users\hungn\AppData\Local\Temp\EW9FCD.tmp
#        (E:\03-DuAn\LedController\LedController\02-Software\RS485Master\Debug\Obj\commands.o
#        E:\03-DuAn\LedController\LedController\02-Software\RS485Master\Debug\Obj\gpio_util.o
#        E:\03-DuAn\LedController\LedController\02-Software\RS485Master\Debug\Obj\ir_receiver.o
#        E:\03-DuAn\LedController\LedController\02-Software\RS485Master\Debug\Obj\ir_transmitter.o
#        E:\03-DuAn\LedController\LedController\02-Software\RS485Master\Debug\Obj\led_controller.o
#        E:\03-DuAn\LedController\LedController\02-Software\RS485Master\Debug\Obj\main.o
#        E:\03-DuAn\LedController\LedController\02-Software\RS485Master\Debug\Obj\nodecontrol.o
#        E:\03-DuAn\LedController\LedController\02-Software\RS485Master\Debug\Obj\nodestatemanager.o
#        E:\03-DuAn\LedController\LedController\02-Software\RS485Master\Debug\Obj\stm8s_adc1.o
#        E:\03-DuAn\LedController\LedController\02-Software\RS485Master\Debug\Obj\stm8s_clk.o
#        E:\03-DuAn\LedController\LedController\02-Software\RS485Master\Debug\Obj\stm8s_gpio.o
#        E:\03-DuAn\LedController\LedController\02-Software\RS485Master\Debug\Obj\stm8s_it.o
#        E:\03-DuAn\LedController\LedController\02-Software\RS485Master\Debug\Obj\stm8s_itc.o
#        E:\03-DuAn\LedController\LedController\02-Software\RS485Master\Debug\Obj\stm8s_tim1.o
#        E:\03-DuAn\LedController\LedController\02-Software\RS485Master\Debug\Obj\stm8s_tim2.o
#        E:\03-DuAn\LedController\LedController\02-Software\RS485Master\Debug\Obj\stm8s_uart1.o
#        E:\03-DuAn\LedController\LedController\02-Software\RS485Master\Debug\Obj\TaskManager.o
#        E:\03-DuAn\LedController\LedController\02-Software\RS485Master\Debug\Obj\timer_counter.o
#        E:\03-DuAn\LedController\LedController\02-Software\RS485Master\Debug\Obj\timer_pwm.o
#        E:\03-DuAn\LedController\LedController\02-Software\RS485Master\Debug\Obj\transport.o
#        --redirect _Printf=_PrintfFullNoMb --redirect _Scanf=_ScanfFullNoMb -o
#        E:\03-DuAn\LedController\LedController\02-Software\RS485Master\Debug\Exe\RS485.out
#        --map
#        E:\03-DuAn\LedController\LedController\02-Software\RS485Master\Debug\List\RS485.map
#        --config "C:\Program Files (x86)\IAR Systems\Embedded Workbench
#        8.0\stm8\config\lnkstm8s003f3.icf" --config_def _CSTACK_SIZE=0x100
#        --config_def _HEAP_SIZE=0x100 --entry __iar_program_start --debug_lib)
#
###############################################################################

*******************************************************************************
*** MESSAGES
***

Error[Lp011]: section placement failed
            unable to allocate space for sections/blocks with a total estimated
                      minimum size of 0x2291 bytes (max align 0x1) in
                      <[0x008000-0x009fff]> (total uncommitted space 0x1f80).
Error[Li016]: size limit exceeded. The application needs 0x22ff (8 959) bytes,
          which is greater than the limit of 0x2000 (8 192) bytes.


*******************************************************************************
*** RUNTIME MODEL ATTRIBUTES
***

__SystemLibrary            = DLib
__code_model               = small
__core                     = stm8
__data_model               = medium
__dlib_file_descriptor     = 0
__dlib_full_locale_support = 0
__rt_version               = 4


*******************************************************************************
*** PLACEMENT SUMMARY
***

"A0":  place at start of [0x000000-0x0000ff] { rw section .vregs };
"A1":  place at end of [0x000000-0x0003ff] { block CSTACK };
"P2":  place in [from 0x000000 to 0x0003ff] {
          block HEAP, rw section __DLIB_PERTHREAD, rw section .far.bss,
          rw section .far.data, rw section .far.noinit,
          rw section .far_func.textrw, rw section .huge.bss,
          rw section .huge.data, rw section .huge.noinit,
          rw section .huge_func.textrw, rw section .iar.dynexit,
          rw section .near.bss, rw section .near.data, rw section .near.noinit,
          rw section .near_func.textrw };
"A2":  place at start of [0x008000-0x009fff] { block INTVEC };
"P3":  place in [from 0x008000 to 0x009fff] {
          ro section __DLIB_PERTHREAD_init, ro section .far.data_init,
          ro section .far_func.textrw_init, ro section .huge.data_init,
          ro section .huge_func.textrw_init, ro section .iar.init_table,
          ro section .init_array, ro section .near.data_init,
          ro section .near.rodata, ro section .near_func.text,
          ro section .near_func.textrw_init, ro section .tiny.data_init,
          ro section .tiny.rodata_init };
"P4":  place in [from 0x008000 to 0x009fff] {
          ro section .far.rodata, ro section .far_func.text };
"P5":  place in [from 0x008000 to 0x009fff] {
          ro section .huge.rodata, ro section .huge_func.text };
do not initialize {
   rw section .eeprom.noinit, rw section .far.noinit, rw section .huge.noinit,
   rw section .near.noinit, rw section .tiny.noinit, rw section .vregs };
initialize by copy {
   rw section .far.bss, rw section .far.data, rw section .far_func.textrw,
   rw section .huge.bss, rw section .huge.data, rw section .huge_func.textrw,
   rw section .iar.dynexit, rw section .near.bss, rw section .near.data,
   rw section .near_func.textrw, rw section .tiny.bss, rw section .tiny.data,
   ro section .tiny.rodata };

  Section            Kind      Address    Size  Object
  -------            ----      -------    ----  ------
"A0":                                     0x10
  .vregs             uninit   0x000000    0x10  vregs.o [4]
                            - 0x000010    0x10

"P2", part 1 of 2:                         0x2
  P2-1                        0x000010     0x2  <Init block>
    .near.data       inited   0x000010     0x1  ir_transmitter.o [1]
    .near.data       inited   0x000011     0x1  timer_pwm.o [1]
                            - 0x000012     0x2

"P2", part 2 of 2:                       0x169
  .near.bss          zero     0x000012    0x64  nodecontrol.o [1]
  .near.bss          zero     0x000076    0x40  transport.o [1]
  .near.bss          zero     0x0000b6    0x40  transport.o [1]
  .near.bss          zero     0x0000f6    0x28  TaskManager.o [1]
  .near.bss          zero     0x00011e    0x14  commands.o [1]
  .near.bss          zero     0x000132     0x5  ir_receiver.o [1]
  .near.bss          zero     0x000137     0x4  ir_receiver.o [1]
  .near.bss          zero     0x00013b     0x4  ir_receiver.o [1]
  .near.bss          zero     0x00013f     0x4  ir_receiver.o [1]
  .near.bss          zero     0x000143     0x4  ir_receiver.o [1]
  .near.bss          zero     0x000147     0x4  ir_receiver.o [1]
  .near.bss          zero     0x00014b     0x4  main.o [1]
  .near.bss          zero     0x00014f     0x4  timer_counter.o [1]
  .near.bss          zero     0x000153     0x4  timer_pwm.o [1]
  .near.bss          zero     0x000157     0x4  timer_pwm.o [1]
  .near.bss          zero     0x00015b     0x2  ir_receiver.o [1]
  .near.bss          zero     0x00015d     0x2  ir_receiver.o [1]
  .near.bss          zero     0x00015f     0x2  ir_receiver.o [1]
  .near.bss          zero     0x000161     0x2  main.o [1]
  .near.bss          zero     0x000163     0x2  nodecontrol.o [1]
  .near.bss          zero     0x000165     0x2  nodestatemanager.o [1]
  .near.bss          zero     0x000167     0x1  commands.o [1]
  .near.bss          zero     0x000168     0x1  commands.o [1]
  .near.bss          zero     0x000169     0x1  commands.o [1]
  .near.bss          zero     0x00016a     0x1  ir_receiver.o [1]
  .near.bss          zero     0x00016b     0x1  ir_receiver.o [1]
  .near.bss          zero     0x00016c     0x1  ir_receiver.o [1]
  .near.bss          zero     0x00016d     0x1  ir_transmitter.o [1]
  .near.bss          zero     0x00016e     0x1  ir_transmitter.o [1]
  .near.bss          zero     0x00016f     0x1  led_controller.o [1]
  .near.bss          zero     0x000170     0x1  nodecontrol.o [1]
  .near.bss          zero     0x000171     0x1  nodecontrol.o [1]
  .near.bss          zero     0x000172     0x1  nodecontrol.o [1]
  .near.bss          zero     0x000173     0x1  TaskManager.o [1]
  .near.bss          zero     0x000174     0x1  timer_pwm.o [1]
  .near.bss          zero     0x000175     0x1  transport.o [1]
  .near.bss          zero     0x000176     0x1  transport.o [1]
  .near.bss          zero     0x000177     0x1  transport.o [1]
  .near.bss          zero     0x000178     0x1  transport.o [1]
  .near.bss          zero     0x000179     0x1  transport.o [1]
  .near.bss          zero     0x00017a     0x1  transport.o [1]
                            - 0x00017b   0x169

"A1":                                    0x100
  CSTACK                      0x000300   0x100  <Block>
    CSTACK           uninit   0x000300   0x100  <Block tail>
                            - 0x000400   0x100

"A2":                                     0x80
  INTVEC                      0x008000    0x80  <Block>
    .intvec          const    0x008000    0x80  interrupt.o [4]
                            - 0x008080    0x80

"P3-P5" (*** FAILED ***):               0x2291
  .near_func.text    ro code             0x405  float.o [4]
  .near_func.text    ro code             0x222  stm8s_uart1.o [1]
  .near_func.text    ro code             0x1bf  ir_receiver.o [1]
  .near_func.text    ro code             0x1bf  nodecontrol.o [1]
  .near_func.text    ro code             0x19a  stm8s_adc1.o [1]
  .near_func.text    ro code             0x17b  long.o [4]
  .near_func.text    ro code             0x152  stm8s_itc.o [1]
  .near_func.text    ro code             0x112  vreg_util.o [4]
  .near_func.text    ro code             0x110  stm8s_gpio.o [1]
  .near_func.text    ro code              0xfc  stm8s_adc1.o [1]
  .near_func.text    ro code              0xf8  timer_pwm.o [1]
  .near_func.text    ro code              0xd3  stm8s_uart1.o [1]
  .near_func.text    ro code              0xd0  stm8s_uart1.o [1]
  .near_func.text    ro code              0xbe  stm8s_adc1.o [1]
  .near_func.text    ro code              0xac  stm8s_tim2.o [1]
  .near_func.text    ro code              0xac  stm8s_tim2.o [1]
  .near_func.text    ro code              0x8b  stm8s_clk.o [1]
  .near_func.text    ro code              0x6d  stm8s_tim1.o [1]
  .near_func.text    ro code              0x6b  nodecontrol.o [1]
  .near_func.text    ro code              0x60  stm8s_tim1.o [1]
  .near_func.text    ro code              0x59  stm8s_adc1.o [1]
  .near_func.text    ro code              0x57  stm8s_clk.o [1]
  .near_func.text    ro code              0x56  main.o [1]
  .near_func.text    ro code              0x55  nodecontrol.o [1]
  .near_func.text    ro code              0x55  stm8s_adc1.o [1]
  .near_func.text    ro code              0x55  stm8s_adc1.o [1]
  .near_func.text    ro code              0x54  commands.o [1]
  .near_func.text    ro code              0x4e  stm8s_tim1.o [1]
  .near_func.text    ro code              0x47  long_util.o [4]
  .near_func.text    ro code              0x3f  commands.o [1]
  .near_func.text    ro code              0x3e  commands.o [1]
  .near_func.text    ro code              0x3d  stm8s_clk.o [1]
  .near_func.text    ro code              0x3b  transport.o [1]
  .near_func.text    ro code              0x3b  transport.o [1]
  .near_func.text    ro code              0x39  stm8s_it.o [1]
  .near_func.text    ro code              0x38  main.o [1]
  .near_func.text    ro code              0x36  transport.o [1]
  .near_func.text    ro code              0x35  main.o [1]
  .near_func.text    ro code              0x35  stm8s_tim1.o [1]
  .near_func.text    ro code              0x33  gpio_util.o [1]
  .near_func.text    ro code              0x32  short.o [4]
  .near_func.text    ro code              0x2f  ir_transmitter.o [1]
  .near_func.text    ro code              0x2f  stm8s_tim1.o [1]
  .near_func.text    ro code              0x2f  stm8s_tim2.o [1]
  .near_func.text    ro code              0x2f  stm8s_tim2.o [1]
  .near_func.text    ro code              0x2f  stm8s_tim2.o [1]
  .near_func.text    ro code              0x2f  stm8s_tim2.o [1]
  .near_func.text    ro code              0x2e  transport.o [1]
  .near_func.text    ro code              0x2d  stm8s_uart1.o [1]
  .near_func.text    ro code              0x2d  transport.o [1]
  .near_func.text    ro code              0x2a  nodecontrol.o [1]
  .near_func.text    ro code              0x28  timer_counter.o [1]
  .near_func.text    ro code              0x28  init_small.o [4]
  .near_func.text    ro code              0x27  transport.o [1]
  .near_func.text    ro code              0x25  ir_transmitter.o [1]
  .near_func.text    ro code              0x25  dc_util.o [4]
  .near_func.text    ro code              0x24  stm8s_it.o [1]
  .near_func.text    ro code              0x23  TaskManager.o [1]
  .near_func.text    ro code              0x21  led_controller.o [1]
  .near_func.text    ro code              0x21  stm8s_itc.o [1]
  .iar.init_table    const                0x12  - Linker created -
  .near_func.text    ro code              0x20  commands.o [1]
  .near_func.text    ro code              0x1f  move.o [4]
  .near_func.text    ro code              0x1e  main.o [1]
  .near_func.text    ro code              0x1e  init_small.o [4]
  .near_func.text    ro code              0x1c  main.o [1]
  .near_func.text    ro code              0x19  stm8s_it.o [1]
  .near_func.text    ro code              0x14  init.o [4]
  .near_func.text    ro code              0x14  __dbg_xxexit.o [3]
  .near_func.text    ro code              0x13  cstartup.o [4]
  .near_func.text    ro code              0x10  TaskManager.o [1]
  .near_func.text    ro code               0xf  timer_counter.o [1]
  .near.rodata       const                 0xe  stm8s_uart1.o [1]
  .near_func.text    ro code               0xe  gpio_util.o [1]
  .near.rodata       const                 0xd  stm8s_adc1.o [1]
  .near.rodata       const                 0xd  stm8s_gpio.o [1]
  .near.rodata       const                 0xd  stm8s_tim1.o [1]
  .near.rodata       const                 0xd  stm8s_tim2.o [1]
  .near.rodata       const                 0xc  stm8s_clk.o [1]
  .near.rodata       const                 0xc  stm8s_itc.o [1]
  .near_func.text    ro code               0xc  main.o [1]
  .near_func.text    ro code               0xc  stm8s_tim2.o [1]
  .near_func.text    ro code               0xb  gpio_util.o [1]
  .near_func.text    ro code               0x9  main.o [1]
  .near_func.text    ro code               0x9  nodestatemanager.o [1]
  .near_func.text    ro code               0x9  stm8s_tim2.o [1]
  .near_func.text    ro code               0x8  transport.o [1]
  .near_func.text    ro code               0x8  transport.o [1]
  .near_func.text    ro code               0x7  stm8s_gpio.o [1]
  .near_func.text    ro code               0x6  stm8s_itc.o [1]
  .near_func.text    ro code               0x6  timer_counter.o [1]
  .near_func.text    ro code               0x6  transport.o [1]
  .near_func.text    ro code               0x6  transport.o [1]
  .near_func.text    ro code               0x5  stm8s_adc1.o [1]
  .near_func.text    ro code               0x5  cexit.o [4]
  .near.rodata       const                 0x4  stm8s_clk.o [1]
  .near_func.text    ro code               0x4  ir_receiver.o [1]
  .near_func.text    ro code               0x4  ir_transmitter.o [1]
  .near_func.text    ro code               0x4  led_controller.o [1]
  .near_func.text    ro code               0x4  stm8s_gpio.o [1]
  .near_func.text    ro code               0x4  stm8s_uart1.o [1]
  .near_func.text    ro code               0x4  stm8s_uart1.o [1]
  .near_func.text    ro code               0x4  transport.o [1]
  .near_func.text    ro code               0x3  gpio_util.o [1]
  .near_func.text    ro code               0x3  gpio_util.o [1]
  .near_func.text    ro code               0x3  nodestatemanager.o [1]
  .near_func.text    ro code               0x3  stm8s_itc.o [1]
  .near_func.text    ro code               0x3  interrupt.o [4]
  .near_func.text    ro code               0x3  low_level_init.o [4]
  .near_func.text    ro code               0x3  exit.o [4]
  .near_func.text    ro code               0x3  unhandled_exception.o [4]
  .near_func.text    ro code               0x2  stm8s_gpio.o [1]
  Initializer bytes  const                 0x2  <for P2-1> (used: 0x0)
  .near_func.text    ro code               0x1  stm8s_it.o [1]
  .near_func.text    ro code               0x1  stm8s_it.o [1]
  .near_func.text    ro code               0x1  stm8s_it.o [1]
  .near_func.text    ro code               0x1  stm8s_it.o [1]
  .near_func.text    ro code               0x1  stm8s_it.o [1]
  .near_func.text    ro code               0x1  stm8s_it.o [1]
  .near_func.text    ro code               0x1  stm8s_it.o [1]
  .near_func.text    ro code               0x1  stm8s_it.o [1]
  .near_func.text    ro code               0x1  stm8s_it.o [1]
  .near_func.text    ro code               0x1  stm8s_it.o [1]
  .near_func.text    ro code               0x1  stm8s_it.o [1]
  .near_func.text    ro code               0x1  stm8s_it.o [1]
  .near_func.text    ro code               0x1  stm8s_it.o [1]
  .near_func.text    ro code               0x1  stm8s_it.o [1]
  .near_func.text    ro code               0x1  stm8s_it.o [1]
  .near_func.text    ro code               0x1  stm8s_it.o [1]
  .near_func.text    ro code               0x1  stm8s_it.o [1]
  .near_func.text    ro code               0x1  __dbg_break.o [3]
                                        0x2291


*******************************************************************************
*** INIT TABLE
***

          Address     Size
          -------     ----
Zero (__iar_zero_init2)
    1 destination range, total size 0x169:
            0x000012  0x169

Copy (__iar_copy_init2)
    1 source range, total size 0x2:
          0x0000227d    0x2
    1 destination range, total size 0x2:
            0x000010    0x2



*******************************************************************************
*** MODULE SUMMARY
***

    Module                 ro code  ro data  rw data
    ------                 -------  -------  -------
E:\03-DuAn\LedController\LedController\02-Software\RS485Master\Debug\Obj: [1]
    TaskManager.o               51                41
    commands.o                 241                23
    gpio_util.o                 82
    ir_receiver.o              451                34
    ir_transmitter.o            88        1        3
    led_controller.o            37                 1
    main.o                     274                 6
    nodecontrol.o              681               105
    nodestatemanager.o          12                 2
    stm8s_adc1.o             1 116       13
    stm8s_clk.o                287       16
    stm8s_gpio.o               285       13
    stm8s_it.o                 135
    stm8s_itc.o                380       12
    stm8s_tim1.o               383       13
    stm8s_tim2.o               553       13
    stm8s_uart1.o            1 018       14
    timer_counter.o             61                 4
    timer_pwm.o                248        1       10
    transport.o                334               134
    ------------------------------------------------
    Total:                   6 717       96      363

command line: [2]
    ------------------------------------------------
    Total:

dbgstm8smd.a: [3]
    __dbg_break.o                1
    __dbg_xxexit.o              20
    ------------------------------------------------
    Total:                      21

dlstm8smn.a: [4]
    cexit.o                      5
    cstartup.o                  19
    dc_util.o                   37
    exit.o                       3
    float.o                  1 029
    init.o                      20
    init_small.o                70
    interrupt.o                  3      128
    long.o                     379
    long_util.o                 71
    low_level_init.o             3
    move.o                      31
    short.o                     50
    unhandled_exception.o        3
    vreg_util.o                274
    vregs.o                                       16
    ------------------------------------------------
    Total:                   1 997      128       16

    Linker created                       18      256
----------------------------------------------------
    Grand Total:             8 735      242      635


*******************************************************************************
*** ENTRY LIST
***

Entry                      Address   Size  Type      Object
-----                      -------   ----  ----      ------
.iar.init_table$$Base   0x00002048          --   Gb  - Linker created -
.iar.init_table$$Limit  0x0000205a          --   Gb  - Linker created -
?add32_l0_l0_0x         0x00000b57         Code  Gb  long.o [4]
?add32_l0_l0_dl         0x00000b52         Code  Gb  long.o [4]
?b0                       0x000000         Data  Gb  vregs.o [4]
?b1                       0x000001         Data  Gb  vregs.o [4]
?b10                      0x00000a         Data  Gb  vregs.o [4]
?b11                      0x00000b         Data  Gb  vregs.o [4]
?b12                      0x00000c         Data  Gb  vregs.o [4]
?b13                      0x00000d         Data  Gb  vregs.o [4]
?b14                      0x00000e         Data  Gb  vregs.o [4]
?b15                      0x00000f         Data  Gb  vregs.o [4]
?b2                       0x000002         Data  Gb  vregs.o [4]
?b3                       0x000003         Data  Gb  vregs.o [4]
?b4                       0x000004         Data  Gb  vregs.o [4]
?b5                       0x000005         Data  Gb  vregs.o [4]
?b6                       0x000006         Data  Gb  vregs.o [4]
?b7                       0x000007         Data  Gb  vregs.o [4]
?b8                       0x000008         Data  Gb  vregs.o [4]
?b9                       0x000009         Data  Gb  vregs.o [4]
?dc32_l0                0x00001f9a         Code  Gb  dc_util.o [4]
?dc32_l1                0x00001fa7         Code  Gb  dc_util.o [4]
?dc32_px                0x00001fb4         Code  Gb  dc_util.o [4]
?e0                       0x000001         Data  Gb  vregs.o [4]
?e1                       0x000005         Data  Gb  vregs.o [4]
?e2                       0x000009         Data  Gb  vregs.o [4]
?e3                       0x00000d         Data  Gb  vregs.o [4]
?epilogue_l2            0x00000ea7         Code  Gb  vreg_util.o [4]
?epilogue_l2_l3         0x00000ea4         Code  Gb  vreg_util.o [4]
?epilogue_l2_w6         0x00000eab         Code  Gb  vreg_util.o [4]
?epilogue_w4            0x00000eb2         Code  Gb  vreg_util.o [4]
?fadd32_l0_l0_0x        0x0000002b         Code  Gb  float.o [4]
?fadd32_l0_l0_l1        0x0000002e         Code  Gb  float.o [4]
?fcastf32u16_l0_x       0x000002b9         Code  Gb  float.o [4]
?fcasts16f32_x_l0       0x000002d7         Code  Gb  float.o [4]
?fcmpeq32_c_0x_fzero    0x0000024d         Code  Gb  float.o [4]
?fcmpge32_c_l0_0x       0x0000025a         Code  Gb  float.o [4]
?fcmpge32_c_l0_dc32     0x00000255         Code  Gb  float.o [4]
?fcmplt32_c_l0_0x       0x00000263         Code  Gb  float.o [4]
?fcmplt32_c_l0_dc32     0x0000025e         Code  Gb  float.o [4]
?fdiv32_l0_l0_l1        0x0000019f         Code  Gb  float.o [4]
?fmul32_l0_l0_0x        0x00000101         Code  Gb  float.o [4]
?fmul32_l0_l0_dc32      0x000000fc         Code  Gb  float.o [4]
?fmul32_l0_l0_l1        0x00000104         Code  Gb  float.o [4]
?fsub32_l0_dc32_l1      0x0000001d         Code  Gb  float.o [4]
?fsub32_l0_l0_0x        0x00000022         Code  Gb  float.o [4]
?fsub32_l0_l0_l1        0x00000025         Code  Gb  float.o [4]
?inc32_0x_0x            0x00000b44         Code  Gb  long.o [4]
?inc32_l0_l0            0x00000b3f         Code  Gb  long.o [4]
?l0                       0x000000         Data  Gb  vregs.o [4]
?l1                       0x000004         Data  Gb  vregs.o [4]
?l2                       0x000008         Data  Gb  vregs.o [4]
?l3                       0x00000c         Data  Gb  vregs.o [4]
?load32_0x_l0           0x00001a7e         Code  Gb  long_util.o [4]
?load32_asp_l0          0x00001a72         Code  Gb  long_util.o [4]
?load32_dbsp_l0         0x00001a6d         Code  Gb  long_util.o [4]
?load32_l0_0x           0x00001a55         Code  Gb  long_util.o [4]
?load32_l0_asp          0x00001a4a         Code  Gb  long_util.o [4]
?load32_l0_dbsp         0x00001a45         Code  Gb  long_util.o [4]
?load32_l0_xsp          0x00001a4c         Code  Gb  long_util.o [4]
?load32_l1_0x           0x00001a61         Code  Gb  long_util.o [4]
?load32_xsp_l0          0x00001a74         Code  Gb  long_util.o [4]
?longfarg16_v_w0_a      0x00002087         Code  Gb  move.o [4]
?longfarg16_v_w0_x      0x00002089         Code  Gb  move.o [4]
?mov_e0_e1              0x00000eb9         Code  Gb  vreg_util.o [4]
?mov_e0_e2              0x00000ec6         Code  Gb  vreg_util.o [4]
?mov_e0_e3              0x00000ed3         Code  Gb  vreg_util.o [4]
?mov_e1_e0              0x00000ee0         Code  Gb  vreg_util.o [4]
?mov_e1_e2              0x00000eed         Code  Gb  vreg_util.o [4]
?mov_e1_e3              0x00000efa         Code  Gb  vreg_util.o [4]
?mov_e2_e0              0x00000f07         Code  Gb  vreg_util.o [4]
?mov_e3_e0              0x00000f14         Code  Gb  vreg_util.o [4]
?mov_l0_l1              0x00000eb6         Code  Gb  vreg_util.o [4]
?mov_l0_l2              0x00000ec3         Code  Gb  vreg_util.o [4]
?mov_l0_l3              0x00000ed0         Code  Gb  vreg_util.o [4]
?mov_l1_l0              0x00000edd         Code  Gb  vreg_util.o [4]
?mov_l1_l2              0x00000eea         Code  Gb  vreg_util.o [4]
?mov_l1_l3              0x00000ef7         Code  Gb  vreg_util.o [4]
?mov_l2_l0              0x00000f04         Code  Gb  vreg_util.o [4]
?mov_l3_l0              0x00000f11         Code  Gb  vreg_util.o [4]
?mov_w1_w3              0x00000ebc         Code  Gb  vreg_util.o [4]
?mov_w1_w5              0x00000ec9         Code  Gb  vreg_util.o [4]
?mov_w1_w7              0x00000ed6         Code  Gb  vreg_util.o [4]
?mov_w3_w1              0x00000ee3         Code  Gb  vreg_util.o [4]
?mov_w3_w5              0x00000ef0         Code  Gb  vreg_util.o [4]
?mov_w3_w7              0x00000efd         Code  Gb  vreg_util.o [4]
?mov_w5_w1              0x00000f0a         Code  Gb  vreg_util.o [4]
?mov_w7_w1              0x00000f17         Code  Gb  vreg_util.o [4]
?move1616_v_x_y_a       0x0000207a         Code  Gb  move.o [4]
?mul16_x_x_w0           0x00001d00         Code  Gb  short.o [4]
?mul32_l0_l0_0x         0x00000b92         Code  Gb  long.o [4]
?mul32_l0_l0_dl         0x00000b8f         Code  Gb  long.o [4]
?mul32_l0_l0_l1         0x00000b9b         Code  Gb  long.o [4]
?pop_l0                 0x00000e70         Code  Gb  vreg_util.o [4]
?pop_l1                 0x00000e7b         Code  Gb  vreg_util.o [4]
?pop_l2                 0x00000e86         Code  Gb  vreg_util.o [4]
?pop_l3                 0x00000e91         Code  Gb  vreg_util.o [4]
?pop_w4                 0x00000e29         Code  Gb  vreg_util.o [4]
?pop_w6                 0x00000e30         Code  Gb  vreg_util.o [4]
?push_l0                0x00000e3f         Code  Gb  vreg_util.o [4]
?push_l1                0x00000e44         Code  Gb  vreg_util.o [4]
?push_l2                0x00000e49         Code  Gb  vreg_util.o [4]
?push_l3                0x00000e4e         Code  Gb  vreg_util.o [4]
?push_w4                0x00000e0c         Code  Gb  vreg_util.o [4]
?push_w6                0x00000e11         Code  Gb  vreg_util.o [4]
?sll16_x_x_4            0x00001d28         Code  Gb  short.o [4]
?sll16_x_x_5            0x00001d27         Code  Gb  short.o [4]
?sll16_x_x_6            0x00001d26         Code  Gb  short.o [4]
?sll16_x_x_a            0x00001d1e         Code  Gb  short.o [4]
?sll32_0x_0x_a          0x00000cac         Code  Gb  long.o [4]
?sll32_l0_l0_a          0x00000ca9         Code  Gb  long.o [4]
?srl16_x_x_4            0x00001d2d         Code  Gb  short.o [4]
?sub32_l0_l0_0x         0x00000b77         Code  Gb  long.o [4]
?sub32_l0_l0_dl         0x00000b6f         Code  Gb  long.o [4]
?sub32_l0_l0_l1         0x00000b74         Code  Gb  long.o [4]
?ucmp32_c_l0_0x         0x00000c8e         Code  Gb  long.o [4]
?ucmp32_c_l0_l1         0x00000c9e         Code  Gb  long.o [4]
?udiv32_l0_dl_l1        0x00000c19         Code  Gb  long.o [4]
?udiv32_l0_l0_dl        0x00000c1e         Code  Gb  long.o [4]
?udiv32_l0_l0_l1        0x00000c21         Code  Gb  long.o [4]
?umod32_l1_l0_l1        0x00000c21         Code  Gb  long.o [4]
?w0                       0x000000         Data  Gb  vregs.o [4]
?w1                       0x000002         Data  Gb  vregs.o [4]
?w2                       0x000004         Data  Gb  vregs.o [4]
?w3                       0x000006         Data  Gb  vregs.o [4]
?w4                       0x000008         Data  Gb  vregs.o [4]
?w5                       0x00000a         Data  Gb  vregs.o [4]
?w6                       0x00000c         Data  Gb  vregs.o [4]
?w7                       0x00000e         Data  Gb  vregs.o [4]
ADC1_ConversionConfig   0x000013c5   0xbe  Code  Gb  stm8s_adc1.o [1]
ADC1_ExternalTriggerConfig
                        0x0000179e   0x59  Code  Gb  stm8s_adc1.o [1]
ADC1_GetConversionValue
                        0x0000194e   0x55  Code  Gb  stm8s_adc1.o [1]
ADC1_IRQHandler         0x0000228d    0x1  Code  Gb  stm8s_it.o [1]
ADC1_Init               0x000009a5  0x19a  Code  Gb  stm8s_adc1.o [1]
ADC1_PrescalerConfig    0x000018f9   0x55  Code  Gb  stm8s_adc1.o [1]
ADC1_SchmittTriggerConfig
                        0x0000102e   0xfc  Code  Gb  stm8s_adc1.o [1]
ADC1_StartConversion    0x00002239    0x5  Code  Gb  stm8s_adc1.o [1]
AWU_IRQHandler          0x00002281    0x1  Code  Gb  stm8s_it.o [1]
CLK_GetClockFreq        0x000017f7   0x57  Code  Gb  stm8s_clk.o [1]
CLK_HSIPrescalerConfig  0x00001b09   0x3d  Code  Gb  stm8s_clk.o [1]
CLK_IRQHandler          0x00002282    0x1  Code  Gb  stm8s_it.o [1]
CLK_SYSCLKConfig        0x000015db   0x8b  Code  Gb  stm8s_clk.o [1]
CSTACK$$Base              0x000300          --   Gb  - Linker created -
CSTACK$$Limit             0x000400          --   Gb  - Linker created -
Clock_Config            0x000021ef    0x9  Code  Gb  main.o [1]
Command_PopCommand      0x00001acb   0x3e  Code  Gb  commands.o [1]
Command_SendCommand     0x0000205a   0x20  Code  Gb  commands.o [1]
Command_Task            0x000019a3   0x54  Code  Gb  commands.o [1]
EEPROM_EEC_IRQHandler   0x0000228f    0x1  Code  Gb  stm8s_it.o [1]
EXTI_PORTA_IRQHandler   0x00002283    0x1  Code  Gb  stm8s_it.o [1]
EXTI_PORTB_IRQHandler   0x00002284    0x1  Code  Gb  stm8s_it.o [1]
EXTI_PORTC_IRQHandler   0x00002285    0x1  Code  Gb  stm8s_it.o [1]
EXTI_PORTD_IRQHandler   0x00002286    0x1  Code  Gb  stm8s_it.o [1]
EXTI_PORTE_IRQHandler   0x00002287    0x1  Code  Gb  stm8s_it.o [1]
GPIO_Init               0x00000f1e  0x110  Code  Gb  stm8s_gpio.o [1]
GPIO_ReadOutputData     0x0000227b    0x2  Code  Gb  stm8s_gpio.o [1]
GPIO_Util_Init_As_Out   0x000021e4    0xb  Code  Gb  gpio_util.o [1]
GPIO_Util_ReadValue     0x00002172    0xe  Code  Gb  gpio_util.o [1]
GPIO_Util_Toggle        0x00001ccd   0x33  Code  Gb  gpio_util.o [1]
GPIO_Util_WriteHigh     0x00002263    0x3  Code  Gb  gpio_util.o [1]
GPIO_Util_WriteLow      0x00002266    0x3  Code  Gb  gpio_util.o [1]
GPIO_WriteHigh          0x0000221a    0x7  Code  Gb  stm8s_gpio.o [1]
GPIO_WriteLow           0x00002253    0x4  Code  Gb  stm8s_gpio.o [1]
HSIDivFactor            0x00002243    0x4  Data  Gb  stm8s_clk.o [1]
I2C_IRQHandler          0x0000228c    0x1  Code  Gb  stm8s_it.o [1]
INTVEC$$Base              0x008000          --   Gb  - Linker created -
INTVEC$$Limit             0x008080          --   Gb  - Linker created -
IR_Receiver_GetState    0x00002247    0x4  Code  Gb  ir_receiver.o [1]
IR_Receiver_Init        0x00000776   0x5e  Code  Gb  ir_receiver.o [1]
IR_Receiver_Task        0x000007d4   0x12  Code  Gb  ir_receiver.o [1]
IR_Transmitter_GetMode  0x0000224b    0x4  Code  Gb  ir_transmitter.o [1]
IR_Transmitter_Init     0x00001f75   0x25  Code  Gb  ir_transmitter.o [1]
IR_Transmitter_Task     0x00001d32   0x2f  Code  Gb  ir_transmitter.o [1]
IR_Transmitter_Task{1}{2}{3}{5}::counter
                          0x00016e    0x1  Data  Lc  ir_transmitter.o [1]
ITC_DeInit              0x00002027   0x21  Code  Gb  stm8s_itc.o [1]
ITC_GetCPUCC            0x0000226c    0x3  Code  Gb  stm8s_itc.o [1]
ITC_GetSoftIntStatus    0x00002221    0x6  Code  Gb  stm8s_itc.o [1]
ITC_SetSoftwarePriority
                        0x00000cba  0x152  Code  Gb  stm8s_itc.o [1]
Interrupt_Init          0x000021cc    0xc  Code  Gb  main.o [1]
Led_Control_GetMode     0x0000224f    0x4  Code  Gb  led_controller.o [1]
Led_Control_Init        0x00002006   0x21  Code  Gb  led_controller.o [1]
Node_Control_DetectNodes
                        0x00001ed4   0x2a  Code  Gb  nodecontrol.o [1]
Node_Control_InitNodes  0x000018a4   0x55  Code  Gb  nodecontrol.o [1]
Node_Control_Task       0x000016d3   0x6b  Code  Gb  nodecontrol.o [1]
Node_State_Manager_Init
                        0x000021f8    0x9  Code  Gb  nodestatemanager.o [1]
Node_State_Manager_Task
                        0x00002269    0x3  Code  Gb  nodestatemanager.o [1]
RC                        0x00013f    0x4  Data  Gb  ir_receiver.o [1]
Region$$Table$$Base     0x00002048          --   Gb  - Linker created -
Region$$Table$$Limit    0x0000205a          --   Gb  - Linker created -
SPI_IRQHandler          0x00002288    0x1  Code  Gb  stm8s_it.o [1]
System_Init             0x00002099   0x1e  Code  Gb  main.o [1]
TIM1_CAP_COM_IRQHandler
                        0x00002289    0x1  Code  Gb  stm8s_it.o [1]
TIM1_ClearFlag          0x00001c98   0x35  Code  Gb  stm8s_tim1.o [1]
TIM1_Cmd                0x00001d61   0x2f  Code  Gb  stm8s_tim1.o [1]
TIM1_GetITStatus        0x00001666   0x6d  Code  Gb  stm8s_tim1.o [1]
TIM1_ITConfig           0x000019f7   0x4e  Code  Gb  stm8s_tim1.o [1]
TIM1_TimeBaseInit       0x0000173e   0x60  Code  Gb  stm8s_tim1.o [1]
TIM1_UPD_OVF_TRG_BRK_IRQHandler
                        0x00001fbf   0x24  Code  Gb  stm8s_it.o [1]
TIM2_ARRPreloadConfig   0x00001dbf   0x2f  Code  Gb  stm8s_tim2.o [1]
TIM2_CAP_COM_IRQHandler
                        0x0000228b    0x1  Code  Gb  stm8s_it.o [1]
TIM2_Cmd                0x00001d90   0x2f  Code  Gb  stm8s_tim2.o [1]
TIM2_OC1Init            0x00001483   0xac  Code  Gb  stm8s_tim2.o [1]
TIM2_OC1PreloadConfig   0x00001dee   0x2f  Code  Gb  stm8s_tim2.o [1]
TIM2_OC3Init            0x0000152f   0xac  Code  Gb  stm8s_tim2.o [1]
TIM2_OC3PreloadConfig   0x00001e1d   0x2f  Code  Gb  stm8s_tim2.o [1]
TIM2_SetCompare1        0x00002201    0x9  Code  Gb  stm8s_tim2.o [1]
TIM2_TimeBaseInit       0x000021d8    0xc  Code  Gb  stm8s_tim2.o [1]
TIM2_UPD_OVF_BRK_IRQHandler
                        0x0000228a    0x1  Code  Gb  stm8s_it.o [1]
TIM4_UPD_OVF_IRQHandler
                        0x0000228e    0x1  Code  Gb  stm8s_it.o [1]
TLI_IRQHandler          0x00002280    0x1  Code  Gb  stm8s_it.o [1]
TRAP_IRQHandler         0x0000227f    0x1  Code  Gb  stm8s_it.o [1]
Task_Init               0x00001bf5   0x38  Code  Gb  main.o [1]
Task_Manager_AddTask    0x00002145   0x10  Code  Gb  TaskManager.o [1]
Task_Manager_PerformTask
                        0x00001fe3   0x23  Code  Gb  TaskManager.o [1]
Test_Task               0x000020d5   0x1c  Code  Gb  main.o [1]
Test_Task::counter        0x000161    0x2  Data  Lc  main.o [1]
Timer_Connter_Init_Timer
                        0x00001efe   0x1d  Code  Gb  timer_counter.o [1]
Timer_Counter_GetCounter
                        0x00002227    0x6  Code  Gb  timer_counter.o [1]
Timer_Counter_IncreaseCounter
                        0x00002155    0xf  Code  Gb  timer_counter.o [1]
Timer_Counter_Init      0x00001f1b    0xb  Code  Gb  timer_counter.o [1]
Timer_PWM_IR_Transmitter_Init
                        0x0000118c   0x3a  Code  Gb  timer_pwm.o [1]
Timer_PWM_Init          0x0000113d   0x4f  Code  Gb  timer_pwm.o [1]
Timer_PWM_Update_Period
                        0x000011c6   0x5c  Code  Gb  timer_pwm.o [1]
Transport_GetRxBufferSize
                        0x0000225f    0x4  Code  Gb  transport.o [1]
Transport_Init          0x00001b46   0x3b  Code  Gb  transport.o [1]
Transport_OutputDisable
                        0x00002212    0x8  Code  Gb  transport.o [1]
Transport_OutputEnable  0x0000220a    0x8  Code  Gb  transport.o [1]
Transport_RxPop         0x00001b81   0x3b  Code  Gb  transport.o [1]
Transport_RxPush        0x00001f4e   0x27  Code  Gb  transport.o [1]
Transport_TxPop         0x00001e4c   0x2e  Code  Gb  transport.o [1]
Transport_TxPush        0x00001c2d   0x36  Code  Gb  transport.o [1]
Transport_Write         0x00001ea7   0x2d  Code  Gb  transport.o [1]
UART1_DeInit            0x00001e7a   0x2d  Code  Gb  stm8s_uart1.o [1]
UART1_GetITStatus       0x00001222   0xd3  Code  Gb  stm8s_uart1.o [1]
UART1_ITConfig          0x000012f5   0xd0  Code  Gb  stm8s_uart1.o [1]
UART1_Init              0x00000405  0x222  Code  Gb  stm8s_uart1.o [1]
UART1_RX_IRQHandler     0x000020f1   0x19  Code  Gb  stm8s_it.o [1]
UART1_ReceiveData8      0x00002257    0x4  Code  Gb  stm8s_uart1.o [1]
UART1_SendData8         0x0000225b    0x4  Code  Gb  stm8s_uart1.o [1]
UART1_TX_IRQHandler     0x00001bbc   0x39  Code  Gb  stm8s_it.o [1]
__DebugBreak            0x00002290    0x1  Code  Gb  __dbg_break.o [3]
__exit                  0x0000211e   0x14  Code  Gb  __dbg_xxexit.o [3]
__iar_copy_init2        0x00001f26         Code  Gb  init_small.o [4]
__iar_data_init2        0x0000210a   0x14  Code  Gb  init.o [4]
__iar_program_start     0x00002132         Code  Gb  cstartup.o [4]
__iar_unhandled_exception
                        0x00002278         Code  Gb  unhandled_exception.o [4]
__iar_zero_init2        0x000020b7         Code  Gb  init_small.o [4]
__intvec                  0x008000         Data  Gb  interrupt.o [4]
__low_level_init        0x00002272    0x3  Code  Gb  low_level_init.o [4]
_exit                   0x0000223e         Code  Gb  cexit.o [4]
_interrupt_1            0x0000227f         Code  Gb  stm8s_it.o [1]
_interrupt_12           0x00002288         Code  Gb  stm8s_it.o [1]
_interrupt_13           0x00001fbf         Code  Gb  stm8s_it.o [1]
_interrupt_14           0x00002289         Code  Gb  stm8s_it.o [1]
_interrupt_15           0x0000228a         Code  Gb  stm8s_it.o [1]
_interrupt_16           0x0000228b         Code  Gb  stm8s_it.o [1]
_interrupt_19           0x00001bbc         Code  Gb  stm8s_it.o [1]
_interrupt_2            0x00002280         Code  Gb  stm8s_it.o [1]
_interrupt_20           0x000020f1         Code  Gb  stm8s_it.o [1]
_interrupt_21           0x0000228c         Code  Gb  stm8s_it.o [1]
_interrupt_24           0x0000228d         Code  Gb  stm8s_it.o [1]
_interrupt_25           0x0000228e         Code  Gb  stm8s_it.o [1]
_interrupt_26           0x0000228f         Code  Gb  stm8s_it.o [1]
_interrupt_3            0x00002281         Code  Gb  stm8s_it.o [1]
_interrupt_4            0x00002282         Code  Gb  stm8s_it.o [1]
_interrupt_5            0x00002283         Code  Gb  stm8s_it.o [1]
_interrupt_6            0x00002284         Code  Gb  stm8s_it.o [1]
_interrupt_7            0x00002285         Code  Gb  stm8s_it.o [1]
_interrupt_8            0x00002286         Code  Gb  stm8s_it.o [1]
_interrupt_9            0x00002287         Code  Gb  stm8s_it.o [1]
active_period             0x000153    0x4  Data  Gb  timer_pwm.o [1]
alpha                     0x000147    0x4  Data  Gb  ir_receiver.o [1]
assert_failed           0x00001c63   0x35  Code  Gb  main.o [1]
assert_failed::counter    0x00014b    0x4  Data  Lc  main.o [1]
change_control_state    0x000007e6    0x4  Code  Gb  nodecontrol.o [1]
change_factor             0x000157    0x4  Data  Gb  timer_pwm.o [1]
cmd_cnt                   0x000169    0x1  Data  Gb  commands.o [1]
cmd_push                0x00001a8c   0x3f  Code  Gb  commands.o [1]
cmd_rd_idx                0x000168    0x1  Data  Gb  commands.o [1]
cmd_wr_idx                0x000167    0x1  Data  Gb  commands.o [1]
commands                  0x00011e   0x14  Data  Gb  commands.o [1]
compose_command         0x000007ea   0x1f  Code  Gb  nodecontrol.o [1]
control_state             0x000172    0x1  Data  Gb  nodecontrol.o [1]
detected_node_index       0x000170    0x1  Data  Gb  nodecontrol.o [1]
detected_time_stamp       0x000137    0x4  Data  Gb  ir_receiver.o [1]
detecting_pulse         0x00000665   0x53  Code  Gb  ir_receiver.o [1]
detecting_pulse::decrease_counter
                          0x00016b    0x1  Data  Lc  ir_receiver.o [1]
detecting_pulse::direction
                          0x00016c    0x1  Data  Lc  ir_receiver.o [1]
detecting_pulse::increase_counter
                          0x00016a    0x1  Data  Lc  ir_receiver.o [1]
detecting_pulse::previous_v
                          0x00015f    0x2  Data  Lc  ir_receiver.o [1]
dt                        0x000143    0x4  Data  Gb  ir_receiver.o [1]
exit                    0x00002275    0x3  Code  Gb  exit.o [4]
gpio_state                0x000011    0x1  Data  Gb  timer_pwm.o [1]
is_configured             0x000174    0x1  Data  Gb  timer_pwm.o [1]
lowpass_filter          0x000006b8   0x48  Code  Gb  ir_receiver.o [1]
lowpass_filter::filtered_value
                          0x00015d    0x2  Data  Lc  ir_receiver.o [1]
main                    0x0000184e   0x56  Code  Gb  main.o [1]
make_decision           0x00000627   0x3e  Code  Gb  ir_receiver.o [1]
node_state                0x000165    0x2  Data  Gb  nodestatemanager.o [1]
nodes                     0x000012   0x64  Data  Gb  nodecontrol.o [1]
process_command         0x00000943   0x62  Code  Gb  nodecontrol.o [1]
process_ir_signal       0x00000700   0x76  Code  Gb  ir_receiver.o [1]
process_ir_signal::stable_marker
                          0x00015b    0x2  Data  Lc  ir_receiver.o [1]
process_node_input_state
                        0x00000809   0xee  Code  Gb  nodecontrol.o [1]
query_node_state        0x000008f7   0x4c  Code  Gb  nodecontrol.o [1]
running_mode              0x00016d    0x1  Data  Gb  ir_transmitter.o [1]
running_mode              0x00016f    0x1  Data  Lc  led_controller.o [1]
rx_buff                   0x0000b6   0x40  Data  Gb  transport.o [1]
rx_cnt                    0x00017a    0x1  Data  Gb  transport.o [1]
rx_interrupt_config     0x00002233    0x6  Code  Gb  transport.o [1]
rx_rd_idx                 0x000179    0x1  Data  Gb  transport.o [1]
rx_wr_idx                 0x000178    0x1  Data  Gb  transport.o [1]
signal_state              0x000132    0x5  Data  Gb  ir_receiver.o [1]
state_node_query_index    0x000171    0x1  Data  Gb  nodecontrol.o [1]
task_Index                0x000173    0x1  Data  Gb  TaskManager.o [1]
tasks                     0x0000f6   0x28  Data  Gb  TaskManager.o [1]
time_prescaler            0x000010    0x1  Data  Gb  ir_transmitter.o [1]
timeout                   0x000163    0x2  Data  Lc  nodecontrol.o [1]
timer_counter             0x00013b    0x4  Data  Gb  ir_receiver.o [1]
timer_counter             0x00014f    0x4  Data  Lc  timer_counter.o [1]
tx_buff                   0x000076   0x40  Data  Gb  transport.o [1]
tx_cnt                    0x000177    0x1  Data  Gb  transport.o [1]
tx_interrupt_config     0x0000222d    0x6  Code  Gb  transport.o [1]
tx_rd_idx                 0x000176    0x1  Data  Gb  transport.o [1]
tx_wr_idx                 0x000175    0x1  Data  Gb  transport.o [1]
update_duty_cycle       0x0000112a   0x13  Code  Gb  timer_pwm.o [1]


[1] = E:\03-DuAn\LedController\LedController\02-Software\RS485Master\Debug\Obj
[2] = command line
[3] = dbgstm8smd.a
[4] = dlstm8smn.a

  8 735 bytes of readonly  code memory
    242 bytes of readonly  data memory
    635 bytes of readwrite data memory

Errors: 2
Warnings: none
