###############################################################################
#
# IAR ELF Linker V3.10.1.201 for STM8                     15/Jan/2019  01:44:19
# Copyright 2010-2017 IAR Systems AB.
#
#    Output file  =  
#        E:\03-DuAn\LedController\LedController\02-Software\RS485Master\Debug\Exe\RS485.out
#    Map file     =  
#        E:\03-DuAn\LedController\LedController\02-Software\RS485Master\Debug\List\RS485.map
#    Command line =  
#        -f C:\Users\hungn\AppData\Local\Temp\EW17F0.tmp
#        (E:\03-DuAn\LedController\LedController\02-Software\RS485Master\Debug\Obj\commands.o
#        E:\03-DuAn\LedController\LedController\02-Software\RS485Master\Debug\Obj\gpio_util.o
#        E:\03-DuAn\LedController\LedController\02-Software\RS485Master\Debug\Obj\ir_receiver.o
#        E:\03-DuAn\LedController\LedController\02-Software\RS485Master\Debug\Obj\ir_transmitter.o
#        E:\03-DuAn\LedController\LedController\02-Software\RS485Master\Debug\Obj\led_controller.o
#        E:\03-DuAn\LedController\LedController\02-Software\RS485Master\Debug\Obj\main.o
#        E:\03-DuAn\LedController\LedController\02-Software\RS485Master\Debug\Obj\nodecontrol.o
#        E:\03-DuAn\LedController\LedController\02-Software\RS485Master\Debug\Obj\nodestatemanager.o
#        E:\03-DuAn\LedController\LedController\02-Software\RS485Master\Debug\Obj\stm8s_adc1.o
#        E:\03-DuAn\LedController\LedController\02-Software\RS485Master\Debug\Obj\stm8s_clk.o
#        E:\03-DuAn\LedController\LedController\02-Software\RS485Master\Debug\Obj\stm8s_gpio.o
#        E:\03-DuAn\LedController\LedController\02-Software\RS485Master\Debug\Obj\stm8s_it.o
#        E:\03-DuAn\LedController\LedController\02-Software\RS485Master\Debug\Obj\stm8s_tim1.o
#        E:\03-DuAn\LedController\LedController\02-Software\RS485Master\Debug\Obj\stm8s_tim2.o
#        E:\03-DuAn\LedController\LedController\02-Software\RS485Master\Debug\Obj\stm8s_uart1.o
#        E:\03-DuAn\LedController\LedController\02-Software\RS485Master\Debug\Obj\TaskManager.o
#        E:\03-DuAn\LedController\LedController\02-Software\RS485Master\Debug\Obj\timer_counter.o
#        E:\03-DuAn\LedController\LedController\02-Software\RS485Master\Debug\Obj\timer_pwm.o
#        E:\03-DuAn\LedController\LedController\02-Software\RS485Master\Debug\Obj\transport.o
#        --redirect _Printf=_PrintfFullNoMb --redirect _Scanf=_ScanfFullNoMb -o
#        E:\03-DuAn\LedController\LedController\02-Software\RS485Master\Debug\Exe\RS485.out
#        --map
#        E:\03-DuAn\LedController\LedController\02-Software\RS485Master\Debug\List\RS485.map
#        --config "C:\Program Files (x86)\IAR Systems\Embedded Workbench
#        8.0\stm8\config\lnkstm8s003f3.icf" --config_def _CSTACK_SIZE=0x100
#        --config_def _HEAP_SIZE=0x100 --entry __iar_program_start --debug_lib)
#
###############################################################################

*******************************************************************************
*** RUNTIME MODEL ATTRIBUTES
***

__SystemLibrary            = DLib
__code_model               = small
__core                     = stm8
__data_model               = medium
__dlib_file_descriptor     = 0
__dlib_full_locale_support = 0
__rt_version               = 4


*******************************************************************************
*** PLACEMENT SUMMARY
***

"A0":  place at start of [0x000000-0x0000ff] { rw section .vregs };
"A1":  place at end of [0x000000-0x0003ff] { block CSTACK };
"P2":  place in [from 0x000000 to 0x0003ff] {
          block HEAP, rw section __DLIB_PERTHREAD, rw section .far.bss,
          rw section .far.data, rw section .far.noinit,
          rw section .far_func.textrw, rw section .huge.bss,
          rw section .huge.data, rw section .huge.noinit,
          rw section .huge_func.textrw, rw section .iar.dynexit,
          rw section .near.bss, rw section .near.data, rw section .near.noinit,
          rw section .near_func.textrw };
"A2":  place at start of [0x008000-0x009fff] { block INTVEC };
"P3":  place in [from 0x008000 to 0x009fff] {
          ro section __DLIB_PERTHREAD_init, ro section .far.data_init,
          ro section .far_func.textrw_init, ro section .huge.data_init,
          ro section .huge_func.textrw_init, ro section .iar.init_table,
          ro section .init_array, ro section .near.data_init,
          ro section .near.rodata, ro section .near_func.text,
          ro section .near_func.textrw_init, ro section .tiny.data_init,
          ro section .tiny.rodata_init };
"P4":  place in [from 0x008000 to 0x009fff] {
          ro section .far.rodata, ro section .far_func.text };
"P5":  place in [from 0x008000 to 0x009fff] {
          ro section .huge.rodata, ro section .huge_func.text };
do not initialize {
   rw section .eeprom.noinit, rw section .far.noinit, rw section .huge.noinit,
   rw section .near.noinit, rw section .tiny.noinit, rw section .vregs };
initialize by copy {
   rw section .far.bss, rw section .far.data, rw section .far_func.textrw,
   rw section .huge.bss, rw section .huge.data, rw section .huge_func.textrw,
   rw section .iar.dynexit, rw section .near.bss, rw section .near.data,
   rw section .near_func.textrw, rw section .tiny.bss, rw section .tiny.data,
   ro section .tiny.rodata };

  Section            Kind      Address    Size  Object
  -------            ----      -------    ----  ------
"A0":                                     0x10
  .vregs             uninit   0x000000    0x10  vregs.o [4]
                            - 0x000010    0x10

"P2", part 1 of 2:                         0x2
  P2-1                        0x000010     0x2  <Init block>
    .near.data       inited   0x000010     0x1  ir_transmitter.o [1]
    .near.data       inited   0x000011     0x1  timer_pwm.o [1]
                            - 0x000012     0x2

"P2", part 2 of 2:                       0x144
  .near.bss          zero     0x000012    0x64  nodecontrol.o [1]
  .near.bss          zero     0x000076    0x40  transport.o [1]
  .near.bss          zero     0x0000b6    0x40  transport.o [1]
  .near.bss          zero     0x0000f6    0x14  commands.o [1]
  .near.bss          zero     0x00010a    0x14  TaskManager.o [1]
  .near.bss          zero     0x00011e     0x4  ir_receiver.o [1]
  .near.bss          zero     0x000122     0x4  ir_receiver.o [1]
  .near.bss          zero     0x000126     0x4  ir_receiver.o [1]
  .near.bss          zero     0x00012a     0x4  main.o [1]
  .near.bss          zero     0x00012e     0x4  timer_counter.o [1]
  .near.bss          zero     0x000132     0x4  timer_pwm.o [1]
  .near.bss          zero     0x000136     0x4  timer_pwm.o [1]
  .near.bss          zero     0x00013a     0x2  ir_receiver.o [1]
  .near.bss          zero     0x00013c     0x2  ir_receiver.o [1]
  .near.bss          zero     0x00013e     0x2  ir_receiver.o [1]
  .near.bss          zero     0x000140     0x2  main.o [1]
  .near.bss          zero     0x000142     0x2  nodecontrol.o [1]
  .near.bss          zero     0x000144     0x2  nodestatemanager.o [1]
  .near.bss          zero     0x000146     0x1  commands.o [1]
  .near.bss          zero     0x000147     0x1  commands.o [1]
  .near.bss          zero     0x000148     0x1  ir_receiver.o [1]
  .near.bss          zero     0x000149     0x1  ir_receiver.o [1]
  .near.bss          zero     0x00014a     0x1  ir_receiver.o [1]
  .near.bss          zero     0x00014b     0x1  ir_transmitter.o [1]
  .near.bss          zero     0x00014c     0x1  ir_transmitter.o [1]
  .near.bss          zero     0x00014d     0x1  led_controller.o [1]
  .near.bss          zero     0x00014e     0x1  nodecontrol.o [1]
  .near.bss          zero     0x00014f     0x1  TaskManager.o [1]
  .near.bss          zero     0x000150     0x1  timer_pwm.o [1]
  .near.bss          zero     0x000151     0x1  transport.o [1]
  .near.bss          zero     0x000152     0x1  transport.o [1]
  .near.bss          zero     0x000153     0x1  transport.o [1]
  .near.bss          zero     0x000154     0x1  transport.o [1]
  .near.bss          zero     0x000155     0x1  transport.o [1]
                            - 0x000156   0x144

"A1":                                    0x100
  CSTACK                      0x000300   0x100  <Block>
    CSTACK           uninit   0x000300   0x100  <Block tail>
                            - 0x000400   0x100

"A2":                                     0x80
  INTVEC                      0x008000    0x80  <Block>
    .intvec          const    0x008000    0x80  interrupt.o [4]
                            - 0x008080    0x80

"P3-P5":                                0x1cf5
  .near_func.text    ro code  0x008080   0x405  float.o [4]
  .near_func.text    ro code  0x008485   0x222  stm8s_uart1.o [1]
  .near_func.text    ro code  0x0086a7   0x19a  stm8s_adc1.o [1]
  .near_func.text    ro code  0x008841   0x149  long.o [4]
  .near_func.text    ro code  0x00898a   0x115  ir_receiver.o [1]
  .near_func.text    ro code  0x008a9f   0x112  vreg_util.o [4]
  .near_func.text    ro code  0x008bb1   0x110  stm8s_gpio.o [1]
  .near_func.text    ro code  0x008cc1    0xfc  stm8s_adc1.o [1]
  .near_func.text    ro code  0x008dbd    0xf8  timer_pwm.o [1]
  .near_func.text    ro code  0x008eb5    0xd3  stm8s_uart1.o [1]
  .near_func.text    ro code  0x008f88    0xd0  stm8s_uart1.o [1]
  .near_func.text    ro code  0x009058    0xbe  stm8s_adc1.o [1]
  .near_func.text    ro code  0x009116    0xac  stm8s_tim2.o [1]
  .near_func.text    ro code  0x0091c2    0xac  stm8s_tim2.o [1]
  .near_func.text    ro code  0x00926e    0x8b  stm8s_clk.o [1]
  .near_func.text    ro code  0x0092f9    0x6d  stm8s_tim1.o [1]
  .near_func.text    ro code  0x009366    0x60  stm8s_tim1.o [1]
  .near_func.text    ro code  0x0093c6    0x59  stm8s_adc1.o [1]
  .near_func.text    ro code  0x00941f    0x57  stm8s_clk.o [1]
  .near_func.text    ro code  0x009476    0x55  nodecontrol.o [1]
  .near_func.text    ro code  0x0094cb    0x55  stm8s_adc1.o [1]
  .near_func.text    ro code  0x009520    0x55  stm8s_adc1.o [1]
  .near_func.text    ro code  0x009575    0x54  commands.o [1]
  .near_func.text    ro code  0x0095c9    0x4e  stm8s_tim1.o [1]
  .near_func.text    ro code  0x009617    0x4b  main.o [1]
  .near_func.text    ro code  0x009662    0x47  long_util.o [4]
  .near_func.text    ro code  0x0096a9    0x3f  commands.o [1]
  .near_func.text    ro code  0x0096e8    0x3d  stm8s_clk.o [1]
  .near_func.text    ro code  0x009725    0x3b  transport.o [1]
  .near_func.text    ro code  0x009760    0x3b  transport.o [1]
  .near_func.text    ro code  0x00979b    0x39  stm8s_it.o [1]
  .near_func.text    ro code  0x0097d4    0x35  main.o [1]
  .near_func.text    ro code  0x009809    0x35  stm8s_tim1.o [1]
  .near_func.text    ro code  0x00983e    0x33  gpio_util.o [1]
  .near_func.text    ro code  0x009871    0x32  main.o [1]
  .near_func.text    ro code  0x0098a3    0x32  short.o [4]
  .near_func.text    ro code  0x0098d5    0x2f  ir_transmitter.o [1]
  .near_func.text    ro code  0x009904    0x2f  stm8s_tim1.o [1]
  .near_func.text    ro code  0x009933    0x2f  stm8s_tim2.o [1]
  .near_func.text    ro code  0x009962    0x2f  stm8s_tim2.o [1]
  .near_func.text    ro code  0x009991    0x2f  stm8s_tim2.o [1]
  .near_func.text    ro code  0x0099c0    0x2f  stm8s_tim2.o [1]
  .near_func.text    ro code  0x0099ef    0x2e  transport.o [1]
  .near_func.text    ro code  0x009a1d    0x2d  stm8s_uart1.o [1]
  .near_func.text    ro code  0x009a4a    0x28  timer_counter.o [1]
  .near_func.text    ro code  0x009a72    0x28  init_small.o [4]
  .near_func.text    ro code  0x009a9a    0x27  transport.o [1]
  .near_func.text    ro code  0x009ac1    0x25  ir_transmitter.o [1]
  .near_func.text    ro code  0x009ae6    0x25  dc_util.o [4]
  .near_func.text    ro code  0x009b0b    0x24  stm8s_it.o [1]
  .near_func.text    ro code  0x009b2f    0x23  TaskManager.o [1]
  .near_func.text    ro code  0x009b52    0x21  led_controller.o [1]
  .iar.init_table    const    0x009b73    0x12  - Linker created -
  .near_func.text    ro code  0x009b85    0x1f  move.o [4]
  .near_func.text    ro code  0x009ba4    0x1e  main.o [1]
  .near_func.text    ro code  0x009bc2    0x1e  init_small.o [4]
  .near_func.text    ro code  0x009be0    0x1c  main.o [1]
  .near_func.text    ro code  0x009bfc    0x19  stm8s_it.o [1]
  .near_func.text    ro code  0x009c15    0x14  init.o [4]
  .near_func.text    ro code  0x009c29    0x14  __dbg_xxexit.o [3]
  .near_func.text    ro code  0x009c3d    0x13  cstartup.o [4]
  .near_func.text    ro code  0x009c50    0x10  TaskManager.o [1]
  .near_func.text    ro code  0x009c60     0xf  timer_counter.o [1]
  .near.rodata       const    0x009c6f     0xe  stm8s_uart1.o [1]
  .near_func.text    ro code  0x009c7d     0xe  gpio_util.o [1]
  .near.rodata       const    0x009c8b     0xd  stm8s_adc1.o [1]
  .near.rodata       const    0x009c98     0xd  stm8s_gpio.o [1]
  .near.rodata       const    0x009ca5     0xd  stm8s_tim1.o [1]
  .near.rodata       const    0x009cb2     0xd  stm8s_tim2.o [1]
  .near.rodata       const    0x009cbf     0xc  stm8s_clk.o [1]
  .near_func.text    ro code  0x009ccb     0xc  stm8s_tim2.o [1]
  .near_func.text    ro code  0x009cd7     0xb  gpio_util.o [1]
  .near_func.text    ro code  0x009ce2     0x9  main.o [1]
  .near_func.text    ro code  0x009ceb     0x9  nodestatemanager.o [1]
  .near_func.text    ro code  0x009cf4     0x9  stm8s_tim2.o [1]
  .near_func.text    ro code  0x009cfd     0x8  transport.o [1]
  .near_func.text    ro code  0x009d05     0x8  transport.o [1]
  .near_func.text    ro code  0x009d0d     0x7  stm8s_gpio.o [1]
  .near_func.text    ro code  0x009d14     0x6  timer_counter.o [1]
  .near_func.text    ro code  0x009d1a     0x6  transport.o [1]
  .near_func.text    ro code  0x009d20     0x6  transport.o [1]
  .near_func.text    ro code  0x009d26     0x5  stm8s_adc1.o [1]
  .near_func.text    ro code  0x009d2b     0x5  cexit.o [4]
  .near.rodata       const    0x009d30     0x4  stm8s_clk.o [1]
  .near_func.text    ro code  0x009d34     0x4  ir_transmitter.o [1]
  .near_func.text    ro code  0x009d38     0x4  led_controller.o [1]
  .near_func.text    ro code  0x009d3c     0x4  stm8s_gpio.o [1]
  .near_func.text    ro code  0x009d40     0x4  stm8s_uart1.o [1]
  .near_func.text    ro code  0x009d44     0x4  stm8s_uart1.o [1]
  .near_func.text    ro code  0x009d48     0x4  transport.o [1]
  .near_func.text    ro code  0x009d4c     0x3  gpio_util.o [1]
  .near_func.text    ro code  0x009d4f     0x3  gpio_util.o [1]
  .near_func.text    ro code  0x009d52     0x3  interrupt.o [4]
  .near_func.text    ro code  0x009d55     0x3  low_level_init.o [4]
  .near_func.text    ro code  0x009d58     0x3  exit.o [4]
  .near_func.text    ro code  0x009d5b     0x3  unhandled_exception.o [4]
  .near_func.text    ro code  0x009d5e     0x2  stm8s_gpio.o [1]
  Initializer bytes  const    0x009d60     0x2  <for P2-1>
  .near_func.text    ro code  0x009d62     0x1  nodestatemanager.o [1]
  .near_func.text    ro code  0x009d63     0x1  stm8s_it.o [1]
  .near_func.text    ro code  0x009d64     0x1  stm8s_it.o [1]
  .near_func.text    ro code  0x009d65     0x1  stm8s_it.o [1]
  .near_func.text    ro code  0x009d66     0x1  stm8s_it.o [1]
  .near_func.text    ro code  0x009d67     0x1  stm8s_it.o [1]
  .near_func.text    ro code  0x009d68     0x1  stm8s_it.o [1]
  .near_func.text    ro code  0x009d69     0x1  stm8s_it.o [1]
  .near_func.text    ro code  0x009d6a     0x1  stm8s_it.o [1]
  .near_func.text    ro code  0x009d6b     0x1  stm8s_it.o [1]
  .near_func.text    ro code  0x009d6c     0x1  stm8s_it.o [1]
  .near_func.text    ro code  0x009d6d     0x1  stm8s_it.o [1]
  .near_func.text    ro code  0x009d6e     0x1  stm8s_it.o [1]
  .near_func.text    ro code  0x009d6f     0x1  stm8s_it.o [1]
  .near_func.text    ro code  0x009d70     0x1  stm8s_it.o [1]
  .near_func.text    ro code  0x009d71     0x1  stm8s_it.o [1]
  .near_func.text    ro code  0x009d72     0x1  stm8s_it.o [1]
  .near_func.text    ro code  0x009d73     0x1  stm8s_it.o [1]
  .near_func.text    ro code  0x009d74     0x1  __dbg_break.o [3]
                            - 0x009d75  0x1cf5


*******************************************************************************
*** INIT TABLE
***

          Address   Size
          -------   ----
Zero (__iar_zero_init2)
    1 destination range, total size 0x144:
          0x000012  0x144

Copy (__iar_copy_init2)
    1 source range, total size 0x2:
          0x009d60    0x2
    1 destination range, total size 0x2:
          0x000010    0x2



*******************************************************************************
*** MODULE SUMMARY
***

    Module                 ro code  ro data  rw data
    ------                 -------  -------  -------
E:\03-DuAn\LedController\LedController\02-Software\RS485Master\Debug\Obj: [1]
    TaskManager.o               51                21
    commands.o                 147                22
    gpio_util.o                 82
    ir_receiver.o              277                21
    ir_transmitter.o            88        1        3
    led_controller.o            37                 1
    main.o                     245                 6
    nodecontrol.o               85               103
    nodestatemanager.o          10                 2
    stm8s_adc1.o             1 116       13
    stm8s_clk.o                287       16
    stm8s_gpio.o               285       13
    stm8s_it.o                 135
    stm8s_tim1.o               383       13
    stm8s_tim2.o               553       13
    stm8s_uart1.o            1 018       14
    timer_counter.o             61                 4
    timer_pwm.o                248        1       10
    transport.o                235               133
    ------------------------------------------------
    Total:                   5 343       84      326

command line: [2]
    ------------------------------------------------
    Total:

dbgstm8smd.a: [3]
    __dbg_break.o                1
    __dbg_xxexit.o              20
    ------------------------------------------------
    Total:                      21

dlstm8smn.a: [4]
    cexit.o                      5
    cstartup.o                  19
    dc_util.o                   37
    exit.o                       3
    float.o                  1 029
    init.o                      20
    init_small.o                70
    interrupt.o                  3      128
    long.o                     329
    long_util.o                 71
    low_level_init.o             3
    move.o                      31
    short.o                     50
    unhandled_exception.o        3
    vreg_util.o                274
    vregs.o                                       16
    ------------------------------------------------
    Total:                   1 947      128       16

    Linker created                       18      256
----------------------------------------------------
    Grand Total:             7 311      230      598


*******************************************************************************
*** ENTRY LIST
***

Entry                    Address   Size  Type      Object
-----                    -------   ----  ----      ------
.iar.init_table$$Base   0x009b73          --   Gb  - Linker created -
.iar.init_table$$Limit  0x009b85          --   Gb  - Linker created -
?b0                     0x000000         Data  Gb  vregs.o [4]
?b1                     0x000001         Data  Gb  vregs.o [4]
?b10                    0x00000a         Data  Gb  vregs.o [4]
?b11                    0x00000b         Data  Gb  vregs.o [4]
?b12                    0x00000c         Data  Gb  vregs.o [4]
?b13                    0x00000d         Data  Gb  vregs.o [4]
?b14                    0x00000e         Data  Gb  vregs.o [4]
?b15                    0x00000f         Data  Gb  vregs.o [4]
?b2                     0x000002         Data  Gb  vregs.o [4]
?b3                     0x000003         Data  Gb  vregs.o [4]
?b4                     0x000004         Data  Gb  vregs.o [4]
?b5                     0x000005         Data  Gb  vregs.o [4]
?b6                     0x000006         Data  Gb  vregs.o [4]
?b7                     0x000007         Data  Gb  vregs.o [4]
?b8                     0x000008         Data  Gb  vregs.o [4]
?b9                     0x000009         Data  Gb  vregs.o [4]
?dc32_l0                0x009ae6         Code  Gb  dc_util.o [4]
?dc32_l1                0x009af3         Code  Gb  dc_util.o [4]
?dc32_px                0x009b00         Code  Gb  dc_util.o [4]
?e0                     0x000001         Data  Gb  vregs.o [4]
?e1                     0x000005         Data  Gb  vregs.o [4]
?e2                     0x000009         Data  Gb  vregs.o [4]
?e3                     0x00000d         Data  Gb  vregs.o [4]
?epilogue_l2            0x008b3a         Code  Gb  vreg_util.o [4]
?epilogue_l2_l3         0x008b37         Code  Gb  vreg_util.o [4]
?epilogue_l2_w6         0x008b3e         Code  Gb  vreg_util.o [4]
?epilogue_w4            0x008b45         Code  Gb  vreg_util.o [4]
?fadd32_l0_l0_0x        0x0080ab         Code  Gb  float.o [4]
?fadd32_l0_l0_l1        0x0080ae         Code  Gb  float.o [4]
?fcastf32u16_l0_x       0x008339         Code  Gb  float.o [4]
?fcasts16f32_x_l0       0x008357         Code  Gb  float.o [4]
?fcmpeq32_c_0x_fzero    0x0082cd         Code  Gb  float.o [4]
?fcmpge32_c_l0_0x       0x0082da         Code  Gb  float.o [4]
?fcmpge32_c_l0_dc32     0x0082d5         Code  Gb  float.o [4]
?fcmplt32_c_l0_0x       0x0082e3         Code  Gb  float.o [4]
?fcmplt32_c_l0_dc32     0x0082de         Code  Gb  float.o [4]
?fdiv32_l0_l0_l1        0x00821f         Code  Gb  float.o [4]
?fmul32_l0_l0_0x        0x008181         Code  Gb  float.o [4]
?fmul32_l0_l0_dc32      0x00817c         Code  Gb  float.o [4]
?fmul32_l0_l0_l1        0x008184         Code  Gb  float.o [4]
?fsub32_l0_dc32_l1      0x00809d         Code  Gb  float.o [4]
?fsub32_l0_l0_0x        0x0080a2         Code  Gb  float.o [4]
?fsub32_l0_l0_l1        0x0080a5         Code  Gb  float.o [4]
?inc32_0x_0x            0x008846         Code  Gb  long.o [4]
?inc32_l0_l0            0x008841         Code  Gb  long.o [4]
?l0                     0x000000         Data  Gb  vregs.o [4]
?l1                     0x000004         Data  Gb  vregs.o [4]
?l2                     0x000008         Data  Gb  vregs.o [4]
?l3                     0x00000c         Data  Gb  vregs.o [4]
?load32_0x_l0           0x00969b         Code  Gb  long_util.o [4]
?load32_asp_l0          0x00968f         Code  Gb  long_util.o [4]
?load32_dbsp_l0         0x00968a         Code  Gb  long_util.o [4]
?load32_l0_0x           0x009672         Code  Gb  long_util.o [4]
?load32_l0_asp          0x009667         Code  Gb  long_util.o [4]
?load32_l0_dbsp         0x009662         Code  Gb  long_util.o [4]
?load32_l0_xsp          0x009669         Code  Gb  long_util.o [4]
?load32_l1_0x           0x00967e         Code  Gb  long_util.o [4]
?load32_xsp_l0          0x009691         Code  Gb  long_util.o [4]
?longfarg16_v_w0_a      0x009b92         Code  Gb  move.o [4]
?longfarg16_v_w0_x      0x009b94         Code  Gb  move.o [4]
?mov_e0_e1              0x008b4c         Code  Gb  vreg_util.o [4]
?mov_e0_e2              0x008b59         Code  Gb  vreg_util.o [4]
?mov_e0_e3              0x008b66         Code  Gb  vreg_util.o [4]
?mov_e1_e0              0x008b73         Code  Gb  vreg_util.o [4]
?mov_e1_e2              0x008b80         Code  Gb  vreg_util.o [4]
?mov_e1_e3              0x008b8d         Code  Gb  vreg_util.o [4]
?mov_e2_e0              0x008b9a         Code  Gb  vreg_util.o [4]
?mov_e3_e0              0x008ba7         Code  Gb  vreg_util.o [4]
?mov_l0_l1              0x008b49         Code  Gb  vreg_util.o [4]
?mov_l0_l2              0x008b56         Code  Gb  vreg_util.o [4]
?mov_l0_l3              0x008b63         Code  Gb  vreg_util.o [4]
?mov_l1_l0              0x008b70         Code  Gb  vreg_util.o [4]
?mov_l1_l2              0x008b7d         Code  Gb  vreg_util.o [4]
?mov_l1_l3              0x008b8a         Code  Gb  vreg_util.o [4]
?mov_l2_l0              0x008b97         Code  Gb  vreg_util.o [4]
?mov_l3_l0              0x008ba4         Code  Gb  vreg_util.o [4]
?mov_w1_w3              0x008b4f         Code  Gb  vreg_util.o [4]
?mov_w1_w5              0x008b5c         Code  Gb  vreg_util.o [4]
?mov_w1_w7              0x008b69         Code  Gb  vreg_util.o [4]
?mov_w3_w1              0x008b76         Code  Gb  vreg_util.o [4]
?mov_w3_w5              0x008b83         Code  Gb  vreg_util.o [4]
?mov_w3_w7              0x008b90         Code  Gb  vreg_util.o [4]
?mov_w5_w1              0x008b9d         Code  Gb  vreg_util.o [4]
?mov_w7_w1              0x008baa         Code  Gb  vreg_util.o [4]
?move1616_v_x_y_a       0x009b85         Code  Gb  move.o [4]
?mul16_x_x_w0           0x0098a3         Code  Gb  short.o [4]
?mul32_l0_l0_0x         0x008872         Code  Gb  long.o [4]
?mul32_l0_l0_dl         0x00886f         Code  Gb  long.o [4]
?mul32_l0_l0_l1         0x00887b         Code  Gb  long.o [4]
?pop_l0                 0x008b03         Code  Gb  vreg_util.o [4]
?pop_l1                 0x008b0e         Code  Gb  vreg_util.o [4]
?pop_l2                 0x008b19         Code  Gb  vreg_util.o [4]
?pop_l3                 0x008b24         Code  Gb  vreg_util.o [4]
?pop_w4                 0x008abc         Code  Gb  vreg_util.o [4]
?pop_w6                 0x008ac3         Code  Gb  vreg_util.o [4]
?push_l0                0x008ad2         Code  Gb  vreg_util.o [4]
?push_l1                0x008ad7         Code  Gb  vreg_util.o [4]
?push_l2                0x008adc         Code  Gb  vreg_util.o [4]
?push_l3                0x008ae1         Code  Gb  vreg_util.o [4]
?push_w4                0x008a9f         Code  Gb  vreg_util.o [4]
?push_w6                0x008aa4         Code  Gb  vreg_util.o [4]
?sll16_x_x_4            0x0098cb         Code  Gb  short.o [4]
?sll16_x_x_5            0x0098ca         Code  Gb  short.o [4]
?sll16_x_x_6            0x0098c9         Code  Gb  short.o [4]
?sll16_x_x_a            0x0098c1         Code  Gb  short.o [4]
?sll32_0x_0x_a          0x00897c         Code  Gb  long.o [4]
?sll32_l0_l0_a          0x008979         Code  Gb  long.o [4]
?srl16_x_x_4            0x0098d0         Code  Gb  short.o [4]
?sub32_l0_l0_0x         0x008857         Code  Gb  long.o [4]
?sub32_l0_l0_l1         0x008854         Code  Gb  long.o [4]
?ucmp32_c_l0_l1         0x00896e         Code  Gb  long.o [4]
?udiv32_l0_dl_l1        0x0088f9         Code  Gb  long.o [4]
?udiv32_l0_l0_dl        0x0088fe         Code  Gb  long.o [4]
?udiv32_l0_l0_l1        0x008901         Code  Gb  long.o [4]
?umod32_l1_l0_l1        0x008901         Code  Gb  long.o [4]
?w0                     0x000000         Data  Gb  vregs.o [4]
?w1                     0x000002         Data  Gb  vregs.o [4]
?w2                     0x000004         Data  Gb  vregs.o [4]
?w3                     0x000006         Data  Gb  vregs.o [4]
?w4                     0x000008         Data  Gb  vregs.o [4]
?w5                     0x00000a         Data  Gb  vregs.o [4]
?w6                     0x00000c         Data  Gb  vregs.o [4]
?w7                     0x00000e         Data  Gb  vregs.o [4]
ADC1_ConversionConfig   0x009058   0xbe  Code  Gb  stm8s_adc1.o [1]
ADC1_ExternalTriggerConfig
                        0x0093c6   0x59  Code  Gb  stm8s_adc1.o [1]
ADC1_GetConversionValue
                        0x009520   0x55  Code  Gb  stm8s_adc1.o [1]
ADC1_IRQHandler         0x009d71    0x1  Code  Gb  stm8s_it.o [1]
ADC1_Init               0x0086a7  0x19a  Code  Gb  stm8s_adc1.o [1]
ADC1_PrescalerConfig    0x0094cb   0x55  Code  Gb  stm8s_adc1.o [1]
ADC1_SchmittTriggerConfig
                        0x008cc1   0xfc  Code  Gb  stm8s_adc1.o [1]
ADC1_StartConversion    0x009d26    0x5  Code  Gb  stm8s_adc1.o [1]
AWU_IRQHandler          0x009d65    0x1  Code  Gb  stm8s_it.o [1]
CLK_GetClockFreq        0x00941f   0x57  Code  Gb  stm8s_clk.o [1]
CLK_HSIPrescalerConfig  0x0096e8   0x3d  Code  Gb  stm8s_clk.o [1]
CLK_IRQHandler          0x009d66    0x1  Code  Gb  stm8s_it.o [1]
CLK_SYSCLKConfig        0x00926e   0x8b  Code  Gb  stm8s_clk.o [1]
CSTACK$$Base            0x000300          --   Gb  - Linker created -
CSTACK$$Limit           0x000400          --   Gb  - Linker created -
Clock_Config            0x009ce2    0x9  Code  Gb  main.o [1]
Command_Task            0x009575   0x54  Code  Gb  commands.o [1]
EEPROM_EEC_IRQHandler   0x009d73    0x1  Code  Gb  stm8s_it.o [1]
EXTI_PORTA_IRQHandler   0x009d67    0x1  Code  Gb  stm8s_it.o [1]
EXTI_PORTB_IRQHandler   0x009d68    0x1  Code  Gb  stm8s_it.o [1]
EXTI_PORTC_IRQHandler   0x009d69    0x1  Code  Gb  stm8s_it.o [1]
EXTI_PORTD_IRQHandler   0x009d6a    0x1  Code  Gb  stm8s_it.o [1]
EXTI_PORTE_IRQHandler   0x009d6b    0x1  Code  Gb  stm8s_it.o [1]
GPIO_Init               0x008bb1  0x110  Code  Gb  stm8s_gpio.o [1]
GPIO_ReadOutputData     0x009d5e    0x2  Code  Gb  stm8s_gpio.o [1]
GPIO_Util_Init_As_Out   0x009cd7    0xb  Code  Gb  gpio_util.o [1]
GPIO_Util_ReadValue     0x009c7d    0xe  Code  Gb  gpio_util.o [1]
GPIO_Util_Toggle        0x00983e   0x33  Code  Gb  gpio_util.o [1]
GPIO_Util_WriteHigh     0x009d4c    0x3  Code  Gb  gpio_util.o [1]
GPIO_Util_WriteLow      0x009d4f    0x3  Code  Gb  gpio_util.o [1]
GPIO_WriteHigh          0x009d0d    0x7  Code  Gb  stm8s_gpio.o [1]
GPIO_WriteLow           0x009d3c    0x4  Code  Gb  stm8s_gpio.o [1]
HSIDivFactor            0x009d30    0x4  Data  Gb  stm8s_clk.o [1]
I2C_IRQHandler          0x009d70    0x1  Code  Gb  stm8s_it.o [1]
INTVEC$$Base            0x008000          --   Gb  - Linker created -
INTVEC$$Limit           0x008080          --   Gb  - Linker created -
IR_Receiver_Init        0x008a3e   0x5e  Code  Gb  ir_receiver.o [1]
IR_Receiver_Task        0x008a9c    0x3  Code  Gb  ir_receiver.o [1]
IR_Transmitter_GetMode  0x009d34    0x4  Code  Gb  ir_transmitter.o [1]
IR_Transmitter_Init     0x009ac1   0x25  Code  Gb  ir_transmitter.o [1]
IR_Transmitter_Task     0x0098d5   0x2f  Code  Gb  ir_transmitter.o [1]
IR_Transmitter_Task{1}{2}{3}{5}::counter
                        0x00014c    0x1  Data  Lc  ir_transmitter.o [1]
Led_Control_GetMode     0x009d38    0x4  Code  Gb  led_controller.o [1]
Led_Control_Init        0x009b52   0x21  Code  Gb  led_controller.o [1]
Node_Control_InitNodes  0x009476   0x55  Code  Gb  nodecontrol.o [1]
Node_State_Manager_Init
                        0x009ceb    0x9  Code  Gb  nodestatemanager.o [1]
Node_State_Manager_Task
                        0x009d62    0x1  Code  Gb  nodestatemanager.o [1]
RC                      0x00011e    0x4  Data  Gb  ir_receiver.o [1]
Region$$Table$$Base     0x009b73          --   Gb  - Linker created -
Region$$Table$$Limit    0x009b85          --   Gb  - Linker created -
SPI_IRQHandler          0x009d6c    0x1  Code  Gb  stm8s_it.o [1]
System_Init             0x009ba4   0x1e  Code  Gb  main.o [1]
TIM1_CAP_COM_IRQHandler
                        0x009d6d    0x1  Code  Gb  stm8s_it.o [1]
TIM1_ClearFlag          0x009809   0x35  Code  Gb  stm8s_tim1.o [1]
TIM1_Cmd                0x009904   0x2f  Code  Gb  stm8s_tim1.o [1]
TIM1_GetITStatus        0x0092f9   0x6d  Code  Gb  stm8s_tim1.o [1]
TIM1_ITConfig           0x0095c9   0x4e  Code  Gb  stm8s_tim1.o [1]
TIM1_TimeBaseInit       0x009366   0x60  Code  Gb  stm8s_tim1.o [1]
TIM1_UPD_OVF_TRG_BRK_IRQHandler
                        0x009b0b   0x24  Code  Gb  stm8s_it.o [1]
TIM2_ARRPreloadConfig   0x009962   0x2f  Code  Gb  stm8s_tim2.o [1]
TIM2_CAP_COM_IRQHandler
                        0x009d6f    0x1  Code  Gb  stm8s_it.o [1]
TIM2_Cmd                0x009933   0x2f  Code  Gb  stm8s_tim2.o [1]
TIM2_OC1Init            0x009116   0xac  Code  Gb  stm8s_tim2.o [1]
TIM2_OC1PreloadConfig   0x009991   0x2f  Code  Gb  stm8s_tim2.o [1]
TIM2_OC3Init            0x0091c2   0xac  Code  Gb  stm8s_tim2.o [1]
TIM2_OC3PreloadConfig   0x0099c0   0x2f  Code  Gb  stm8s_tim2.o [1]
TIM2_SetCompare1        0x009cf4    0x9  Code  Gb  stm8s_tim2.o [1]
TIM2_TimeBaseInit       0x009ccb    0xc  Code  Gb  stm8s_tim2.o [1]
TIM2_UPD_OVF_BRK_IRQHandler
                        0x009d6e    0x1  Code  Gb  stm8s_it.o [1]
TIM4_UPD_OVF_IRQHandler
                        0x009d72    0x1  Code  Gb  stm8s_it.o [1]
TLI_IRQHandler          0x009d64    0x1  Code  Gb  stm8s_it.o [1]
TRAP_IRQHandler         0x009d63    0x1  Code  Gb  stm8s_it.o [1]
Task_Init               0x009871   0x32  Code  Gb  main.o [1]
Task_Manager_AddTask    0x009c50   0x10  Code  Gb  TaskManager.o [1]
Task_Manager_PerformTask
                        0x009b2f   0x23  Code  Gb  TaskManager.o [1]
Test_Task               0x009be0   0x1c  Code  Gb  main.o [1]
Test_Task::counter      0x000140    0x2  Data  Lc  main.o [1]
Timer_Connter_Init_Timer
                        0x009a4a   0x1d  Code  Gb  timer_counter.o [1]
Timer_Counter_GetCounter
                        0x009d14    0x6  Code  Gb  timer_counter.o [1]
Timer_Counter_IncreaseCounter
                        0x009c60    0xf  Code  Gb  timer_counter.o [1]
Timer_Counter_Init      0x009a67    0xb  Code  Gb  timer_counter.o [1]
Timer_PWM_IR_Transmitter_Init
                        0x008e1f   0x3a  Code  Gb  timer_pwm.o [1]
Timer_PWM_Init          0x008dd0   0x4f  Code  Gb  timer_pwm.o [1]
Timer_PWM_Update_Period
                        0x008e59   0x5c  Code  Gb  timer_pwm.o [1]
Transport_GetRxBufferSize
                        0x009d48    0x4  Code  Gb  transport.o [1]
Transport_Init          0x009725   0x3b  Code  Gb  transport.o [1]
Transport_OutputDisable
                        0x009d05    0x8  Code  Gb  transport.o [1]
Transport_OutputEnable  0x009cfd    0x8  Code  Gb  transport.o [1]
Transport_RxPop         0x009760   0x3b  Code  Gb  transport.o [1]
Transport_RxPush        0x009a9a   0x27  Code  Gb  transport.o [1]
Transport_TxPop         0x0099ef   0x2e  Code  Gb  transport.o [1]
UART1_DeInit            0x009a1d   0x2d  Code  Gb  stm8s_uart1.o [1]
UART1_GetITStatus       0x008eb5   0xd3  Code  Gb  stm8s_uart1.o [1]
UART1_ITConfig          0x008f88   0xd0  Code  Gb  stm8s_uart1.o [1]
UART1_Init              0x008485  0x222  Code  Gb  stm8s_uart1.o [1]
UART1_RX_IRQHandler     0x009bfc   0x19  Code  Gb  stm8s_it.o [1]
UART1_ReceiveData8      0x009d40    0x4  Code  Gb  stm8s_uart1.o [1]
UART1_SendData8         0x009d44    0x4  Code  Gb  stm8s_uart1.o [1]
UART1_TX_IRQHandler     0x00979b   0x39  Code  Gb  stm8s_it.o [1]
__DebugBreak            0x009d74    0x1  Code  Gb  __dbg_break.o [3]
__exit                  0x009c29   0x14  Code  Gb  __dbg_xxexit.o [3]
__iar_copy_init2        0x009a72         Code  Gb  init_small.o [4]
__iar_data_init2        0x009c15   0x14  Code  Gb  init.o [4]
__iar_program_start     0x009c3d         Code  Gb  cstartup.o [4]
__iar_unhandled_exception
                        0x009d5b         Code  Gb  unhandled_exception.o [4]
__iar_zero_init2        0x009bc2         Code  Gb  init_small.o [4]
__intvec                0x008000         Data  Gb  interrupt.o [4]
__low_level_init        0x009d55    0x3  Code  Gb  low_level_init.o [4]
_exit                   0x009d2b         Code  Gb  cexit.o [4]
_interrupt_1            0x009d63         Code  Gb  stm8s_it.o [1]
_interrupt_12           0x009d6c         Code  Gb  stm8s_it.o [1]
_interrupt_13           0x009b0b         Code  Gb  stm8s_it.o [1]
_interrupt_14           0x009d6d         Code  Gb  stm8s_it.o [1]
_interrupt_15           0x009d6e         Code  Gb  stm8s_it.o [1]
_interrupt_16           0x009d6f         Code  Gb  stm8s_it.o [1]
_interrupt_19           0x00979b         Code  Gb  stm8s_it.o [1]
_interrupt_2            0x009d64         Code  Gb  stm8s_it.o [1]
_interrupt_20           0x009bfc         Code  Gb  stm8s_it.o [1]
_interrupt_21           0x009d70         Code  Gb  stm8s_it.o [1]
_interrupt_24           0x009d71         Code  Gb  stm8s_it.o [1]
_interrupt_25           0x009d72         Code  Gb  stm8s_it.o [1]
_interrupt_26           0x009d73         Code  Gb  stm8s_it.o [1]
_interrupt_3            0x009d65         Code  Gb  stm8s_it.o [1]
_interrupt_4            0x009d66         Code  Gb  stm8s_it.o [1]
_interrupt_5            0x009d67         Code  Gb  stm8s_it.o [1]
_interrupt_6            0x009d68         Code  Gb  stm8s_it.o [1]
_interrupt_7            0x009d69         Code  Gb  stm8s_it.o [1]
_interrupt_8            0x009d6a         Code  Gb  stm8s_it.o [1]
_interrupt_9            0x009d6b         Code  Gb  stm8s_it.o [1]
active_period           0x000132    0x4  Data  Gb  timer_pwm.o [1]
alpha                   0x000126    0x4  Data  Gb  ir_receiver.o [1]
assert_failed           0x0097d4   0x35  Code  Gb  main.o [1]
assert_failed::counter  0x00012a    0x4  Data  Lc  main.o [1]
change_factor           0x000136    0x4  Data  Gb  timer_pwm.o [1]
cmd_cnt                 0x000147    0x1  Data  Gb  commands.o [1]
cmd_push                0x0096a9   0x3f  Code  Gb  commands.o [1]
cmd_wr_idx              0x000146    0x1  Data  Gb  commands.o [1]
commands                0x0000f6   0x14  Data  Gb  commands.o [1]
control_state           0x00014e    0x1  Data  Gb  nodecontrol.o [1]
detecting_pulse         0x00898a   0x53  Code  Gb  ir_receiver.o [1]
detecting_pulse::decrease_counter
                        0x000149    0x1  Data  Lc  ir_receiver.o [1]
detecting_pulse::direction
                        0x00014a    0x1  Data  Lc  ir_receiver.o [1]
detecting_pulse::increase_counter
                        0x000148    0x1  Data  Lc  ir_receiver.o [1]
detecting_pulse::previous_v
                        0x00013e    0x2  Data  Lc  ir_receiver.o [1]
dt                      0x000122    0x4  Data  Gb  ir_receiver.o [1]
exit                    0x009d58    0x3  Code  Gb  exit.o [4]
gpio_state              0x000011    0x1  Data  Gb  timer_pwm.o [1]
is_configured           0x000150    0x1  Data  Gb  timer_pwm.o [1]
lowpass_filter          0x0089dd   0x48  Code  Gb  ir_receiver.o [1]
lowpass_filter::filtered_value
                        0x00013c    0x2  Data  Lc  ir_receiver.o [1]
main                    0x009617   0x4b  Code  Gb  main.o [1]
node_state              0x000144    0x2  Data  Gb  nodestatemanager.o [1]
nodes                   0x000012   0x64  Data  Gb  nodecontrol.o [1]
process_ir_signal       0x008a25   0x19  Code  Gb  ir_receiver.o [1]
process_ir_signal::stable_marker
                        0x00013a    0x2  Data  Lc  ir_receiver.o [1]
running_mode            0x00014b    0x1  Data  Gb  ir_transmitter.o [1]
running_mode            0x00014d    0x1  Data  Lc  led_controller.o [1]
rx_buff                 0x0000b6   0x40  Data  Gb  transport.o [1]
rx_cnt                  0x000155    0x1  Data  Gb  transport.o [1]
rx_interrupt_config     0x009d20    0x6  Code  Gb  transport.o [1]
rx_rd_idx               0x000154    0x1  Data  Gb  transport.o [1]
rx_wr_idx               0x000153    0x1  Data  Gb  transport.o [1]
task_Index              0x00014f    0x1  Data  Gb  TaskManager.o [1]
tasks                   0x00010a   0x14  Data  Gb  TaskManager.o [1]
time_prescaler          0x000010    0x1  Data  Gb  ir_transmitter.o [1]
timeout                 0x000142    0x2  Data  Lc  nodecontrol.o [1]
timer_counter           0x00012e    0x4  Data  Lc  timer_counter.o [1]
tx_buff                 0x000076   0x40  Data  Gb  transport.o [1]
tx_cnt                  0x000152    0x1  Data  Gb  transport.o [1]
tx_interrupt_config     0x009d1a    0x6  Code  Gb  transport.o [1]
tx_rd_idx               0x000151    0x1  Data  Gb  transport.o [1]
update_duty_cycle       0x008dbd   0x13  Code  Gb  timer_pwm.o [1]


[1] = E:\03-DuAn\LedController\LedController\02-Software\RS485Master\Debug\Obj
[2] = command line
[3] = dbgstm8smd.a
[4] = dlstm8smn.a

  7 311 bytes of readonly  code memory
    230 bytes of readonly  data memory
    598 bytes of readwrite data memory

Errors: none
Warnings: none
