###############################################################################
#
# IAR ELF Linker V3.10.1.201 for STM8                     15/Jan/2019  16:04:16
# Copyright 2010-2017 IAR Systems AB.
#
#    Output file  =  
#        E:\DATA\03-DuAn\02-LedController\LedController\02-Software\RS485Master\Debug\Exe\RS485.out
#    Map file     =  
#        E:\DATA\03-DuAn\02-LedController\LedController\02-Software\RS485Master\Debug\List\RS485.map
#    Command line =  
#        -f C:\Users\PM-HUN~1\AppData\Local\Temp\EW3735.tmp
#        (E:\DATA\03-DuAn\02-LedController\LedController\02-Software\RS485Master\Debug\Obj\commands.o
#        E:\DATA\03-DuAn\02-LedController\LedController\02-Software\RS485Master\Debug\Obj\gpio_util.o
#        E:\DATA\03-DuAn\02-LedController\LedController\02-Software\RS485Master\Debug\Obj\ir_receiver.o
#        E:\DATA\03-DuAn\02-LedController\LedController\02-Software\RS485Master\Debug\Obj\ir_transmitter.o
#        E:\DATA\03-DuAn\02-LedController\LedController\02-Software\RS485Master\Debug\Obj\led_controller.o
#        E:\DATA\03-DuAn\02-LedController\LedController\02-Software\RS485Master\Debug\Obj\main.o
#        E:\DATA\03-DuAn\02-LedController\LedController\02-Software\RS485Master\Debug\Obj\nodecontrol.o
#        E:\DATA\03-DuAn\02-LedController\LedController\02-Software\RS485Master\Debug\Obj\nodestatemanager.o
#        E:\DATA\03-DuAn\02-LedController\LedController\02-Software\RS485Master\Debug\Obj\stm8s_adc1.o
#        E:\DATA\03-DuAn\02-LedController\LedController\02-Software\RS485Master\Debug\Obj\stm8s_clk.o
#        E:\DATA\03-DuAn\02-LedController\LedController\02-Software\RS485Master\Debug\Obj\stm8s_gpio.o
#        E:\DATA\03-DuAn\02-LedController\LedController\02-Software\RS485Master\Debug\Obj\stm8s_it.o
#        E:\DATA\03-DuAn\02-LedController\LedController\02-Software\RS485Master\Debug\Obj\stm8s_tim1.o
#        E:\DATA\03-DuAn\02-LedController\LedController\02-Software\RS485Master\Debug\Obj\stm8s_tim2.o
#        E:\DATA\03-DuAn\02-LedController\LedController\02-Software\RS485Master\Debug\Obj\stm8s_uart1.o
#        E:\DATA\03-DuAn\02-LedController\LedController\02-Software\RS485Master\Debug\Obj\TaskManager.o
#        E:\DATA\03-DuAn\02-LedController\LedController\02-Software\RS485Master\Debug\Obj\timer_counter.o
#        E:\DATA\03-DuAn\02-LedController\LedController\02-Software\RS485Master\Debug\Obj\timer_pwm.o
#        E:\DATA\03-DuAn\02-LedController\LedController\02-Software\RS485Master\Debug\Obj\transport.o
#        --redirect _Printf=_PrintfFullNoMb --redirect _Scanf=_ScanfFullNoMb -o
#        E:\DATA\03-DuAn\02-LedController\LedController\02-Software\RS485Master\Debug\Exe\RS485.out
#        --map
#        E:\DATA\03-DuAn\02-LedController\LedController\02-Software\RS485Master\Debug\List\RS485.map
#        --config "C:\Program Files (x86)\IAR Systems\Embedded Workbench
#        8.0\stm8\config\lnkstm8s003f3.icf" --config_def _CSTACK_SIZE=0x100
#        --config_def _HEAP_SIZE=0x100 --entry __iar_program_start --debug_lib)
#
###############################################################################

*******************************************************************************
*** RUNTIME MODEL ATTRIBUTES
***

__SystemLibrary            = DLib
__code_model               = small
__core                     = stm8
__data_model               = medium
__dlib_file_descriptor     = 0
__dlib_full_locale_support = 0
__rt_version               = 4


*******************************************************************************
*** PLACEMENT SUMMARY
***

"A0":  place at start of [0x000000-0x0000ff] { rw section .vregs };
"A1":  place at end of [0x000000-0x0003ff] { block CSTACK };
"P2":  place in [from 0x000000 to 0x0003ff] {
          block HEAP, rw section __DLIB_PERTHREAD, rw section .far.bss,
          rw section .far.data, rw section .far.noinit,
          rw section .far_func.textrw, rw section .huge.bss,
          rw section .huge.data, rw section .huge.noinit,
          rw section .huge_func.textrw, rw section .iar.dynexit,
          rw section .near.bss, rw section .near.data, rw section .near.noinit,
          rw section .near_func.textrw };
"A2":  place at start of [0x008000-0x009fff] { block INTVEC };
"P3":  place in [from 0x008000 to 0x009fff] {
          ro section __DLIB_PERTHREAD_init, ro section .far.data_init,
          ro section .far_func.textrw_init, ro section .huge.data_init,
          ro section .huge_func.textrw_init, ro section .iar.init_table,
          ro section .init_array, ro section .near.data_init,
          ro section .near.rodata, ro section .near_func.text,
          ro section .near_func.textrw_init, ro section .tiny.data_init,
          ro section .tiny.rodata_init };
"P4":  place in [from 0x008000 to 0x009fff] {
          ro section .far.rodata, ro section .far_func.text };
"P5":  place in [from 0x008000 to 0x009fff] {
          ro section .huge.rodata, ro section .huge_func.text };
do not initialize {
   rw section .eeprom.noinit, rw section .far.noinit, rw section .huge.noinit,
   rw section .near.noinit, rw section .tiny.noinit, rw section .vregs };
initialize by copy {
   rw section .far.bss, rw section .far.data, rw section .far_func.textrw,
   rw section .huge.bss, rw section .huge.data, rw section .huge_func.textrw,
   rw section .iar.dynexit, rw section .near.bss, rw section .near.data,
   rw section .near_func.textrw, rw section .tiny.bss, rw section .tiny.data,
   ro section .tiny.rodata };

  Section            Kind      Address    Size  Object
  -------            ----      -------    ----  ------
"A0":                                     0x10
  .vregs             uninit   0x000000    0x10  vregs.o [4]
                            - 0x000010    0x10

"P2", part 1 of 2:                         0x7
  P2-1                        0x000010     0x7  <Init block>
    .near.data       inited   0x000010     0x5  ir_receiver.o [1]
    .near.data       inited   0x000015     0x1  ir_transmitter.o [1]
    .near.data       inited   0x000016     0x1  timer_pwm.o [1]
                            - 0x000017     0x7

"P2", part 2 of 2:                       0x14c
  .near.bss          zero     0x000017    0x64  nodecontrol.o [1]
  .near.bss          zero     0x00007b    0x40  transport.o [1]
  .near.bss          zero     0x0000bb    0x40  transport.o [1]
  .near.bss          zero     0x0000fb    0x14  commands.o [1]
  .near.bss          zero     0x00010f    0x14  TaskManager.o [1]
  .near.bss          zero     0x000123     0x4  ir_receiver.o [1]
  .near.bss          zero     0x000127     0x4  ir_receiver.o [1]
  .near.bss          zero     0x00012b     0x4  ir_receiver.o [1]
  .near.bss          zero     0x00012f     0x4  ir_receiver.o [1]
  .near.bss          zero     0x000133     0x4  ir_receiver.o [1]
  .near.bss          zero     0x000137     0x4  main.o [1]
  .near.bss          zero     0x00013b     0x4  timer_counter.o [1]
  .near.bss          zero     0x00013f     0x4  timer_pwm.o [1]
  .near.bss          zero     0x000143     0x4  timer_pwm.o [1]
  .near.bss          zero     0x000147     0x2  ir_receiver.o [1]
  .near.bss          zero     0x000149     0x2  ir_receiver.o [1]
  .near.bss          zero     0x00014b     0x2  ir_receiver.o [1]
  .near.bss          zero     0x00014d     0x2  main.o [1]
  .near.bss          zero     0x00014f     0x2  nodecontrol.o [1]
  .near.bss          zero     0x000151     0x2  nodestatemanager.o [1]
  .near.bss          zero     0x000153     0x1  commands.o [1]
  .near.bss          zero     0x000154     0x1  commands.o [1]
  .near.bss          zero     0x000155     0x1  ir_receiver.o [1]
  .near.bss          zero     0x000156     0x1  ir_receiver.o [1]
  .near.bss          zero     0x000157     0x1  ir_receiver.o [1]
  .near.bss          zero     0x000158     0x1  ir_transmitter.o [1]
  .near.bss          zero     0x000159     0x1  ir_transmitter.o [1]
  .near.bss          zero     0x00015a     0x1  led_controller.o [1]
  .near.bss          zero     0x00015b     0x1  nodecontrol.o [1]
  .near.bss          zero     0x00015c     0x1  TaskManager.o [1]
  .near.bss          zero     0x00015d     0x1  timer_pwm.o [1]
  .near.bss          zero     0x00015e     0x1  transport.o [1]
  .near.bss          zero     0x00015f     0x1  transport.o [1]
  .near.bss          zero     0x000160     0x1  transport.o [1]
  .near.bss          zero     0x000161     0x1  transport.o [1]
  .near.bss          zero     0x000162     0x1  transport.o [1]
                            - 0x000163   0x14c

"A1":                                    0x100
  CSTACK                      0x000300   0x100  <Block>
    CSTACK           uninit   0x000300   0x100  <Block tail>
                            - 0x000400   0x100

"A2":                                     0x80
  INTVEC                      0x008000    0x80  <Block>
    .intvec          const    0x008000    0x80  interrupt.o [4]
                            - 0x008080    0x80

"P3-P5":                                0x1d97
  .near_func.text    ro code  0x008080   0x405  float.o [4]
  .near_func.text    ro code  0x008485   0x222  stm8s_uart1.o [1]
  .near_func.text    ro code  0x0086a7   0x19a  stm8s_adc1.o [1]
  .near_func.text    ro code  0x008841   0x185  ir_receiver.o [1]
  .near_func.text    ro code  0x0089c6   0x176  long.o [4]
  .near_func.text    ro code  0x008b3c   0x112  vreg_util.o [4]
  .near_func.text    ro code  0x008c4e   0x110  stm8s_gpio.o [1]
  .near_func.text    ro code  0x008d5e    0xfc  stm8s_adc1.o [1]
  .near_func.text    ro code  0x008e5a    0xf8  timer_pwm.o [1]
  .near_func.text    ro code  0x008f52    0xd3  stm8s_uart1.o [1]
  .near_func.text    ro code  0x009025    0xd0  stm8s_uart1.o [1]
  .near_func.text    ro code  0x0090f5    0xbe  stm8s_adc1.o [1]
  .near_func.text    ro code  0x0091b3    0xac  stm8s_tim2.o [1]
  .near_func.text    ro code  0x00925f    0xac  stm8s_tim2.o [1]
  .near_func.text    ro code  0x00930b    0x8b  stm8s_clk.o [1]
  .near_func.text    ro code  0x009396    0x6d  stm8s_tim1.o [1]
  .near_func.text    ro code  0x009403    0x60  stm8s_tim1.o [1]
  .near_func.text    ro code  0x009463    0x59  stm8s_adc1.o [1]
  .near_func.text    ro code  0x0094bc    0x57  stm8s_clk.o [1]
  .near_func.text    ro code  0x009513    0x55  nodecontrol.o [1]
  .near_func.text    ro code  0x009568    0x55  stm8s_adc1.o [1]
  .near_func.text    ro code  0x0095bd    0x55  stm8s_adc1.o [1]
  .near_func.text    ro code  0x009612    0x54  commands.o [1]
  .near_func.text    ro code  0x009666    0x4e  stm8s_tim1.o [1]
  .near_func.text    ro code  0x0096b4    0x4b  main.o [1]
  .near_func.text    ro code  0x0096ff    0x47  long_util.o [4]
  .near_func.text    ro code  0x009746    0x3f  commands.o [1]
  .near_func.text    ro code  0x009785    0x3d  stm8s_clk.o [1]
  .near_func.text    ro code  0x0097c2    0x3b  transport.o [1]
  .near_func.text    ro code  0x0097fd    0x3b  transport.o [1]
  .near_func.text    ro code  0x009838    0x39  stm8s_it.o [1]
  .near_func.text    ro code  0x009871    0x35  main.o [1]
  .near_func.text    ro code  0x0098a6    0x35  stm8s_tim1.o [1]
  .near_func.text    ro code  0x0098db    0x33  gpio_util.o [1]
  .near_func.text    ro code  0x00990e    0x32  main.o [1]
  .near_func.text    ro code  0x009940    0x32  short.o [4]
  .near_func.text    ro code  0x009972    0x2f  ir_transmitter.o [1]
  .near_func.text    ro code  0x0099a1    0x2f  stm8s_tim1.o [1]
  .near_func.text    ro code  0x0099d0    0x2f  stm8s_tim2.o [1]
  .near_func.text    ro code  0x0099ff    0x2f  stm8s_tim2.o [1]
  .near_func.text    ro code  0x009a2e    0x2f  stm8s_tim2.o [1]
  .near_func.text    ro code  0x009a5d    0x2f  stm8s_tim2.o [1]
  .near_func.text    ro code  0x009a8c    0x2e  transport.o [1]
  .near_func.text    ro code  0x009aba    0x2d  stm8s_uart1.o [1]
  .near_func.text    ro code  0x009ae7    0x28  timer_counter.o [1]
  .near_func.text    ro code  0x009b0f    0x28  init_small.o [4]
  .near_func.text    ro code  0x009b37    0x27  transport.o [1]
  .near_func.text    ro code  0x009b5e    0x25  ir_transmitter.o [1]
  .near_func.text    ro code  0x009b83    0x25  dc_util.o [4]
  .near_func.text    ro code  0x009ba8    0x24  stm8s_it.o [1]
  .near_func.text    ro code  0x009bcc    0x23  TaskManager.o [1]
  .near_func.text    ro code  0x009bef    0x21  led_controller.o [1]
  .iar.init_table    const    0x009c10    0x12  - Linker created -
  .near_func.text    ro code  0x009c22    0x1f  move.o [4]
  .near_func.text    ro code  0x009c41    0x1e  main.o [1]
  .near_func.text    ro code  0x009c5f    0x1e  init_small.o [4]
  .near_func.text    ro code  0x009c7d    0x1c  main.o [1]
  .near_func.text    ro code  0x009c99    0x19  stm8s_it.o [1]
  .near_func.text    ro code  0x009cb2    0x14  init.o [4]
  .near_func.text    ro code  0x009cc6    0x14  __dbg_xxexit.o [3]
  .near_func.text    ro code  0x009cda    0x13  cstartup.o [4]
  .near_func.text    ro code  0x009ced    0x10  TaskManager.o [1]
  .near_func.text    ro code  0x009cfd     0xf  timer_counter.o [1]
  .near.rodata       const    0x009d0c     0xe  stm8s_uart1.o [1]
  .near_func.text    ro code  0x009d1a     0xe  gpio_util.o [1]
  .near.rodata       const    0x009d28     0xd  stm8s_adc1.o [1]
  .near.rodata       const    0x009d35     0xd  stm8s_gpio.o [1]
  .near.rodata       const    0x009d42     0xd  stm8s_tim1.o [1]
  .near.rodata       const    0x009d4f     0xd  stm8s_tim2.o [1]
  .near.rodata       const    0x009d5c     0xc  stm8s_clk.o [1]
  .near_func.text    ro code  0x009d68     0xc  stm8s_tim2.o [1]
  .near_func.text    ro code  0x009d74     0xb  gpio_util.o [1]
  .near_func.text    ro code  0x009d7f     0x9  main.o [1]
  .near_func.text    ro code  0x009d88     0x9  nodestatemanager.o [1]
  .near_func.text    ro code  0x009d91     0x9  stm8s_tim2.o [1]
  .near_func.text    ro code  0x009d9a     0x8  transport.o [1]
  .near_func.text    ro code  0x009da2     0x8  transport.o [1]
  .near_func.text    ro code  0x009daa     0x7  stm8s_gpio.o [1]
  Initializer bytes  const    0x009db1     0x7  <for P2-1>
  .near_func.text    ro code  0x009db8     0x6  timer_counter.o [1]
  .near_func.text    ro code  0x009dbe     0x6  transport.o [1]
  .near_func.text    ro code  0x009dc4     0x6  transport.o [1]
  .near_func.text    ro code  0x009dca     0x5  stm8s_adc1.o [1]
  .near_func.text    ro code  0x009dcf     0x5  cexit.o [4]
  .near.rodata       const    0x009dd4     0x4  stm8s_clk.o [1]
  .near_func.text    ro code  0x009dd8     0x4  ir_transmitter.o [1]
  .near_func.text    ro code  0x009ddc     0x4  led_controller.o [1]
  .near_func.text    ro code  0x009de0     0x4  stm8s_gpio.o [1]
  .near_func.text    ro code  0x009de4     0x4  stm8s_uart1.o [1]
  .near_func.text    ro code  0x009de8     0x4  stm8s_uart1.o [1]
  .near_func.text    ro code  0x009dec     0x4  transport.o [1]
  .near_func.text    ro code  0x009df0     0x3  gpio_util.o [1]
  .near_func.text    ro code  0x009df3     0x3  gpio_util.o [1]
  .near_func.text    ro code  0x009df6     0x3  interrupt.o [4]
  .near_func.text    ro code  0x009df9     0x3  low_level_init.o [4]
  .near_func.text    ro code  0x009dfc     0x3  exit.o [4]
  .near_func.text    ro code  0x009dff     0x3  unhandled_exception.o [4]
  .near_func.text    ro code  0x009e02     0x2  stm8s_gpio.o [1]
  .near_func.text    ro code  0x009e04     0x1  nodestatemanager.o [1]
  .near_func.text    ro code  0x009e05     0x1  stm8s_it.o [1]
  .near_func.text    ro code  0x009e06     0x1  stm8s_it.o [1]
  .near_func.text    ro code  0x009e07     0x1  stm8s_it.o [1]
  .near_func.text    ro code  0x009e08     0x1  stm8s_it.o [1]
  .near_func.text    ro code  0x009e09     0x1  stm8s_it.o [1]
  .near_func.text    ro code  0x009e0a     0x1  stm8s_it.o [1]
  .near_func.text    ro code  0x009e0b     0x1  stm8s_it.o [1]
  .near_func.text    ro code  0x009e0c     0x1  stm8s_it.o [1]
  .near_func.text    ro code  0x009e0d     0x1  stm8s_it.o [1]
  .near_func.text    ro code  0x009e0e     0x1  stm8s_it.o [1]
  .near_func.text    ro code  0x009e0f     0x1  stm8s_it.o [1]
  .near_func.text    ro code  0x009e10     0x1  stm8s_it.o [1]
  .near_func.text    ro code  0x009e11     0x1  stm8s_it.o [1]
  .near_func.text    ro code  0x009e12     0x1  stm8s_it.o [1]
  .near_func.text    ro code  0x009e13     0x1  stm8s_it.o [1]
  .near_func.text    ro code  0x009e14     0x1  stm8s_it.o [1]
  .near_func.text    ro code  0x009e15     0x1  stm8s_it.o [1]
  .near_func.text    ro code  0x009e16     0x1  __dbg_break.o [3]
                            - 0x009e17  0x1d97


*******************************************************************************
*** INIT TABLE
***

          Address   Size
          -------   ----
Zero (__iar_zero_init2)
    1 destination range, total size 0x14c:
          0x000017  0x14c

Copy (__iar_copy_init2)
    1 source range, total size 0x7:
          0x009db1    0x7
    1 destination range, total size 0x7:
          0x000010    0x7



*******************************************************************************
*** MODULE SUMMARY
***

    Module                 ro code  ro data  rw data
    ------                 -------  -------  -------
E:\DATA\03-DuAn\02-LedController\LedController\02-Software\RS485Master\Debug\Obj: [1]
    TaskManager.o               51                21
    commands.o                 147                22
    gpio_util.o                 82
    ir_receiver.o              389        5       34
    ir_transmitter.o            88        1        3
    led_controller.o            37                 1
    main.o                     245                 6
    nodecontrol.o               85               103
    nodestatemanager.o          10                 2
    stm8s_adc1.o             1 116       13
    stm8s_clk.o                287       16
    stm8s_gpio.o               285       13
    stm8s_it.o                 135
    stm8s_tim1.o               383       13
    stm8s_tim2.o               553       13
    stm8s_uart1.o            1 018       14
    timer_counter.o             61                 4
    timer_pwm.o                248        1       10
    transport.o                235               133
    ------------------------------------------------
    Total:                   5 455       89      339

command line: [2]
    ------------------------------------------------
    Total:

dbgstm8smd.a: [3]
    __dbg_break.o                1
    __dbg_xxexit.o              20
    ------------------------------------------------
    Total:                      21

dlstm8smn.a: [4]
    cexit.o                      5
    cstartup.o                  19
    dc_util.o                   37
    exit.o                       3
    float.o                  1 029
    init.o                      20
    init_small.o                70
    interrupt.o                  3      128
    long.o                     374
    long_util.o                 71
    low_level_init.o             3
    move.o                      31
    short.o                     50
    unhandled_exception.o        3
    vreg_util.o                274
    vregs.o                                       16
    ------------------------------------------------
    Total:                   1 992      128       16

    Linker created                       18      256
----------------------------------------------------
    Grand Total:             7 468      235      611


*******************************************************************************
*** ENTRY LIST
***

Entry                    Address   Size  Type      Object
-----                    -------   ----  ----      ------
.iar.init_table$$Base   0x009c10          --   Gb  - Linker created -
.iar.init_table$$Limit  0x009c22          --   Gb  - Linker created -
?add32_l0_l0_0x         0x0089de         Code  Gb  long.o [4]
?add32_l0_l0_dl         0x0089d9         Code  Gb  long.o [4]
?b0                     0x000000         Data  Gb  vregs.o [4]
?b1                     0x000001         Data  Gb  vregs.o [4]
?b10                    0x00000a         Data  Gb  vregs.o [4]
?b11                    0x00000b         Data  Gb  vregs.o [4]
?b12                    0x00000c         Data  Gb  vregs.o [4]
?b13                    0x00000d         Data  Gb  vregs.o [4]
?b14                    0x00000e         Data  Gb  vregs.o [4]
?b15                    0x00000f         Data  Gb  vregs.o [4]
?b2                     0x000002         Data  Gb  vregs.o [4]
?b3                     0x000003         Data  Gb  vregs.o [4]
?b4                     0x000004         Data  Gb  vregs.o [4]
?b5                     0x000005         Data  Gb  vregs.o [4]
?b6                     0x000006         Data  Gb  vregs.o [4]
?b7                     0x000007         Data  Gb  vregs.o [4]
?b8                     0x000008         Data  Gb  vregs.o [4]
?b9                     0x000009         Data  Gb  vregs.o [4]
?dc32_l0                0x009b83         Code  Gb  dc_util.o [4]
?dc32_l1                0x009b90         Code  Gb  dc_util.o [4]
?dc32_px                0x009b9d         Code  Gb  dc_util.o [4]
?e0                     0x000001         Data  Gb  vregs.o [4]
?e1                     0x000005         Data  Gb  vregs.o [4]
?e2                     0x000009         Data  Gb  vregs.o [4]
?e3                     0x00000d         Data  Gb  vregs.o [4]
?epilogue_l2            0x008bd7         Code  Gb  vreg_util.o [4]
?epilogue_l2_l3         0x008bd4         Code  Gb  vreg_util.o [4]
?epilogue_l2_w6         0x008bdb         Code  Gb  vreg_util.o [4]
?epilogue_w4            0x008be2         Code  Gb  vreg_util.o [4]
?fadd32_l0_l0_0x        0x0080ab         Code  Gb  float.o [4]
?fadd32_l0_l0_l1        0x0080ae         Code  Gb  float.o [4]
?fcastf32u16_l0_x       0x008339         Code  Gb  float.o [4]
?fcasts16f32_x_l0       0x008357         Code  Gb  float.o [4]
?fcmpeq32_c_0x_fzero    0x0082cd         Code  Gb  float.o [4]
?fcmpge32_c_l0_0x       0x0082da         Code  Gb  float.o [4]
?fcmpge32_c_l0_dc32     0x0082d5         Code  Gb  float.o [4]
?fcmplt32_c_l0_0x       0x0082e3         Code  Gb  float.o [4]
?fcmplt32_c_l0_dc32     0x0082de         Code  Gb  float.o [4]
?fdiv32_l0_l0_l1        0x00821f         Code  Gb  float.o [4]
?fmul32_l0_l0_0x        0x008181         Code  Gb  float.o [4]
?fmul32_l0_l0_dc32      0x00817c         Code  Gb  float.o [4]
?fmul32_l0_l0_l1        0x008184         Code  Gb  float.o [4]
?fsub32_l0_dc32_l1      0x00809d         Code  Gb  float.o [4]
?fsub32_l0_l0_0x        0x0080a2         Code  Gb  float.o [4]
?fsub32_l0_l0_l1        0x0080a5         Code  Gb  float.o [4]
?inc32_0x_0x            0x0089cb         Code  Gb  long.o [4]
?inc32_l0_l0            0x0089c6         Code  Gb  long.o [4]
?l0                     0x000000         Data  Gb  vregs.o [4]
?l1                     0x000004         Data  Gb  vregs.o [4]
?l2                     0x000008         Data  Gb  vregs.o [4]
?l3                     0x00000c         Data  Gb  vregs.o [4]
?load32_0x_l0           0x009738         Code  Gb  long_util.o [4]
?load32_asp_l0          0x00972c         Code  Gb  long_util.o [4]
?load32_dbsp_l0         0x009727         Code  Gb  long_util.o [4]
?load32_l0_0x           0x00970f         Code  Gb  long_util.o [4]
?load32_l0_asp          0x009704         Code  Gb  long_util.o [4]
?load32_l0_dbsp         0x0096ff         Code  Gb  long_util.o [4]
?load32_l0_xsp          0x009706         Code  Gb  long_util.o [4]
?load32_l1_0x           0x00971b         Code  Gb  long_util.o [4]
?load32_xsp_l0          0x00972e         Code  Gb  long_util.o [4]
?longfarg16_v_w0_a      0x009c2f         Code  Gb  move.o [4]
?longfarg16_v_w0_x      0x009c31         Code  Gb  move.o [4]
?mov_e0_e1              0x008be9         Code  Gb  vreg_util.o [4]
?mov_e0_e2              0x008bf6         Code  Gb  vreg_util.o [4]
?mov_e0_e3              0x008c03         Code  Gb  vreg_util.o [4]
?mov_e1_e0              0x008c10         Code  Gb  vreg_util.o [4]
?mov_e1_e2              0x008c1d         Code  Gb  vreg_util.o [4]
?mov_e1_e3              0x008c2a         Code  Gb  vreg_util.o [4]
?mov_e2_e0              0x008c37         Code  Gb  vreg_util.o [4]
?mov_e3_e0              0x008c44         Code  Gb  vreg_util.o [4]
?mov_l0_l1              0x008be6         Code  Gb  vreg_util.o [4]
?mov_l0_l2              0x008bf3         Code  Gb  vreg_util.o [4]
?mov_l0_l3              0x008c00         Code  Gb  vreg_util.o [4]
?mov_l1_l0              0x008c0d         Code  Gb  vreg_util.o [4]
?mov_l1_l2              0x008c1a         Code  Gb  vreg_util.o [4]
?mov_l1_l3              0x008c27         Code  Gb  vreg_util.o [4]
?mov_l2_l0              0x008c34         Code  Gb  vreg_util.o [4]
?mov_l3_l0              0x008c41         Code  Gb  vreg_util.o [4]
?mov_w1_w3              0x008bec         Code  Gb  vreg_util.o [4]
?mov_w1_w5              0x008bf9         Code  Gb  vreg_util.o [4]
?mov_w1_w7              0x008c06         Code  Gb  vreg_util.o [4]
?mov_w3_w1              0x008c13         Code  Gb  vreg_util.o [4]
?mov_w3_w5              0x008c20         Code  Gb  vreg_util.o [4]
?mov_w3_w7              0x008c2d         Code  Gb  vreg_util.o [4]
?mov_w5_w1              0x008c3a         Code  Gb  vreg_util.o [4]
?mov_w7_w1              0x008c47         Code  Gb  vreg_util.o [4]
?move1616_v_x_y_a       0x009c22         Code  Gb  move.o [4]
?mul16_x_x_w0           0x009940         Code  Gb  short.o [4]
?mul32_l0_l0_0x         0x008a14         Code  Gb  long.o [4]
?mul32_l0_l0_dl         0x008a11         Code  Gb  long.o [4]
?mul32_l0_l0_l1         0x008a1d         Code  Gb  long.o [4]
?pop_l0                 0x008ba0         Code  Gb  vreg_util.o [4]
?pop_l1                 0x008bab         Code  Gb  vreg_util.o [4]
?pop_l2                 0x008bb6         Code  Gb  vreg_util.o [4]
?pop_l3                 0x008bc1         Code  Gb  vreg_util.o [4]
?pop_w4                 0x008b59         Code  Gb  vreg_util.o [4]
?pop_w6                 0x008b60         Code  Gb  vreg_util.o [4]
?push_l0                0x008b6f         Code  Gb  vreg_util.o [4]
?push_l1                0x008b74         Code  Gb  vreg_util.o [4]
?push_l2                0x008b79         Code  Gb  vreg_util.o [4]
?push_l3                0x008b7e         Code  Gb  vreg_util.o [4]
?push_w4                0x008b3c         Code  Gb  vreg_util.o [4]
?push_w6                0x008b41         Code  Gb  vreg_util.o [4]
?sll16_x_x_4            0x009968         Code  Gb  short.o [4]
?sll16_x_x_5            0x009967         Code  Gb  short.o [4]
?sll16_x_x_6            0x009966         Code  Gb  short.o [4]
?sll16_x_x_a            0x00995e         Code  Gb  short.o [4]
?sll32_0x_0x_a          0x008b2e         Code  Gb  long.o [4]
?sll32_l0_l0_a          0x008b2b         Code  Gb  long.o [4]
?srl16_x_x_4            0x00996d         Code  Gb  short.o [4]
?sub32_l0_l0_0x         0x0089f9         Code  Gb  long.o [4]
?sub32_l0_l0_l1         0x0089f6         Code  Gb  long.o [4]
?ucmp32_c_l0_0x         0x008b10         Code  Gb  long.o [4]
?ucmp32_c_l0_l1         0x008b20         Code  Gb  long.o [4]
?udiv32_l0_dl_l1        0x008a9b         Code  Gb  long.o [4]
?udiv32_l0_l0_dl        0x008aa0         Code  Gb  long.o [4]
?udiv32_l0_l0_l1        0x008aa3         Code  Gb  long.o [4]
?umod32_l1_l0_l1        0x008aa3         Code  Gb  long.o [4]
?w0                     0x000000         Data  Gb  vregs.o [4]
?w1                     0x000002         Data  Gb  vregs.o [4]
?w2                     0x000004         Data  Gb  vregs.o [4]
?w3                     0x000006         Data  Gb  vregs.o [4]
?w4                     0x000008         Data  Gb  vregs.o [4]
?w5                     0x00000a         Data  Gb  vregs.o [4]
?w6                     0x00000c         Data  Gb  vregs.o [4]
?w7                     0x00000e         Data  Gb  vregs.o [4]
ADC1_ConversionConfig   0x0090f5   0xbe  Code  Gb  stm8s_adc1.o [1]
ADC1_ExternalTriggerConfig
                        0x009463   0x59  Code  Gb  stm8s_adc1.o [1]
ADC1_GetConversionValue
                        0x0095bd   0x55  Code  Gb  stm8s_adc1.o [1]
ADC1_IRQHandler         0x009e13    0x1  Code  Gb  stm8s_it.o [1]
ADC1_Init               0x0086a7  0x19a  Code  Gb  stm8s_adc1.o [1]
ADC1_PrescalerConfig    0x009568   0x55  Code  Gb  stm8s_adc1.o [1]
ADC1_SchmittTriggerConfig
                        0x008d5e   0xfc  Code  Gb  stm8s_adc1.o [1]
ADC1_StartConversion    0x009dca    0x5  Code  Gb  stm8s_adc1.o [1]
AWU_IRQHandler          0x009e07    0x1  Code  Gb  stm8s_it.o [1]
CLK_GetClockFreq        0x0094bc   0x57  Code  Gb  stm8s_clk.o [1]
CLK_HSIPrescalerConfig  0x009785   0x3d  Code  Gb  stm8s_clk.o [1]
CLK_IRQHandler          0x009e08    0x1  Code  Gb  stm8s_it.o [1]
CLK_SYSCLKConfig        0x00930b   0x8b  Code  Gb  stm8s_clk.o [1]
CSTACK$$Base            0x000300          --   Gb  - Linker created -
CSTACK$$Limit           0x000400          --   Gb  - Linker created -
Clock_Config            0x009d7f    0x9  Code  Gb  main.o [1]
Command_Task            0x009612   0x54  Code  Gb  commands.o [1]
EEPROM_EEC_IRQHandler   0x009e15    0x1  Code  Gb  stm8s_it.o [1]
EXTI_PORTA_IRQHandler   0x009e09    0x1  Code  Gb  stm8s_it.o [1]
EXTI_PORTB_IRQHandler   0x009e0a    0x1  Code  Gb  stm8s_it.o [1]
EXTI_PORTC_IRQHandler   0x009e0b    0x1  Code  Gb  stm8s_it.o [1]
EXTI_PORTD_IRQHandler   0x009e0c    0x1  Code  Gb  stm8s_it.o [1]
EXTI_PORTE_IRQHandler   0x009e0d    0x1  Code  Gb  stm8s_it.o [1]
GPIO_Init               0x008c4e  0x110  Code  Gb  stm8s_gpio.o [1]
GPIO_ReadOutputData     0x009e02    0x2  Code  Gb  stm8s_gpio.o [1]
GPIO_Util_Init_As_Out   0x009d74    0xb  Code  Gb  gpio_util.o [1]
GPIO_Util_ReadValue     0x009d1a    0xe  Code  Gb  gpio_util.o [1]
GPIO_Util_Toggle        0x0098db   0x33  Code  Gb  gpio_util.o [1]
GPIO_Util_WriteHigh     0x009df0    0x3  Code  Gb  gpio_util.o [1]
GPIO_Util_WriteLow      0x009df3    0x3  Code  Gb  gpio_util.o [1]
GPIO_WriteHigh          0x009daa    0x7  Code  Gb  stm8s_gpio.o [1]
GPIO_WriteLow           0x009de0    0x4  Code  Gb  stm8s_gpio.o [1]
HSIDivFactor            0x009dd4    0x4  Data  Gb  stm8s_clk.o [1]
I2C_IRQHandler          0x009e12    0x1  Code  Gb  stm8s_it.o [1]
INTVEC$$Base            0x008000          --   Gb  - Linker created -
INTVEC$$Limit           0x008080          --   Gb  - Linker created -
IR_Receiver_Init        0x008956   0x5e  Code  Gb  ir_receiver.o [1]
IR_Receiver_Task        0x0089b4   0x12  Code  Gb  ir_receiver.o [1]
IR_Transmitter_GetMode  0x009dd8    0x4  Code  Gb  ir_transmitter.o [1]
IR_Transmitter_Init     0x009b5e   0x25  Code  Gb  ir_transmitter.o [1]
IR_Transmitter_Task     0x009972   0x2f  Code  Gb  ir_transmitter.o [1]
IR_Transmitter_Task{1}{2}{3}{5}::counter
                        0x000159    0x1  Data  Lc  ir_transmitter.o [1]
Led_Control_GetMode     0x009ddc    0x4  Code  Gb  led_controller.o [1]
Led_Control_Init        0x009bef   0x21  Code  Gb  led_controller.o [1]
Node_Control_InitNodes  0x009513   0x55  Code  Gb  nodecontrol.o [1]
Node_State_Manager_Init
                        0x009d88    0x9  Code  Gb  nodestatemanager.o [1]
Node_State_Manager_Task
                        0x009e04    0x1  Code  Gb  nodestatemanager.o [1]
RC                      0x00012b    0x4  Data  Gb  ir_receiver.o [1]
Region$$Table$$Base     0x009c10          --   Gb  - Linker created -
Region$$Table$$Limit    0x009c22          --   Gb  - Linker created -
SPI_IRQHandler          0x009e0e    0x1  Code  Gb  stm8s_it.o [1]
System_Init             0x009c41   0x1e  Code  Gb  main.o [1]
TIM1_CAP_COM_IRQHandler
                        0x009e0f    0x1  Code  Gb  stm8s_it.o [1]
TIM1_ClearFlag          0x0098a6   0x35  Code  Gb  stm8s_tim1.o [1]
TIM1_Cmd                0x0099a1   0x2f  Code  Gb  stm8s_tim1.o [1]
TIM1_GetITStatus        0x009396   0x6d  Code  Gb  stm8s_tim1.o [1]
TIM1_ITConfig           0x009666   0x4e  Code  Gb  stm8s_tim1.o [1]
TIM1_TimeBaseInit       0x009403   0x60  Code  Gb  stm8s_tim1.o [1]
TIM1_UPD_OVF_TRG_BRK_IRQHandler
                        0x009ba8   0x24  Code  Gb  stm8s_it.o [1]
TIM2_ARRPreloadConfig   0x0099ff   0x2f  Code  Gb  stm8s_tim2.o [1]
TIM2_CAP_COM_IRQHandler
                        0x009e11    0x1  Code  Gb  stm8s_it.o [1]
TIM2_Cmd                0x0099d0   0x2f  Code  Gb  stm8s_tim2.o [1]
TIM2_OC1Init            0x0091b3   0xac  Code  Gb  stm8s_tim2.o [1]
TIM2_OC1PreloadConfig   0x009a2e   0x2f  Code  Gb  stm8s_tim2.o [1]
TIM2_OC3Init            0x00925f   0xac  Code  Gb  stm8s_tim2.o [1]
TIM2_OC3PreloadConfig   0x009a5d   0x2f  Code  Gb  stm8s_tim2.o [1]
TIM2_SetCompare1        0x009d91    0x9  Code  Gb  stm8s_tim2.o [1]
TIM2_TimeBaseInit       0x009d68    0xc  Code  Gb  stm8s_tim2.o [1]
TIM2_UPD_OVF_BRK_IRQHandler
                        0x009e10    0x1  Code  Gb  stm8s_it.o [1]
TIM4_UPD_OVF_IRQHandler
                        0x009e14    0x1  Code  Gb  stm8s_it.o [1]
TLI_IRQHandler          0x009e06    0x1  Code  Gb  stm8s_it.o [1]
TRAP_IRQHandler         0x009e05    0x1  Code  Gb  stm8s_it.o [1]
Task_Init               0x00990e   0x32  Code  Gb  main.o [1]
Task_Manager_AddTask    0x009ced   0x10  Code  Gb  TaskManager.o [1]
Task_Manager_PerformTask
                        0x009bcc   0x23  Code  Gb  TaskManager.o [1]
Test_Task               0x009c7d   0x1c  Code  Gb  main.o [1]
Test_Task::counter      0x00014d    0x2  Data  Lc  main.o [1]
Timer_Connter_Init_Timer
                        0x009ae7   0x1d  Code  Gb  timer_counter.o [1]
Timer_Counter_GetCounter
                        0x009db8    0x6  Code  Gb  timer_counter.o [1]
Timer_Counter_IncreaseCounter
                        0x009cfd    0xf  Code  Gb  timer_counter.o [1]
Timer_Counter_Init      0x009b04    0xb  Code  Gb  timer_counter.o [1]
Timer_PWM_IR_Transmitter_Init
                        0x008ebc   0x3a  Code  Gb  timer_pwm.o [1]
Timer_PWM_Init          0x008e6d   0x4f  Code  Gb  timer_pwm.o [1]
Timer_PWM_Update_Period
                        0x008ef6   0x5c  Code  Gb  timer_pwm.o [1]
Transport_GetRxBufferSize
                        0x009dec    0x4  Code  Gb  transport.o [1]
Transport_Init          0x0097c2   0x3b  Code  Gb  transport.o [1]
Transport_OutputDisable
                        0x009da2    0x8  Code  Gb  transport.o [1]
Transport_OutputEnable  0x009d9a    0x8  Code  Gb  transport.o [1]
Transport_RxPop         0x0097fd   0x3b  Code  Gb  transport.o [1]
Transport_RxPush        0x009b37   0x27  Code  Gb  transport.o [1]
Transport_TxPop         0x009a8c   0x2e  Code  Gb  transport.o [1]
UART1_DeInit            0x009aba   0x2d  Code  Gb  stm8s_uart1.o [1]
UART1_GetITStatus       0x008f52   0xd3  Code  Gb  stm8s_uart1.o [1]
UART1_ITConfig          0x009025   0xd0  Code  Gb  stm8s_uart1.o [1]
UART1_Init              0x008485  0x222  Code  Gb  stm8s_uart1.o [1]
UART1_RX_IRQHandler     0x009c99   0x19  Code  Gb  stm8s_it.o [1]
UART1_ReceiveData8      0x009de4    0x4  Code  Gb  stm8s_uart1.o [1]
UART1_SendData8         0x009de8    0x4  Code  Gb  stm8s_uart1.o [1]
UART1_TX_IRQHandler     0x009838   0x39  Code  Gb  stm8s_it.o [1]
__DebugBreak            0x009e16    0x1  Code  Gb  __dbg_break.o [3]
__exit                  0x009cc6   0x14  Code  Gb  __dbg_xxexit.o [3]
__iar_copy_init2        0x009b0f         Code  Gb  init_small.o [4]
__iar_data_init2        0x009cb2   0x14  Code  Gb  init.o [4]
__iar_program_start     0x009cda         Code  Gb  cstartup.o [4]
__iar_unhandled_exception
                        0x009dff         Code  Gb  unhandled_exception.o [4]
__iar_zero_init2        0x009c5f         Code  Gb  init_small.o [4]
__intvec                0x008000         Data  Gb  interrupt.o [4]
__low_level_init        0x009df9    0x3  Code  Gb  low_level_init.o [4]
_exit                   0x009dcf         Code  Gb  cexit.o [4]
_interrupt_1            0x009e05         Code  Gb  stm8s_it.o [1]
_interrupt_12           0x009e0e         Code  Gb  stm8s_it.o [1]
_interrupt_13           0x009ba8         Code  Gb  stm8s_it.o [1]
_interrupt_14           0x009e0f         Code  Gb  stm8s_it.o [1]
_interrupt_15           0x009e10         Code  Gb  stm8s_it.o [1]
_interrupt_16           0x009e11         Code  Gb  stm8s_it.o [1]
_interrupt_19           0x009838         Code  Gb  stm8s_it.o [1]
_interrupt_2            0x009e06         Code  Gb  stm8s_it.o [1]
_interrupt_20           0x009c99         Code  Gb  stm8s_it.o [1]
_interrupt_21           0x009e12         Code  Gb  stm8s_it.o [1]
_interrupt_24           0x009e13         Code  Gb  stm8s_it.o [1]
_interrupt_25           0x009e14         Code  Gb  stm8s_it.o [1]
_interrupt_26           0x009e15         Code  Gb  stm8s_it.o [1]
_interrupt_3            0x009e07         Code  Gb  stm8s_it.o [1]
_interrupt_4            0x009e08         Code  Gb  stm8s_it.o [1]
_interrupt_5            0x009e09         Code  Gb  stm8s_it.o [1]
_interrupt_6            0x009e0a         Code  Gb  stm8s_it.o [1]
_interrupt_7            0x009e0b         Code  Gb  stm8s_it.o [1]
_interrupt_8            0x009e0c         Code  Gb  stm8s_it.o [1]
_interrupt_9            0x009e0d         Code  Gb  stm8s_it.o [1]
active_period           0x00013f    0x4  Data  Gb  timer_pwm.o [1]
alpha                   0x000133    0x4  Data  Gb  ir_receiver.o [1]
assert_failed           0x009871   0x35  Code  Gb  main.o [1]
assert_failed::counter  0x000137    0x4  Data  Lc  main.o [1]
change_factor           0x000143    0x4  Data  Gb  timer_pwm.o [1]
cmd_cnt                 0x000154    0x1  Data  Gb  commands.o [1]
cmd_push                0x009746   0x3f  Code  Gb  commands.o [1]
cmd_wr_idx              0x000153    0x1  Data  Gb  commands.o [1]
commands                0x0000fb   0x14  Data  Gb  commands.o [1]
control_state           0x00015b    0x1  Data  Gb  nodecontrol.o [1]
detected_time_stamp     0x000123    0x4  Data  Gb  ir_receiver.o [1]
detecting_pulse         0x008842   0x53  Code  Gb  ir_receiver.o [1]
detecting_pulse::decrease_counter
                        0x000156    0x1  Data  Lc  ir_receiver.o [1]
detecting_pulse::direction
                        0x000157    0x1  Data  Lc  ir_receiver.o [1]
detecting_pulse::increase_counter
                        0x000155    0x1  Data  Lc  ir_receiver.o [1]
detecting_pulse::previous_v
                        0x00014b    0x2  Data  Lc  ir_receiver.o [1]
dt                      0x00012f    0x4  Data  Gb  ir_receiver.o [1]
exit                    0x009dfc    0x3  Code  Gb  exit.o [4]
gpio_state              0x000016    0x1  Data  Gb  timer_pwm.o [1]
is_configured           0x00015d    0x1  Data  Gb  timer_pwm.o [1]
lowpass_filter          0x008895   0x48  Code  Gb  ir_receiver.o [1]
lowpass_filter::filtered_value
                        0x000149    0x2  Data  Lc  ir_receiver.o [1]
main                    0x0096b4   0x4b  Code  Gb  main.o [1]
make_decision           0x008841    0x1  Code  Gb  ir_receiver.o [1]
node_state              0x000151    0x2  Data  Gb  nodestatemanager.o [1]
nodes                   0x000017   0x64  Data  Gb  nodecontrol.o [1]
process_ir_signal       0x0088dd   0x79  Code  Gb  ir_receiver.o [1]
process_ir_signal::stable_marker
                        0x000147    0x2  Data  Lc  ir_receiver.o [1]
running_mode            0x000158    0x1  Data  Gb  ir_transmitter.o [1]
running_mode            0x00015a    0x1  Data  Lc  led_controller.o [1]
rx_buff                 0x0000bb   0x40  Data  Gb  transport.o [1]
rx_cnt                  0x000162    0x1  Data  Gb  transport.o [1]
rx_interrupt_config     0x009dc4    0x6  Code  Gb  transport.o [1]
rx_rd_idx               0x000161    0x1  Data  Gb  transport.o [1]
rx_wr_idx               0x000160    0x1  Data  Gb  transport.o [1]
signal_state            0x000010    0x5  Data  Gb  ir_receiver.o [1]
task_Index              0x00015c    0x1  Data  Gb  TaskManager.o [1]
tasks                   0x00010f   0x14  Data  Gb  TaskManager.o [1]
time_prescaler          0x000015    0x1  Data  Gb  ir_transmitter.o [1]
timeout                 0x00014f    0x2  Data  Lc  nodecontrol.o [1]
timer_counter           0x000127    0x4  Data  Gb  ir_receiver.o [1]
timer_counter           0x00013b    0x4  Data  Lc  timer_counter.o [1]
tx_buff                 0x00007b   0x40  Data  Gb  transport.o [1]
tx_cnt                  0x00015f    0x1  Data  Gb  transport.o [1]
tx_interrupt_config     0x009dbe    0x6  Code  Gb  transport.o [1]
tx_rd_idx               0x00015e    0x1  Data  Gb  transport.o [1]
update_duty_cycle       0x008e5a   0x13  Code  Gb  timer_pwm.o [1]


[1] = E:\DATA\03-DuAn\02-LedController\LedController\02-Software\RS485Master\Debug\Obj
[2] = command line
[3] = dbgstm8smd.a
[4] = dlstm8smn.a

  7 468 bytes of readonly  code memory
    235 bytes of readonly  data memory
    611 bytes of readwrite data memory

Errors: none
Warnings: none
