###############################################################################
#
# IAR ELF Linker V3.10.1.201 for STM8                     13/Jan/2019  01:45:15
# Copyright 2010-2017 IAR Systems AB.
#
#    Output file  =  
#        E:\03-DuAn\LedController\LedController\02-Software\RS485Master\Debug\Exe\RS485.out
#    Map file     =  
#        E:\03-DuAn\LedController\LedController\02-Software\RS485Master\Debug\List\RS485.map
#    Command line =  
#        -f C:\Users\hungn\AppData\Local\Temp\EW2FA0.tmp
#        (E:\03-DuAn\LedController\LedController\02-Software\RS485Master\Debug\Obj\commands.o
#        E:\03-DuAn\LedController\LedController\02-Software\RS485Master\Debug\Obj\gpio_util.o
#        E:\03-DuAn\LedController\LedController\02-Software\RS485Master\Debug\Obj\ir_receiver.o
#        E:\03-DuAn\LedController\LedController\02-Software\RS485Master\Debug\Obj\ir_transmitter.o
#        E:\03-DuAn\LedController\LedController\02-Software\RS485Master\Debug\Obj\led_controller.o
#        E:\03-DuAn\LedController\LedController\02-Software\RS485Master\Debug\Obj\main.o
#        E:\03-DuAn\LedController\LedController\02-Software\RS485Master\Debug\Obj\nodecontrol.o
#        E:\03-DuAn\LedController\LedController\02-Software\RS485Master\Debug\Obj\nodestatemanager.o
#        E:\03-DuAn\LedController\LedController\02-Software\RS485Master\Debug\Obj\stm8s_adc1.o
#        E:\03-DuAn\LedController\LedController\02-Software\RS485Master\Debug\Obj\stm8s_clk.o
#        E:\03-DuAn\LedController\LedController\02-Software\RS485Master\Debug\Obj\stm8s_gpio.o
#        E:\03-DuAn\LedController\LedController\02-Software\RS485Master\Debug\Obj\stm8s_it.o
#        E:\03-DuAn\LedController\LedController\02-Software\RS485Master\Debug\Obj\stm8s_tim1.o
#        E:\03-DuAn\LedController\LedController\02-Software\RS485Master\Debug\Obj\stm8s_tim2.o
#        E:\03-DuAn\LedController\LedController\02-Software\RS485Master\Debug\Obj\stm8s_uart1.o
#        E:\03-DuAn\LedController\LedController\02-Software\RS485Master\Debug\Obj\TaskManager.o
#        E:\03-DuAn\LedController\LedController\02-Software\RS485Master\Debug\Obj\timer_counter.o
#        E:\03-DuAn\LedController\LedController\02-Software\RS485Master\Debug\Obj\timer_pwm.o
#        E:\03-DuAn\LedController\LedController\02-Software\RS485Master\Debug\Obj\transport.o
#        --redirect _Printf=_PrintfFullNoMb --redirect _Scanf=_ScanfFullNoMb -o
#        E:\03-DuAn\LedController\LedController\02-Software\RS485Master\Debug\Exe\RS485.out
#        --map
#        E:\03-DuAn\LedController\LedController\02-Software\RS485Master\Debug\List\RS485.map
#        --config "C:\Program Files (x86)\IAR Systems\Embedded Workbench
#        8.0\stm8\config\lnkstm8s003f3.icf" --config_def _CSTACK_SIZE=0x100
#        --config_def _HEAP_SIZE=0x100 --entry __iar_program_start --debug_lib)
#
###############################################################################

*******************************************************************************
*** RUNTIME MODEL ATTRIBUTES
***

__SystemLibrary            = DLib
__code_model               = small
__core                     = stm8
__data_model               = medium
__dlib_file_descriptor     = 0
__dlib_full_locale_support = 0
__rt_version               = 4


*******************************************************************************
*** PLACEMENT SUMMARY
***

"A0":  place at start of [0x000000-0x0000ff] { rw section .vregs };
"A1":  place at end of [0x000000-0x0003ff] { block CSTACK };
"P2":  place in [from 0x000000 to 0x0003ff] {
          block HEAP, rw section __DLIB_PERTHREAD, rw section .far.bss,
          rw section .far.data, rw section .far.noinit,
          rw section .far_func.textrw, rw section .huge.bss,
          rw section .huge.data, rw section .huge.noinit,
          rw section .huge_func.textrw, rw section .iar.dynexit,
          rw section .near.bss, rw section .near.data, rw section .near.noinit,
          rw section .near_func.textrw };
"A2":  place at start of [0x008000-0x009fff] { block INTVEC };
"P3":  place in [from 0x008000 to 0x009fff] {
          ro section __DLIB_PERTHREAD_init, ro section .far.data_init,
          ro section .far_func.textrw_init, ro section .huge.data_init,
          ro section .huge_func.textrw_init, ro section .iar.init_table,
          ro section .init_array, ro section .near.data_init,
          ro section .near.rodata, ro section .near_func.text,
          ro section .near_func.textrw_init, ro section .tiny.data_init,
          ro section .tiny.rodata_init };
"P4":  place in [from 0x008000 to 0x009fff] {
          ro section .far.rodata, ro section .far_func.text };
"P5":  place in [from 0x008000 to 0x009fff] {
          ro section .huge.rodata, ro section .huge_func.text };
do not initialize {
   rw section .eeprom.noinit, rw section .far.noinit, rw section .huge.noinit,
   rw section .near.noinit, rw section .tiny.noinit, rw section .vregs };
initialize by copy {
   rw section .far.bss, rw section .far.data, rw section .far_func.textrw,
   rw section .huge.bss, rw section .huge.data, rw section .huge_func.textrw,
   rw section .iar.dynexit, rw section .near.bss, rw section .near.data,
   rw section .near_func.textrw, rw section .tiny.bss, rw section .tiny.data,
   ro section .tiny.rodata };

  Section            Kind      Address    Size  Object
  -------            ----      -------    ----  ------
"A0":                                     0x10
  .vregs             uninit   0x000000    0x10  vregs.o [4]
                            - 0x000010    0x10

"P2", part 1 of 2:                         0x2
  P2-1                        0x000010     0x2  <Init block>
    .near.data       inited   0x000010     0x1  ir_transmitter.o [1]
    .near.data       inited   0x000011     0x1  timer_pwm.o [1]
                            - 0x000012     0x2

"P2", part 2 of 2:                       0x12e
  .near.bss          zero     0x000012    0x64  nodecontrol.o [1]
  .near.bss          zero     0x000076    0x40  transport.o [1]
  .near.bss          zero     0x0000b6    0x40  transport.o [1]
  .near.bss          zero     0x0000f6    0x14  commands.o [1]
  .near.bss          zero     0x00010a    0x14  TaskManager.o [1]
  .near.bss          zero     0x00011e     0x4  main.o [1]
  .near.bss          zero     0x000122     0x4  timer_counter.o [1]
  .near.bss          zero     0x000126     0x4  timer_pwm.o [1]
  .near.bss          zero     0x00012a     0x4  timer_pwm.o [1]
  .near.bss          zero     0x00012e     0x2  nodecontrol.o [1]
  .near.bss          zero     0x000130     0x2  nodestatemanager.o [1]
  .near.bss          zero     0x000132     0x1  commands.o [1]
  .near.bss          zero     0x000133     0x1  commands.o [1]
  .near.bss          zero     0x000134     0x1  ir_transmitter.o [1]
  .near.bss          zero     0x000135     0x1  ir_transmitter.o [1]
  .near.bss          zero     0x000136     0x1  led_controller.o [1]
  .near.bss          zero     0x000137     0x1  nodecontrol.o [1]
  .near.bss          zero     0x000138     0x1  TaskManager.o [1]
  .near.bss          zero     0x000139     0x1  timer_pwm.o [1]
  .near.bss          zero     0x00013a     0x1  transport.o [1]
  .near.bss          zero     0x00013b     0x1  transport.o [1]
  .near.bss          zero     0x00013c     0x1  transport.o [1]
  .near.bss          zero     0x00013d     0x1  transport.o [1]
  .near.bss          zero     0x00013e     0x1  transport.o [1]
  .near.bss          zero     0x00013f     0x1  transport.o [1]
                            - 0x000140   0x12e

"A1":                                    0x100
  CSTACK                      0x000300   0x100  <Block>
    CSTACK           uninit   0x000300   0x100  <Block tail>
                            - 0x000400   0x100

"A2":                                     0x80
  INTVEC                      0x008000    0x80  <Block>
    .intvec          const    0x008000    0x80  interrupt.o [4]
                            - 0x008080    0x80

"P3-P5":                                0x1b75
  .near_func.text    ro code  0x008080   0x32b  float.o [4]
  .near_func.text    ro code  0x0083ab   0x222  stm8s_uart1.o [1]
  .near_func.text    ro code  0x0085cd   0x19a  stm8s_adc1.o [1]
  .near_func.text    ro code  0x008767   0x149  long.o [4]
  .near_func.text    ro code  0x0088b0   0x112  vreg_util.o [4]
  .near_func.text    ro code  0x0089c2   0x110  stm8s_gpio.o [1]
  .near_func.text    ro code  0x008ad2    0xfc  stm8s_adc1.o [1]
  .near_func.text    ro code  0x008bce    0xf8  timer_pwm.o [1]
  .near_func.text    ro code  0x008cc6    0xd3  stm8s_uart1.o [1]
  .near_func.text    ro code  0x008d99    0xd0  stm8s_uart1.o [1]
  .near_func.text    ro code  0x008e69    0xbe  stm8s_adc1.o [1]
  .near_func.text    ro code  0x008f27    0xac  stm8s_tim2.o [1]
  .near_func.text    ro code  0x008fd3    0xac  stm8s_tim2.o [1]
  .near_func.text    ro code  0x00907f    0x8b  stm8s_clk.o [1]
  .near_func.text    ro code  0x00910a    0x6d  stm8s_tim1.o [1]
  .near_func.text    ro code  0x009177    0x60  stm8s_tim1.o [1]
  .near_func.text    ro code  0x0091d7    0x59  stm8s_adc1.o [1]
  .near_func.text    ro code  0x009230    0x57  stm8s_clk.o [1]
  .near_func.text    ro code  0x009287    0x55  main.o [1]
  .near_func.text    ro code  0x0092dc    0x55  nodecontrol.o [1]
  .near_func.text    ro code  0x009331    0x55  stm8s_adc1.o [1]
  .near_func.text    ro code  0x009386    0x55  stm8s_adc1.o [1]
  .near_func.text    ro code  0x0093db    0x54  commands.o [1]
  .near_func.text    ro code  0x00942f    0x4e  stm8s_tim1.o [1]
  .near_func.text    ro code  0x00947d    0x47  long_util.o [4]
  .near_func.text    ro code  0x0094c4    0x41  main.o [1]
  .near_func.text    ro code  0x009505    0x3f  commands.o [1]
  .near_func.text    ro code  0x009544    0x3d  stm8s_clk.o [1]
  .near_func.text    ro code  0x009581    0x3b  transport.o [1]
  .near_func.text    ro code  0x0095bc    0x3b  transport.o [1]
  .near_func.text    ro code  0x0095f7    0x39  stm8s_it.o [1]
  .near_func.text    ro code  0x009630    0x36  transport.o [1]
  .near_func.text    ro code  0x009666    0x35  main.o [1]
  .near_func.text    ro code  0x00969b    0x35  stm8s_tim1.o [1]
  .near_func.text    ro code  0x0096d0    0x33  gpio_util.o [1]
  .near_func.text    ro code  0x009703    0x32  short.o [4]
  .near_func.text    ro code  0x009735    0x2f  stm8s_tim1.o [1]
  .near_func.text    ro code  0x009764    0x2f  stm8s_tim2.o [1]
  .near_func.text    ro code  0x009793    0x2f  stm8s_tim2.o [1]
  .near_func.text    ro code  0x0097c2    0x2f  stm8s_tim2.o [1]
  .near_func.text    ro code  0x0097f1    0x2f  stm8s_tim2.o [1]
  .near_func.text    ro code  0x009820    0x2e  transport.o [1]
  .near_func.text    ro code  0x00984e    0x2d  stm8s_uart1.o [1]
  .near_func.text    ro code  0x00987b    0x2c  main.o [1]
  .near_func.text    ro code  0x0098a7    0x28  timer_counter.o [1]
  .near_func.text    ro code  0x0098cf    0x28  init_small.o [4]
  .near_func.text    ro code  0x0098f7    0x27  transport.o [1]
  .near_func.text    ro code  0x00991e    0x25  ir_transmitter.o [1]
  .near_func.text    ro code  0x009943    0x25  dc_util.o [4]
  .near_func.text    ro code  0x009968    0x24  stm8s_it.o [1]
  .near_func.text    ro code  0x00998c    0x23  TaskManager.o [1]
  .near_func.text    ro code  0x0099af    0x21  led_controller.o [1]
  .iar.init_table    const    0x0099d0    0x12  - Linker created -
  .near_func.text    ro code  0x0099e2    0x20  ir_transmitter.o [1]
  .near_func.text    ro code  0x009a02    0x1f  move.o [4]
  .near_func.text    ro code  0x009a21    0x1e  init_small.o [4]
  .near_func.text    ro code  0x009a3f    0x1d  ir_receiver.o [1]
  .near_func.text    ro code  0x009a5c    0x1d  main.o [1]
  .near_func.text    ro code  0x009a79    0x19  stm8s_it.o [1]
  .near_func.text    ro code  0x009a92    0x14  init.o [4]
  .near_func.text    ro code  0x009aa6    0x14  __dbg_xxexit.o [3]
  .near_func.text    ro code  0x009aba    0x13  cstartup.o [4]
  .near_func.text    ro code  0x009acd    0x10  TaskManager.o [1]
  .near_func.text    ro code  0x009add     0xf  timer_counter.o [1]
  .near.rodata       const    0x009aec     0xe  stm8s_uart1.o [1]
  .near_func.text    ro code  0x009afa     0xe  gpio_util.o [1]
  .near.rodata       const    0x009b08     0xd  stm8s_adc1.o [1]
  .near.rodata       const    0x009b15     0xd  stm8s_gpio.o [1]
  .near.rodata       const    0x009b22     0xd  stm8s_tim1.o [1]
  .near.rodata       const    0x009b2f     0xd  stm8s_tim2.o [1]
  .near.rodata       const    0x009b3c     0xc  stm8s_clk.o [1]
  .near_func.text    ro code  0x009b48     0xc  stm8s_tim2.o [1]
  .near_func.text    ro code  0x009b54     0xb  gpio_util.o [1]
  .near_func.text    ro code  0x009b5f     0x9  main.o [1]
  .near_func.text    ro code  0x009b68     0x9  nodestatemanager.o [1]
  .near_func.text    ro code  0x009b71     0x9  stm8s_tim2.o [1]
  .near_func.text    ro code  0x009b7a     0x8  transport.o [1]
  .near_func.text    ro code  0x009b82     0x8  transport.o [1]
  .near_func.text    ro code  0x009b8a     0x7  stm8s_gpio.o [1]
  .near_func.text    ro code  0x009b91     0x6  timer_counter.o [1]
  .near_func.text    ro code  0x009b97     0x6  transport.o [1]
  .near_func.text    ro code  0x009b9d     0x6  transport.o [1]
  .near_func.text    ro code  0x009ba3     0x5  stm8s_adc1.o [1]
  .near_func.text    ro code  0x009ba8     0x5  cexit.o [4]
  .near.rodata       const    0x009bad     0x4  stm8s_clk.o [1]
  .near_func.text    ro code  0x009bb1     0x4  ir_transmitter.o [1]
  .near_func.text    ro code  0x009bb5     0x4  led_controller.o [1]
  .near_func.text    ro code  0x009bb9     0x4  stm8s_gpio.o [1]
  .near_func.text    ro code  0x009bbd     0x4  stm8s_uart1.o [1]
  .near_func.text    ro code  0x009bc1     0x4  stm8s_uart1.o [1]
  .near_func.text    ro code  0x009bc5     0x4  transport.o [1]
  .near_func.text    ro code  0x009bc9     0x3  gpio_util.o [1]
  .near_func.text    ro code  0x009bcc     0x3  gpio_util.o [1]
  .near_func.text    ro code  0x009bcf     0x3  stm8s_gpio.o [1]
  .near_func.text    ro code  0x009bd2     0x3  interrupt.o [4]
  .near_func.text    ro code  0x009bd5     0x3  low_level_init.o [4]
  .near_func.text    ro code  0x009bd8     0x3  exit.o [4]
  .near_func.text    ro code  0x009bdb     0x3  unhandled_exception.o [4]
  .near_func.text    ro code  0x009bde     0x2  stm8s_gpio.o [1]
  Initializer bytes  const    0x009be0     0x2  <for P2-1>
  .near_func.text    ro code  0x009be2     0x1  nodestatemanager.o [1]
  .near_func.text    ro code  0x009be3     0x1  stm8s_it.o [1]
  .near_func.text    ro code  0x009be4     0x1  stm8s_it.o [1]
  .near_func.text    ro code  0x009be5     0x1  stm8s_it.o [1]
  .near_func.text    ro code  0x009be6     0x1  stm8s_it.o [1]
  .near_func.text    ro code  0x009be7     0x1  stm8s_it.o [1]
  .near_func.text    ro code  0x009be8     0x1  stm8s_it.o [1]
  .near_func.text    ro code  0x009be9     0x1  stm8s_it.o [1]
  .near_func.text    ro code  0x009bea     0x1  stm8s_it.o [1]
  .near_func.text    ro code  0x009beb     0x1  stm8s_it.o [1]
  .near_func.text    ro code  0x009bec     0x1  stm8s_it.o [1]
  .near_func.text    ro code  0x009bed     0x1  stm8s_it.o [1]
  .near_func.text    ro code  0x009bee     0x1  stm8s_it.o [1]
  .near_func.text    ro code  0x009bef     0x1  stm8s_it.o [1]
  .near_func.text    ro code  0x009bf0     0x1  stm8s_it.o [1]
  .near_func.text    ro code  0x009bf1     0x1  stm8s_it.o [1]
  .near_func.text    ro code  0x009bf2     0x1  stm8s_it.o [1]
  .near_func.text    ro code  0x009bf3     0x1  stm8s_it.o [1]
  .near_func.text    ro code  0x009bf4     0x1  __dbg_break.o [3]
                            - 0x009bf5  0x1b75


*******************************************************************************
*** INIT TABLE
***

          Address   Size
          -------   ----
Zero (__iar_zero_init2)
    1 destination range, total size 0x12e:
          0x000012  0x12e

Copy (__iar_copy_init2)
    1 source range, total size 0x2:
          0x009be0    0x2
    1 destination range, total size 0x2:
          0x000010    0x2



*******************************************************************************
*** MODULE SUMMARY
***

    Module                 ro code  ro data  rw data
    ------                 -------  -------  -------
E:\03-DuAn\LedController\LedController\02-Software\RS485Master\Debug\Obj: [1]
    TaskManager.o               51                21
    commands.o                 147                22
    gpio_util.o                 82
    ir_receiver.o               29
    ir_transmitter.o            73        1        3
    led_controller.o            37                 1
    main.o                     285                 4
    nodecontrol.o               85               103
    nodestatemanager.o          10                 2
    stm8s_adc1.o             1 116       13
    stm8s_clk.o                287       16
    stm8s_gpio.o               288       13
    stm8s_it.o                 135
    stm8s_tim1.o               383       13
    stm8s_tim2.o               553       13
    stm8s_uart1.o            1 018       14
    timer_counter.o             61                 4
    timer_pwm.o                248        1       10
    transport.o                289               134
    ------------------------------------------------
    Total:                   5 177       84      304

command line: [2]
    ------------------------------------------------
    Total:

dbgstm8smd.a: [3]
    __dbg_break.o                1
    __dbg_xxexit.o              20
    ------------------------------------------------
    Total:                      21

dlstm8smn.a: [4]
    cexit.o                      5
    cstartup.o                  19
    dc_util.o                   37
    exit.o                       3
    float.o                    811
    init.o                      20
    init_small.o                70
    interrupt.o                  3      128
    long.o                     329
    long_util.o                 71
    low_level_init.o             3
    move.o                      31
    short.o                     50
    unhandled_exception.o        3
    vreg_util.o                274
    vregs.o                                       16
    ------------------------------------------------
    Total:                   1 729      128       16

    Linker created                       18      256
----------------------------------------------------
    Grand Total:             6 927      230      576


*******************************************************************************
*** ENTRY LIST
***

Entry                    Address   Size  Type      Object
-----                    -------   ----  ----      ------
.iar.init_table$$Base   0x0099d0          --   Gb  - Linker created -
.iar.init_table$$Limit  0x0099e2          --   Gb  - Linker created -
?b0                     0x000000         Data  Gb  vregs.o [4]
?b1                     0x000001         Data  Gb  vregs.o [4]
?b10                    0x00000a         Data  Gb  vregs.o [4]
?b11                    0x00000b         Data  Gb  vregs.o [4]
?b12                    0x00000c         Data  Gb  vregs.o [4]
?b13                    0x00000d         Data  Gb  vregs.o [4]
?b14                    0x00000e         Data  Gb  vregs.o [4]
?b15                    0x00000f         Data  Gb  vregs.o [4]
?b2                     0x000002         Data  Gb  vregs.o [4]
?b3                     0x000003         Data  Gb  vregs.o [4]
?b4                     0x000004         Data  Gb  vregs.o [4]
?b5                     0x000005         Data  Gb  vregs.o [4]
?b6                     0x000006         Data  Gb  vregs.o [4]
?b7                     0x000007         Data  Gb  vregs.o [4]
?b8                     0x000008         Data  Gb  vregs.o [4]
?b9                     0x000009         Data  Gb  vregs.o [4]
?dc32_l0                0x009943         Code  Gb  dc_util.o [4]
?dc32_l1                0x009950         Code  Gb  dc_util.o [4]
?dc32_px                0x00995d         Code  Gb  dc_util.o [4]
?e0                     0x000001         Data  Gb  vregs.o [4]
?e1                     0x000005         Data  Gb  vregs.o [4]
?e2                     0x000009         Data  Gb  vregs.o [4]
?e3                     0x00000d         Data  Gb  vregs.o [4]
?epilogue_l2            0x00894b         Code  Gb  vreg_util.o [4]
?epilogue_l2_l3         0x008948         Code  Gb  vreg_util.o [4]
?epilogue_l2_w6         0x00894f         Code  Gb  vreg_util.o [4]
?epilogue_w4            0x008956         Code  Gb  vreg_util.o [4]
?fadd32_l0_l0_0x        0x0080a6         Code  Gb  float.o [4]
?fadd32_l0_l0_l1        0x0080a9         Code  Gb  float.o [4]
?fcasts16f32_x_l0       0x00827d         Code  Gb  float.o [4]
?fcmpeq32_c_0x_fzero    0x008211         Code  Gb  float.o [4]
?fcmpge32_c_l0_0x       0x00821e         Code  Gb  float.o [4]
?fcmpge32_c_l0_dc32     0x008219         Code  Gb  float.o [4]
?fcmplt32_c_l0_0x       0x008227         Code  Gb  float.o [4]
?fcmplt32_c_l0_dc32     0x008222         Code  Gb  float.o [4]
?fmul32_l0_l0_dc32      0x008177         Code  Gb  float.o [4]
?fmul32_l0_l0_l1        0x00817c         Code  Gb  float.o [4]
?fsub32_l0_l0_0x        0x00809d         Code  Gb  float.o [4]
?fsub32_l0_l0_l1        0x0080a0         Code  Gb  float.o [4]
?inc32_0x_0x            0x00876c         Code  Gb  long.o [4]
?inc32_l0_l0            0x008767         Code  Gb  long.o [4]
?l0                     0x000000         Data  Gb  vregs.o [4]
?l1                     0x000004         Data  Gb  vregs.o [4]
?l2                     0x000008         Data  Gb  vregs.o [4]
?l3                     0x00000c         Data  Gb  vregs.o [4]
?load32_0x_l0           0x0094b6         Code  Gb  long_util.o [4]
?load32_asp_l0          0x0094aa         Code  Gb  long_util.o [4]
?load32_dbsp_l0         0x0094a5         Code  Gb  long_util.o [4]
?load32_l0_0x           0x00948d         Code  Gb  long_util.o [4]
?load32_l0_asp          0x009482         Code  Gb  long_util.o [4]
?load32_l0_dbsp         0x00947d         Code  Gb  long_util.o [4]
?load32_l0_xsp          0x009484         Code  Gb  long_util.o [4]
?load32_l1_0x           0x009499         Code  Gb  long_util.o [4]
?load32_xsp_l0          0x0094ac         Code  Gb  long_util.o [4]
?longfarg16_v_w0_a      0x009a0f         Code  Gb  move.o [4]
?longfarg16_v_w0_x      0x009a11         Code  Gb  move.o [4]
?mov_e0_e1              0x00895d         Code  Gb  vreg_util.o [4]
?mov_e0_e2              0x00896a         Code  Gb  vreg_util.o [4]
?mov_e0_e3              0x008977         Code  Gb  vreg_util.o [4]
?mov_e1_e0              0x008984         Code  Gb  vreg_util.o [4]
?mov_e1_e2              0x008991         Code  Gb  vreg_util.o [4]
?mov_e1_e3              0x00899e         Code  Gb  vreg_util.o [4]
?mov_e2_e0              0x0089ab         Code  Gb  vreg_util.o [4]
?mov_e3_e0              0x0089b8         Code  Gb  vreg_util.o [4]
?mov_l0_l1              0x00895a         Code  Gb  vreg_util.o [4]
?mov_l0_l2              0x008967         Code  Gb  vreg_util.o [4]
?mov_l0_l3              0x008974         Code  Gb  vreg_util.o [4]
?mov_l1_l0              0x008981         Code  Gb  vreg_util.o [4]
?mov_l1_l2              0x00898e         Code  Gb  vreg_util.o [4]
?mov_l1_l3              0x00899b         Code  Gb  vreg_util.o [4]
?mov_l2_l0              0x0089a8         Code  Gb  vreg_util.o [4]
?mov_l3_l0              0x0089b5         Code  Gb  vreg_util.o [4]
?mov_w1_w3              0x008960         Code  Gb  vreg_util.o [4]
?mov_w1_w5              0x00896d         Code  Gb  vreg_util.o [4]
?mov_w1_w7              0x00897a         Code  Gb  vreg_util.o [4]
?mov_w3_w1              0x008987         Code  Gb  vreg_util.o [4]
?mov_w3_w5              0x008994         Code  Gb  vreg_util.o [4]
?mov_w3_w7              0x0089a1         Code  Gb  vreg_util.o [4]
?mov_w5_w1              0x0089ae         Code  Gb  vreg_util.o [4]
?mov_w7_w1              0x0089bb         Code  Gb  vreg_util.o [4]
?move1616_v_x_y_a       0x009a02         Code  Gb  move.o [4]
?mul16_x_x_w0           0x009703         Code  Gb  short.o [4]
?mul32_l0_l0_0x         0x008798         Code  Gb  long.o [4]
?mul32_l0_l0_dl         0x008795         Code  Gb  long.o [4]
?mul32_l0_l0_l1         0x0087a1         Code  Gb  long.o [4]
?pop_l0                 0x008914         Code  Gb  vreg_util.o [4]
?pop_l1                 0x00891f         Code  Gb  vreg_util.o [4]
?pop_l2                 0x00892a         Code  Gb  vreg_util.o [4]
?pop_l3                 0x008935         Code  Gb  vreg_util.o [4]
?pop_w4                 0x0088cd         Code  Gb  vreg_util.o [4]
?pop_w6                 0x0088d4         Code  Gb  vreg_util.o [4]
?push_l0                0x0088e3         Code  Gb  vreg_util.o [4]
?push_l1                0x0088e8         Code  Gb  vreg_util.o [4]
?push_l2                0x0088ed         Code  Gb  vreg_util.o [4]
?push_l3                0x0088f2         Code  Gb  vreg_util.o [4]
?push_w4                0x0088b0         Code  Gb  vreg_util.o [4]
?push_w6                0x0088b5         Code  Gb  vreg_util.o [4]
?sll16_x_x_4            0x00972b         Code  Gb  short.o [4]
?sll16_x_x_5            0x00972a         Code  Gb  short.o [4]
?sll16_x_x_6            0x009729         Code  Gb  short.o [4]
?sll16_x_x_a            0x009721         Code  Gb  short.o [4]
?sll32_0x_0x_a          0x0088a2         Code  Gb  long.o [4]
?sll32_l0_l0_a          0x00889f         Code  Gb  long.o [4]
?srl16_x_x_4            0x009730         Code  Gb  short.o [4]
?sub32_l0_l0_0x         0x00877d         Code  Gb  long.o [4]
?sub32_l0_l0_l1         0x00877a         Code  Gb  long.o [4]
?ucmp32_c_l0_l1         0x008894         Code  Gb  long.o [4]
?udiv32_l0_dl_l1        0x00881f         Code  Gb  long.o [4]
?udiv32_l0_l0_dl        0x008824         Code  Gb  long.o [4]
?udiv32_l0_l0_l1        0x008827         Code  Gb  long.o [4]
?umod32_l1_l0_l1        0x008827         Code  Gb  long.o [4]
?w0                     0x000000         Data  Gb  vregs.o [4]
?w1                     0x000002         Data  Gb  vregs.o [4]
?w2                     0x000004         Data  Gb  vregs.o [4]
?w3                     0x000006         Data  Gb  vregs.o [4]
?w4                     0x000008         Data  Gb  vregs.o [4]
?w5                     0x00000a         Data  Gb  vregs.o [4]
?w6                     0x00000c         Data  Gb  vregs.o [4]
?w7                     0x00000e         Data  Gb  vregs.o [4]
ADC1_ConversionConfig   0x008e69   0xbe  Code  Gb  stm8s_adc1.o [1]
ADC1_ExternalTriggerConfig
                        0x0091d7   0x59  Code  Gb  stm8s_adc1.o [1]
ADC1_GetConversionValue
                        0x009386   0x55  Code  Gb  stm8s_adc1.o [1]
ADC1_IRQHandler         0x009bf1    0x1  Code  Gb  stm8s_it.o [1]
ADC1_Init               0x0085cd  0x19a  Code  Gb  stm8s_adc1.o [1]
ADC1_PrescalerConfig    0x009331   0x55  Code  Gb  stm8s_adc1.o [1]
ADC1_SchmittTriggerConfig
                        0x008ad2   0xfc  Code  Gb  stm8s_adc1.o [1]
ADC1_StartConversion    0x009ba3    0x5  Code  Gb  stm8s_adc1.o [1]
AWU_IRQHandler          0x009be5    0x1  Code  Gb  stm8s_it.o [1]
CLK_GetClockFreq        0x009230   0x57  Code  Gb  stm8s_clk.o [1]
CLK_HSIPrescalerConfig  0x009544   0x3d  Code  Gb  stm8s_clk.o [1]
CLK_IRQHandler          0x009be6    0x1  Code  Gb  stm8s_it.o [1]
CLK_SYSCLKConfig        0x00907f   0x8b  Code  Gb  stm8s_clk.o [1]
CSTACK$$Base            0x000300          --   Gb  - Linker created -
CSTACK$$Limit           0x000400          --   Gb  - Linker created -
Clock_Config            0x009b5f    0x9  Code  Gb  main.o [1]
Command_Task            0x0093db   0x54  Code  Gb  commands.o [1]
EEPROM_EEC_IRQHandler   0x009bf3    0x1  Code  Gb  stm8s_it.o [1]
EXTI_PORTA_IRQHandler   0x009be7    0x1  Code  Gb  stm8s_it.o [1]
EXTI_PORTB_IRQHandler   0x009be8    0x1  Code  Gb  stm8s_it.o [1]
EXTI_PORTC_IRQHandler   0x009be9    0x1  Code  Gb  stm8s_it.o [1]
EXTI_PORTD_IRQHandler   0x009bea    0x1  Code  Gb  stm8s_it.o [1]
EXTI_PORTE_IRQHandler   0x009beb    0x1  Code  Gb  stm8s_it.o [1]
GPIO_Init               0x0089c2  0x110  Code  Gb  stm8s_gpio.o [1]
GPIO_ReadInputData      0x009bcf    0x3  Code  Gb  stm8s_gpio.o [1]
GPIO_ReadOutputData     0x009bde    0x2  Code  Gb  stm8s_gpio.o [1]
GPIO_Util_Init_As_Out   0x009b54    0xb  Code  Gb  gpio_util.o [1]
GPIO_Util_ReadValue     0x009afa    0xe  Code  Gb  gpio_util.o [1]
GPIO_Util_Toggle        0x0096d0   0x33  Code  Gb  gpio_util.o [1]
GPIO_Util_WriteHigh     0x009bc9    0x3  Code  Gb  gpio_util.o [1]
GPIO_Util_WriteLow      0x009bcc    0x3  Code  Gb  gpio_util.o [1]
GPIO_WriteHigh          0x009b8a    0x7  Code  Gb  stm8s_gpio.o [1]
GPIO_WriteLow           0x009bb9    0x4  Code  Gb  stm8s_gpio.o [1]
HSIDivFactor            0x009bad    0x4  Data  Gb  stm8s_clk.o [1]
I2C_IRQHandler          0x009bf0    0x1  Code  Gb  stm8s_it.o [1]
INTVEC$$Base            0x008000          --   Gb  - Linker created -
INTVEC$$Limit           0x008080          --   Gb  - Linker created -
IR_Receiver_Init        0x009a3f   0x1d  Code  Gb  ir_receiver.o [1]
IR_Transmitter_GetMode  0x009bb1    0x4  Code  Gb  ir_transmitter.o [1]
IR_Transmitter_Init     0x00991e   0x25  Code  Gb  ir_transmitter.o [1]
IR_Transmitter_Task     0x0099e2   0x20  Code  Gb  ir_transmitter.o [1]
IR_Transmitter_Task{1}{2}::counter
                        0x000135    0x1  Data  Lc  ir_transmitter.o [1]
Led_Control_GetMode     0x009bb5    0x4  Code  Gb  led_controller.o [1]
Led_Control_Init        0x0099af   0x21  Code  Gb  led_controller.o [1]
Node_Control_InitNodes  0x0092dc   0x55  Code  Gb  nodecontrol.o [1]
Node_State_Manager_Init
                        0x009b68    0x9  Code  Gb  nodestatemanager.o [1]
Node_State_Manager_Task
                        0x009be2    0x1  Code  Gb  nodestatemanager.o [1]
Region$$Table$$Base     0x0099d0          --   Gb  - Linker created -
Region$$Table$$Limit    0x0099e2          --   Gb  - Linker created -
SPI_IRQHandler          0x009bec    0x1  Code  Gb  stm8s_it.o [1]
System_Init             0x009a5c   0x1d  Code  Gb  main.o [1]
TIM1_CAP_COM_IRQHandler
                        0x009bed    0x1  Code  Gb  stm8s_it.o [1]
TIM1_ClearFlag          0x00969b   0x35  Code  Gb  stm8s_tim1.o [1]
TIM1_Cmd                0x009735   0x2f  Code  Gb  stm8s_tim1.o [1]
TIM1_GetITStatus        0x00910a   0x6d  Code  Gb  stm8s_tim1.o [1]
TIM1_ITConfig           0x00942f   0x4e  Code  Gb  stm8s_tim1.o [1]
TIM1_TimeBaseInit       0x009177   0x60  Code  Gb  stm8s_tim1.o [1]
TIM1_UPD_OVF_TRG_BRK_IRQHandler
                        0x009968   0x24  Code  Gb  stm8s_it.o [1]
TIM2_ARRPreloadConfig   0x009793   0x2f  Code  Gb  stm8s_tim2.o [1]
TIM2_CAP_COM_IRQHandler
                        0x009bef    0x1  Code  Gb  stm8s_it.o [1]
TIM2_Cmd                0x009764   0x2f  Code  Gb  stm8s_tim2.o [1]
TIM2_OC1Init            0x008f27   0xac  Code  Gb  stm8s_tim2.o [1]
TIM2_OC1PreloadConfig   0x0097c2   0x2f  Code  Gb  stm8s_tim2.o [1]
TIM2_OC3Init            0x008fd3   0xac  Code  Gb  stm8s_tim2.o [1]
TIM2_OC3PreloadConfig   0x0097f1   0x2f  Code  Gb  stm8s_tim2.o [1]
TIM2_SetCompare1        0x009b71    0x9  Code  Gb  stm8s_tim2.o [1]
TIM2_TimeBaseInit       0x009b48    0xc  Code  Gb  stm8s_tim2.o [1]
TIM2_UPD_OVF_BRK_IRQHandler
                        0x009bee    0x1  Code  Gb  stm8s_it.o [1]
TIM4_UPD_OVF_IRQHandler
                        0x009bf2    0x1  Code  Gb  stm8s_it.o [1]
TLI_IRQHandler          0x009be4    0x1  Code  Gb  stm8s_it.o [1]
TRAP_IRQHandler         0x009be3    0x1  Code  Gb  stm8s_it.o [1]
Task_Init               0x00987b   0x2c  Code  Gb  main.o [1]
Task_Manager_AddTask    0x009acd   0x10  Code  Gb  TaskManager.o [1]
Task_Manager_PerformTask
                        0x00998c   0x23  Code  Gb  TaskManager.o [1]
Test_Uart               0x0094c4   0x41  Code  Gb  main.o [1]
Timer_Connter_Init_Timer
                        0x0098a7   0x1d  Code  Gb  timer_counter.o [1]
Timer_Counter_GetCounter
                        0x009b91    0x6  Code  Gb  timer_counter.o [1]
Timer_Counter_IncreaseCounter
                        0x009add    0xf  Code  Gb  timer_counter.o [1]
Timer_Counter_Init      0x0098c4    0xb  Code  Gb  timer_counter.o [1]
Timer_PWM_IR_Transmitter_Init
                        0x008c30   0x3a  Code  Gb  timer_pwm.o [1]
Timer_PWM_Init          0x008be1   0x4f  Code  Gb  timer_pwm.o [1]
Timer_PWM_Update_Period
                        0x008c6a   0x5c  Code  Gb  timer_pwm.o [1]
Transport_GetRxBufferSize
                        0x009bc5    0x4  Code  Gb  transport.o [1]
Transport_Init          0x009581   0x3b  Code  Gb  transport.o [1]
Transport_OutputDisable
                        0x009b82    0x8  Code  Gb  transport.o [1]
Transport_OutputEnable  0x009b7a    0x8  Code  Gb  transport.o [1]
Transport_RxPop         0x0095bc   0x3b  Code  Gb  transport.o [1]
Transport_RxPush        0x0098f7   0x27  Code  Gb  transport.o [1]
Transport_TxPop         0x009820   0x2e  Code  Gb  transport.o [1]
Transport_TxPush        0x009630   0x36  Code  Gb  transport.o [1]
UART1_DeInit            0x00984e   0x2d  Code  Gb  stm8s_uart1.o [1]
UART1_GetITStatus       0x008cc6   0xd3  Code  Gb  stm8s_uart1.o [1]
UART1_ITConfig          0x008d99   0xd0  Code  Gb  stm8s_uart1.o [1]
UART1_Init              0x0083ab  0x222  Code  Gb  stm8s_uart1.o [1]
UART1_RX_IRQHandler     0x009a79   0x19  Code  Gb  stm8s_it.o [1]
UART1_ReceiveData8      0x009bbd    0x4  Code  Gb  stm8s_uart1.o [1]
UART1_SendData8         0x009bc1    0x4  Code  Gb  stm8s_uart1.o [1]
UART1_TX_IRQHandler     0x0095f7   0x39  Code  Gb  stm8s_it.o [1]
__DebugBreak            0x009bf4    0x1  Code  Gb  __dbg_break.o [3]
__exit                  0x009aa6   0x14  Code  Gb  __dbg_xxexit.o [3]
__iar_copy_init2        0x0098cf         Code  Gb  init_small.o [4]
__iar_data_init2        0x009a92   0x14  Code  Gb  init.o [4]
__iar_program_start     0x009aba         Code  Gb  cstartup.o [4]
__iar_unhandled_exception
                        0x009bdb         Code  Gb  unhandled_exception.o [4]
__iar_zero_init2        0x009a21         Code  Gb  init_small.o [4]
__intvec                0x008000         Data  Gb  interrupt.o [4]
__low_level_init        0x009bd5    0x3  Code  Gb  low_level_init.o [4]
_exit                   0x009ba8         Code  Gb  cexit.o [4]
_interrupt_1            0x009be3         Code  Gb  stm8s_it.o [1]
_interrupt_12           0x009bec         Code  Gb  stm8s_it.o [1]
_interrupt_13           0x009968         Code  Gb  stm8s_it.o [1]
_interrupt_14           0x009bed         Code  Gb  stm8s_it.o [1]
_interrupt_15           0x009bee         Code  Gb  stm8s_it.o [1]
_interrupt_16           0x009bef         Code  Gb  stm8s_it.o [1]
_interrupt_19           0x0095f7         Code  Gb  stm8s_it.o [1]
_interrupt_2            0x009be4         Code  Gb  stm8s_it.o [1]
_interrupt_20           0x009a79         Code  Gb  stm8s_it.o [1]
_interrupt_21           0x009bf0         Code  Gb  stm8s_it.o [1]
_interrupt_24           0x009bf1         Code  Gb  stm8s_it.o [1]
_interrupt_25           0x009bf2         Code  Gb  stm8s_it.o [1]
_interrupt_26           0x009bf3         Code  Gb  stm8s_it.o [1]
_interrupt_3            0x009be5         Code  Gb  stm8s_it.o [1]
_interrupt_4            0x009be6         Code  Gb  stm8s_it.o [1]
_interrupt_5            0x009be7         Code  Gb  stm8s_it.o [1]
_interrupt_6            0x009be8         Code  Gb  stm8s_it.o [1]
_interrupt_7            0x009be9         Code  Gb  stm8s_it.o [1]
_interrupt_8            0x009bea         Code  Gb  stm8s_it.o [1]
_interrupt_9            0x009beb         Code  Gb  stm8s_it.o [1]
active_period           0x000126    0x4  Data  Gb  timer_pwm.o [1]
assert_failed           0x009666   0x35  Code  Gb  main.o [1]
assert_failed::counter  0x00011e    0x4  Data  Lc  main.o [1]
change_factor           0x00012a    0x4  Data  Gb  timer_pwm.o [1]
cmd_cnt                 0x000133    0x1  Data  Gb  commands.o [1]
cmd_push                0x009505   0x3f  Code  Gb  commands.o [1]
cmd_wr_idx              0x000132    0x1  Data  Gb  commands.o [1]
commands                0x0000f6   0x14  Data  Gb  commands.o [1]
control_state           0x000137    0x1  Data  Gb  nodecontrol.o [1]
exit                    0x009bd8    0x3  Code  Gb  exit.o [4]
gpio_state              0x000011    0x1  Data  Gb  timer_pwm.o [1]
is_configured           0x000139    0x1  Data  Gb  timer_pwm.o [1]
main                    0x009287   0x55  Code  Gb  main.o [1]
node_state              0x000130    0x2  Data  Gb  nodestatemanager.o [1]
nodes                   0x000012   0x64  Data  Gb  nodecontrol.o [1]
running_mode            0x000134    0x1  Data  Gb  ir_transmitter.o [1]
running_mode            0x000136    0x1  Data  Lc  led_controller.o [1]
rx_buff                 0x0000b6   0x40  Data  Gb  transport.o [1]
rx_cnt                  0x00013f    0x1  Data  Gb  transport.o [1]
rx_interrupt_config     0x009b9d    0x6  Code  Gb  transport.o [1]
rx_rd_idx               0x00013e    0x1  Data  Gb  transport.o [1]
rx_wr_idx               0x00013d    0x1  Data  Gb  transport.o [1]
task_Index              0x000138    0x1  Data  Gb  TaskManager.o [1]
tasks                   0x00010a   0x14  Data  Gb  TaskManager.o [1]
time_prescaler          0x000010    0x1  Data  Gb  ir_transmitter.o [1]
timeout                 0x00012e    0x2  Data  Gb  nodecontrol.o [1]
timer_counter           0x000122    0x4  Data  Lc  timer_counter.o [1]
tx_buff                 0x000076   0x40  Data  Gb  transport.o [1]
tx_cnt                  0x00013c    0x1  Data  Gb  transport.o [1]
tx_interrupt_config     0x009b97    0x6  Code  Gb  transport.o [1]
tx_rd_idx               0x00013b    0x1  Data  Gb  transport.o [1]
tx_wr_idx               0x00013a    0x1  Data  Gb  transport.o [1]
update_duty_cycle       0x008bce   0x13  Code  Gb  timer_pwm.o [1]


[1] = E:\03-DuAn\LedController\LedController\02-Software\RS485Master\Debug\Obj
[2] = command line
[3] = dbgstm8smd.a
[4] = dlstm8smn.a

  6 927 bytes of readonly  code memory
    230 bytes of readonly  data memory
    576 bytes of readwrite data memory

Errors: none
Warnings: none
