###############################################################################
#
# IAR ELF Linker V3.10.1.201 for STM8                     11/Jan/2019  14:38:43
# Copyright 2010-2017 IAR Systems AB.
#
#    Output file  =  
#        E:\DATA\03-DuAn\02-LedController\LedController\02-Software\RS485Master\Release\Exe\RS485.out
#    Map file     =  
#        E:\DATA\03-DuAn\02-LedController\LedController\02-Software\RS485Master\Release\List\RS485.map
#    Command line =  
#        -f C:\Users\PM-HUN~1\AppData\Local\Temp\EW703A.tmp
#        (E:\DATA\03-DuAn\02-LedController\LedController\02-Software\RS485Master\Release\Obj\commands.o
#        E:\DATA\03-DuAn\02-LedController\LedController\02-Software\RS485Master\Release\Obj\gpio_util.o
#        E:\DATA\03-DuAn\02-LedController\LedController\02-Software\RS485Master\Release\Obj\ir_receiver.o
#        E:\DATA\03-DuAn\02-LedController\LedController\02-Software\RS485Master\Release\Obj\ir_transmitter.o
#        E:\DATA\03-DuAn\02-LedController\LedController\02-Software\RS485Master\Release\Obj\led_controller.o
#        E:\DATA\03-DuAn\02-LedController\LedController\02-Software\RS485Master\Release\Obj\main.o
#        E:\DATA\03-DuAn\02-LedController\LedController\02-Software\RS485Master\Release\Obj\nodecontrol.o
#        E:\DATA\03-DuAn\02-LedController\LedController\02-Software\RS485Master\Release\Obj\stm8s_adc1.o
#        E:\DATA\03-DuAn\02-LedController\LedController\02-Software\RS485Master\Release\Obj\stm8s_clk.o
#        E:\DATA\03-DuAn\02-LedController\LedController\02-Software\RS485Master\Release\Obj\stm8s_gpio.o
#        E:\DATA\03-DuAn\02-LedController\LedController\02-Software\RS485Master\Release\Obj\stm8s_it.o
#        E:\DATA\03-DuAn\02-LedController\LedController\02-Software\RS485Master\Release\Obj\stm8s_tim1.o
#        E:\DATA\03-DuAn\02-LedController\LedController\02-Software\RS485Master\Release\Obj\stm8s_tim2.o
#        E:\DATA\03-DuAn\02-LedController\LedController\02-Software\RS485Master\Release\Obj\stm8s_uart1.o
#        E:\DATA\03-DuAn\02-LedController\LedController\02-Software\RS485Master\Release\Obj\TaskManager.o
#        E:\DATA\03-DuAn\02-LedController\LedController\02-Software\RS485Master\Release\Obj\timer_counter.o
#        E:\DATA\03-DuAn\02-LedController\LedController\02-Software\RS485Master\Release\Obj\timer_pwm.o
#        E:\DATA\03-DuAn\02-LedController\LedController\02-Software\RS485Master\Release\Obj\transport.o
#        --redirect _Printf=_PrintfFullNoMb --redirect _Scanf=_ScanfFullNoMb -o
#        E:\DATA\03-DuAn\02-LedController\LedController\02-Software\RS485Master\Release\Exe\RS485.out
#        --strip --map
#        E:\DATA\03-DuAn\02-LedController\LedController\02-Software\RS485Master\Release\List\RS485.map
#        --config "C:\Program Files (x86)\IAR Systems\Embedded Workbench
#        8.0\stm8\config\lnkstm8s003f3.icf" --config_def _CSTACK_SIZE=0x100
#        --config_def _HEAP_SIZE=0x100 --entry __iar_program_start)
#
###############################################################################

*******************************************************************************
*** RUNTIME MODEL ATTRIBUTES
***

__SystemLibrary            = DLib
__code_model               = small
__core                     = stm8
__data_model               = medium
__dlib_file_descriptor     = 0
__dlib_full_locale_support = 0
__rt_version               = 4


*******************************************************************************
*** PLACEMENT SUMMARY
***

"A0":  place at start of [0x000000-0x0000ff] { rw section .vregs };
"A1":  place at end of [0x000000-0x0003ff] { block CSTACK };
"P2":  place in [from 0x000000 to 0x0003ff] {
          block HEAP, rw section __DLIB_PERTHREAD, rw section .far.bss,
          rw section .far.data, rw section .far.noinit,
          rw section .far_func.textrw, rw section .huge.bss,
          rw section .huge.data, rw section .huge.noinit,
          rw section .huge_func.textrw, rw section .iar.dynexit,
          rw section .near.bss, rw section .near.data, rw section .near.noinit,
          rw section .near_func.textrw };
"A2":  place at start of [0x008000-0x009fff] { block INTVEC };
"P3":  place in [from 0x008000 to 0x009fff] {
          ro section __DLIB_PERTHREAD_init, ro section .far.data_init,
          ro section .far_func.textrw_init, ro section .huge.data_init,
          ro section .huge_func.textrw_init, ro section .iar.init_table,
          ro section .init_array, ro section .near.data_init,
          ro section .near.rodata, ro section .near_func.text,
          ro section .near_func.textrw_init, ro section .tiny.data_init,
          ro section .tiny.rodata_init };
"P4":  place in [from 0x008000 to 0x009fff] {
          ro section .far.rodata, ro section .far_func.text };
"P5":  place in [from 0x008000 to 0x009fff] {
          ro section .huge.rodata, ro section .huge_func.text };
do not initialize {
   rw section .eeprom.noinit, rw section .far.noinit, rw section .huge.noinit,
   rw section .near.noinit, rw section .tiny.noinit, rw section .vregs };
initialize by copy {
   rw section .far.bss, rw section .far.data, rw section .far_func.textrw,
   rw section .huge.bss, rw section .huge.data, rw section .huge_func.textrw,
   rw section .iar.dynexit, rw section .near.bss, rw section .near.data,
   rw section .near_func.textrw, rw section .tiny.bss, rw section .tiny.data,
   ro section .tiny.rodata };

  Section            Kind      Address    Size  Object
  -------            ----      -------    ----  ------
"A0":                                     0x10
  .vregs             uninit   0x000000    0x10  vregs.o [4]
                            - 0x000010    0x10

"P2", part 1 of 2:                         0x2
  P2-1                        0x000010     0x2  <Init block>
    .near.data       inited   0x000010     0x1  ir_transmitter.o [1]
    .near.data       inited   0x000011     0x1  timer_pwm.o [1]
                            - 0x000012     0x2

"P2", part 2 of 2:                       0x131
  .near.bss          zero     0x000012    0x64  nodecontrol.o [1]
  .near.bss          zero     0x000076    0x40  transport.o [1]
  .near.bss          zero     0x0000b6    0x40  transport.o [1]
  .near.bss          zero     0x0000f6    0x14  commands.o [1]
  .near.bss          zero     0x00010a    0x14  TaskManager.o [1]
  .near.bss          zero     0x00011e     0x4  main.o [1]
  .near.bss          zero     0x000122     0x4  timer_counter.o [1]
  .near.bss          zero     0x000126     0x4  timer_pwm.o [1]
  .near.bss          zero     0x00012a     0x4  timer_pwm.o [1]
  .near.bss          zero     0x00012e     0x2  main.o [1]
  .near.bss          zero     0x000130     0x2  nodecontrol.o [1]
  .near.bss          zero     0x000132     0x1  commands.o [1]
  .near.bss          zero     0x000133     0x1  commands.o [1]
  .near.bss          zero     0x000134     0x1  commands.o [1]
  .near.bss          zero     0x000135     0x1  ir_transmitter.o [1]
  .near.bss          zero     0x000136     0x1  ir_transmitter.o [1]
  .near.bss          zero     0x000137     0x1  led_controller.o [1]
  .near.bss          zero     0x000138     0x1  nodecontrol.o [1]
  .near.bss          zero     0x000139     0x1  nodecontrol.o [1]
  .near.bss          zero     0x00013a     0x1  nodecontrol.o [1]
  .near.bss          zero     0x00013b     0x1  TaskManager.o [1]
  .near.bss          zero     0x00013c     0x1  timer_pwm.o [1]
  .near.bss          zero     0x00013d     0x1  transport.o [1]
  .near.bss          zero     0x00013e     0x1  transport.o [1]
  .near.bss          zero     0x00013f     0x1  transport.o [1]
  .near.bss          zero     0x000140     0x1  transport.o [1]
  .near.bss          zero     0x000141     0x1  transport.o [1]
  .near.bss          zero     0x000142     0x1  transport.o [1]
                            - 0x000143   0x131

"A1":                                    0x100
  CSTACK                      0x000300   0x100  <Block>
    CSTACK           uninit   0x000300   0x100  <Block tail>
                            - 0x000400   0x100

"A2":                                     0x80
  INTVEC                      0x008000    0x80  <Block>
    .intvec          const    0x008000    0x80  interrupt.o [4]
                            - 0x008080    0x80

"P3-P5":                                0x18be
  .near_func.text    ro code  0x008080   0x32b  float.o [4]
  .near_func.text    ro code  0x0083ab   0x1b7  stm8s_uart1.o [1]
  .near_func.text    ro code  0x008562   0x149  long.o [4]
  .near_func.text    ro code  0x0086ab   0x124  stm8s_adc1.o [1]
  .near_func.text    ro code  0x0087cf   0x10c  vreg_util.o [4]
  .near_func.text    ro code  0x0088db    0xc4  nodecontrol.o [1]
  .near_func.text    ro code  0x00899f    0xb1  stm8s_gpio.o [1]
  .near_func.text    ro code  0x008a50    0xb0  stm8s_adc1.o [1]
  .near_func.text    ro code  0x008b00    0x95  stm8s_uart1.o [1]
  .near_func.text    ro code  0x008b95    0x8a  stm8s_adc1.o [1]
  .near_func.text    ro code  0x008c1f    0x75  nodecontrol.o [1]
  .near_func.text    ro code  0x008c94    0x6f  stm8s_tim2.o [1]
  .near_func.text    ro code  0x008d03    0x6f  stm8s_tim2.o [1]
  .near_func.text    ro code  0x008d72    0x5e  stm8s_clk.o [1]
  .near_func.text    ro code  0x008dd0    0x58  nodecontrol.o [1]
  .near_func.text    ro code  0x008e28    0x4f  nodecontrol.o [1]
  .near_func.text    ro code  0x008e77    0x4c  stm8s_tim1.o [1]
  .near_func.text    ro code  0x008ec3    0x4c  stm8s_tim1.o [1]
  .near_func.text    ro code  0x008f0f    0x4b  commands.o [1]
  .near_func.text    ro code  0x008f5a    0x48  main.o [1]
  .near_func.text    ro code  0x008fa2    0x47  long_util.o [4]
  .near_func.text    ro code  0x008fe9    0x45  timer_pwm.o [1]
  .near_func.text    ro code  0x00902e    0x3f  stm8s_adc1.o [1]
  .near_func.text    ro code  0x00906d    0x3d  stm8s_adc1.o [1]
  .near_func.text    ro code  0x0090aa    0x3b  stm8s_clk.o [1]
  .near_func.text    ro code  0x0090e5    0x39  stm8s_adc1.o [1]
  .near_func.text    ro code  0x00911e    0x37  timer_pwm.o [1]
  .near_func.text    ro code  0x009155    0x36  commands.o [1]
  .near_func.text    ro code  0x00918b    0x36  transport.o [1]
  .near_func.text    ro code  0x0091c1    0x34  commands.o [1]
  .near_func.text    ro code  0x0091f5    0x34  nodecontrol.o [1]
  .near_func.text    ro code  0x009229    0x31  stm8s_tim1.o [1]
  .near_func.text    ro code  0x00925a    0x2c  main.o [1]
  .near_func.text    ro code  0x009286    0x2c  transport.o [1]
  .near_func.text    ro code  0x0092b2    0x2b  gpio_util.o [1]
  .near_func.text    ro code  0x0092dd    0x2b  stm8s_uart1.o [1]
  .near_func.text    ro code  0x009308    0x29  stm8s_tim1.o [1]
  .near_func.text    ro code  0x009331    0x28  stm8s_clk.o [1]
  .near_func.text    ro code  0x009359    0x28  init_small.o [4]
  .near_func.text    ro code  0x009381    0x27  transport.o [1]
  .near_func.text    ro code  0x0093a8    0x26  nodecontrol.o [1]
  .near_func.text    ro code  0x0093ce    0x26  transport.o [1]
  .near_func.text    ro code  0x0093f4    0x25  main.o [1]
  .near_func.text    ro code  0x009419    0x25  transport.o [1]
  .near_func.text    ro code  0x00943e    0x25  dc_util.o [4]
  .near_func.text    ro code  0x009463    0x22  ir_transmitter.o [1]
  .near_func.text    ro code  0x009485    0x22  timer_pwm.o [1]
  .near_func.text    ro code  0x0094a7    0x21  stm8s_it.o [1]
  .iar.init_table    const    0x0094c8    0x12  - Linker created -
  .near_func.text    ro code  0x0094da    0x20  stm8s_it.o [1]
  .near_func.text    ro code  0x0094fa    0x20  TaskManager.o [1]
  .near_func.text    ro code  0x00951a    0x1f  ir_transmitter.o [1]
  .near_func.text    ro code  0x009539    0x1f  move.o [4]
  .near_func.text    ro code  0x009558    0x1e  commands.o [1]
  .near_func.text    ro code  0x009576    0x1e  init_small.o [4]
  .near_func.text    ro code  0x009594    0x1d  ir_receiver.o [1]
  .near_func.text    ro code  0x0095b1    0x1d  main.o [1]
  .near_func.text    ro code  0x0095ce    0x1d  timer_counter.o [1]
  .near_func.text    ro code  0x0095eb    0x1c  led_controller.o [1]
  .near_func.text    ro code  0x009607    0x16  stm8s_it.o [1]
  .near_func.text    ro code  0x00961d    0x16  stm8s_tim1.o [1]
  .near_func.text    ro code  0x009633    0x16  stm8s_tim2.o [1]
  .near_func.text    ro code  0x009649    0x16  stm8s_tim2.o [1]
  .near_func.text    ro code  0x00965f    0x16  stm8s_tim2.o [1]
  .near_func.text    ro code  0x009675    0x16  stm8s_tim2.o [1]
  .near_func.text    ro code  0x00968b    0x14  short.o [4]
  .near_func.text    ro code  0x00969f    0x14  init.o [4]
  .near_func.text    ro code  0x0096b3    0x13  main.o [1]
  .near_func.text    ro code  0x0096c6    0x13  cstartup.o [4]
  .near_func.text    ro code  0x0096d9    0x12  timer_pwm.o [1]
  .near_func.text    ro code  0x0096eb    0x11  transport.o [1]
  .near_func.text    ro code  0x0096fc    0x10  TaskManager.o [1]
  .near_func.text    ro code  0x00970c    0x10  transport.o [1]
  .near_func.text    ro code  0x00971c     0xf  stm8s_tim2.o [1]
  .near_func.text    ro code  0x00972b     0xf  timer_counter.o [1]
  .near.rodata       const    0x00973a     0xe  stm8s_uart1.o [1]
  .near_func.text    ro code  0x009748     0xe  transport.o [1]
  .near.rodata       const    0x009756     0xd  stm8s_adc1.o [1]
  .near.rodata       const    0x009763     0xd  stm8s_gpio.o [1]
  .near.rodata       const    0x009770     0xd  stm8s_tim1.o [1]
  .near.rodata       const    0x00977d     0xd  stm8s_tim2.o [1]
  .near_func.text    ro code  0x00978a     0xd  stm8s_tim2.o [1]
  .near.rodata       const    0x009797     0xc  stm8s_clk.o [1]
  .near_func.text    ro code  0x0097a3     0xc  nodecontrol.o [1]
  .near_func.text    ro code  0x0097af     0xc  timer_pwm.o [1]
  .near_func.text    ro code  0x0097bb     0xb  stm8s_adc1.o [1]
  .near_func.text    ro code  0x0097c6     0xb  stm8s_clk.o [1]
  .near_func.text    ro code  0x0097d1     0xb  stm8s_gpio.o [1]
  .near_func.text    ro code  0x0097dc     0xb  stm8s_tim1.o [1]
  .near_func.text    ro code  0x0097e7     0xb  stm8s_tim2.o [1]
  .near_func.text    ro code  0x0097f2     0xb  stm8s_tim2.o [1]
  .near_func.text    ro code  0x0097fd     0xb  stm8s_tim2.o [1]
  .near_func.text    ro code  0x009808     0xb  stm8s_uart1.o [1]
  .near_func.text    ro code  0x009813     0xb  timer_counter.o [1]
  .near_func.text    ro code  0x00981e     0xa  main.o [1]
  .near_func.text    ro code  0x009828     0xa  nodecontrol.o [1]
  .near_func.text    ro code  0x009832     0xa  timer_pwm.o [1]
  .near_func.text    ro code  0x00983c     0x9  stm8s_adc1.o [1]
  .near_func.text    ro code  0x009845     0x9  stm8s_adc1.o [1]
  .near_func.text    ro code  0x00984e     0x9  stm8s_clk.o [1]
  .near_func.text    ro code  0x009857     0x9  stm8s_tim2.o [1]
  .near_func.text    ro code  0x009860     0x9  stm8s_tim2.o [1]
  .near_func.text    ro code  0x009869     0x9  stm8s_uart1.o [1]
  .near_func.text    ro code  0x009872     0x9  transport.o [1]
  .near_func.text    ro code  0x00987b     0x8  stm8s_adc1.o [1]
  .near_func.text    ro code  0x009883     0x8  stm8s_tim1.o [1]
  .near_func.text    ro code  0x00988b     0x8  stm8s_uart1.o [1]
  .near_func.text    ro code  0x009893     0x8  stm8s_uart1.o [1]
  .near_func.text    ro code  0x00989b     0x8  transport.o [1]
  .near_func.text    ro code  0x0098a3     0x7  gpio_util.o [1]
  .near_func.text    ro code  0x0098aa     0x7  stm8s_gpio.o [1]
  .near_func.text    ro code  0x0098b1     0x7  stm8s_it.o [1]
  .near_func.text    ro code  0x0098b8     0x7  stm8s_tim2.o [1]
  .near_func.text    ro code  0x0098bf     0x7  transport.o [1]
  .near_func.text    ro code  0x0098c6     0x6  led_controller.o [1]
  .near_func.text    ro code  0x0098cc     0x6  nodecontrol.o [1]
  .near_func.text    ro code  0x0098d2     0x6  stm8s_tim1.o [1]
  .near_func.text    ro code  0x0098d8     0x6  stm8s_uart1.o [1]
  .near_func.text    ro code  0x0098de     0x6  timer_counter.o [1]
  .near_func.text    ro code  0x0098e4     0x6  timer_pwm.o [1]
  .near_func.text    ro code  0x0098ea     0x6  transport.o [1]
  .near_func.text    ro code  0x0098f0     0x5  stm8s_adc1.o [1]
  .near_func.text    ro code  0x0098f5     0x5  stm8s_tim1.o [1]
  .near_func.text    ro code  0x0098fa     0x5  cexit.o [4]
  .near.rodata       const    0x0098ff     0x4  stm8s_clk.o [1]
  .near_func.text    ro code  0x009903     0x4  ir_transmitter.o [1]
  .near_func.text    ro code  0x009907     0x4  led_controller.o [1]
  .near_func.text    ro code  0x00990b     0x4  stm8s_gpio.o [1]
  .near_func.text    ro code  0x00990f     0x4  stm8s_uart1.o [1]
  .near_func.text    ro code  0x009913     0x4  stm8s_uart1.o [1]
  .near_func.text    ro code  0x009917     0x4  transport.o [1]
  .near_func.text    ro code  0x00991b     0x3  interrupt.o [4]
  .near_func.text    ro code  0x00991e     0x3  low_level_init.o [4]
  .near_func.text    ro code  0x009921     0x3  exit.o [4]
  .near_func.text    ro code  0x009924     0x3  unhandled_exception.o [4]
  .near_func.text    ro code  0x009927     0x2  stm8s_gpio.o [1]
  .near_func.text    ro code  0x009929     0x2  xxexit.o [3]
  Initializer bytes  const    0x00992b     0x2  <for P2-1>
  .near_func.text    ro code  0x00992d     0x1  stm8s_it.o [1]
  .near_func.text    ro code  0x00992e     0x1  stm8s_it.o [1]
  .near_func.text    ro code  0x00992f     0x1  stm8s_it.o [1]
  .near_func.text    ro code  0x009930     0x1  stm8s_it.o [1]
  .near_func.text    ro code  0x009931     0x1  stm8s_it.o [1]
  .near_func.text    ro code  0x009932     0x1  stm8s_it.o [1]
  .near_func.text    ro code  0x009933     0x1  stm8s_it.o [1]
  .near_func.text    ro code  0x009934     0x1  stm8s_it.o [1]
  .near_func.text    ro code  0x009935     0x1  stm8s_it.o [1]
  .near_func.text    ro code  0x009936     0x1  stm8s_it.o [1]
  .near_func.text    ro code  0x009937     0x1  stm8s_it.o [1]
  .near_func.text    ro code  0x009938     0x1  stm8s_it.o [1]
  .near_func.text    ro code  0x009939     0x1  stm8s_it.o [1]
  .near_func.text    ro code  0x00993a     0x1  stm8s_it.o [1]
  .near_func.text    ro code  0x00993b     0x1  stm8s_it.o [1]
  .near_func.text    ro code  0x00993c     0x1  stm8s_it.o [1]
  .near_func.text    ro code  0x00993d     0x1  stm8s_it.o [1]
                            - 0x00993e  0x18be


*******************************************************************************
*** INIT TABLE
***

          Address   Size
          -------   ----
Zero (__iar_zero_init2)
    1 destination range, total size 0x131:
          0x000012  0x131

Copy (__iar_copy_init2)
    1 source range, total size 0x2:
          0x00992b    0x2
    1 destination range, total size 0x2:
          0x000010    0x2



*******************************************************************************
*** MODULE SUMMARY
***

    Module                 ro code  ro data  rw data
    ------                 -------  -------  -------
E:\DATA\03-DuAn\02-LedController\LedController\02-Software\RS485Master\Release\Obj: [1]
    TaskManager.o               48                21
    commands.o                 211                23
    gpio_util.o                 50
    ir_receiver.o               29
    ir_transmitter.o            69        1        3
    led_controller.o            38                 1
    main.o                     211                 6
    nodecontrol.o              598               105
    stm8s_adc1.o               829       13
    stm8s_clk.o                213       16
    stm8s_gpio.o               201       13
    stm8s_it.o                 111
    stm8s_tim1.o               294       13
    stm8s_tim2.o               396       13
    stm8s_uart1.o              681       14
    timer_counter.o             61                 4
    timer_pwm.o                204        1       10
    transport.o                293               134
    ------------------------------------------------
    Total:                   4 537       84      307

command line: [2]
    ------------------------------------------------
    Total:

dbgstm8smn.a: [3]
    xxexit.o                     2
    ------------------------------------------------
    Total:                       2

dlstm8smn.a: [4]
    cexit.o                      5
    cstartup.o                  19
    dc_util.o                   37
    exit.o                       3
    float.o                    811
    init.o                      20
    init_small.o                70
    interrupt.o                  3      128
    long.o                     329
    long_util.o                 71
    low_level_init.o             3
    move.o                      31
    short.o                     20
    unhandled_exception.o        3
    vreg_util.o                268
    vregs.o                                       16
    ------------------------------------------------
    Total:                   1 693      128       16

    Linker created                       18      256
----------------------------------------------------
    Grand Total:             6 232      230      579


*******************************************************************************
*** ENTRY LIST
***

Entry                    Address   Size  Type      Object
-----                    -------   ----  ----      ------
.iar.init_table$$Base   0x0094c8          --   Gb  - Linker created -
.iar.init_table$$Limit  0x0094da          --   Gb  - Linker created -
?b0                     0x000000         Data  Gb  vregs.o [4]
?b1                     0x000001         Data  Gb  vregs.o [4]
?b10                    0x00000a         Data  Gb  vregs.o [4]
?b11                    0x00000b         Data  Gb  vregs.o [4]
?b12                    0x00000c         Data  Gb  vregs.o [4]
?b13                    0x00000d         Data  Gb  vregs.o [4]
?b14                    0x00000e         Data  Gb  vregs.o [4]
?b15                    0x00000f         Data  Gb  vregs.o [4]
?b2                     0x000002         Data  Gb  vregs.o [4]
?b3                     0x000003         Data  Gb  vregs.o [4]
?b4                     0x000004         Data  Gb  vregs.o [4]
?b5                     0x000005         Data  Gb  vregs.o [4]
?b6                     0x000006         Data  Gb  vregs.o [4]
?b7                     0x000007         Data  Gb  vregs.o [4]
?b8                     0x000008         Data  Gb  vregs.o [4]
?b9                     0x000009         Data  Gb  vregs.o [4]
?dc32_l0                0x00943e         Code  Gb  dc_util.o [4]
?dc32_l1                0x00944b         Code  Gb  dc_util.o [4]
?dc32_px                0x009458         Code  Gb  dc_util.o [4]
?e0                     0x000001         Data  Gb  vregs.o [4]
?e1                     0x000005         Data  Gb  vregs.o [4]
?e2                     0x000009         Data  Gb  vregs.o [4]
?e3                     0x00000d         Data  Gb  vregs.o [4]
?epilogue_l2            0x00886a         Code  Gb  vreg_util.o [4]
?epilogue_l2_l3         0x008867         Code  Gb  vreg_util.o [4]
?epilogue_l2_w6         0x00886e         Code  Gb  vreg_util.o [4]
?epilogue_w4            0x008875         Code  Gb  vreg_util.o [4]
?fadd32_l0_l0_0x        0x0080a6         Code  Gb  float.o [4]
?fadd32_l0_l0_l1        0x0080a9         Code  Gb  float.o [4]
?fcasts16f32_x_l0       0x00827d         Code  Gb  float.o [4]
?fcmpeq32_c_0x_fzero    0x008211         Code  Gb  float.o [4]
?fcmpge32_c_l0_0x       0x00821e         Code  Gb  float.o [4]
?fcmpge32_c_l0_dc32     0x008219         Code  Gb  float.o [4]
?fcmplt32_c_l0_0x       0x008227         Code  Gb  float.o [4]
?fcmplt32_c_l0_dc32     0x008222         Code  Gb  float.o [4]
?fmul32_l0_l0_dc32      0x008177         Code  Gb  float.o [4]
?fmul32_l0_l0_l1        0x00817c         Code  Gb  float.o [4]
?fsub32_l0_l0_0x        0x00809d         Code  Gb  float.o [4]
?fsub32_l0_l0_l1        0x0080a0         Code  Gb  float.o [4]
?inc32_0x_0x            0x008567         Code  Gb  long.o [4]
?inc32_l0_l0            0x008562         Code  Gb  long.o [4]
?l0                     0x000000         Data  Gb  vregs.o [4]
?l1                     0x000004         Data  Gb  vregs.o [4]
?l2                     0x000008         Data  Gb  vregs.o [4]
?l3                     0x00000c         Data  Gb  vregs.o [4]
?load32_0x_l0           0x008fdb         Code  Gb  long_util.o [4]
?load32_asp_l0          0x008fcf         Code  Gb  long_util.o [4]
?load32_dbsp_l0         0x008fca         Code  Gb  long_util.o [4]
?load32_l0_0x           0x008fb2         Code  Gb  long_util.o [4]
?load32_l0_asp          0x008fa7         Code  Gb  long_util.o [4]
?load32_l0_dbsp         0x008fa2         Code  Gb  long_util.o [4]
?load32_l0_xsp          0x008fa9         Code  Gb  long_util.o [4]
?load32_l1_0x           0x008fbe         Code  Gb  long_util.o [4]
?load32_xsp_l0          0x008fd1         Code  Gb  long_util.o [4]
?longfarg16_v_w0_a      0x009546         Code  Gb  move.o [4]
?longfarg16_v_w0_x      0x009548         Code  Gb  move.o [4]
?mov_e0_e1              0x008883         Code  Gb  vreg_util.o [4]
?mov_e0_e2              0x008890         Code  Gb  vreg_util.o [4]
?mov_e0_e3              0x00889d         Code  Gb  vreg_util.o [4]
?mov_e1_e2              0x0088aa         Code  Gb  vreg_util.o [4]
?mov_e1_e3              0x0088b7         Code  Gb  vreg_util.o [4]
?mov_e2_e0              0x0088c4         Code  Gb  vreg_util.o [4]
?mov_e3_e0              0x0088d1         Code  Gb  vreg_util.o [4]
?mov_l0_l1              0x008880         Code  Gb  vreg_util.o [4]
?mov_l0_l2              0x00888d         Code  Gb  vreg_util.o [4]
?mov_l0_l3              0x00889a         Code  Gb  vreg_util.o [4]
?mov_l1_l2              0x0088a7         Code  Gb  vreg_util.o [4]
?mov_l1_l3              0x0088b4         Code  Gb  vreg_util.o [4]
?mov_l2_l0              0x0088c1         Code  Gb  vreg_util.o [4]
?mov_l3_l0              0x0088ce         Code  Gb  vreg_util.o [4]
?mov_w1_w3              0x008886         Code  Gb  vreg_util.o [4]
?mov_w1_w5              0x008893         Code  Gb  vreg_util.o [4]
?mov_w1_w7              0x0088a0         Code  Gb  vreg_util.o [4]
?mov_w3_w2              0x008879         Code  Gb  vreg_util.o [4]
?mov_w3_w5              0x0088ad         Code  Gb  vreg_util.o [4]
?mov_w3_w7              0x0088ba         Code  Gb  vreg_util.o [4]
?mov_w5_w1              0x0088c7         Code  Gb  vreg_util.o [4]
?mov_w7_w1              0x0088d4         Code  Gb  vreg_util.o [4]
?move1616_v_x_y_a       0x009539         Code  Gb  move.o [4]
?mul32_l0_l0_0x         0x008593         Code  Gb  long.o [4]
?mul32_l0_l0_dl         0x008590         Code  Gb  long.o [4]
?mul32_l0_l0_l1         0x00859c         Code  Gb  long.o [4]
?pop_l0                 0x008833         Code  Gb  vreg_util.o [4]
?pop_l1                 0x00883e         Code  Gb  vreg_util.o [4]
?pop_l2                 0x008849         Code  Gb  vreg_util.o [4]
?pop_l3                 0x008854         Code  Gb  vreg_util.o [4]
?pop_w4                 0x0087ec         Code  Gb  vreg_util.o [4]
?pop_w6                 0x0087f3         Code  Gb  vreg_util.o [4]
?push_l0                0x008802         Code  Gb  vreg_util.o [4]
?push_l1                0x008807         Code  Gb  vreg_util.o [4]
?push_l2                0x00880c         Code  Gb  vreg_util.o [4]
?push_l3                0x008811         Code  Gb  vreg_util.o [4]
?push_w4                0x0087cf         Code  Gb  vreg_util.o [4]
?push_w6                0x0087d4         Code  Gb  vreg_util.o [4]
?sll16_x_x_4            0x009695         Code  Gb  short.o [4]
?sll16_x_x_5            0x009694         Code  Gb  short.o [4]
?sll16_x_x_6            0x009693         Code  Gb  short.o [4]
?sll16_x_x_a            0x00968b         Code  Gb  short.o [4]
?sll32_0x_0x_a          0x00869d         Code  Gb  long.o [4]
?sll32_l0_l0_a          0x00869a         Code  Gb  long.o [4]
?srl16_x_x_4            0x00969a         Code  Gb  short.o [4]
?sub32_l0_l0_0x         0x008578         Code  Gb  long.o [4]
?sub32_l0_l0_l1         0x008575         Code  Gb  long.o [4]
?ucmp32_c_l0_l1         0x00868f         Code  Gb  long.o [4]
?udiv32_l0_dl_l1        0x00861a         Code  Gb  long.o [4]
?udiv32_l0_l0_dl        0x00861f         Code  Gb  long.o [4]
?udiv32_l0_l0_l1        0x008622         Code  Gb  long.o [4]
?umod32_l1_l0_l1        0x008622         Code  Gb  long.o [4]
?w0                     0x000000         Data  Gb  vregs.o [4]
?w1                     0x000002         Data  Gb  vregs.o [4]
?w2                     0x000004         Data  Gb  vregs.o [4]
?w3                     0x000006         Data  Gb  vregs.o [4]
?w4                     0x000008         Data  Gb  vregs.o [4]
?w5                     0x00000a         Data  Gb  vregs.o [4]
?w6                     0x00000c         Data  Gb  vregs.o [4]
?w7                     0x00000e         Data  Gb  vregs.o [4]
ADC1_ConversionConfig   0x008b95   0x8a  Code  Gb  stm8s_adc1.o [1]
ADC1_ExternalTriggerConfig
                        0x00902e   0x3f  Code  Gb  stm8s_adc1.o [1]
ADC1_GetConversionValue
                        0x0090e5   0x39  Code  Gb  stm8s_adc1.o [1]
ADC1_IRQHandler         0x00993b    0x1  Code  Gb  stm8s_it.o [1]
ADC1_Init               0x0086ab  0x124  Code  Gb  stm8s_adc1.o [1]
ADC1_PrescalerConfig    0x00906d   0x3d  Code  Gb  stm8s_adc1.o [1]
ADC1_SchmittTriggerConfig
                        0x008a50   0xb0  Code  Gb  stm8s_adc1.o [1]
ADC1_StartConversion    0x0098f0    0x5  Code  Gb  stm8s_adc1.o [1]
AWU_IRQHandler          0x00992f    0x1  Code  Gb  stm8s_it.o [1]
CLK_GetClockFreq        0x0090aa   0x3b  Code  Gb  stm8s_clk.o [1]
CLK_HSIPrescalerConfig  0x009331   0x28  Code  Gb  stm8s_clk.o [1]
CLK_IRQHandler          0x009930    0x1  Code  Gb  stm8s_it.o [1]
CLK_SYSCLKConfig        0x008d72   0x5e  Code  Gb  stm8s_clk.o [1]
CSTACK$$Base            0x000300          --   Gb  - Linker created -
CSTACK$$Limit           0x000400          --   Gb  - Linker created -
Command_PopCommand      0x0091c1   0x34  Code  Gb  commands.o [1]
Command_SendCommand     0x009558   0x1e  Code  Gb  commands.o [1]
Command_Task            0x008f0f   0x4b  Code  Gb  commands.o [1]
EEPROM_EEC_IRQHandler   0x00993d    0x1  Code  Gb  stm8s_it.o [1]
EXTI_PORTA_IRQHandler   0x009931    0x1  Code  Gb  stm8s_it.o [1]
EXTI_PORTB_IRQHandler   0x009932    0x1  Code  Gb  stm8s_it.o [1]
EXTI_PORTC_IRQHandler   0x009933    0x1  Code  Gb  stm8s_it.o [1]
EXTI_PORTD_IRQHandler   0x009934    0x1  Code  Gb  stm8s_it.o [1]
EXTI_PORTE_IRQHandler   0x009935    0x1  Code  Gb  stm8s_it.o [1]
GPIO_Init               0x00899f   0xb1  Code  Gb  stm8s_gpio.o [1]
GPIO_ReadOutputData     0x009927    0x2  Code  Gb  stm8s_gpio.o [1]
GPIO_Util_Init_As_Out   0x0098a3    0x7  Code  Gb  gpio_util.o [1]
GPIO_Util_Toggle        0x0092b2   0x2b  Code  Gb  gpio_util.o [1]
GPIO_WriteHigh          0x0098aa    0x7  Code  Gb  stm8s_gpio.o [1]
GPIO_WriteLow           0x00990b    0x4  Code  Gb  stm8s_gpio.o [1]
HSIDivFactor            0x0098ff    0x4  Data  Gb  stm8s_clk.o [1]
I2C_IRQHandler          0x00993a    0x1  Code  Gb  stm8s_it.o [1]
INTVEC$$Base            0x008000          --   Gb  - Linker created -
INTVEC$$Limit           0x008080          --   Gb  - Linker created -
IR_Receiver_Init        0x009594   0x1d  Code  Gb  ir_receiver.o [1]
IR_Transmitter_GetMode  0x009903    0x4  Code  Gb  ir_transmitter.o [1]
IR_Transmitter_Init     0x009463   0x22  Code  Gb  ir_transmitter.o [1]
IR_Transmitter_Task     0x00951a   0x1f  Code  Gb  ir_transmitter.o [1]
IR_Transmitter_Task{1}{2}::counter
                        0x000136    0x1  Data  Lc  ir_transmitter.o [1]
Led_Control_GetMode     0x009907    0x4  Code  Gb  led_controller.o [1]
Led_Control_Init        0x0095eb   0x1c  Code  Gb  led_controller.o [1]
Node_Control_DetectNodes
                        0x0091f5   0x34  Code  Gb  nodecontrol.o [1]
Node_Control_InitNodes  0x0093a8   0x26  Code  Gb  nodecontrol.o [1]
Node_Control_Task       0x008dd0   0x58  Code  Gb  nodecontrol.o [1]
Region$$Table$$Base     0x0094c8          --   Gb  - Linker created -
Region$$Table$$Limit    0x0094da          --   Gb  - Linker created -
SPI_IRQHandler          0x009936    0x1  Code  Gb  stm8s_it.o [1]
TIM1_CAP_COM_IRQHandler
                        0x009937    0x1  Code  Gb  stm8s_it.o [1]
TIM1_ClearFlag          0x009308   0x29  Code  Gb  stm8s_tim1.o [1]
TIM1_Cmd                0x00961d   0x16  Code  Gb  stm8s_tim1.o [1]
TIM1_GetITStatus        0x008ec3   0x4c  Code  Gb  stm8s_tim1.o [1]
TIM1_ITConfig           0x009229   0x31  Code  Gb  stm8s_tim1.o [1]
TIM1_TimeBaseInit       0x008e77   0x4c  Code  Gb  stm8s_tim1.o [1]
TIM1_UPD_OVF_TRG_BRK_IRQHandler
                        0x0094da   0x20  Code  Gb  stm8s_it.o [1]
TIM2_ARRPreloadConfig   0x009649   0x16  Code  Gb  stm8s_tim2.o [1]
TIM2_CAP_COM_IRQHandler
                        0x009939    0x1  Code  Gb  stm8s_it.o [1]
TIM2_Cmd                0x009633   0x16  Code  Gb  stm8s_tim2.o [1]
TIM2_OC1Init            0x008c94   0x6f  Code  Gb  stm8s_tim2.o [1]
TIM2_OC1PreloadConfig   0x00965f   0x16  Code  Gb  stm8s_tim2.o [1]
TIM2_OC3Init            0x008d03   0x6f  Code  Gb  stm8s_tim2.o [1]
TIM2_OC3PreloadConfig   0x009675   0x16  Code  Gb  stm8s_tim2.o [1]
TIM2_SetCompare1        0x009860    0x9  Code  Gb  stm8s_tim2.o [1]
TIM2_TimeBaseInit       0x0098b8    0x7  Code  Gb  stm8s_tim2.o [1]
TIM2_UPD_OVF_BRK_IRQHandler
                        0x009938    0x1  Code  Gb  stm8s_it.o [1]
TIM4_UPD_OVF_IRQHandler
                        0x00993c    0x1  Code  Gb  stm8s_it.o [1]
TLI_IRQHandler          0x00992e    0x1  Code  Gb  stm8s_it.o [1]
TRAP_IRQHandler         0x00992d    0x1  Code  Gb  stm8s_it.o [1]
Task_Init               0x00925a   0x2c  Code  Gb  main.o [1]
Task_Manager_AddTask    0x0096fc   0x10  Code  Gb  TaskManager.o [1]
Task_Manager_PerformTask
                        0x0094fa   0x20  Code  Gb  TaskManager.o [1]
Test_Task               0x0096b3   0x13  Code  Gb  main.o [1]
Test_Task::counter      0x00012e    0x2  Data  Lc  main.o [1]
Timer_Counter_GetCounter
                        0x0098de    0x6  Code  Gb  timer_counter.o [1]
Timer_Counter_IncreaseCounter
                        0x00972b    0xf  Code  Gb  timer_counter.o [1]
Timer_Counter_Init      0x009813    0xb  Code  Gb  timer_counter.o [1]
Timer_PWM_IR_Transmitter_Init
                        0x009485   0x22  Code  Gb  timer_pwm.o [1]
Timer_PWM_Init          0x00911e   0x37  Code  Gb  timer_pwm.o [1]
Timer_PWM_Update_Period
                        0x008fe9   0x45  Code  Gb  timer_pwm.o [1]
Transport_GetRxBufferSize
                        0x009917    0x4  Code  Gb  transport.o [1]
Transport_Init          0x0093ce   0x26  Code  Gb  transport.o [1]
Transport_RxPop         0x009419   0x25  Code  Gb  transport.o [1]
Transport_RxPush        0x009381   0x27  Code  Gb  transport.o [1]
Transport_TxPop         0x009286   0x2c  Code  Gb  transport.o [1]
Transport_Write         0x00918b   0x36  Code  Gb  transport.o [1]
UART1_DeInit            0x0092dd   0x2b  Code  Gb  stm8s_uart1.o [1]
UART1_ITConfig          0x008b00   0x95  Code  Gb  stm8s_uart1.o [1]
UART1_Init              0x0083ab  0x1b7  Code  Gb  stm8s_uart1.o [1]
UART1_RX_IRQHandler     0x009607   0x16  Code  Gb  stm8s_it.o [1]
UART1_ReceiveData8      0x00990f    0x4  Code  Gb  stm8s_uart1.o [1]
UART1_SendData8         0x009913    0x4  Code  Gb  stm8s_uart1.o [1]
UART1_TX_IRQHandler     0x0094a7   0x21  Code  Gb  stm8s_it.o [1]
__exit                  0x009929    0x2  Code  Gb  xxexit.o [3]
__iar_copy_init2        0x009359         Code  Gb  init_small.o [4]
__iar_data_init2        0x00969f   0x14  Code  Gb  init.o [4]
__iar_program_start     0x0096c6         Code  Gb  cstartup.o [4]
__iar_unhandled_exception
                        0x009924         Code  Gb  unhandled_exception.o [4]
__iar_zero_init2        0x009576         Code  Gb  init_small.o [4]
__intvec                0x008000         Data  Gb  interrupt.o [4]
__low_level_init        0x00991e    0x3  Code  Gb  low_level_init.o [4]
_exit                   0x0098fa         Code  Gb  cexit.o [4]
_interrupt_1            0x00992d         Code  Gb  stm8s_it.o [1]
_interrupt_12           0x009936         Code  Gb  stm8s_it.o [1]
_interrupt_13           0x0094da         Code  Gb  stm8s_it.o [1]
_interrupt_14           0x009937         Code  Gb  stm8s_it.o [1]
_interrupt_15           0x009938         Code  Gb  stm8s_it.o [1]
_interrupt_16           0x009939         Code  Gb  stm8s_it.o [1]
_interrupt_19           0x0094a7         Code  Gb  stm8s_it.o [1]
_interrupt_2            0x00992e         Code  Gb  stm8s_it.o [1]
_interrupt_20           0x009607         Code  Gb  stm8s_it.o [1]
_interrupt_21           0x00993a         Code  Gb  stm8s_it.o [1]
_interrupt_24           0x00993b         Code  Gb  stm8s_it.o [1]
_interrupt_25           0x00993c         Code  Gb  stm8s_it.o [1]
_interrupt_26           0x00993d         Code  Gb  stm8s_it.o [1]
_interrupt_3            0x00992f         Code  Gb  stm8s_it.o [1]
_interrupt_4            0x009930         Code  Gb  stm8s_it.o [1]
_interrupt_5            0x009931         Code  Gb  stm8s_it.o [1]
_interrupt_6            0x009932         Code  Gb  stm8s_it.o [1]
_interrupt_7            0x009933         Code  Gb  stm8s_it.o [1]
_interrupt_8            0x009934         Code  Gb  stm8s_it.o [1]
_interrupt_9            0x009935         Code  Gb  stm8s_it.o [1]
active_period           0x000126    0x4  Data  Gb  timer_pwm.o [1]
assert_failed           0x0093f4   0x25  Code  Gb  main.o [1]
assert_failed::counter  0x00011e    0x4  Data  Lc  main.o [1]
change_factor           0x00012a    0x4  Data  Gb  timer_pwm.o [1]
cmd_cnt                 0x000134    0x1  Data  Gb  commands.o [1]
cmd_push                0x009155   0x36  Code  Gb  commands.o [1]
cmd_rd_idx              0x000133    0x1  Data  Gb  commands.o [1]
cmd_wr_idx              0x000132    0x1  Data  Gb  commands.o [1]
commands                0x0000f6   0x14  Data  Gb  commands.o [1]
control_state           0x00013a    0x1  Data  Gb  nodecontrol.o [1]
detected_node_index     0x000138    0x1  Data  Gb  nodecontrol.o [1]
exit                    0x009921    0x3  Code  Gb  exit.o [4]
gpio_state              0x000011    0x1  Data  Gb  timer_pwm.o [1]
is_configured           0x00013c    0x1  Data  Gb  timer_pwm.o [1]
main                    0x008f5a   0x48  Code  Gb  main.o [1]
nodes                   0x000012   0x64  Data  Gb  nodecontrol.o [1]
process_command         0x008c1f   0x75  Code  Gb  nodecontrol.o [1]
process_node_input_state
                        0x0088db   0xc4  Code  Gb  nodecontrol.o [1]
query_node_state        0x008e28   0x4f  Code  Gb  nodecontrol.o [1]
running_mode            0x000135    0x1  Data  Gb  ir_transmitter.o [1]
running_mode            0x000137    0x1  Data  Lc  led_controller.o [1]
rx_buff                 0x0000b6   0x40  Data  Gb  transport.o [1]
rx_cnt                  0x000142    0x1  Data  Gb  transport.o [1]
rx_rd_idx               0x000141    0x1  Data  Gb  transport.o [1]
rx_wr_idx               0x000140    0x1  Data  Gb  transport.o [1]
state_node_query_index  0x000139    0x1  Data  Gb  nodecontrol.o [1]
task_Index              0x00013b    0x1  Data  Gb  TaskManager.o [1]
tasks                   0x00010a   0x14  Data  Gb  TaskManager.o [1]
time_prescaler          0x000010    0x1  Data  Gb  ir_transmitter.o [1]
timeout                 0x000130    0x2  Data  Gb  nodecontrol.o [1]
timer_counter           0x000122    0x4  Data  Lc  timer_counter.o [1]
tx_buff                 0x000076   0x40  Data  Gb  transport.o [1]
tx_cnt                  0x00013f    0x1  Data  Gb  transport.o [1]
tx_rd_idx               0x00013e    0x1  Data  Gb  transport.o [1]
tx_wr_idx               0x00013d    0x1  Data  Gb  transport.o [1]


[1] = E:\DATA\03-DuAn\02-LedController\LedController\02-Software\RS485Master\Release\Obj
[2] = command line
[3] = dbgstm8smn.a
[4] = dlstm8smn.a

  6 232 bytes of readonly  code memory
    230 bytes of readonly  data memory
    579 bytes of readwrite data memory

Errors: none
Warnings: none
