###############################################################################
#
# IAR ELF Linker V3.10.1.201 for STM8                     19/Jan/2019  13:36:49
# Copyright 2010-2017 IAR Systems AB.
#
#    Output file  =  
#        E:\DATA\03-DuAn\02-LedController\LedController\02-Software\RS485Master\Release\Exe\RS485.out
#    Map file     =  
#        E:\DATA\03-DuAn\02-LedController\LedController\02-Software\RS485Master\Release\List\RS485.map
#    Command line =  
#        -f C:\Users\PM-HUN~1\AppData\Local\Temp\EW4C6.tmp
#        (E:\DATA\03-DuAn\02-LedController\LedController\02-Software\RS485Master\Release\Obj\commands.o
#        E:\DATA\03-DuAn\02-LedController\LedController\02-Software\RS485Master\Release\Obj\gpio_util.o
#        E:\DATA\03-DuAn\02-LedController\LedController\02-Software\RS485Master\Release\Obj\ir_receiver.o
#        E:\DATA\03-DuAn\02-LedController\LedController\02-Software\RS485Master\Release\Obj\ir_transmitter.o
#        E:\DATA\03-DuAn\02-LedController\LedController\02-Software\RS485Master\Release\Obj\led_controller.o
#        E:\DATA\03-DuAn\02-LedController\LedController\02-Software\RS485Master\Release\Obj\main.o
#        E:\DATA\03-DuAn\02-LedController\LedController\02-Software\RS485Master\Release\Obj\nodecontrol.o
#        E:\DATA\03-DuAn\02-LedController\LedController\02-Software\RS485Master\Release\Obj\nodestatemanager.o
#        E:\DATA\03-DuAn\02-LedController\LedController\02-Software\RS485Master\Release\Obj\stm8s_adc1.o
#        E:\DATA\03-DuAn\02-LedController\LedController\02-Software\RS485Master\Release\Obj\stm8s_clk.o
#        E:\DATA\03-DuAn\02-LedController\LedController\02-Software\RS485Master\Release\Obj\stm8s_gpio.o
#        E:\DATA\03-DuAn\02-LedController\LedController\02-Software\RS485Master\Release\Obj\stm8s_it.o
#        E:\DATA\03-DuAn\02-LedController\LedController\02-Software\RS485Master\Release\Obj\stm8s_itc.o
#        E:\DATA\03-DuAn\02-LedController\LedController\02-Software\RS485Master\Release\Obj\stm8s_tim1.o
#        E:\DATA\03-DuAn\02-LedController\LedController\02-Software\RS485Master\Release\Obj\stm8s_tim2.o
#        E:\DATA\03-DuAn\02-LedController\LedController\02-Software\RS485Master\Release\Obj\stm8s_uart1.o
#        E:\DATA\03-DuAn\02-LedController\LedController\02-Software\RS485Master\Release\Obj\TaskManager.o
#        E:\DATA\03-DuAn\02-LedController\LedController\02-Software\RS485Master\Release\Obj\timer_counter.o
#        E:\DATA\03-DuAn\02-LedController\LedController\02-Software\RS485Master\Release\Obj\timer_pwm.o
#        E:\DATA\03-DuAn\02-LedController\LedController\02-Software\RS485Master\Release\Obj\transport.o
#        --redirect _Printf=_PrintfFullNoMb --redirect _Scanf=_ScanfFullNoMb -o
#        E:\DATA\03-DuAn\02-LedController\LedController\02-Software\RS485Master\Release\Exe\RS485.out
#        --strip --map
#        E:\DATA\03-DuAn\02-LedController\LedController\02-Software\RS485Master\Release\List\RS485.map
#        --config "C:\Program Files (x86)\IAR Systems\Embedded Workbench
#        8.0\stm8\config\lnkstm8s003f3.icf" --config_def _CSTACK_SIZE=0x100
#        --config_def _HEAP_SIZE=0x100 --entry __iar_program_start)
#
###############################################################################

*******************************************************************************
*** RUNTIME MODEL ATTRIBUTES
***

__SystemLibrary            = DLib
__code_model               = small
__core                     = stm8
__data_model               = medium
__dlib_file_descriptor     = 0
__dlib_full_locale_support = 0
__rt_version               = 4


*******************************************************************************
*** PLACEMENT SUMMARY
***

"A0":  place at start of [0x000000-0x0000ff] { rw section .vregs };
"A1":  place at end of [0x000000-0x0003ff] { block CSTACK };
"P2":  place in [from 0x000000 to 0x0003ff] {
          block HEAP, rw section __DLIB_PERTHREAD, rw section .far.bss,
          rw section .far.data, rw section .far.noinit,
          rw section .far_func.textrw, rw section .huge.bss,
          rw section .huge.data, rw section .huge.noinit,
          rw section .huge_func.textrw, rw section .iar.dynexit,
          rw section .near.bss, rw section .near.data, rw section .near.noinit,
          rw section .near_func.textrw };
"A2":  place at start of [0x008000-0x009fff] { block INTVEC };
"P3":  place in [from 0x008000 to 0x009fff] {
          ro section __DLIB_PERTHREAD_init, ro section .far.data_init,
          ro section .far_func.textrw_init, ro section .huge.data_init,
          ro section .huge_func.textrw_init, ro section .iar.init_table,
          ro section .init_array, ro section .near.data_init,
          ro section .near.rodata, ro section .near_func.text,
          ro section .near_func.textrw_init, ro section .tiny.data_init,
          ro section .tiny.rodata_init };
"P4":  place in [from 0x008000 to 0x009fff] {
          ro section .far.rodata, ro section .far_func.text };
"P5":  place in [from 0x008000 to 0x009fff] {
          ro section .huge.rodata, ro section .huge_func.text };
do not initialize {
   rw section .eeprom.noinit, rw section .far.noinit, rw section .huge.noinit,
   rw section .near.noinit, rw section .tiny.noinit, rw section .vregs };
initialize by copy {
   rw section .far.bss, rw section .far.data, rw section .far_func.textrw,
   rw section .huge.bss, rw section .huge.data, rw section .huge_func.textrw,
   rw section .iar.dynexit, rw section .near.bss, rw section .near.data,
   rw section .near_func.textrw, rw section .tiny.bss, rw section .tiny.data,
   ro section .tiny.rodata };

  Section            Kind      Address    Size  Object
  -------            ----      -------    ----  ------
"A0":                                     0x10
  .vregs             uninit   0x000000    0x10  vregs.o [4]
                            - 0x000010    0x10

"P2", part 1 of 3:                         0x5
  P2-1                        0x000010     0x5  <Init block>
    .near.data       inited   0x000010     0x1  ir_transmitter.o [1]
    .near.data       inited   0x000011     0x4  timer_pwm.o [1]
                            - 0x000015     0x5

"P2", part 2 of 3:                       0x12d
  .near.bss          zero     0x000015    0x64  nodecontrol.o [1]
  .near.bss          zero     0x000079    0x40  transport.o [1]
  .near.bss          zero     0x0000b9    0x28  TaskManager.o [1]
  .near.bss          zero     0x0000e1    0x14  commands.o [1]
  .near.bss          zero     0x0000f5     0x5  ir_receiver.o [1]
  .near.bss          zero     0x0000fa     0x4  ir_receiver.o [1]
  .near.bss          zero     0x0000fe     0x4  ir_receiver.o [1]
  .near.bss          zero     0x000102     0x4  ir_receiver.o [1]
  .near.bss          zero     0x000106     0x4  ir_receiver.o [1]
  .near.bss          zero     0x00010a     0x4  ir_receiver.o [1]
  .near.bss          zero     0x00010e     0x4  ir_receiver.o [1]
  .near.bss          zero     0x000112     0x4  main.o [1]
  .near.bss          zero     0x000116     0x4  timer_counter.o [1]
  .near.bss          zero     0x00011a     0x4  timer_pwm.o [1]
  .near.bss          zero     0x00011e     0x2  ir_receiver.o [1]
  .near.bss          zero     0x000120     0x2  ir_receiver.o [1]
  .near.bss          zero     0x000122     0x2  ir_receiver.o [1]
  .near.bss          zero     0x000124     0x2  ir_receiver.o [1]
  .near.bss          zero     0x000126     0x2  ir_receiver.o [1]
  .near.bss          zero     0x000128     0x2  nodecontrol.o [1]
  .near.bss          zero     0x00012a     0x2  nodestatemanager.o [1]
  .near.bss          zero     0x00012c     0x2  transport.o [1]
  .near.bss          zero     0x00012e     0x2  transport.o [1]
  .near.bss          zero     0x000130     0x2  transport.o [1]
  .near.bss          zero     0x000132     0x1  commands.o [1]
  .near.bss          zero     0x000133     0x1  commands.o [1]
  .near.bss          zero     0x000134     0x1  commands.o [1]
  .near.bss          zero     0x000135     0x1  ir_receiver.o [1]
  .near.bss          zero     0x000136     0x1  ir_transmitter.o [1]
  .near.bss          zero     0x000137     0x1  ir_transmitter.o [1]
  .near.bss          zero     0x000138     0x1  led_controller.o [1]
  .near.bss          zero     0x000139     0x1  nodecontrol.o [1]
  .near.bss          zero     0x00013a     0x1  nodecontrol.o [1]
  .near.bss          zero     0x00013b     0x1  nodecontrol.o [1]
  .near.bss          zero     0x00013c     0x1  TaskManager.o [1]
  .near.bss          zero     0x00013d     0x1  timer_pwm.o [1]
  .near.bss          zero     0x00013e     0x1  timer_pwm.o [1]
  .near.bss          zero     0x00013f     0x1  transport.o [1]
  .near.bss          zero     0x000140     0x1  transport.o [1]
  .near.bss          zero     0x000141     0x1  transport.o [1]
                            - 0x000142   0x12d

"P2", part 3 of 3:                       0x100
  .near.bss          zero     0x000142   0x100  transport.o [1]
                            - 0x000242   0x100

"A1":                                    0x100
  CSTACK                      0x000300   0x100  <Block>
    CSTACK           uninit   0x000300   0x100  <Block tail>
                            - 0x000400   0x100

"A2":                                     0x80
  INTVEC                      0x008000    0x80  <Block>
    .intvec          const    0x008000    0x80  interrupt.o [4]
                            - 0x008080    0x80

"P3-P5":                                0x1da1
  .near_func.text    ro code  0x008080   0x351  float.o [4]
  .near_func.text    ro code  0x0083d1   0x1c5  ir_receiver.o [1]
  .near_func.text    ro code  0x008596   0x1b7  stm8s_uart1.o [1]
  .near_func.text    ro code  0x00874d   0x176  long.o [4]
  .near_func.text    ro code  0x0088c3   0x126  nodecontrol.o [1]
  .near_func.text    ro code  0x0089e9   0x124  stm8s_adc1.o [1]
  .near_func.text    ro code  0x008b0d   0x115  stm8s_itc.o [1]
  .near_func.text    ro code  0x008c22   0x10c  vreg_util.o [4]
  .near_func.text    ro code  0x008d2e    0xb1  stm8s_gpio.o [1]
  .near_func.text    ro code  0x008ddf    0xb0  stm8s_adc1.o [1]
  .near_func.text    ro code  0x008e8f    0x95  stm8s_uart1.o [1]
  .near_func.text    ro code  0x008f24    0x8a  stm8s_adc1.o [1]
  .near_func.text    ro code  0x008fae    0x86  stm8s_uart1.o [1]
  .near_func.text    ro code  0x009034    0x6f  stm8s_tim2.o [1]
  .near_func.text    ro code  0x0090a3    0x6f  stm8s_tim2.o [1]
  .near_func.text    ro code  0x009112    0x5e  stm8s_clk.o [1]
  .near_func.text    ro code  0x009170    0x5c  main.o [1]
  .near_func.text    ro code  0x0091cc    0x58  nodecontrol.o [1]
  .near_func.text    ro code  0x009224    0x4c  stm8s_tim1.o [1]
  .near_func.text    ro code  0x009270    0x4c  stm8s_tim1.o [1]
  .near_func.text    ro code  0x0092bc    0x4b  commands.o [1]
  .near_func.text    ro code  0x009307    0x47  transport.o [1]
  .near_func.text    ro code  0x00934e    0x47  long_util.o [4]
  .near_func.text    ro code  0x009395    0x41  nodecontrol.o [1]
  .near_func.text    ro code  0x0093d6    0x3f  stm8s_adc1.o [1]
  .near_func.text    ro code  0x009415    0x3d  stm8s_adc1.o [1]
  .near_func.text    ro code  0x009452    0x3d  timer_pwm.o [1]
  .near_func.text    ro code  0x00948f    0x3b  stm8s_clk.o [1]
  .near_func.text    ro code  0x0094ca    0x39  nodecontrol.o [1]
  .near_func.text    ro code  0x009503    0x39  stm8s_adc1.o [1]
  .near_func.text    ro code  0x00953c    0x37  main.o [1]
  .near_func.text    ro code  0x009573    0x37  timer_pwm.o [1]
  .near_func.text    ro code  0x0095aa    0x36  commands.o [1]
  .near_func.text    ro code  0x0095e0    0x34  commands.o [1]
  .near_func.text    ro code  0x009614    0x34  nodecontrol.o [1]
  .near_func.text    ro code  0x009648    0x32  stm8s_it.o [1]
  .near_func.text    ro code  0x00967a    0x31  stm8s_tim1.o [1]
  .near_func.text    ro code  0x0096ab    0x31  transport.o [1]
  .near_func.text    ro code  0x0096dc    0x30  transport.o [1]
  .near_func.text    ro code  0x00970c    0x2d  ir_transmitter.o [1]
  .near_func.text    ro code  0x009739    0x2b  gpio_util.o [1]
  .near_func.text    ro code  0x009764    0x2b  stm8s_uart1.o [1]
  .near_func.text    ro code  0x00978f    0x2a  main.o [1]
  .near_func.text    ro code  0x0097b9    0x29  stm8s_tim1.o [1]
  .near_func.text    ro code  0x0097e2    0x28  stm8s_clk.o [1]
  .near_func.text    ro code  0x00980a    0x28  init_small.o [4]
  .near_func.text    ro code  0x009832    0x27  led_controller.o [1]
  .near_func.text    ro code  0x009859    0x27  transport.o [1]
  .near_func.text    ro code  0x009880    0x26  ir_transmitter.o [1]
  .near_func.text    ro code  0x0098a6    0x26  nodecontrol.o [1]
  .near_func.text    ro code  0x0098cc    0x25  main.o [1]
  .near_func.text    ro code  0x0098f1    0x25  transport.o [1]
  .near_func.text    ro code  0x009916    0x25  dc_util.o [4]
  .near_func.text    ro code  0x00993b    0x22  timer_pwm.o [1]
  .near_func.text    ro code  0x00995d    0x21  stm8s_itc.o [1]
  .iar.init_table    const    0x00997e    0x16  - Linker created -
  .near_func.text    ro code  0x009994    0x20  led_controller.o [1]
  .near_func.text    ro code  0x0099b4    0x20  stm8s_it.o [1]
  .near_func.text    ro code  0x0099d4    0x20  TaskManager.o [1]
  .near_func.text    ro code  0x0099f4    0x1f  stm8s_it.o [1]
  .near_func.text    ro code  0x009a13    0x1f  move.o [4]
  .near_func.text    ro code  0x009a32    0x1e  commands.o [1]
  .near_func.text    ro code  0x009a50    0x1e  init_small.o [4]
  .near_func.text    ro code  0x009a6e    0x1d  timer_counter.o [1]
  .near_func.text    ro code  0x009a8b    0x16  stm8s_tim1.o [1]
  .near_func.text    ro code  0x009aa1    0x16  stm8s_tim2.o [1]
  .near_func.text    ro code  0x009ab7    0x16  stm8s_tim2.o [1]
  .near_func.text    ro code  0x009acd    0x16  stm8s_tim2.o [1]
  .near_func.text    ro code  0x009ae3    0x16  stm8s_tim2.o [1]
  .near_func.text    ro code  0x009af9    0x14  short.o [4]
  .near_func.text    ro code  0x009b0d    0x14  init.o [4]
  .near_func.text    ro code  0x009b21    0x13  cstartup.o [4]
  .near_func.text    ro code  0x009b34    0x12  nodestatemanager.o [1]
  .near_func.text    ro code  0x009b46    0x12  timer_pwm.o [1]
  .near_func.text    ro code  0x009b58    0x12  transport.o [1]
  .near_func.text    ro code  0x009b6a    0x11  main.o [1]
  .near_func.text    ro code  0x009b7b    0x10  TaskManager.o [1]
  .near_func.text    ro code  0x009b8b    0x10  transport.o [1]
  .near_func.text    ro code  0x009b9b     0xf  stm8s_itc.o [1]
  .near_func.text    ro code  0x009baa     0xf  stm8s_tim2.o [1]
  .near_func.text    ro code  0x009bb9     0xf  timer_counter.o [1]
  .near.rodata       const    0x009bc8     0xe  stm8s_uart1.o [1]
  .near_func.text    ro code  0x009bd6     0xe  transport.o [1]
  .near.rodata       const    0x009be4     0xd  stm8s_adc1.o [1]
  .near.rodata       const    0x009bf1     0xd  stm8s_gpio.o [1]
  .near.rodata       const    0x009bfe     0xd  stm8s_tim1.o [1]
  .near.rodata       const    0x009c0b     0xd  stm8s_tim2.o [1]
  .near_func.text    ro code  0x009c18     0xd  stm8s_tim2.o [1]
  .near.rodata       const    0x009c25     0xc  stm8s_clk.o [1]
  .near.rodata       const    0x009c31     0xc  stm8s_itc.o [1]
  .near_func.text    ro code  0x009c3d     0xc  timer_pwm.o [1]
  .near_func.text    ro code  0x009c49     0xb  stm8s_adc1.o [1]
  .near_func.text    ro code  0x009c54     0xb  stm8s_clk.o [1]
  .near_func.text    ro code  0x009c5f     0xb  stm8s_gpio.o [1]
  .near_func.text    ro code  0x009c6a     0xb  stm8s_itc.o [1]
  .near_func.text    ro code  0x009c75     0xb  stm8s_tim1.o [1]
  .near_func.text    ro code  0x009c80     0xb  stm8s_tim2.o [1]
  .near_func.text    ro code  0x009c8b     0xb  stm8s_tim2.o [1]
  .near_func.text    ro code  0x009c96     0xb  stm8s_tim2.o [1]
  .near_func.text    ro code  0x009ca1     0xb  stm8s_uart1.o [1]
  .near_func.text    ro code  0x009cac     0xb  timer_counter.o [1]
  .near_func.text    ro code  0x009cb7     0xa  timer_pwm.o [1]
  .near_func.text    ro code  0x009cc1     0xa  char.o [4]
  .near_func.text    ro code  0x009ccb     0x9  nodestatemanager.o [1]
  .near_func.text    ro code  0x009cd4     0x9  stm8s_adc1.o [1]
  .near_func.text    ro code  0x009cdd     0x9  stm8s_adc1.o [1]
  .near_func.text    ro code  0x009ce6     0x9  stm8s_clk.o [1]
  .near_func.text    ro code  0x009cef     0x9  stm8s_tim2.o [1]
  .near_func.text    ro code  0x009cf8     0x9  stm8s_tim2.o [1]
  .near_func.text    ro code  0x009d01     0x9  stm8s_uart1.o [1]
  .near_func.text    ro code  0x009d0a     0x8  main.o [1]
  .near_func.text    ro code  0x009d12     0x8  stm8s_adc1.o [1]
  .near_func.text    ro code  0x009d1a     0x8  stm8s_tim1.o [1]
  .near_func.text    ro code  0x009d22     0x8  stm8s_uart1.o [1]
  .near_func.text    ro code  0x009d2a     0x8  stm8s_uart1.o [1]
  .near_func.text    ro code  0x009d32     0x8  transport.o [1]
  .near_func.text    ro code  0x009d3a     0x8  transport.o [1]
  .near_func.text    ro code  0x009d42     0x7  stm8s_gpio.o [1]
  .near_func.text    ro code  0x009d49     0x7  stm8s_it.o [1]
  .near_func.text    ro code  0x009d50     0x7  stm8s_tim2.o [1]
  .near_func.text    ro code  0x009d57     0x7  transport.o [1]
  .near_func.text    ro code  0x009d5e     0x6  led_controller.o [1]
  .near_func.text    ro code  0x009d64     0x6  main.o [1]
  .near_func.text    ro code  0x009d6a     0x6  main.o [1]
  .near_func.text    ro code  0x009d70     0x6  nodecontrol.o [1]
  .near_func.text    ro code  0x009d76     0x6  stm8s_tim1.o [1]
  .near_func.text    ro code  0x009d7c     0x6  stm8s_uart1.o [1]
  .near_func.text    ro code  0x009d82     0x6  timer_counter.o [1]
  .near_func.text    ro code  0x009d88     0x6  timer_pwm.o [1]
  .near_func.text    ro code  0x009d8e     0x6  transport.o [1]
  .near_func.text    ro code  0x009d94     0x6  transport.o [1]
  .near_func.text    ro code  0x009d9a     0x6  transport.o [1]
  .near_func.text    ro code  0x009da0     0x6  transport.o [1]
  .near_func.text    ro code  0x009da6     0x5  stm8s_adc1.o [1]
  .near_func.text    ro code  0x009dab     0x5  stm8s_tim1.o [1]
  .near_func.text    ro code  0x009db0     0x5  cexit.o [4]
  Initializer bytes  const    0x009db5     0x5  <for P2-1>
  .near.rodata       const    0x009dba     0x4  stm8s_clk.o [1]
  .near_func.text    ro code  0x009dbe     0x4  ir_receiver.o [1]
  .near_func.text    ro code  0x009dc2     0x4  ir_transmitter.o [1]
  .near_func.text    ro code  0x009dc6     0x4  led_controller.o [1]
  .near_func.text    ro code  0x009dca     0x4  main.o [1]
  .near_func.text    ro code  0x009dce     0x4  nodestatemanager.o [1]
  .near_func.text    ro code  0x009dd2     0x4  nodestatemanager.o [1]
  .near_func.text    ro code  0x009dd6     0x4  nodestatemanager.o [1]
  .near_func.text    ro code  0x009dda     0x4  stm8s_gpio.o [1]
  .near_func.text    ro code  0x009dde     0x4  stm8s_uart1.o [1]
  .near_func.text    ro code  0x009de2     0x4  stm8s_uart1.o [1]
  .near_func.text    ro code  0x009de6     0x4  timer_pwm.o [1]
  .near_func.text    ro code  0x009dea     0x4  transport.o [1]
  .near_func.text    ro code  0x009dee     0x3  gpio_util.o [1]
  .near_func.text    ro code  0x009df1     0x3  gpio_util.o [1]
  .near_func.text    ro code  0x009df4     0x3  gpio_util.o [1]
  .near_func.text    ro code  0x009df7     0x3  gpio_util.o [1]
  .near_func.text    ro code  0x009dfa     0x3  gpio_util.o [1]
  .near_func.text    ro code  0x009dfd     0x3  stm8s_itc.o [1]
  .near_func.text    ro code  0x009e00     0x3  interrupt.o [4]
  .near_func.text    ro code  0x009e03     0x3  low_level_init.o [4]
  .near_func.text    ro code  0x009e06     0x3  exit.o [4]
  .near_func.text    ro code  0x009e09     0x3  unhandled_exception.o [4]
  .near_func.text    ro code  0x009e0c     0x2  stm8s_gpio.o [1]
  .near_func.text    ro code  0x009e0e     0x2  xxexit.o [3]
  .near_func.text    ro code  0x009e10     0x1  stm8s_it.o [1]
  .near_func.text    ro code  0x009e11     0x1  stm8s_it.o [1]
  .near_func.text    ro code  0x009e12     0x1  stm8s_it.o [1]
  .near_func.text    ro code  0x009e13     0x1  stm8s_it.o [1]
  .near_func.text    ro code  0x009e14     0x1  stm8s_it.o [1]
  .near_func.text    ro code  0x009e15     0x1  stm8s_it.o [1]
  .near_func.text    ro code  0x009e16     0x1  stm8s_it.o [1]
  .near_func.text    ro code  0x009e17     0x1  stm8s_it.o [1]
  .near_func.text    ro code  0x009e18     0x1  stm8s_it.o [1]
  .near_func.text    ro code  0x009e19     0x1  stm8s_it.o [1]
  .near_func.text    ro code  0x009e1a     0x1  stm8s_it.o [1]
  .near_func.text    ro code  0x009e1b     0x1  stm8s_it.o [1]
  .near_func.text    ro code  0x009e1c     0x1  stm8s_it.o [1]
  .near_func.text    ro code  0x009e1d     0x1  stm8s_it.o [1]
  .near_func.text    ro code  0x009e1e     0x1  stm8s_it.o [1]
  .near_func.text    ro code  0x009e1f     0x1  stm8s_it.o [1]
  .near_func.text    ro code  0x009e20     0x1  stm8s_it.o [1]
                            - 0x009e21  0x1da1


*******************************************************************************
*** INIT TABLE
***

          Address   Size
          -------   ----
Zero (__iar_zero_init2)
    2 destination ranges, total size 0x22d:
          0x000015  0x12d
          0x000142  0x100

Copy (__iar_copy_init2)
    1 source range, total size 0x5:
          0x009db5    0x5
    1 destination range, total size 0x5:
          0x000010    0x5



*******************************************************************************
*** MODULE SUMMARY
***

    Module                 ro code  ro data  rw data
    ------                 -------  -------  -------
E:\DATA\03-DuAn\02-LedController\LedController\02-Software\RS485Master\Release\Obj: [1]
    TaskManager.o               48                41
    commands.o                 211                23
    gpio_util.o                 58
    ir_receiver.o              457                40
    ir_transmitter.o            87        1        3
    led_controller.o            81                 1
    main.o                     267                 4
    nodecontrol.o              600               105
    nodestatemanager.o          39                 2
    stm8s_adc1.o               829       13
    stm8s_clk.o                213       16
    stm8s_gpio.o               201       13
    stm8s_it.o                 137
    stm8s_itc.o                339       12
    stm8s_tim1.o               294       13
    stm8s_tim2.o               396       13
    stm8s_uart1.o              815       14
    timer_counter.o             61                 4
    timer_pwm.o                200        4       10
    transport.o                343               329
    ------------------------------------------------
    Total:                   5 676       99      562

command line: [2]
    ------------------------------------------------
    Total:

dbgstm8smn.a: [3]
    xxexit.o                     2
    ------------------------------------------------
    Total:                       2

dlstm8smn.a: [4]
    cexit.o                      5
    char.o                      10
    cstartup.o                  19
    dc_util.o                   37
    exit.o                       3
    float.o                    849
    init.o                      20
    init_small.o                70
    interrupt.o                  3      128
    long.o                     374
    long_util.o                 71
    low_level_init.o             3
    move.o                      31
    short.o                     20
    unhandled_exception.o        3
    vreg_util.o                268
    vregs.o                                       16
    ------------------------------------------------
    Total:                   1 786      128       16

    Linker created                       22      256
----------------------------------------------------
    Grand Total:             7 464      249      834


*******************************************************************************
*** ENTRY LIST
***

Entry                    Address   Size  Type      Object
-----                    -------   ----  ----      ------
.iar.init_table$$Base   0x00997e          --   Gb  - Linker created -
.iar.init_table$$Limit  0x009994          --   Gb  - Linker created -
?add32_l0_l0_0x         0x008765         Code  Gb  long.o [4]
?add32_l0_l0_dl         0x008760         Code  Gb  long.o [4]
?b0                     0x000000         Data  Gb  vregs.o [4]
?b1                     0x000001         Data  Gb  vregs.o [4]
?b10                    0x00000a         Data  Gb  vregs.o [4]
?b11                    0x00000b         Data  Gb  vregs.o [4]
?b12                    0x00000c         Data  Gb  vregs.o [4]
?b13                    0x00000d         Data  Gb  vregs.o [4]
?b14                    0x00000e         Data  Gb  vregs.o [4]
?b15                    0x00000f         Data  Gb  vregs.o [4]
?b2                     0x000002         Data  Gb  vregs.o [4]
?b3                     0x000003         Data  Gb  vregs.o [4]
?b4                     0x000004         Data  Gb  vregs.o [4]
?b5                     0x000005         Data  Gb  vregs.o [4]
?b6                     0x000006         Data  Gb  vregs.o [4]
?b7                     0x000007         Data  Gb  vregs.o [4]
?b8                     0x000008         Data  Gb  vregs.o [4]
?b9                     0x000009         Data  Gb  vregs.o [4]
?dc32_l0                0x009916         Code  Gb  dc_util.o [4]
?dc32_l1                0x009923         Code  Gb  dc_util.o [4]
?dc32_px                0x009930         Code  Gb  dc_util.o [4]
?e0                     0x000001         Data  Gb  vregs.o [4]
?e1                     0x000005         Data  Gb  vregs.o [4]
?e2                     0x000009         Data  Gb  vregs.o [4]
?e3                     0x00000d         Data  Gb  vregs.o [4]
?epilogue_l2            0x008cbd         Code  Gb  vreg_util.o [4]
?epilogue_l2_l3         0x008cba         Code  Gb  vreg_util.o [4]
?epilogue_l2_w6         0x008cc1         Code  Gb  vreg_util.o [4]
?epilogue_w4            0x008cc8         Code  Gb  vreg_util.o [4]
?fadd32_l0_l0_0x        0x0080ab         Code  Gb  float.o [4]
?fadd32_l0_l0_l1        0x0080ae         Code  Gb  float.o [4]
?fcastf32u16_l0_x       0x008285         Code  Gb  float.o [4]
?fcasts16f32_x_l0       0x0082a3         Code  Gb  float.o [4]
?fcmpeq32_c_0x_fzero    0x008219         Code  Gb  float.o [4]
?fcmpge32_c_l0_0x       0x008226         Code  Gb  float.o [4]
?fcmpge32_c_l0_dc32     0x008221         Code  Gb  float.o [4]
?fcmplt32_c_l0_0x       0x00822f         Code  Gb  float.o [4]
?fcmplt32_c_l0_dc32     0x00822a         Code  Gb  float.o [4]
?fmul32_l0_l0_0x        0x008181         Code  Gb  float.o [4]
?fmul32_l0_l0_dc32      0x00817c         Code  Gb  float.o [4]
?fmul32_l0_l0_l1        0x008184         Code  Gb  float.o [4]
?fsub32_l0_dc32_l1      0x00809d         Code  Gb  float.o [4]
?fsub32_l0_l0_0x        0x0080a2         Code  Gb  float.o [4]
?fsub32_l0_l0_l1        0x0080a5         Code  Gb  float.o [4]
?inc32_0x_0x            0x008752         Code  Gb  long.o [4]
?inc32_l0_l0            0x00874d         Code  Gb  long.o [4]
?l0                     0x000000         Data  Gb  vregs.o [4]
?l1                     0x000004         Data  Gb  vregs.o [4]
?l2                     0x000008         Data  Gb  vregs.o [4]
?l3                     0x00000c         Data  Gb  vregs.o [4]
?load32_0x_l0           0x009387         Code  Gb  long_util.o [4]
?load32_asp_l0          0x00937b         Code  Gb  long_util.o [4]
?load32_dbsp_l0         0x009376         Code  Gb  long_util.o [4]
?load32_l0_0x           0x00935e         Code  Gb  long_util.o [4]
?load32_l0_asp          0x009353         Code  Gb  long_util.o [4]
?load32_l0_dbsp         0x00934e         Code  Gb  long_util.o [4]
?load32_l0_xsp          0x009355         Code  Gb  long_util.o [4]
?load32_l1_0x           0x00936a         Code  Gb  long_util.o [4]
?load32_xsp_l0          0x00937d         Code  Gb  long_util.o [4]
?longfarg16_v_w0_a      0x009a20         Code  Gb  move.o [4]
?longfarg16_v_w0_x      0x009a22         Code  Gb  move.o [4]
?mov_e0_e1              0x008cd6         Code  Gb  vreg_util.o [4]
?mov_e0_e2              0x008ce3         Code  Gb  vreg_util.o [4]
?mov_e0_e3              0x008cf0         Code  Gb  vreg_util.o [4]
?mov_e1_e2              0x008cfd         Code  Gb  vreg_util.o [4]
?mov_e1_e3              0x008d0a         Code  Gb  vreg_util.o [4]
?mov_e2_e0              0x008d17         Code  Gb  vreg_util.o [4]
?mov_e3_e0              0x008d24         Code  Gb  vreg_util.o [4]
?mov_l0_l1              0x008cd3         Code  Gb  vreg_util.o [4]
?mov_l0_l2              0x008ce0         Code  Gb  vreg_util.o [4]
?mov_l0_l3              0x008ced         Code  Gb  vreg_util.o [4]
?mov_l1_l2              0x008cfa         Code  Gb  vreg_util.o [4]
?mov_l1_l3              0x008d07         Code  Gb  vreg_util.o [4]
?mov_l2_l0              0x008d14         Code  Gb  vreg_util.o [4]
?mov_l3_l0              0x008d21         Code  Gb  vreg_util.o [4]
?mov_w1_w3              0x008cd9         Code  Gb  vreg_util.o [4]
?mov_w1_w5              0x008ce6         Code  Gb  vreg_util.o [4]
?mov_w1_w7              0x008cf3         Code  Gb  vreg_util.o [4]
?mov_w3_w0              0x008ccc         Code  Gb  vreg_util.o [4]
?mov_w3_w5              0x008d00         Code  Gb  vreg_util.o [4]
?mov_w3_w7              0x008d0d         Code  Gb  vreg_util.o [4]
?mov_w5_w1              0x008d1a         Code  Gb  vreg_util.o [4]
?mov_w7_w1              0x008d27         Code  Gb  vreg_util.o [4]
?move1616_v_x_y_a       0x009a13         Code  Gb  move.o [4]
?mul32_l0_l0_0x         0x00879b         Code  Gb  long.o [4]
?mul32_l0_l0_dl         0x008798         Code  Gb  long.o [4]
?mul32_l0_l0_l1         0x0087a4         Code  Gb  long.o [4]
?pop_l0                 0x008c86         Code  Gb  vreg_util.o [4]
?pop_l1                 0x008c91         Code  Gb  vreg_util.o [4]
?pop_l2                 0x008c9c         Code  Gb  vreg_util.o [4]
?pop_l3                 0x008ca7         Code  Gb  vreg_util.o [4]
?pop_w4                 0x008c3f         Code  Gb  vreg_util.o [4]
?pop_w6                 0x008c46         Code  Gb  vreg_util.o [4]
?push_l0                0x008c55         Code  Gb  vreg_util.o [4]
?push_l1                0x008c5a         Code  Gb  vreg_util.o [4]
?push_l2                0x008c5f         Code  Gb  vreg_util.o [4]
?push_l3                0x008c64         Code  Gb  vreg_util.o [4]
?push_w4                0x008c22         Code  Gb  vreg_util.o [4]
?push_w6                0x008c27         Code  Gb  vreg_util.o [4]
?sll16_x_x_4            0x009b03         Code  Gb  short.o [4]
?sll16_x_x_5            0x009b02         Code  Gb  short.o [4]
?sll16_x_x_6            0x009b01         Code  Gb  short.o [4]
?sll16_x_x_a            0x009af9         Code  Gb  short.o [4]
?sll32_0x_0x_a          0x0088b5         Code  Gb  long.o [4]
?sll32_l0_l0_a          0x0088b2         Code  Gb  long.o [4]
?sll8_a_a_b0            0x009cc1         Code  Gb  char.o [4]
?srl16_x_x_4            0x009b08         Code  Gb  short.o [4]
?sub32_l0_l0_0x         0x008780         Code  Gb  long.o [4]
?sub32_l0_l0_l1         0x00877d         Code  Gb  long.o [4]
?ucmp32_c_l0_0x         0x008897         Code  Gb  long.o [4]
?ucmp32_c_l0_l1         0x0088a7         Code  Gb  long.o [4]
?udiv32_l0_dl_l1        0x008822         Code  Gb  long.o [4]
?udiv32_l0_l0_dl        0x008827         Code  Gb  long.o [4]
?udiv32_l0_l0_l1        0x00882a         Code  Gb  long.o [4]
?umod32_l1_l0_l1        0x00882a         Code  Gb  long.o [4]
?w0                     0x000000         Data  Gb  vregs.o [4]
?w1                     0x000002         Data  Gb  vregs.o [4]
?w2                     0x000004         Data  Gb  vregs.o [4]
?w3                     0x000006         Data  Gb  vregs.o [4]
?w4                     0x000008         Data  Gb  vregs.o [4]
?w5                     0x00000a         Data  Gb  vregs.o [4]
?w6                     0x00000c         Data  Gb  vregs.o [4]
?w7                     0x00000e         Data  Gb  vregs.o [4]
ADC1_ConversionConfig   0x008f24   0x8a  Code  Gb  stm8s_adc1.o [1]
ADC1_ExternalTriggerConfig
                        0x0093d6   0x3f  Code  Gb  stm8s_adc1.o [1]
ADC1_GetConversionValue
                        0x009503   0x39  Code  Gb  stm8s_adc1.o [1]
ADC1_IRQHandler         0x009e1e    0x1  Code  Gb  stm8s_it.o [1]
ADC1_Init               0x0089e9  0x124  Code  Gb  stm8s_adc1.o [1]
ADC1_PrescalerConfig    0x009415   0x3d  Code  Gb  stm8s_adc1.o [1]
ADC1_SchmittTriggerConfig
                        0x008ddf   0xb0  Code  Gb  stm8s_adc1.o [1]
ADC1_StartConversion    0x009da6    0x5  Code  Gb  stm8s_adc1.o [1]
AWU_IRQHandler          0x009e12    0x1  Code  Gb  stm8s_it.o [1]
CLK_GetClockFreq        0x00948f   0x3b  Code  Gb  stm8s_clk.o [1]
CLK_HSIPrescalerConfig  0x0097e2   0x28  Code  Gb  stm8s_clk.o [1]
CLK_IRQHandler          0x009e13    0x1  Code  Gb  stm8s_it.o [1]
CLK_SYSCLKConfig        0x009112   0x5e  Code  Gb  stm8s_clk.o [1]
CSTACK$$Base            0x000300          --   Gb  - Linker created -
CSTACK$$Limit           0x000400          --   Gb  - Linker created -
Command_PopCommand      0x0095e0   0x34  Code  Gb  commands.o [1]
Command_SendCommand     0x009a32   0x1e  Code  Gb  commands.o [1]
Command_Task            0x0092bc   0x4b  Code  Gb  commands.o [1]
EEPROM_EEC_IRQHandler   0x009e20    0x1  Code  Gb  stm8s_it.o [1]
EXTI_PORTA_IRQHandler   0x009e14    0x1  Code  Gb  stm8s_it.o [1]
EXTI_PORTB_IRQHandler   0x009e15    0x1  Code  Gb  stm8s_it.o [1]
EXTI_PORTC_IRQHandler   0x009e16    0x1  Code  Gb  stm8s_it.o [1]
EXTI_PORTD_IRQHandler   0x009e17    0x1  Code  Gb  stm8s_it.o [1]
EXTI_PORTE_IRQHandler   0x009e18    0x1  Code  Gb  stm8s_it.o [1]
GPIO_Init               0x008d2e   0xb1  Code  Gb  stm8s_gpio.o [1]
GPIO_ReadOutputData     0x009e0c    0x2  Code  Gb  stm8s_gpio.o [1]
GPIO_Util_Init          0x009dee    0x3  Code  Gb  gpio_util.o [1]
GPIO_Util_Toggle        0x009739   0x2b  Code  Gb  gpio_util.o [1]
GPIO_Util_TurnOffLed    0x009dfa    0x3  Code  Gb  gpio_util.o [1]
GPIO_Util_TurnOnLed     0x009df7    0x3  Code  Gb  gpio_util.o [1]
GPIO_Util_WriteHigh     0x009df1    0x3  Code  Gb  gpio_util.o [1]
GPIO_Util_WriteLow      0x009df4    0x3  Code  Gb  gpio_util.o [1]
GPIO_WriteHigh          0x009d42    0x7  Code  Gb  stm8s_gpio.o [1]
GPIO_WriteLow           0x009dda    0x4  Code  Gb  stm8s_gpio.o [1]
HSIDivFactor            0x009dba    0x4  Data  Gb  stm8s_clk.o [1]
I2C_IRQHandler          0x009e1d    0x1  Code  Gb  stm8s_it.o [1]
INTVEC$$Base            0x008000          --   Gb  - Linker created -
INTVEC$$Limit           0x008080          --   Gb  - Linker created -
IR_Receiver_GetState    0x009dbe    0x4  Code  Gb  ir_receiver.o [1]
IR_Receiver_Init        0x008536   0x4e  Code  Gb  ir_receiver.o [1]
IR_Receiver_Task        0x008584   0x12  Code  Gb  ir_receiver.o [1]
IR_Transmitter_GetMode  0x009dc2    0x4  Code  Gb  ir_transmitter.o [1]
IR_Transmitter_Init     0x009880   0x26  Code  Gb  ir_transmitter.o [1]
IR_Transmitter_Task     0x00970c   0x2d  Code  Gb  ir_transmitter.o [1]
IR_Transmitter_Task{1}{2}{3}{5}::counter
                        0x000137    0x1  Data  Lc  ir_transmitter.o [1]
ITC_DeInit              0x00995d   0x21  Code  Gb  stm8s_itc.o [1]
ITC_GetCPUCC            0x009dfd    0x3  Code  Gb  stm8s_itc.o [1]
ITC_SetSoftwarePriority
                        0x008b0d  0x115  Code  Gb  stm8s_itc.o [1]
Led_Control_GetMode     0x009dc6    0x4  Code  Gb  led_controller.o [1]
Led_Control_Init        0x009994   0x20  Code  Gb  led_controller.o [1]
Led_Control_Task        0x009832   0x27  Code  Gb  led_controller.o [1]
Node_Control_DetectNodes
                        0x009614   0x34  Code  Gb  nodecontrol.o [1]
Node_Control_InitNodes  0x0098a6   0x26  Code  Gb  nodecontrol.o [1]
Node_Control_Task       0x0091cc   0x58  Code  Gb  nodecontrol.o [1]
Node_State_GetInputState
                        0x009dce    0x4  Code  Gb  nodestatemanager.o [1]
Node_State_GetOutputState
                        0x009dd2    0x4  Code  Gb  nodestatemanager.o [1]
Node_State_Manager_Init
                        0x009ccb    0x9  Code  Gb  nodestatemanager.o [1]
Node_State_Manager_Task
                        0x009b34   0x12  Code  Gb  nodestatemanager.o [1]
Node_State_SetOutputState
                        0x009dd6    0x4  Code  Gb  nodestatemanager.o [1]
RC                      0x000102    0x4  Data  Gb  ir_receiver.o [1]
RC_h                    0x00010e    0x4  Data  Gb  ir_receiver.o [1]
Region$$Table$$Base     0x00997e          --   Gb  - Linker created -
Region$$Table$$Limit    0x009994          --   Gb  - Linker created -
SPI_IRQHandler          0x009e19    0x1  Code  Gb  stm8s_it.o [1]
System_Init             0x00978f   0x2a  Code  Gb  main.o [1]
TIM1_CAP_COM_IRQHandler
                        0x009e1a    0x1  Code  Gb  stm8s_it.o [1]
TIM1_ClearFlag          0x0097b9   0x29  Code  Gb  stm8s_tim1.o [1]
TIM1_Cmd                0x009a8b   0x16  Code  Gb  stm8s_tim1.o [1]
TIM1_GetITStatus        0x009270   0x4c  Code  Gb  stm8s_tim1.o [1]
TIM1_ITConfig           0x00967a   0x31  Code  Gb  stm8s_tim1.o [1]
TIM1_TimeBaseInit       0x009224   0x4c  Code  Gb  stm8s_tim1.o [1]
TIM1_UPD_OVF_TRG_BRK_IRQHandler
                        0x0099b4   0x20  Code  Gb  stm8s_it.o [1]
TIM2_ARRPreloadConfig   0x009ab7   0x16  Code  Gb  stm8s_tim2.o [1]
TIM2_CAP_COM_IRQHandler
                        0x009e1c    0x1  Code  Gb  stm8s_it.o [1]
TIM2_Cmd                0x009aa1   0x16  Code  Gb  stm8s_tim2.o [1]
TIM2_OC1Init            0x009034   0x6f  Code  Gb  stm8s_tim2.o [1]
TIM2_OC1PreloadConfig   0x009acd   0x16  Code  Gb  stm8s_tim2.o [1]
TIM2_OC3Init            0x0090a3   0x6f  Code  Gb  stm8s_tim2.o [1]
TIM2_OC3PreloadConfig   0x009ae3   0x16  Code  Gb  stm8s_tim2.o [1]
TIM2_SetCompare1        0x009cf8    0x9  Code  Gb  stm8s_tim2.o [1]
TIM2_TimeBaseInit       0x009d50    0x7  Code  Gb  stm8s_tim2.o [1]
TIM2_UPD_OVF_BRK_IRQHandler
                        0x009e1b    0x1  Code  Gb  stm8s_it.o [1]
TIM4_UPD_OVF_IRQHandler
                        0x009e1f    0x1  Code  Gb  stm8s_it.o [1]
TLI_IRQHandler          0x009e11    0x1  Code  Gb  stm8s_it.o [1]
TRAP_IRQHandler         0x009e10    0x1  Code  Gb  stm8s_it.o [1]
Task_Init               0x00953c   0x37  Code  Gb  main.o [1]
Task_Manager_AddTask    0x009b7b   0x10  Code  Gb  TaskManager.o [1]
Task_Manager_PerformTask
                        0x0099d4   0x20  Code  Gb  TaskManager.o [1]
Timer_Counter_GetCounter
                        0x009d82    0x6  Code  Gb  timer_counter.o [1]
Timer_Counter_IncreaseCounter
                        0x009bb9    0xf  Code  Gb  timer_counter.o [1]
Timer_Counter_Init      0x009cac    0xb  Code  Gb  timer_counter.o [1]
Timer_PWM_IR_Transmitter_Init
                        0x00993b   0x22  Code  Gb  timer_pwm.o [1]
Timer_PWM_Init          0x009573   0x37  Code  Gb  timer_pwm.o [1]
Timer_PWM_Start         0x009de6    0x4  Code  Gb  timer_pwm.o [1]
Timer_PWM_Update_Period
                        0x009452   0x3d  Code  Gb  timer_pwm.o [1]
Transport_GetRxBufferSize
                        0x009dea    0x4  Code  Gb  transport.o [1]
Transport_Init          0x0096ab   0x31  Code  Gb  transport.o [1]
Transport_OutputDisable
                        0x009da0    0x6  Code  Gb  transport.o [1]
Transport_OutputEnable  0x009d9a    0x6  Code  Gb  transport.o [1]
Transport_RxPop         0x0098f1   0x25  Code  Gb  transport.o [1]
Transport_RxPush        0x009859   0x27  Code  Gb  transport.o [1]
Transport_TxPop         0x0096dc   0x30  Code  Gb  transport.o [1]
Transport_Write         0x009307   0x47  Code  Gb  transport.o [1]
UART1_DeInit            0x009764   0x2b  Code  Gb  stm8s_uart1.o [1]
UART1_GetITStatus       0x008fae   0x86  Code  Gb  stm8s_uart1.o [1]
UART1_ITConfig          0x008e8f   0x95  Code  Gb  stm8s_uart1.o [1]
UART1_Init              0x008596  0x1b7  Code  Gb  stm8s_uart1.o [1]
UART1_RX_IRQHandler     0x0099f4   0x1f  Code  Gb  stm8s_it.o [1]
UART1_ReceiveData8      0x009dde    0x4  Code  Gb  stm8s_uart1.o [1]
UART1_SendData8         0x009de2    0x4  Code  Gb  stm8s_uart1.o [1]
UART1_TX_IRQHandler     0x009648   0x32  Code  Gb  stm8s_it.o [1]
__exit                  0x009e0e    0x2  Code  Gb  xxexit.o [3]
__iar_copy_init2        0x00980a         Code  Gb  init_small.o [4]
__iar_data_init2        0x009b0d   0x14  Code  Gb  init.o [4]
__iar_program_start     0x009b21         Code  Gb  cstartup.o [4]
__iar_unhandled_exception
                        0x009e09         Code  Gb  unhandled_exception.o [4]
__iar_zero_init2        0x009a50         Code  Gb  init_small.o [4]
__intvec                0x008000         Data  Gb  interrupt.o [4]
__low_level_init        0x009e03    0x3  Code  Gb  low_level_init.o [4]
_exit                   0x009db0         Code  Gb  cexit.o [4]
_interrupt_1            0x009e10         Code  Gb  stm8s_it.o [1]
_interrupt_12           0x009e19         Code  Gb  stm8s_it.o [1]
_interrupt_13           0x0099b4         Code  Gb  stm8s_it.o [1]
_interrupt_14           0x009e1a         Code  Gb  stm8s_it.o [1]
_interrupt_15           0x009e1b         Code  Gb  stm8s_it.o [1]
_interrupt_16           0x009e1c         Code  Gb  stm8s_it.o [1]
_interrupt_19           0x009648         Code  Gb  stm8s_it.o [1]
_interrupt_2            0x009e11         Code  Gb  stm8s_it.o [1]
_interrupt_20           0x0099f4         Code  Gb  stm8s_it.o [1]
_interrupt_21           0x009e1d         Code  Gb  stm8s_it.o [1]
_interrupt_24           0x009e1e         Code  Gb  stm8s_it.o [1]
_interrupt_25           0x009e1f         Code  Gb  stm8s_it.o [1]
_interrupt_26           0x009e20         Code  Gb  stm8s_it.o [1]
_interrupt_3            0x009e12         Code  Gb  stm8s_it.o [1]
_interrupt_4            0x009e13         Code  Gb  stm8s_it.o [1]
_interrupt_5            0x009e14         Code  Gb  stm8s_it.o [1]
_interrupt_6            0x009e15         Code  Gb  stm8s_it.o [1]
_interrupt_7            0x009e16         Code  Gb  stm8s_it.o [1]
_interrupt_8            0x009e17         Code  Gb  stm8s_it.o [1]
_interrupt_9            0x009e18         Code  Gb  stm8s_it.o [1]
active_period           0x000011    0x4  Data  Gb  timer_pwm.o [1]
alpha                   0x00010a    0x4  Data  Gb  ir_receiver.o [1]
assert_failed           0x0098cc   0x25  Code  Gb  main.o [1]
assert_failed::counter  0x000112    0x4  Data  Lc  main.o [1]
change_factor           0x00011a    0x4  Data  Gb  timer_pwm.o [1]
cmd_cnt                 0x000134    0x1  Data  Gb  commands.o [1]
cmd_push                0x0095aa   0x36  Code  Gb  commands.o [1]
cmd_rd_idx              0x000133    0x1  Data  Gb  commands.o [1]
cmd_wr_idx              0x000132    0x1  Data  Gb  commands.o [1]
commands                0x0000e1   0x14  Data  Gb  commands.o [1]
control_state           0x00013b    0x1  Data  Gb  nodecontrol.o [1]
detected_node_index     0x000139    0x1  Data  Gb  nodecontrol.o [1]
detected_time_stamp     0x0000fa    0x4  Data  Gb  ir_receiver.o [1]
detecting_pulse         0x0084fa   0x3c  Code  Gb  ir_receiver.o [1]
detecting_pulse::direction
                        0x000135    0x1  Data  Lc  ir_receiver.o [1]
detecting_pulse::previous_v
                        0x000126    0x2  Data  Lc  ir_receiver.o [1]
dt                      0x000106    0x4  Data  Gb  ir_receiver.o [1]
exit                    0x009e06    0x3  Code  Gb  exit.o [4]
gpio_state              0x00013d    0x1  Data  Gb  timer_pwm.o [1]
highpass_filter::previous_x
                        0x000122    0x2  Data  Lc  ir_receiver.o [1]
highpass_filter::previous_y
                        0x000124    0x2  Data  Lc  ir_receiver.o [1]
is_configured           0x00013e    0x1  Data  Gb  timer_pwm.o [1]
lowpass_filter::filtered_value
                        0x000120    0x2  Data  Lc  ir_receiver.o [1]
main                    0x009170   0x5c  Code  Gb  main.o [1]
node_state              0x00012a    0x2  Data  Gb  nodestatemanager.o [1]
nodes                   0x000015   0x64  Data  Gb  nodecontrol.o [1]
process_command         0x009395   0x41  Code  Gb  nodecontrol.o [1]
process_ir_signal       0x0083d1   0xb9  Code  Gb  ir_receiver.o [1]
process_ir_signal::stable_marker
                        0x00011e    0x2  Data  Lc  ir_receiver.o [1]
process_node_input_state
                        0x0088c3  0x126  Code  Gb  nodecontrol.o [1]
query_node_state        0x0094ca   0x39  Code  Gb  nodecontrol.o [1]
running_mode            0x000136    0x1  Data  Gb  ir_transmitter.o [1]
running_mode            0x000138    0x1  Data  Lc  led_controller.o [1]
rx_buff                 0x000079   0x40  Data  Gb  transport.o [1]
rx_cnt                  0x000141    0x1  Data  Gb  transport.o [1]
rx_rd_idx               0x000140    0x1  Data  Gb  transport.o [1]
rx_wr_idx               0x00013f    0x1  Data  Gb  transport.o [1]
signal_state            0x0000f5    0x5  Data  Gb  ir_receiver.o [1]
state_node_query_index  0x00013a    0x1  Data  Gb  nodecontrol.o [1]
task_Index              0x00013c    0x1  Data  Gb  TaskManager.o [1]
tasks                   0x0000b9   0x28  Data  Gb  TaskManager.o [1]
time_prescaler          0x000010    0x1  Data  Gb  ir_transmitter.o [1]
timeout                 0x000128    0x2  Data  Lc  nodecontrol.o [1]
timer_counter           0x0000fe    0x4  Data  Gb  ir_receiver.o [1]
timer_counter           0x000116    0x4  Data  Lc  timer_counter.o [1]
tx_buff                 0x000142  0x100  Data  Gb  transport.o [1]
tx_cnt                  0x000130    0x2  Data  Gb  transport.o [1]
tx_rd_idx               0x00012e    0x2  Data  Gb  transport.o [1]
tx_wr_idx               0x00012c    0x2  Data  Gb  transport.o [1]


[1] = E:\DATA\03-DuAn\02-LedController\LedController\02-Software\RS485Master\Release\Obj
[2] = command line
[3] = dbgstm8smn.a
[4] = dlstm8smn.a

  7 464 bytes of readonly  code memory
    249 bytes of readonly  data memory
    834 bytes of readwrite data memory

Errors: none
Warnings: none
