###############################################################################
#
# IAR ELF Linker V3.10.1.201 for STM8                     17/Jan/2019  03:05:28
# Copyright 2010-2017 IAR Systems AB.
#
#    Output file  =  
#        E:\03-DuAn\LedController\LedController\02-Software\RS485Master\Release\Exe\RS485.out
#    Map file     =  
#        E:\03-DuAn\LedController\LedController\02-Software\RS485Master\Release\List\RS485.map
#    Command line =  
#        -f C:\Users\hungn\AppData\Local\Temp\EW39C7.tmp
#        (E:\03-DuAn\LedController\LedController\02-Software\RS485Master\Release\Obj\commands.o
#        E:\03-DuAn\LedController\LedController\02-Software\RS485Master\Release\Obj\gpio_util.o
#        E:\03-DuAn\LedController\LedController\02-Software\RS485Master\Release\Obj\ir_receiver.o
#        E:\03-DuAn\LedController\LedController\02-Software\RS485Master\Release\Obj\ir_transmitter.o
#        E:\03-DuAn\LedController\LedController\02-Software\RS485Master\Release\Obj\led_controller.o
#        E:\03-DuAn\LedController\LedController\02-Software\RS485Master\Release\Obj\main.o
#        E:\03-DuAn\LedController\LedController\02-Software\RS485Master\Release\Obj\nodecontrol.o
#        E:\03-DuAn\LedController\LedController\02-Software\RS485Master\Release\Obj\nodestatemanager.o
#        E:\03-DuAn\LedController\LedController\02-Software\RS485Master\Release\Obj\stm8s_adc1.o
#        E:\03-DuAn\LedController\LedController\02-Software\RS485Master\Release\Obj\stm8s_clk.o
#        E:\03-DuAn\LedController\LedController\02-Software\RS485Master\Release\Obj\stm8s_gpio.o
#        E:\03-DuAn\LedController\LedController\02-Software\RS485Master\Release\Obj\stm8s_it.o
#        E:\03-DuAn\LedController\LedController\02-Software\RS485Master\Release\Obj\stm8s_itc.o
#        E:\03-DuAn\LedController\LedController\02-Software\RS485Master\Release\Obj\stm8s_tim1.o
#        E:\03-DuAn\LedController\LedController\02-Software\RS485Master\Release\Obj\stm8s_tim2.o
#        E:\03-DuAn\LedController\LedController\02-Software\RS485Master\Release\Obj\stm8s_uart1.o
#        E:\03-DuAn\LedController\LedController\02-Software\RS485Master\Release\Obj\TaskManager.o
#        E:\03-DuAn\LedController\LedController\02-Software\RS485Master\Release\Obj\timer_counter.o
#        E:\03-DuAn\LedController\LedController\02-Software\RS485Master\Release\Obj\timer_pwm.o
#        E:\03-DuAn\LedController\LedController\02-Software\RS485Master\Release\Obj\transport.o
#        --redirect _Printf=_PrintfFullNoMb --redirect _Scanf=_ScanfFullNoMb -o
#        E:\03-DuAn\LedController\LedController\02-Software\RS485Master\Release\Exe\RS485.out
#        --strip --map
#        E:\03-DuAn\LedController\LedController\02-Software\RS485Master\Release\List\RS485.map
#        --config "C:\Program Files (x86)\IAR Systems\Embedded Workbench
#        8.0\stm8\config\lnkstm8s003f3.icf" --config_def _CSTACK_SIZE=0x100
#        --config_def _HEAP_SIZE=0x100 --entry __iar_program_start)
#
###############################################################################

*******************************************************************************
*** RUNTIME MODEL ATTRIBUTES
***

__SystemLibrary            = DLib
__code_model               = small
__core                     = stm8
__data_model               = medium
__dlib_file_descriptor     = 0
__dlib_full_locale_support = 0
__rt_version               = 4


*******************************************************************************
*** PLACEMENT SUMMARY
***

"A0":  place at start of [0x000000-0x0000ff] { rw section .vregs };
"A1":  place at end of [0x000000-0x0003ff] { block CSTACK };
"P2":  place in [from 0x000000 to 0x0003ff] {
          block HEAP, rw section __DLIB_PERTHREAD, rw section .far.bss,
          rw section .far.data, rw section .far.noinit,
          rw section .far_func.textrw, rw section .huge.bss,
          rw section .huge.data, rw section .huge.noinit,
          rw section .huge_func.textrw, rw section .iar.dynexit,
          rw section .near.bss, rw section .near.data, rw section .near.noinit,
          rw section .near_func.textrw };
"A2":  place at start of [0x008000-0x009fff] { block INTVEC };
"P3":  place in [from 0x008000 to 0x009fff] {
          ro section __DLIB_PERTHREAD_init, ro section .far.data_init,
          ro section .far_func.textrw_init, ro section .huge.data_init,
          ro section .huge_func.textrw_init, ro section .iar.init_table,
          ro section .init_array, ro section .near.data_init,
          ro section .near.rodata, ro section .near_func.text,
          ro section .near_func.textrw_init, ro section .tiny.data_init,
          ro section .tiny.rodata_init };
"P4":  place in [from 0x008000 to 0x009fff] {
          ro section .far.rodata, ro section .far_func.text };
"P5":  place in [from 0x008000 to 0x009fff] {
          ro section .huge.rodata, ro section .huge_func.text };
do not initialize {
   rw section .eeprom.noinit, rw section .far.noinit, rw section .huge.noinit,
   rw section .near.noinit, rw section .tiny.noinit, rw section .vregs };
initialize by copy {
   rw section .far.bss, rw section .far.data, rw section .far_func.textrw,
   rw section .huge.bss, rw section .huge.data, rw section .huge_func.textrw,
   rw section .iar.dynexit, rw section .near.bss, rw section .near.data,
   rw section .near_func.textrw, rw section .tiny.bss, rw section .tiny.data,
   ro section .tiny.rodata };

  Section            Kind      Address    Size  Object
  -------            ----      -------    ----  ------
"A0":                                     0x10
  .vregs             uninit   0x000000    0x10  vregs.o [4]
                            - 0x000010    0x10

"P2", part 1 of 3:                         0x2
  P2-1                        0x000010     0x2  <Init block>
    .near.data       inited   0x000010     0x1  ir_transmitter.o [1]
    .near.data       inited   0x000011     0x1  timer_pwm.o [1]
                            - 0x000012     0x2

"P2", part 2 of 3:                       0x12c
  .near.bss          zero     0x000012    0x64  nodecontrol.o [1]
  .near.bss          zero     0x000076    0x40  transport.o [1]
  .near.bss          zero     0x0000b6    0x28  TaskManager.o [1]
  .near.bss          zero     0x0000de    0x14  commands.o [1]
  .near.bss          zero     0x0000f2     0x5  ir_receiver.o [1]
  .near.bss          zero     0x0000f7     0x4  ir_receiver.o [1]
  .near.bss          zero     0x0000fb     0x4  ir_receiver.o [1]
  .near.bss          zero     0x0000ff     0x4  ir_receiver.o [1]
  .near.bss          zero     0x000103     0x4  ir_receiver.o [1]
  .near.bss          zero     0x000107     0x4  ir_receiver.o [1]
  .near.bss          zero     0x00010b     0x4  ir_receiver.o [1]
  .near.bss          zero     0x00010f     0x4  main.o [1]
  .near.bss          zero     0x000113     0x4  timer_counter.o [1]
  .near.bss          zero     0x000117     0x4  timer_pwm.o [1]
  .near.bss          zero     0x00011b     0x4  timer_pwm.o [1]
  .near.bss          zero     0x00011f     0x2  ir_receiver.o [1]
  .near.bss          zero     0x000121     0x2  ir_receiver.o [1]
  .near.bss          zero     0x000123     0x2  ir_receiver.o [1]
  .near.bss          zero     0x000125     0x2  nodecontrol.o [1]
  .near.bss          zero     0x000127     0x2  nodestatemanager.o [1]
  .near.bss          zero     0x000129     0x2  transport.o [1]
  .near.bss          zero     0x00012b     0x2  transport.o [1]
  .near.bss          zero     0x00012d     0x2  transport.o [1]
  .near.bss          zero     0x00012f     0x1  commands.o [1]
  .near.bss          zero     0x000130     0x1  commands.o [1]
  .near.bss          zero     0x000131     0x1  commands.o [1]
  .near.bss          zero     0x000132     0x1  ir_receiver.o [1]
  .near.bss          zero     0x000133     0x1  ir_transmitter.o [1]
  .near.bss          zero     0x000134     0x1  ir_transmitter.o [1]
  .near.bss          zero     0x000135     0x1  led_controller.o [1]
  .near.bss          zero     0x000136     0x1  nodecontrol.o [1]
  .near.bss          zero     0x000137     0x1  nodecontrol.o [1]
  .near.bss          zero     0x000138     0x1  nodecontrol.o [1]
  .near.bss          zero     0x000139     0x1  TaskManager.o [1]
  .near.bss          zero     0x00013a     0x1  timer_pwm.o [1]
  .near.bss          zero     0x00013b     0x1  transport.o [1]
  .near.bss          zero     0x00013c     0x1  transport.o [1]
  .near.bss          zero     0x00013d     0x1  transport.o [1]
                            - 0x00013e   0x12c

"P2", part 3 of 3:                       0x100
  .near.bss          zero     0x00013e   0x100  transport.o [1]
                            - 0x00023e   0x100

"A1":                                    0x100
  CSTACK                      0x000300   0x100  <Block>
    CSTACK           uninit   0x000300   0x100  <Block tail>
                            - 0x000400   0x100

"A2":                                     0x80
  INTVEC                      0x008000    0x80  <Block>
    .intvec          const    0x008000    0x80  interrupt.o [4]
                            - 0x008080    0x80

"P3-P5":                                0x1ce3
  .near_func.text    ro code  0x008080   0x351  float.o [4]
  .near_func.text    ro code  0x0083d1   0x1b7  stm8s_uart1.o [1]
  .near_func.text    ro code  0x008588   0x1a0  ir_receiver.o [1]
  .near_func.text    ro code  0x008728   0x176  long.o [4]
  .near_func.text    ro code  0x00889e   0x124  stm8s_adc1.o [1]
  .near_func.text    ro code  0x0089c2   0x115  stm8s_itc.o [1]
  .near_func.text    ro code  0x008ad7   0x10c  vreg_util.o [4]
  .near_func.text    ro code  0x008be3    0xf3  nodecontrol.o [1]
  .near_func.text    ro code  0x008cd6    0xb1  stm8s_gpio.o [1]
  .near_func.text    ro code  0x008d87    0xb0  stm8s_adc1.o [1]
  .near_func.text    ro code  0x008e37    0x95  stm8s_uart1.o [1]
  .near_func.text    ro code  0x008ecc    0x8a  stm8s_adc1.o [1]
  .near_func.text    ro code  0x008f56    0x86  stm8s_uart1.o [1]
  .near_func.text    ro code  0x008fdc    0x6f  stm8s_tim2.o [1]
  .near_func.text    ro code  0x00904b    0x6f  stm8s_tim2.o [1]
  .near_func.text    ro code  0x0090ba    0x5e  stm8s_clk.o [1]
  .near_func.text    ro code  0x009118    0x58  nodecontrol.o [1]
  .near_func.text    ro code  0x009170    0x4c  main.o [1]
  .near_func.text    ro code  0x0091bc    0x4c  stm8s_tim1.o [1]
  .near_func.text    ro code  0x009208    0x4c  stm8s_tim1.o [1]
  .near_func.text    ro code  0x009254    0x4b  commands.o [1]
  .near_func.text    ro code  0x00929f    0x4b  nodecontrol.o [1]
  .near_func.text    ro code  0x0092ea    0x47  transport.o [1]
  .near_func.text    ro code  0x009331    0x47  long_util.o [4]
  .near_func.text    ro code  0x009378    0x45  timer_pwm.o [1]
  .near_func.text    ro code  0x0093bd    0x3f  stm8s_adc1.o [1]
  .near_func.text    ro code  0x0093fc    0x3d  stm8s_adc1.o [1]
  .near_func.text    ro code  0x009439    0x3b  stm8s_clk.o [1]
  .near_func.text    ro code  0x009474    0x39  nodecontrol.o [1]
  .near_func.text    ro code  0x0094ad    0x39  stm8s_adc1.o [1]
  .near_func.text    ro code  0x0094e6    0x37  main.o [1]
  .near_func.text    ro code  0x00951d    0x37  timer_pwm.o [1]
  .near_func.text    ro code  0x009554    0x36  commands.o [1]
  .near_func.text    ro code  0x00958a    0x34  commands.o [1]
  .near_func.text    ro code  0x0095be    0x34  nodecontrol.o [1]
  .near_func.text    ro code  0x0095f2    0x32  stm8s_it.o [1]
  .near_func.text    ro code  0x009624    0x31  stm8s_tim1.o [1]
  .near_func.text    ro code  0x009655    0x30  transport.o [1]
  .near_func.text    ro code  0x009685    0x2d  ir_transmitter.o [1]
  .near_func.text    ro code  0x0096b2    0x2d  transport.o [1]
  .near_func.text    ro code  0x0096df    0x2b  gpio_util.o [1]
  .near_func.text    ro code  0x00970a    0x2b  stm8s_uart1.o [1]
  .near_func.text    ro code  0x009735    0x2a  main.o [1]
  .near_func.text    ro code  0x00975f    0x29  stm8s_tim1.o [1]
  .near_func.text    ro code  0x009788    0x28  stm8s_clk.o [1]
  .near_func.text    ro code  0x0097b0    0x28  init_small.o [4]
  .near_func.text    ro code  0x0097d8    0x27  transport.o [1]
  .near_func.text    ro code  0x0097ff    0x26  nodecontrol.o [1]
  .near_func.text    ro code  0x009825    0x25  main.o [1]
  .near_func.text    ro code  0x00984a    0x25  transport.o [1]
  .near_func.text    ro code  0x00986f    0x25  dc_util.o [4]
  .near_func.text    ro code  0x009894    0x22  ir_transmitter.o [1]
  .near_func.text    ro code  0x0098b6    0x22  timer_pwm.o [1]
  .iar.init_table    const    0x0098d8    0x16  - Linker created -
  .near_func.text    ro code  0x0098ee    0x20  stm8s_it.o [1]
  .near_func.text    ro code  0x00990e    0x20  TaskManager.o [1]
  .near_func.text    ro code  0x00992e    0x1f  stm8s_it.o [1]
  .near_func.text    ro code  0x00994d    0x1f  move.o [4]
  .near_func.text    ro code  0x00996c    0x1e  commands.o [1]
  .near_func.text    ro code  0x00998a    0x1e  init_small.o [4]
  .near_func.text    ro code  0x0099a8    0x1d  timer_counter.o [1]
  .near_func.text    ro code  0x0099c5    0x1c  led_controller.o [1]
  .near_func.text    ro code  0x0099e1    0x16  stm8s_tim1.o [1]
  .near_func.text    ro code  0x0099f7    0x16  stm8s_tim2.o [1]
  .near_func.text    ro code  0x009a0d    0x16  stm8s_tim2.o [1]
  .near_func.text    ro code  0x009a23    0x16  stm8s_tim2.o [1]
  .near_func.text    ro code  0x009a39    0x16  stm8s_tim2.o [1]
  .near_func.text    ro code  0x009a4f    0x14  short.o [4]
  .near_func.text    ro code  0x009a63    0x14  init.o [4]
  .near_func.text    ro code  0x009a77    0x13  main.o [1]
  .near_func.text    ro code  0x009a8a    0x13  cstartup.o [4]
  .near_func.text    ro code  0x009a9d    0x12  timer_pwm.o [1]
  .near_func.text    ro code  0x009aaf    0x12  transport.o [1]
  .near_func.text    ro code  0x009ac1    0x10  TaskManager.o [1]
  .near_func.text    ro code  0x009ad1    0x10  transport.o [1]
  .near_func.text    ro code  0x009ae1     0xf  stm8s_itc.o [1]
  .near_func.text    ro code  0x009af0     0xf  stm8s_tim2.o [1]
  .near_func.text    ro code  0x009aff     0xf  timer_counter.o [1]
  .near.rodata       const    0x009b0e     0xe  stm8s_uart1.o [1]
  .near_func.text    ro code  0x009b1c     0xe  main.o [1]
  .near_func.text    ro code  0x009b2a     0xe  transport.o [1]
  .near.rodata       const    0x009b38     0xd  stm8s_adc1.o [1]
  .near.rodata       const    0x009b45     0xd  stm8s_gpio.o [1]
  .near.rodata       const    0x009b52     0xd  stm8s_tim1.o [1]
  .near.rodata       const    0x009b5f     0xd  stm8s_tim2.o [1]
  .near_func.text    ro code  0x009b6c     0xd  stm8s_tim2.o [1]
  .near.rodata       const    0x009b79     0xc  stm8s_clk.o [1]
  .near.rodata       const    0x009b85     0xc  stm8s_itc.o [1]
  .near_func.text    ro code  0x009b91     0xc  timer_pwm.o [1]
  .near_func.text    ro code  0x009b9d     0xb  stm8s_adc1.o [1]
  .near_func.text    ro code  0x009ba8     0xb  stm8s_clk.o [1]
  .near_func.text    ro code  0x009bb3     0xb  stm8s_gpio.o [1]
  .near_func.text    ro code  0x009bbe     0xb  stm8s_itc.o [1]
  .near_func.text    ro code  0x009bc9     0xb  stm8s_tim1.o [1]
  .near_func.text    ro code  0x009bd4     0xb  stm8s_tim2.o [1]
  .near_func.text    ro code  0x009bdf     0xb  stm8s_tim2.o [1]
  .near_func.text    ro code  0x009bea     0xb  stm8s_tim2.o [1]
  .near_func.text    ro code  0x009bf5     0xb  stm8s_uart1.o [1]
  .near_func.text    ro code  0x009c00     0xb  timer_counter.o [1]
  .near_func.text    ro code  0x009c0b     0xa  main.o [1]
  .near_func.text    ro code  0x009c15     0xa  timer_pwm.o [1]
  .near_func.text    ro code  0x009c1f     0xa  char.o [4]
  .near_func.text    ro code  0x009c29     0x9  nodestatemanager.o [1]
  .near_func.text    ro code  0x009c32     0x9  stm8s_adc1.o [1]
  .near_func.text    ro code  0x009c3b     0x9  stm8s_adc1.o [1]
  .near_func.text    ro code  0x009c44     0x9  stm8s_clk.o [1]
  .near_func.text    ro code  0x009c4d     0x9  stm8s_tim2.o [1]
  .near_func.text    ro code  0x009c56     0x9  stm8s_tim2.o [1]
  .near_func.text    ro code  0x009c5f     0x9  stm8s_uart1.o [1]
  .near_func.text    ro code  0x009c68     0x8  main.o [1]
  .near_func.text    ro code  0x009c70     0x8  stm8s_adc1.o [1]
  .near_func.text    ro code  0x009c78     0x8  stm8s_tim1.o [1]
  .near_func.text    ro code  0x009c80     0x8  stm8s_uart1.o [1]
  .near_func.text    ro code  0x009c88     0x8  stm8s_uart1.o [1]
  .near_func.text    ro code  0x009c90     0x8  transport.o [1]
  .near_func.text    ro code  0x009c98     0x8  transport.o [1]
  .near_func.text    ro code  0x009ca0     0x7  gpio_util.o [1]
  .near_func.text    ro code  0x009ca7     0x7  stm8s_gpio.o [1]
  .near_func.text    ro code  0x009cae     0x7  stm8s_it.o [1]
  .near_func.text    ro code  0x009cb5     0x7  stm8s_tim2.o [1]
  .near_func.text    ro code  0x009cbc     0x7  transport.o [1]
  .near_func.text    ro code  0x009cc3     0x6  led_controller.o [1]
  .near_func.text    ro code  0x009cc9     0x6  main.o [1]
  .near_func.text    ro code  0x009ccf     0x6  nodecontrol.o [1]
  .near_func.text    ro code  0x009cd5     0x6  stm8s_tim1.o [1]
  .near_func.text    ro code  0x009cdb     0x6  stm8s_uart1.o [1]
  .near_func.text    ro code  0x009ce1     0x6  timer_counter.o [1]
  .near_func.text    ro code  0x009ce7     0x6  timer_pwm.o [1]
  .near_func.text    ro code  0x009ced     0x6  transport.o [1]
  .near_func.text    ro code  0x009cf3     0x6  transport.o [1]
  .near_func.text    ro code  0x009cf9     0x6  transport.o [1]
  .near_func.text    ro code  0x009cff     0x6  transport.o [1]
  .near_func.text    ro code  0x009d05     0x5  stm8s_adc1.o [1]
  .near_func.text    ro code  0x009d0a     0x5  stm8s_tim1.o [1]
  .near_func.text    ro code  0x009d0f     0x5  cexit.o [4]
  .near.rodata       const    0x009d14     0x4  stm8s_clk.o [1]
  .near_func.text    ro code  0x009d18     0x4  ir_receiver.o [1]
  .near_func.text    ro code  0x009d1c     0x4  ir_transmitter.o [1]
  .near_func.text    ro code  0x009d20     0x4  led_controller.o [1]
  .near_func.text    ro code  0x009d24     0x4  stm8s_gpio.o [1]
  .near_func.text    ro code  0x009d28     0x4  stm8s_uart1.o [1]
  .near_func.text    ro code  0x009d2c     0x4  stm8s_uart1.o [1]
  .near_func.text    ro code  0x009d30     0x4  transport.o [1]
  .near_func.text    ro code  0x009d34     0x3  gpio_util.o [1]
  .near_func.text    ro code  0x009d37     0x3  gpio_util.o [1]
  .near_func.text    ro code  0x009d3a     0x3  nodestatemanager.o [1]
  .near_func.text    ro code  0x009d3d     0x3  stm8s_itc.o [1]
  .near_func.text    ro code  0x009d40     0x3  interrupt.o [4]
  .near_func.text    ro code  0x009d43     0x3  low_level_init.o [4]
  .near_func.text    ro code  0x009d46     0x3  exit.o [4]
  .near_func.text    ro code  0x009d49     0x3  unhandled_exception.o [4]
  .near_func.text    ro code  0x009d4c     0x2  stm8s_gpio.o [1]
  .near_func.text    ro code  0x009d4e     0x2  xxexit.o [3]
  Initializer bytes  const    0x009d50     0x2  <for P2-1>
  .near_func.text    ro code  0x009d52     0x1  stm8s_it.o [1]
  .near_func.text    ro code  0x009d53     0x1  stm8s_it.o [1]
  .near_func.text    ro code  0x009d54     0x1  stm8s_it.o [1]
  .near_func.text    ro code  0x009d55     0x1  stm8s_it.o [1]
  .near_func.text    ro code  0x009d56     0x1  stm8s_it.o [1]
  .near_func.text    ro code  0x009d57     0x1  stm8s_it.o [1]
  .near_func.text    ro code  0x009d58     0x1  stm8s_it.o [1]
  .near_func.text    ro code  0x009d59     0x1  stm8s_it.o [1]
  .near_func.text    ro code  0x009d5a     0x1  stm8s_it.o [1]
  .near_func.text    ro code  0x009d5b     0x1  stm8s_it.o [1]
  .near_func.text    ro code  0x009d5c     0x1  stm8s_it.o [1]
  .near_func.text    ro code  0x009d5d     0x1  stm8s_it.o [1]
  .near_func.text    ro code  0x009d5e     0x1  stm8s_it.o [1]
  .near_func.text    ro code  0x009d5f     0x1  stm8s_it.o [1]
  .near_func.text    ro code  0x009d60     0x1  stm8s_it.o [1]
  .near_func.text    ro code  0x009d61     0x1  stm8s_it.o [1]
  .near_func.text    ro code  0x009d62     0x1  stm8s_it.o [1]
                            - 0x009d63  0x1ce3


*******************************************************************************
*** INIT TABLE
***

          Address   Size
          -------   ----
Zero (__iar_zero_init2)
    2 destination ranges, total size 0x22c:
          0x000012  0x12c
          0x00013e  0x100

Copy (__iar_copy_init2)
    1 source range, total size 0x2:
          0x009d50    0x2
    1 destination range, total size 0x2:
          0x000010    0x2



*******************************************************************************
*** MODULE SUMMARY
***

    Module                 ro code  ro data  rw data
    ------                 -------  -------  -------
E:\03-DuAn\LedController\LedController\02-Software\RS485Master\Release\Obj: [1]
    TaskManager.o               48                41
    commands.o                 211                23
    gpio_util.o                 56
    ir_receiver.o              420                36
    ir_transmitter.o            83        1        3
    led_controller.o            38                 1
    main.o                     267                 4
    nodecontrol.o              559               105
    nodestatemanager.o          12                 2
    stm8s_adc1.o               829       13
    stm8s_clk.o                213       16
    stm8s_gpio.o               201       13
    stm8s_it.o                 137
    stm8s_itc.o                306       12
    stm8s_tim1.o               294       13
    stm8s_tim2.o               396       13
    stm8s_uart1.o              815       14
    timer_counter.o             61                 4
    timer_pwm.o                204        1       10
    transport.o                339               329
    ------------------------------------------------
    Total:                   5 489       96      558

command line: [2]
    ------------------------------------------------
    Total:

dbgstm8smn.a: [3]
    xxexit.o                     2
    ------------------------------------------------
    Total:                       2

dlstm8smn.a: [4]
    cexit.o                      5
    char.o                      10
    cstartup.o                  19
    dc_util.o                   37
    exit.o                       3
    float.o                    849
    init.o                      20
    init_small.o                70
    interrupt.o                  3      128
    long.o                     374
    long_util.o                 71
    low_level_init.o             3
    move.o                      31
    short.o                     20
    unhandled_exception.o        3
    vreg_util.o                268
    vregs.o                                       16
    ------------------------------------------------
    Total:                   1 786      128       16

    Linker created                       22      256
----------------------------------------------------
    Grand Total:             7 277      246      830


*******************************************************************************
*** ENTRY LIST
***

Entry                    Address   Size  Type      Object
-----                    -------   ----  ----      ------
.iar.init_table$$Base   0x0098d8          --   Gb  - Linker created -
.iar.init_table$$Limit  0x0098ee          --   Gb  - Linker created -
?add32_l0_l0_0x         0x008740         Code  Gb  long.o [4]
?add32_l0_l0_dl         0x00873b         Code  Gb  long.o [4]
?b0                     0x000000         Data  Gb  vregs.o [4]
?b1                     0x000001         Data  Gb  vregs.o [4]
?b10                    0x00000a         Data  Gb  vregs.o [4]
?b11                    0x00000b         Data  Gb  vregs.o [4]
?b12                    0x00000c         Data  Gb  vregs.o [4]
?b13                    0x00000d         Data  Gb  vregs.o [4]
?b14                    0x00000e         Data  Gb  vregs.o [4]
?b15                    0x00000f         Data  Gb  vregs.o [4]
?b2                     0x000002         Data  Gb  vregs.o [4]
?b3                     0x000003         Data  Gb  vregs.o [4]
?b4                     0x000004         Data  Gb  vregs.o [4]
?b5                     0x000005         Data  Gb  vregs.o [4]
?b6                     0x000006         Data  Gb  vregs.o [4]
?b7                     0x000007         Data  Gb  vregs.o [4]
?b8                     0x000008         Data  Gb  vregs.o [4]
?b9                     0x000009         Data  Gb  vregs.o [4]
?dc32_l0                0x00986f         Code  Gb  dc_util.o [4]
?dc32_l1                0x00987c         Code  Gb  dc_util.o [4]
?dc32_px                0x009889         Code  Gb  dc_util.o [4]
?e0                     0x000001         Data  Gb  vregs.o [4]
?e1                     0x000005         Data  Gb  vregs.o [4]
?e2                     0x000009         Data  Gb  vregs.o [4]
?e3                     0x00000d         Data  Gb  vregs.o [4]
?epilogue_l2            0x008b72         Code  Gb  vreg_util.o [4]
?epilogue_l2_l3         0x008b6f         Code  Gb  vreg_util.o [4]
?epilogue_l2_w6         0x008b76         Code  Gb  vreg_util.o [4]
?epilogue_w4            0x008b7d         Code  Gb  vreg_util.o [4]
?fadd32_l0_l0_0x        0x0080ab         Code  Gb  float.o [4]
?fadd32_l0_l0_l1        0x0080ae         Code  Gb  float.o [4]
?fcastf32u16_l0_x       0x008285         Code  Gb  float.o [4]
?fcasts16f32_x_l0       0x0082a3         Code  Gb  float.o [4]
?fcmpeq32_c_0x_fzero    0x008219         Code  Gb  float.o [4]
?fcmpge32_c_l0_0x       0x008226         Code  Gb  float.o [4]
?fcmpge32_c_l0_dc32     0x008221         Code  Gb  float.o [4]
?fcmplt32_c_l0_0x       0x00822f         Code  Gb  float.o [4]
?fcmplt32_c_l0_dc32     0x00822a         Code  Gb  float.o [4]
?fmul32_l0_l0_0x        0x008181         Code  Gb  float.o [4]
?fmul32_l0_l0_dc32      0x00817c         Code  Gb  float.o [4]
?fmul32_l0_l0_l1        0x008184         Code  Gb  float.o [4]
?fsub32_l0_dc32_l1      0x00809d         Code  Gb  float.o [4]
?fsub32_l0_l0_0x        0x0080a2         Code  Gb  float.o [4]
?fsub32_l0_l0_l1        0x0080a5         Code  Gb  float.o [4]
?inc32_0x_0x            0x00872d         Code  Gb  long.o [4]
?inc32_l0_l0            0x008728         Code  Gb  long.o [4]
?l0                     0x000000         Data  Gb  vregs.o [4]
?l1                     0x000004         Data  Gb  vregs.o [4]
?l2                     0x000008         Data  Gb  vregs.o [4]
?l3                     0x00000c         Data  Gb  vregs.o [4]
?load32_0x_l0           0x00936a         Code  Gb  long_util.o [4]
?load32_asp_l0          0x00935e         Code  Gb  long_util.o [4]
?load32_dbsp_l0         0x009359         Code  Gb  long_util.o [4]
?load32_l0_0x           0x009341         Code  Gb  long_util.o [4]
?load32_l0_asp          0x009336         Code  Gb  long_util.o [4]
?load32_l0_dbsp         0x009331         Code  Gb  long_util.o [4]
?load32_l0_xsp          0x009338         Code  Gb  long_util.o [4]
?load32_l1_0x           0x00934d         Code  Gb  long_util.o [4]
?load32_xsp_l0          0x009360         Code  Gb  long_util.o [4]
?longfarg16_v_w0_a      0x00995a         Code  Gb  move.o [4]
?longfarg16_v_w0_x      0x00995c         Code  Gb  move.o [4]
?mov_e0_e1              0x008b8b         Code  Gb  vreg_util.o [4]
?mov_e0_e2              0x008b98         Code  Gb  vreg_util.o [4]
?mov_e0_e3              0x008ba5         Code  Gb  vreg_util.o [4]
?mov_e1_e2              0x008bb2         Code  Gb  vreg_util.o [4]
?mov_e1_e3              0x008bbf         Code  Gb  vreg_util.o [4]
?mov_e2_e0              0x008bcc         Code  Gb  vreg_util.o [4]
?mov_e3_e0              0x008bd9         Code  Gb  vreg_util.o [4]
?mov_l0_l1              0x008b88         Code  Gb  vreg_util.o [4]
?mov_l0_l2              0x008b95         Code  Gb  vreg_util.o [4]
?mov_l0_l3              0x008ba2         Code  Gb  vreg_util.o [4]
?mov_l1_l2              0x008baf         Code  Gb  vreg_util.o [4]
?mov_l1_l3              0x008bbc         Code  Gb  vreg_util.o [4]
?mov_l2_l0              0x008bc9         Code  Gb  vreg_util.o [4]
?mov_l3_l0              0x008bd6         Code  Gb  vreg_util.o [4]
?mov_w1_w3              0x008b8e         Code  Gb  vreg_util.o [4]
?mov_w1_w5              0x008b9b         Code  Gb  vreg_util.o [4]
?mov_w1_w7              0x008ba8         Code  Gb  vreg_util.o [4]
?mov_w3_w2              0x008b81         Code  Gb  vreg_util.o [4]
?mov_w3_w5              0x008bb5         Code  Gb  vreg_util.o [4]
?mov_w3_w7              0x008bc2         Code  Gb  vreg_util.o [4]
?mov_w5_w1              0x008bcf         Code  Gb  vreg_util.o [4]
?mov_w7_w1              0x008bdc         Code  Gb  vreg_util.o [4]
?move1616_v_x_y_a       0x00994d         Code  Gb  move.o [4]
?mul32_l0_l0_0x         0x008776         Code  Gb  long.o [4]
?mul32_l0_l0_dl         0x008773         Code  Gb  long.o [4]
?mul32_l0_l0_l1         0x00877f         Code  Gb  long.o [4]
?pop_l0                 0x008b3b         Code  Gb  vreg_util.o [4]
?pop_l1                 0x008b46         Code  Gb  vreg_util.o [4]
?pop_l2                 0x008b51         Code  Gb  vreg_util.o [4]
?pop_l3                 0x008b5c         Code  Gb  vreg_util.o [4]
?pop_w4                 0x008af4         Code  Gb  vreg_util.o [4]
?pop_w6                 0x008afb         Code  Gb  vreg_util.o [4]
?push_l0                0x008b0a         Code  Gb  vreg_util.o [4]
?push_l1                0x008b0f         Code  Gb  vreg_util.o [4]
?push_l2                0x008b14         Code  Gb  vreg_util.o [4]
?push_l3                0x008b19         Code  Gb  vreg_util.o [4]
?push_w4                0x008ad7         Code  Gb  vreg_util.o [4]
?push_w6                0x008adc         Code  Gb  vreg_util.o [4]
?sll16_x_x_4            0x009a59         Code  Gb  short.o [4]
?sll16_x_x_5            0x009a58         Code  Gb  short.o [4]
?sll16_x_x_6            0x009a57         Code  Gb  short.o [4]
?sll16_x_x_a            0x009a4f         Code  Gb  short.o [4]
?sll32_0x_0x_a          0x008890         Code  Gb  long.o [4]
?sll32_l0_l0_a          0x00888d         Code  Gb  long.o [4]
?sll8_a_a_b0            0x009c1f         Code  Gb  char.o [4]
?srl16_x_x_4            0x009a5e         Code  Gb  short.o [4]
?sub32_l0_l0_0x         0x00875b         Code  Gb  long.o [4]
?sub32_l0_l0_l1         0x008758         Code  Gb  long.o [4]
?ucmp32_c_l0_0x         0x008872         Code  Gb  long.o [4]
?ucmp32_c_l0_l1         0x008882         Code  Gb  long.o [4]
?udiv32_l0_dl_l1        0x0087fd         Code  Gb  long.o [4]
?udiv32_l0_l0_dl        0x008802         Code  Gb  long.o [4]
?udiv32_l0_l0_l1        0x008805         Code  Gb  long.o [4]
?umod32_l1_l0_l1        0x008805         Code  Gb  long.o [4]
?w0                     0x000000         Data  Gb  vregs.o [4]
?w1                     0x000002         Data  Gb  vregs.o [4]
?w2                     0x000004         Data  Gb  vregs.o [4]
?w3                     0x000006         Data  Gb  vregs.o [4]
?w4                     0x000008         Data  Gb  vregs.o [4]
?w5                     0x00000a         Data  Gb  vregs.o [4]
?w6                     0x00000c         Data  Gb  vregs.o [4]
?w7                     0x00000e         Data  Gb  vregs.o [4]
ADC1_ConversionConfig   0x008ecc   0x8a  Code  Gb  stm8s_adc1.o [1]
ADC1_ExternalTriggerConfig
                        0x0093bd   0x3f  Code  Gb  stm8s_adc1.o [1]
ADC1_GetConversionValue
                        0x0094ad   0x39  Code  Gb  stm8s_adc1.o [1]
ADC1_IRQHandler         0x009d60    0x1  Code  Gb  stm8s_it.o [1]
ADC1_Init               0x00889e  0x124  Code  Gb  stm8s_adc1.o [1]
ADC1_PrescalerConfig    0x0093fc   0x3d  Code  Gb  stm8s_adc1.o [1]
ADC1_SchmittTriggerConfig
                        0x008d87   0xb0  Code  Gb  stm8s_adc1.o [1]
ADC1_StartConversion    0x009d05    0x5  Code  Gb  stm8s_adc1.o [1]
AWU_IRQHandler          0x009d54    0x1  Code  Gb  stm8s_it.o [1]
CLK_GetClockFreq        0x009439   0x3b  Code  Gb  stm8s_clk.o [1]
CLK_HSIPrescalerConfig  0x009788   0x28  Code  Gb  stm8s_clk.o [1]
CLK_IRQHandler          0x009d55    0x1  Code  Gb  stm8s_it.o [1]
CLK_SYSCLKConfig        0x0090ba   0x5e  Code  Gb  stm8s_clk.o [1]
CSTACK$$Base            0x000300          --   Gb  - Linker created -
CSTACK$$Limit           0x000400          --   Gb  - Linker created -
Command_PopCommand      0x00958a   0x34  Code  Gb  commands.o [1]
Command_SendCommand     0x00996c   0x1e  Code  Gb  commands.o [1]
Command_Task            0x009254   0x4b  Code  Gb  commands.o [1]
EEPROM_EEC_IRQHandler   0x009d62    0x1  Code  Gb  stm8s_it.o [1]
EXTI_PORTA_IRQHandler   0x009d56    0x1  Code  Gb  stm8s_it.o [1]
EXTI_PORTB_IRQHandler   0x009d57    0x1  Code  Gb  stm8s_it.o [1]
EXTI_PORTC_IRQHandler   0x009d58    0x1  Code  Gb  stm8s_it.o [1]
EXTI_PORTD_IRQHandler   0x009d59    0x1  Code  Gb  stm8s_it.o [1]
EXTI_PORTE_IRQHandler   0x009d5a    0x1  Code  Gb  stm8s_it.o [1]
GPIO_Init               0x008cd6   0xb1  Code  Gb  stm8s_gpio.o [1]
GPIO_ReadOutputData     0x009d4c    0x2  Code  Gb  stm8s_gpio.o [1]
GPIO_Util_Init_As_Out   0x009ca0    0x7  Code  Gb  gpio_util.o [1]
GPIO_Util_Toggle        0x0096df   0x2b  Code  Gb  gpio_util.o [1]
GPIO_Util_WriteHigh     0x009d34    0x3  Code  Gb  gpio_util.o [1]
GPIO_Util_WriteLow      0x009d37    0x3  Code  Gb  gpio_util.o [1]
GPIO_WriteHigh          0x009ca7    0x7  Code  Gb  stm8s_gpio.o [1]
GPIO_WriteLow           0x009d24    0x4  Code  Gb  stm8s_gpio.o [1]
HSIDivFactor            0x009d14    0x4  Data  Gb  stm8s_clk.o [1]
I2C_IRQHandler          0x009d5f    0x1  Code  Gb  stm8s_it.o [1]
INTVEC$$Base            0x008000          --   Gb  - Linker created -
INTVEC$$Limit           0x008080          --   Gb  - Linker created -
IR_Receiver_GetState    0x009d18    0x4  Code  Gb  ir_receiver.o [1]
IR_Receiver_Init        0x0086c8   0x4e  Code  Gb  ir_receiver.o [1]
IR_Receiver_Task        0x008716   0x12  Code  Gb  ir_receiver.o [1]
IR_Transmitter_GetMode  0x009d1c    0x4  Code  Gb  ir_transmitter.o [1]
IR_Transmitter_Init     0x009894   0x22  Code  Gb  ir_transmitter.o [1]
IR_Transmitter_Task     0x009685   0x2d  Code  Gb  ir_transmitter.o [1]
IR_Transmitter_Task{1}{2}{3}{5}::counter
                        0x000134    0x1  Data  Lc  ir_transmitter.o [1]
ITC_GetCPUCC            0x009d3d    0x3  Code  Gb  stm8s_itc.o [1]
ITC_SetSoftwarePriority
                        0x0089c2  0x115  Code  Gb  stm8s_itc.o [1]
Led_Control_GetMode     0x009d20    0x4  Code  Gb  led_controller.o [1]
Led_Control_Init        0x0099c5   0x1c  Code  Gb  led_controller.o [1]
Node_Control_DetectNodes
                        0x0095be   0x34  Code  Gb  nodecontrol.o [1]
Node_Control_InitNodes  0x0097ff   0x26  Code  Gb  nodecontrol.o [1]
Node_Control_Task       0x009118   0x58  Code  Gb  nodecontrol.o [1]
Node_State_Manager_Init
                        0x009c29    0x9  Code  Gb  nodestatemanager.o [1]
Node_State_Manager_Task
                        0x009d3a    0x3  Code  Gb  nodestatemanager.o [1]
RC                      0x0000ff    0x4  Data  Gb  ir_receiver.o [1]
RC_h                    0x00010b    0x4  Data  Gb  ir_receiver.o [1]
Region$$Table$$Base     0x0098d8          --   Gb  - Linker created -
Region$$Table$$Limit    0x0098ee          --   Gb  - Linker created -
SPI_IRQHandler          0x009d5b    0x1  Code  Gb  stm8s_it.o [1]
System_Init             0x009735   0x2a  Code  Gb  main.o [1]
TIM1_CAP_COM_IRQHandler
                        0x009d5c    0x1  Code  Gb  stm8s_it.o [1]
TIM1_ClearFlag          0x00975f   0x29  Code  Gb  stm8s_tim1.o [1]
TIM1_Cmd                0x0099e1   0x16  Code  Gb  stm8s_tim1.o [1]
TIM1_GetITStatus        0x009208   0x4c  Code  Gb  stm8s_tim1.o [1]
TIM1_ITConfig           0x009624   0x31  Code  Gb  stm8s_tim1.o [1]
TIM1_TimeBaseInit       0x0091bc   0x4c  Code  Gb  stm8s_tim1.o [1]
TIM1_UPD_OVF_TRG_BRK_IRQHandler
                        0x0098ee   0x20  Code  Gb  stm8s_it.o [1]
TIM2_ARRPreloadConfig   0x009a0d   0x16  Code  Gb  stm8s_tim2.o [1]
TIM2_CAP_COM_IRQHandler
                        0x009d5e    0x1  Code  Gb  stm8s_it.o [1]
TIM2_Cmd                0x0099f7   0x16  Code  Gb  stm8s_tim2.o [1]
TIM2_OC1Init            0x008fdc   0x6f  Code  Gb  stm8s_tim2.o [1]
TIM2_OC1PreloadConfig   0x009a23   0x16  Code  Gb  stm8s_tim2.o [1]
TIM2_OC3Init            0x00904b   0x6f  Code  Gb  stm8s_tim2.o [1]
TIM2_OC3PreloadConfig   0x009a39   0x16  Code  Gb  stm8s_tim2.o [1]
TIM2_SetCompare1        0x009c56    0x9  Code  Gb  stm8s_tim2.o [1]
TIM2_TimeBaseInit       0x009cb5    0x7  Code  Gb  stm8s_tim2.o [1]
TIM2_UPD_OVF_BRK_IRQHandler
                        0x009d5d    0x1  Code  Gb  stm8s_it.o [1]
TIM4_UPD_OVF_IRQHandler
                        0x009d61    0x1  Code  Gb  stm8s_it.o [1]
TLI_IRQHandler          0x009d53    0x1  Code  Gb  stm8s_it.o [1]
TRAP_IRQHandler         0x009d52    0x1  Code  Gb  stm8s_it.o [1]
Task_Init               0x0094e6   0x37  Code  Gb  main.o [1]
Task_Manager_AddTask    0x009ac1   0x10  Code  Gb  TaskManager.o [1]
Task_Manager_PerformTask
                        0x00990e   0x20  Code  Gb  TaskManager.o [1]
Test_IR_Receiver        0x009a77   0x13  Code  Gb  main.o [1]
Timer_Counter_GetCounter
                        0x009ce1    0x6  Code  Gb  timer_counter.o [1]
Timer_Counter_IncreaseCounter
                        0x009aff    0xf  Code  Gb  timer_counter.o [1]
Timer_Counter_Init      0x009c00    0xb  Code  Gb  timer_counter.o [1]
Timer_PWM_IR_Transmitter_Init
                        0x0098b6   0x22  Code  Gb  timer_pwm.o [1]
Timer_PWM_Init          0x00951d   0x37  Code  Gb  timer_pwm.o [1]
Timer_PWM_Update_Period
                        0x009378   0x45  Code  Gb  timer_pwm.o [1]
Transport_GetRxBufferSize
                        0x009d30    0x4  Code  Gb  transport.o [1]
Transport_Init          0x0096b2   0x2d  Code  Gb  transport.o [1]
Transport_OutputDisable
                        0x009cff    0x6  Code  Gb  transport.o [1]
Transport_OutputEnable  0x009cf9    0x6  Code  Gb  transport.o [1]
Transport_RxPop         0x00984a   0x25  Code  Gb  transport.o [1]
Transport_RxPush        0x0097d8   0x27  Code  Gb  transport.o [1]
Transport_TxPop         0x009655   0x30  Code  Gb  transport.o [1]
Transport_Write         0x0092ea   0x47  Code  Gb  transport.o [1]
UART1_DeInit            0x00970a   0x2b  Code  Gb  stm8s_uart1.o [1]
UART1_GetITStatus       0x008f56   0x86  Code  Gb  stm8s_uart1.o [1]
UART1_ITConfig          0x008e37   0x95  Code  Gb  stm8s_uart1.o [1]
UART1_Init              0x0083d1  0x1b7  Code  Gb  stm8s_uart1.o [1]
UART1_RX_IRQHandler     0x00992e   0x1f  Code  Gb  stm8s_it.o [1]
UART1_ReceiveData8      0x009d28    0x4  Code  Gb  stm8s_uart1.o [1]
UART1_SendData8         0x009d2c    0x4  Code  Gb  stm8s_uart1.o [1]
UART1_TX_IRQHandler     0x0095f2   0x32  Code  Gb  stm8s_it.o [1]
__exit                  0x009d4e    0x2  Code  Gb  xxexit.o [3]
__iar_copy_init2        0x0097b0         Code  Gb  init_small.o [4]
__iar_data_init2        0x009a63   0x14  Code  Gb  init.o [4]
__iar_program_start     0x009a8a         Code  Gb  cstartup.o [4]
__iar_unhandled_exception
                        0x009d49         Code  Gb  unhandled_exception.o [4]
__iar_zero_init2        0x00998a         Code  Gb  init_small.o [4]
__intvec                0x008000         Data  Gb  interrupt.o [4]
__low_level_init        0x009d43    0x3  Code  Gb  low_level_init.o [4]
_exit                   0x009d0f         Code  Gb  cexit.o [4]
_interrupt_1            0x009d52         Code  Gb  stm8s_it.o [1]
_interrupt_12           0x009d5b         Code  Gb  stm8s_it.o [1]
_interrupt_13           0x0098ee         Code  Gb  stm8s_it.o [1]
_interrupt_14           0x009d5c         Code  Gb  stm8s_it.o [1]
_interrupt_15           0x009d5d         Code  Gb  stm8s_it.o [1]
_interrupt_16           0x009d5e         Code  Gb  stm8s_it.o [1]
_interrupt_19           0x0095f2         Code  Gb  stm8s_it.o [1]
_interrupt_2            0x009d53         Code  Gb  stm8s_it.o [1]
_interrupt_20           0x00992e         Code  Gb  stm8s_it.o [1]
_interrupt_21           0x009d5f         Code  Gb  stm8s_it.o [1]
_interrupt_24           0x009d60         Code  Gb  stm8s_it.o [1]
_interrupt_25           0x009d61         Code  Gb  stm8s_it.o [1]
_interrupt_26           0x009d62         Code  Gb  stm8s_it.o [1]
_interrupt_3            0x009d54         Code  Gb  stm8s_it.o [1]
_interrupt_4            0x009d55         Code  Gb  stm8s_it.o [1]
_interrupt_5            0x009d56         Code  Gb  stm8s_it.o [1]
_interrupt_6            0x009d57         Code  Gb  stm8s_it.o [1]
_interrupt_7            0x009d58         Code  Gb  stm8s_it.o [1]
_interrupt_8            0x009d59         Code  Gb  stm8s_it.o [1]
_interrupt_9            0x009d5a         Code  Gb  stm8s_it.o [1]
active_period           0x000117    0x4  Data  Gb  timer_pwm.o [1]
alpha                   0x000107    0x4  Data  Gb  ir_receiver.o [1]
assert_failed           0x009825   0x25  Code  Gb  main.o [1]
assert_failed::counter  0x00010f    0x4  Data  Lc  main.o [1]
change_factor           0x00011b    0x4  Data  Gb  timer_pwm.o [1]
cmd_cnt                 0x000131    0x1  Data  Gb  commands.o [1]
cmd_push                0x009554   0x36  Code  Gb  commands.o [1]
cmd_rd_idx              0x000130    0x1  Data  Gb  commands.o [1]
cmd_wr_idx              0x00012f    0x1  Data  Gb  commands.o [1]
commands                0x0000de   0x14  Data  Gb  commands.o [1]
control_state           0x000138    0x1  Data  Gb  nodecontrol.o [1]
detected_node_index     0x000136    0x1  Data  Gb  nodecontrol.o [1]
detected_time_stamp     0x0000f7    0x4  Data  Gb  ir_receiver.o [1]
detecting_pulse         0x00868c   0x3c  Code  Gb  ir_receiver.o [1]
detecting_pulse::direction
                        0x000132    0x1  Data  Lc  ir_receiver.o [1]
detecting_pulse::previous_v
                        0x000123    0x2  Data  Lc  ir_receiver.o [1]
dt                      0x000103    0x4  Data  Gb  ir_receiver.o [1]
exit                    0x009d46    0x3  Code  Gb  exit.o [4]
gpio_state              0x000011    0x1  Data  Gb  timer_pwm.o [1]
is_configured           0x00013a    0x1  Data  Gb  timer_pwm.o [1]
lowpass_filter::filtered_value
                        0x000121    0x2  Data  Lc  ir_receiver.o [1]
main                    0x009170   0x4c  Code  Gb  main.o [1]
node_state              0x000127    0x2  Data  Gb  nodestatemanager.o [1]
nodes                   0x000012   0x64  Data  Gb  nodecontrol.o [1]
process_command         0x009474   0x39  Code  Gb  nodecontrol.o [1]
process_ir_signal       0x008588   0x99  Code  Gb  ir_receiver.o [1]
process_ir_signal::stable_marker
                        0x00011f    0x2  Data  Lc  ir_receiver.o [1]
process_node_input_state
                        0x008be3   0xf3  Code  Gb  nodecontrol.o [1]
query_node_state        0x00929f   0x4b  Code  Gb  nodecontrol.o [1]
running_mode            0x000133    0x1  Data  Gb  ir_transmitter.o [1]
running_mode            0x000135    0x1  Data  Lc  led_controller.o [1]
rx_buff                 0x000076   0x40  Data  Gb  transport.o [1]
rx_cnt                  0x00013d    0x1  Data  Gb  transport.o [1]
rx_rd_idx               0x00013c    0x1  Data  Gb  transport.o [1]
rx_wr_idx               0x00013b    0x1  Data  Gb  transport.o [1]
signal_state            0x0000f2    0x5  Data  Gb  ir_receiver.o [1]
state_node_query_index  0x000137    0x1  Data  Gb  nodecontrol.o [1]
task_Index              0x000139    0x1  Data  Gb  TaskManager.o [1]
tasks                   0x0000b6   0x28  Data  Gb  TaskManager.o [1]
time_prescaler          0x000010    0x1  Data  Gb  ir_transmitter.o [1]
timeout                 0x000125    0x2  Data  Lc  nodecontrol.o [1]
timer_counter           0x0000fb    0x4  Data  Gb  ir_receiver.o [1]
timer_counter           0x000113    0x4  Data  Lc  timer_counter.o [1]
tx_buff                 0x00013e  0x100  Data  Gb  transport.o [1]
tx_cnt                  0x00012d    0x2  Data  Gb  transport.o [1]
tx_rd_idx               0x00012b    0x2  Data  Gb  transport.o [1]
tx_wr_idx               0x000129    0x2  Data  Gb  transport.o [1]


[1] = E:\03-DuAn\LedController\LedController\02-Software\RS485Master\Release\Obj
[2] = command line
[3] = dbgstm8smn.a
[4] = dlstm8smn.a

  7 277 bytes of readonly  code memory
    246 bytes of readonly  data memory
    830 bytes of readwrite data memory

Errors: none
Warnings: none
