###############################################################################
#
# IAR ELF Linker V3.10.1.201 for STM8                     18/Jan/2019  15:53:12
# Copyright 2010-2017 IAR Systems AB.
#
#    Output file  =  
#        E:\DATA\03-DuAn\02-LedController\LedController\02-Software\RS485Master\Release\Exe\RS485.out
#    Map file     =  
#        E:\DATA\03-DuAn\02-LedController\LedController\02-Software\RS485Master\Release\List\RS485.map
#    Command line =  
#        -f C:\Users\PM-HUN~1\AppData\Local\Temp\EW8642.tmp
#        (E:\DATA\03-DuAn\02-LedController\LedController\02-Software\RS485Master\Release\Obj\commands.o
#        E:\DATA\03-DuAn\02-LedController\LedController\02-Software\RS485Master\Release\Obj\gpio_util.o
#        E:\DATA\03-DuAn\02-LedController\LedController\02-Software\RS485Master\Release\Obj\ir_receiver.o
#        E:\DATA\03-DuAn\02-LedController\LedController\02-Software\RS485Master\Release\Obj\ir_transmitter.o
#        E:\DATA\03-DuAn\02-LedController\LedController\02-Software\RS485Master\Release\Obj\led_controller.o
#        E:\DATA\03-DuAn\02-LedController\LedController\02-Software\RS485Master\Release\Obj\main.o
#        E:\DATA\03-DuAn\02-LedController\LedController\02-Software\RS485Master\Release\Obj\nodecontrol.o
#        E:\DATA\03-DuAn\02-LedController\LedController\02-Software\RS485Master\Release\Obj\nodestatemanager.o
#        E:\DATA\03-DuAn\02-LedController\LedController\02-Software\RS485Master\Release\Obj\stm8s_adc1.o
#        E:\DATA\03-DuAn\02-LedController\LedController\02-Software\RS485Master\Release\Obj\stm8s_clk.o
#        E:\DATA\03-DuAn\02-LedController\LedController\02-Software\RS485Master\Release\Obj\stm8s_gpio.o
#        E:\DATA\03-DuAn\02-LedController\LedController\02-Software\RS485Master\Release\Obj\stm8s_it.o
#        E:\DATA\03-DuAn\02-LedController\LedController\02-Software\RS485Master\Release\Obj\stm8s_itc.o
#        E:\DATA\03-DuAn\02-LedController\LedController\02-Software\RS485Master\Release\Obj\stm8s_tim1.o
#        E:\DATA\03-DuAn\02-LedController\LedController\02-Software\RS485Master\Release\Obj\stm8s_tim2.o
#        E:\DATA\03-DuAn\02-LedController\LedController\02-Software\RS485Master\Release\Obj\stm8s_uart1.o
#        E:\DATA\03-DuAn\02-LedController\LedController\02-Software\RS485Master\Release\Obj\TaskManager.o
#        E:\DATA\03-DuAn\02-LedController\LedController\02-Software\RS485Master\Release\Obj\timer_counter.o
#        E:\DATA\03-DuAn\02-LedController\LedController\02-Software\RS485Master\Release\Obj\timer_pwm.o
#        E:\DATA\03-DuAn\02-LedController\LedController\02-Software\RS485Master\Release\Obj\transport.o
#        --redirect _Printf=_PrintfFullNoMb --redirect _Scanf=_ScanfFullNoMb -o
#        E:\DATA\03-DuAn\02-LedController\LedController\02-Software\RS485Master\Release\Exe\RS485.out
#        --strip --map
#        E:\DATA\03-DuAn\02-LedController\LedController\02-Software\RS485Master\Release\List\RS485.map
#        --config "C:\Program Files (x86)\IAR Systems\Embedded Workbench
#        8.0\stm8\config\lnkstm8s003f3.icf" --config_def _CSTACK_SIZE=0x100
#        --config_def _HEAP_SIZE=0x100 --entry __iar_program_start)
#
###############################################################################

*******************************************************************************
*** RUNTIME MODEL ATTRIBUTES
***

__SystemLibrary            = DLib
__code_model               = small
__core                     = stm8
__data_model               = medium
__dlib_file_descriptor     = 0
__dlib_full_locale_support = 0
__rt_version               = 4


*******************************************************************************
*** PLACEMENT SUMMARY
***

"A0":  place at start of [0x000000-0x0000ff] { rw section .vregs };
"A1":  place at end of [0x000000-0x0003ff] { block CSTACK };
"P2":  place in [from 0x000000 to 0x0003ff] {
          block HEAP, rw section __DLIB_PERTHREAD, rw section .far.bss,
          rw section .far.data, rw section .far.noinit,
          rw section .far_func.textrw, rw section .huge.bss,
          rw section .huge.data, rw section .huge.noinit,
          rw section .huge_func.textrw, rw section .iar.dynexit,
          rw section .near.bss, rw section .near.data, rw section .near.noinit,
          rw section .near_func.textrw };
"A2":  place at start of [0x008000-0x009fff] { block INTVEC };
"P3":  place in [from 0x008000 to 0x009fff] {
          ro section __DLIB_PERTHREAD_init, ro section .far.data_init,
          ro section .far_func.textrw_init, ro section .huge.data_init,
          ro section .huge_func.textrw_init, ro section .iar.init_table,
          ro section .init_array, ro section .near.data_init,
          ro section .near.rodata, ro section .near_func.text,
          ro section .near_func.textrw_init, ro section .tiny.data_init,
          ro section .tiny.rodata_init };
"P4":  place in [from 0x008000 to 0x009fff] {
          ro section .far.rodata, ro section .far_func.text };
"P5":  place in [from 0x008000 to 0x009fff] {
          ro section .huge.rodata, ro section .huge_func.text };
do not initialize {
   rw section .eeprom.noinit, rw section .far.noinit, rw section .huge.noinit,
   rw section .near.noinit, rw section .tiny.noinit, rw section .vregs };
initialize by copy {
   rw section .far.bss, rw section .far.data, rw section .far_func.textrw,
   rw section .huge.bss, rw section .huge.data, rw section .huge_func.textrw,
   rw section .iar.dynexit, rw section .near.bss, rw section .near.data,
   rw section .near_func.textrw, rw section .tiny.bss, rw section .tiny.data,
   ro section .tiny.rodata };

  Section            Kind      Address    Size  Object
  -------            ----      -------    ----  ------
"A0":                                     0x10
  .vregs             uninit   0x000000    0x10  vregs.o [4]
                            - 0x000010    0x10

"P2", part 1 of 3:                         0x1
  P2-1                        0x000010     0x1  <Init block>
    .near.data       inited   0x000010     0x1  ir_transmitter.o [1]
                            - 0x000011     0x1

"P2", part 2 of 3:                       0x131
  .near.bss          zero     0x000011    0x64  nodecontrol.o [1]
  .near.bss          zero     0x000075    0x40  transport.o [1]
  .near.bss          zero     0x0000b5    0x28  TaskManager.o [1]
  .near.bss          zero     0x0000dd    0x14  commands.o [1]
  .near.bss          zero     0x0000f1     0x5  ir_receiver.o [1]
  .near.bss          zero     0x0000f6     0x4  ir_receiver.o [1]
  .near.bss          zero     0x0000fa     0x4  ir_receiver.o [1]
  .near.bss          zero     0x0000fe     0x4  ir_receiver.o [1]
  .near.bss          zero     0x000102     0x4  ir_receiver.o [1]
  .near.bss          zero     0x000106     0x4  ir_receiver.o [1]
  .near.bss          zero     0x00010a     0x4  ir_receiver.o [1]
  .near.bss          zero     0x00010e     0x4  main.o [1]
  .near.bss          zero     0x000112     0x4  timer_counter.o [1]
  .near.bss          zero     0x000116     0x4  timer_pwm.o [1]
  .near.bss          zero     0x00011a     0x4  timer_pwm.o [1]
  .near.bss          zero     0x00011e     0x2  ir_receiver.o [1]
  .near.bss          zero     0x000120     0x2  ir_receiver.o [1]
  .near.bss          zero     0x000122     0x2  ir_receiver.o [1]
  .near.bss          zero     0x000124     0x2  ir_receiver.o [1]
  .near.bss          zero     0x000126     0x2  ir_receiver.o [1]
  .near.bss          zero     0x000128     0x2  nodecontrol.o [1]
  .near.bss          zero     0x00012a     0x2  nodestatemanager.o [1]
  .near.bss          zero     0x00012c     0x2  transport.o [1]
  .near.bss          zero     0x00012e     0x2  transport.o [1]
  .near.bss          zero     0x000130     0x2  transport.o [1]
  .near.bss          zero     0x000132     0x1  commands.o [1]
  .near.bss          zero     0x000133     0x1  commands.o [1]
  .near.bss          zero     0x000134     0x1  commands.o [1]
  .near.bss          zero     0x000135     0x1  ir_receiver.o [1]
  .near.bss          zero     0x000136     0x1  ir_transmitter.o [1]
  .near.bss          zero     0x000137     0x1  ir_transmitter.o [1]
  .near.bss          zero     0x000138     0x1  led_controller.o [1]
  .near.bss          zero     0x000139     0x1  nodecontrol.o [1]
  .near.bss          zero     0x00013a     0x1  nodecontrol.o [1]
  .near.bss          zero     0x00013b     0x1  nodecontrol.o [1]
  .near.bss          zero     0x00013c     0x1  TaskManager.o [1]
  .near.bss          zero     0x00013d     0x1  timer_pwm.o [1]
  .near.bss          zero     0x00013e     0x1  timer_pwm.o [1]
  .near.bss          zero     0x00013f     0x1  transport.o [1]
  .near.bss          zero     0x000140     0x1  transport.o [1]
  .near.bss          zero     0x000141     0x1  transport.o [1]
                            - 0x000142   0x131

"P2", part 3 of 3:                       0x100
  .near.bss          zero     0x000142   0x100  transport.o [1]
                            - 0x000242   0x100

"A1":                                    0x100
  CSTACK                      0x000300   0x100  <Block>
    CSTACK           uninit   0x000300   0x100  <Block tail>
                            - 0x000400   0x100

"A2":                                     0x80
  INTVEC                      0x008000    0x80  <Block>
    .intvec          const    0x008000    0x80  interrupt.o [4]
                            - 0x008080    0x80

"P3-P5":                                0x1db5
  .near_func.text    ro code  0x008080   0x351  float.o [4]
  .near_func.text    ro code  0x0083d1   0x1c5  ir_receiver.o [1]
  .near_func.text    ro code  0x008596   0x1b7  stm8s_uart1.o [1]
  .near_func.text    ro code  0x00874d   0x176  long.o [4]
  .near_func.text    ro code  0x0088c3   0x124  stm8s_adc1.o [1]
  .near_func.text    ro code  0x0089e7   0x116  nodecontrol.o [1]
  .near_func.text    ro code  0x008afd   0x115  stm8s_itc.o [1]
  .near_func.text    ro code  0x008c12   0x10c  vreg_util.o [4]
  .near_func.text    ro code  0x008d1e    0xb1  stm8s_gpio.o [1]
  .near_func.text    ro code  0x008dcf    0xb0  stm8s_adc1.o [1]
  .near_func.text    ro code  0x008e7f    0x95  stm8s_uart1.o [1]
  .near_func.text    ro code  0x008f14    0x8a  stm8s_adc1.o [1]
  .near_func.text    ro code  0x008f9e    0x86  stm8s_uart1.o [1]
  .near_func.text    ro code  0x009024    0x6f  stm8s_tim2.o [1]
  .near_func.text    ro code  0x009093    0x6f  stm8s_tim2.o [1]
  .near_func.text    ro code  0x009102    0x5e  stm8s_clk.o [1]
  .near_func.text    ro code  0x009160    0x58  nodecontrol.o [1]
  .near_func.text    ro code  0x0091b8    0x4c  main.o [1]
  .near_func.text    ro code  0x009204    0x4c  stm8s_tim1.o [1]
  .near_func.text    ro code  0x009250    0x4c  stm8s_tim1.o [1]
  .near_func.text    ro code  0x00929c    0x4b  commands.o [1]
  .near_func.text    ro code  0x0092e7    0x4b  nodecontrol.o [1]
  .near_func.text    ro code  0x009332    0x47  transport.o [1]
  .near_func.text    ro code  0x009379    0x47  long_util.o [4]
  .near_func.text    ro code  0x0093c0    0x41  timer_pwm.o [1]
  .near_func.text    ro code  0x009401    0x3f  stm8s_adc1.o [1]
  .near_func.text    ro code  0x009440    0x3d  main.o [1]
  .near_func.text    ro code  0x00947d    0x3d  stm8s_adc1.o [1]
  .near_func.text    ro code  0x0094ba    0x3b  stm8s_clk.o [1]
  .near_func.text    ro code  0x0094f5    0x3a  led_controller.o [1]
  .near_func.text    ro code  0x00952f    0x39  nodecontrol.o [1]
  .near_func.text    ro code  0x009568    0x39  stm8s_adc1.o [1]
  .near_func.text    ro code  0x0095a1    0x37  timer_pwm.o [1]
  .near_func.text    ro code  0x0095d8    0x36  commands.o [1]
  .near_func.text    ro code  0x00960e    0x34  commands.o [1]
  .near_func.text    ro code  0x009642    0x34  nodecontrol.o [1]
  .near_func.text    ro code  0x009676    0x32  stm8s_it.o [1]
  .near_func.text    ro code  0x0096a8    0x31  stm8s_tim1.o [1]
  .near_func.text    ro code  0x0096d9    0x30  transport.o [1]
  .near_func.text    ro code  0x009709    0x2d  ir_transmitter.o [1]
  .near_func.text    ro code  0x009736    0x2d  transport.o [1]
  .near_func.text    ro code  0x009763    0x2b  gpio_util.o [1]
  .near_func.text    ro code  0x00978e    0x2b  stm8s_uart1.o [1]
  .near_func.text    ro code  0x0097b9    0x2a  main.o [1]
  .near_func.text    ro code  0x0097e3    0x29  stm8s_tim1.o [1]
  .near_func.text    ro code  0x00980c    0x28  stm8s_clk.o [1]
  .near_func.text    ro code  0x009834    0x28  init_small.o [4]
  .near_func.text    ro code  0x00985c    0x27  transport.o [1]
  .near_func.text    ro code  0x009883    0x26  nodecontrol.o [1]
  .near_func.text    ro code  0x0098a9    0x25  main.o [1]
  .near_func.text    ro code  0x0098ce    0x25  transport.o [1]
  .near_func.text    ro code  0x0098f3    0x25  dc_util.o [4]
  .near_func.text    ro code  0x009918    0x22  ir_transmitter.o [1]
  .near_func.text    ro code  0x00993a    0x22  timer_pwm.o [1]
  .near_func.text    ro code  0x00995c    0x21  stm8s_itc.o [1]
  .iar.init_table    const    0x00997d    0x16  - Linker created -
  .near_func.text    ro code  0x009993    0x20  stm8s_it.o [1]
  .near_func.text    ro code  0x0099b3    0x20  TaskManager.o [1]
  .near_func.text    ro code  0x0099d3    0x1f  stm8s_it.o [1]
  .near_func.text    ro code  0x0099f2    0x1f  move.o [4]
  .near_func.text    ro code  0x009a11    0x1e  commands.o [1]
  .near_func.text    ro code  0x009a2f    0x1e  init_small.o [4]
  .near_func.text    ro code  0x009a4d    0x1d  timer_counter.o [1]
  .near_func.text    ro code  0x009a6a    0x1c  led_controller.o [1]
  .near_func.text    ro code  0x009a86    0x16  stm8s_tim1.o [1]
  .near_func.text    ro code  0x009a9c    0x16  stm8s_tim2.o [1]
  .near_func.text    ro code  0x009ab2    0x16  stm8s_tim2.o [1]
  .near_func.text    ro code  0x009ac8    0x16  stm8s_tim2.o [1]
  .near_func.text    ro code  0x009ade    0x16  stm8s_tim2.o [1]
  .near_func.text    ro code  0x009af4    0x14  short.o [4]
  .near_func.text    ro code  0x009b08    0x14  init.o [4]
  .near_func.text    ro code  0x009b1c    0x13  main.o [1]
  .near_func.text    ro code  0x009b2f    0x13  cstartup.o [4]
  .near_func.text    ro code  0x009b42    0x12  nodestatemanager.o [1]
  .near_func.text    ro code  0x009b54    0x12  timer_pwm.o [1]
  .near_func.text    ro code  0x009b66    0x12  transport.o [1]
  .near_func.text    ro code  0x009b78    0x11  main.o [1]
  .near_func.text    ro code  0x009b89    0x10  TaskManager.o [1]
  .near_func.text    ro code  0x009b99    0x10  transport.o [1]
  .near_func.text    ro code  0x009ba9     0xf  stm8s_itc.o [1]
  .near_func.text    ro code  0x009bb8     0xf  stm8s_tim2.o [1]
  .near_func.text    ro code  0x009bc7     0xf  timer_counter.o [1]
  .near.rodata       const    0x009bd6     0xe  stm8s_uart1.o [1]
  .near_func.text    ro code  0x009be4     0xe  transport.o [1]
  .near.rodata       const    0x009bf2     0xd  stm8s_adc1.o [1]
  .near.rodata       const    0x009bff     0xd  stm8s_gpio.o [1]
  .near.rodata       const    0x009c0c     0xd  stm8s_tim1.o [1]
  .near.rodata       const    0x009c19     0xd  stm8s_tim2.o [1]
  .near_func.text    ro code  0x009c26     0xd  stm8s_tim2.o [1]
  .near.rodata       const    0x009c33     0xc  stm8s_clk.o [1]
  .near.rodata       const    0x009c3f     0xc  stm8s_itc.o [1]
  .near_func.text    ro code  0x009c4b     0xc  timer_pwm.o [1]
  .near_func.text    ro code  0x009c57     0xb  stm8s_adc1.o [1]
  .near_func.text    ro code  0x009c62     0xb  stm8s_clk.o [1]
  .near_func.text    ro code  0x009c6d     0xb  stm8s_gpio.o [1]
  .near_func.text    ro code  0x009c78     0xb  stm8s_itc.o [1]
  .near_func.text    ro code  0x009c83     0xb  stm8s_tim1.o [1]
  .near_func.text    ro code  0x009c8e     0xb  stm8s_tim2.o [1]
  .near_func.text    ro code  0x009c99     0xb  stm8s_tim2.o [1]
  .near_func.text    ro code  0x009ca4     0xb  stm8s_tim2.o [1]
  .near_func.text    ro code  0x009caf     0xb  stm8s_uart1.o [1]
  .near_func.text    ro code  0x009cba     0xb  timer_counter.o [1]
  .near_func.text    ro code  0x009cc5     0xa  main.o [1]
  .near_func.text    ro code  0x009ccf     0xa  timer_pwm.o [1]
  .near_func.text    ro code  0x009cd9     0xa  char.o [4]
  .near_func.text    ro code  0x009ce3     0x9  nodestatemanager.o [1]
  .near_func.text    ro code  0x009cec     0x9  stm8s_adc1.o [1]
  .near_func.text    ro code  0x009cf5     0x9  stm8s_adc1.o [1]
  .near_func.text    ro code  0x009cfe     0x9  stm8s_clk.o [1]
  .near_func.text    ro code  0x009d07     0x9  stm8s_tim2.o [1]
  .near_func.text    ro code  0x009d10     0x9  stm8s_tim2.o [1]
  .near_func.text    ro code  0x009d19     0x9  stm8s_uart1.o [1]
  .near_func.text    ro code  0x009d22     0x8  main.o [1]
  .near_func.text    ro code  0x009d2a     0x8  stm8s_adc1.o [1]
  .near_func.text    ro code  0x009d32     0x8  stm8s_tim1.o [1]
  .near_func.text    ro code  0x009d3a     0x8  stm8s_uart1.o [1]
  .near_func.text    ro code  0x009d42     0x8  stm8s_uart1.o [1]
  .near_func.text    ro code  0x009d4a     0x8  transport.o [1]
  .near_func.text    ro code  0x009d52     0x8  transport.o [1]
  .near_func.text    ro code  0x009d5a     0x7  gpio_util.o [1]
  .near_func.text    ro code  0x009d61     0x7  stm8s_gpio.o [1]
  .near_func.text    ro code  0x009d68     0x7  stm8s_it.o [1]
  .near_func.text    ro code  0x009d6f     0x7  stm8s_tim2.o [1]
  .near_func.text    ro code  0x009d76     0x7  transport.o [1]
  .near_func.text    ro code  0x009d7d     0x6  led_controller.o [1]
  .near_func.text    ro code  0x009d83     0x6  led_controller.o [1]
  .near_func.text    ro code  0x009d89     0x6  main.o [1]
  .near_func.text    ro code  0x009d8f     0x6  nodecontrol.o [1]
  .near_func.text    ro code  0x009d95     0x6  stm8s_tim1.o [1]
  .near_func.text    ro code  0x009d9b     0x6  stm8s_uart1.o [1]
  .near_func.text    ro code  0x009da1     0x6  timer_counter.o [1]
  .near_func.text    ro code  0x009da7     0x6  timer_pwm.o [1]
  .near_func.text    ro code  0x009dad     0x6  transport.o [1]
  .near_func.text    ro code  0x009db3     0x6  transport.o [1]
  .near_func.text    ro code  0x009db9     0x6  transport.o [1]
  .near_func.text    ro code  0x009dbf     0x6  transport.o [1]
  .near_func.text    ro code  0x009dc5     0x5  stm8s_adc1.o [1]
  .near_func.text    ro code  0x009dca     0x5  stm8s_tim1.o [1]
  .near_func.text    ro code  0x009dcf     0x5  cexit.o [4]
  .near.rodata       const    0x009dd4     0x4  stm8s_clk.o [1]
  .near_func.text    ro code  0x009dd8     0x4  ir_receiver.o [1]
  .near_func.text    ro code  0x009ddc     0x4  ir_transmitter.o [1]
  .near_func.text    ro code  0x009de0     0x4  led_controller.o [1]
  .near_func.text    ro code  0x009de4     0x4  nodestatemanager.o [1]
  .near_func.text    ro code  0x009de8     0x4  nodestatemanager.o [1]
  .near_func.text    ro code  0x009dec     0x4  nodestatemanager.o [1]
  .near_func.text    ro code  0x009df0     0x4  stm8s_gpio.o [1]
  .near_func.text    ro code  0x009df4     0x4  stm8s_uart1.o [1]
  .near_func.text    ro code  0x009df8     0x4  stm8s_uart1.o [1]
  .near_func.text    ro code  0x009dfc     0x4  timer_pwm.o [1]
  .near_func.text    ro code  0x009e00     0x4  transport.o [1]
  .near_func.text    ro code  0x009e04     0x3  gpio_util.o [1]
  .near_func.text    ro code  0x009e07     0x3  gpio_util.o [1]
  .near_func.text    ro code  0x009e0a     0x3  gpio_util.o [1]
  .near_func.text    ro code  0x009e0d     0x3  gpio_util.o [1]
  .near_func.text    ro code  0x009e10     0x3  stm8s_itc.o [1]
  .near_func.text    ro code  0x009e13     0x3  interrupt.o [4]
  .near_func.text    ro code  0x009e16     0x3  low_level_init.o [4]
  .near_func.text    ro code  0x009e19     0x3  exit.o [4]
  .near_func.text    ro code  0x009e1c     0x3  unhandled_exception.o [4]
  .near_func.text    ro code  0x009e1f     0x2  stm8s_gpio.o [1]
  .near_func.text    ro code  0x009e21     0x2  xxexit.o [3]
  .near_func.text    ro code  0x009e23     0x1  stm8s_it.o [1]
  .near_func.text    ro code  0x009e24     0x1  stm8s_it.o [1]
  .near_func.text    ro code  0x009e25     0x1  stm8s_it.o [1]
  .near_func.text    ro code  0x009e26     0x1  stm8s_it.o [1]
  .near_func.text    ro code  0x009e27     0x1  stm8s_it.o [1]
  .near_func.text    ro code  0x009e28     0x1  stm8s_it.o [1]
  .near_func.text    ro code  0x009e29     0x1  stm8s_it.o [1]
  .near_func.text    ro code  0x009e2a     0x1  stm8s_it.o [1]
  .near_func.text    ro code  0x009e2b     0x1  stm8s_it.o [1]
  .near_func.text    ro code  0x009e2c     0x1  stm8s_it.o [1]
  .near_func.text    ro code  0x009e2d     0x1  stm8s_it.o [1]
  .near_func.text    ro code  0x009e2e     0x1  stm8s_it.o [1]
  .near_func.text    ro code  0x009e2f     0x1  stm8s_it.o [1]
  .near_func.text    ro code  0x009e30     0x1  stm8s_it.o [1]
  .near_func.text    ro code  0x009e31     0x1  stm8s_it.o [1]
  .near_func.text    ro code  0x009e32     0x1  stm8s_it.o [1]
  .near_func.text    ro code  0x009e33     0x1  stm8s_it.o [1]
  Initializer bytes  const    0x009e34     0x1  <for P2-1>
                            - 0x009e35  0x1db5


*******************************************************************************
*** INIT TABLE
***

          Address   Size
          -------   ----
Zero (__iar_zero_init2)
    2 destination ranges, total size 0x231:
          0x000011  0x131
          0x000142  0x100

Copy (__iar_copy_init2)
    1 source range, total size 0x1:
          0x009e34    0x1
    1 destination range, total size 0x1:
          0x000010    0x1



*******************************************************************************
*** MODULE SUMMARY
***

    Module                 ro code  ro data  rw data
    ------                 -------  -------  -------
E:\DATA\03-DuAn\02-LedController\LedController\02-Software\RS485Master\Release\Obj: [1]
    TaskManager.o               48                41
    commands.o                 211                23
    gpio_util.o                 62
    ir_receiver.o              457                40
    ir_transmitter.o            83        1        3
    led_controller.o           102                 1
    main.o                     276                 4
    nodecontrol.o              594               105
    nodestatemanager.o          39                 2
    stm8s_adc1.o               829       13
    stm8s_clk.o                213       16
    stm8s_gpio.o               201       13
    stm8s_it.o                 137
    stm8s_itc.o                339       12
    stm8s_tim1.o               294       13
    stm8s_tim2.o               396       13
    stm8s_uart1.o              815       14
    timer_counter.o             61                 4
    timer_pwm.o                204                10
    transport.o                339               329
    ------------------------------------------------
    Total:                   5 700       95      562

command line: [2]
    ------------------------------------------------
    Total:

dbgstm8smn.a: [3]
    xxexit.o                     2
    ------------------------------------------------
    Total:                       2

dlstm8smn.a: [4]
    cexit.o                      5
    char.o                      10
    cstartup.o                  19
    dc_util.o                   37
    exit.o                       3
    float.o                    849
    init.o                      20
    init_small.o                70
    interrupt.o                  3      128
    long.o                     374
    long_util.o                 71
    low_level_init.o             3
    move.o                      31
    short.o                     20
    unhandled_exception.o        3
    vreg_util.o                268
    vregs.o                                       16
    ------------------------------------------------
    Total:                   1 786      128       16

    Linker created                       22      256
----------------------------------------------------
    Grand Total:             7 488      245      834


*******************************************************************************
*** ENTRY LIST
***

Entry                    Address   Size  Type      Object
-----                    -------   ----  ----      ------
.iar.init_table$$Base   0x00997d          --   Gb  - Linker created -
.iar.init_table$$Limit  0x009993          --   Gb  - Linker created -
?add32_l0_l0_0x         0x008765         Code  Gb  long.o [4]
?add32_l0_l0_dl         0x008760         Code  Gb  long.o [4]
?b0                     0x000000         Data  Gb  vregs.o [4]
?b1                     0x000001         Data  Gb  vregs.o [4]
?b10                    0x00000a         Data  Gb  vregs.o [4]
?b11                    0x00000b         Data  Gb  vregs.o [4]
?b12                    0x00000c         Data  Gb  vregs.o [4]
?b13                    0x00000d         Data  Gb  vregs.o [4]
?b14                    0x00000e         Data  Gb  vregs.o [4]
?b15                    0x00000f         Data  Gb  vregs.o [4]
?b2                     0x000002         Data  Gb  vregs.o [4]
?b3                     0x000003         Data  Gb  vregs.o [4]
?b4                     0x000004         Data  Gb  vregs.o [4]
?b5                     0x000005         Data  Gb  vregs.o [4]
?b6                     0x000006         Data  Gb  vregs.o [4]
?b7                     0x000007         Data  Gb  vregs.o [4]
?b8                     0x000008         Data  Gb  vregs.o [4]
?b9                     0x000009         Data  Gb  vregs.o [4]
?dc32_l0                0x0098f3         Code  Gb  dc_util.o [4]
?dc32_l1                0x009900         Code  Gb  dc_util.o [4]
?dc32_px                0x00990d         Code  Gb  dc_util.o [4]
?e0                     0x000001         Data  Gb  vregs.o [4]
?e1                     0x000005         Data  Gb  vregs.o [4]
?e2                     0x000009         Data  Gb  vregs.o [4]
?e3                     0x00000d         Data  Gb  vregs.o [4]
?epilogue_l2            0x008cad         Code  Gb  vreg_util.o [4]
?epilogue_l2_l3         0x008caa         Code  Gb  vreg_util.o [4]
?epilogue_l2_w6         0x008cb1         Code  Gb  vreg_util.o [4]
?epilogue_w4            0x008cb8         Code  Gb  vreg_util.o [4]
?fadd32_l0_l0_0x        0x0080ab         Code  Gb  float.o [4]
?fadd32_l0_l0_l1        0x0080ae         Code  Gb  float.o [4]
?fcastf32u16_l0_x       0x008285         Code  Gb  float.o [4]
?fcasts16f32_x_l0       0x0082a3         Code  Gb  float.o [4]
?fcmpeq32_c_0x_fzero    0x008219         Code  Gb  float.o [4]
?fcmpge32_c_l0_0x       0x008226         Code  Gb  float.o [4]
?fcmpge32_c_l0_dc32     0x008221         Code  Gb  float.o [4]
?fcmplt32_c_l0_0x       0x00822f         Code  Gb  float.o [4]
?fcmplt32_c_l0_dc32     0x00822a         Code  Gb  float.o [4]
?fmul32_l0_l0_0x        0x008181         Code  Gb  float.o [4]
?fmul32_l0_l0_dc32      0x00817c         Code  Gb  float.o [4]
?fmul32_l0_l0_l1        0x008184         Code  Gb  float.o [4]
?fsub32_l0_dc32_l1      0x00809d         Code  Gb  float.o [4]
?fsub32_l0_l0_0x        0x0080a2         Code  Gb  float.o [4]
?fsub32_l0_l0_l1        0x0080a5         Code  Gb  float.o [4]
?inc32_0x_0x            0x008752         Code  Gb  long.o [4]
?inc32_l0_l0            0x00874d         Code  Gb  long.o [4]
?l0                     0x000000         Data  Gb  vregs.o [4]
?l1                     0x000004         Data  Gb  vregs.o [4]
?l2                     0x000008         Data  Gb  vregs.o [4]
?l3                     0x00000c         Data  Gb  vregs.o [4]
?load32_0x_l0           0x0093b2         Code  Gb  long_util.o [4]
?load32_asp_l0          0x0093a6         Code  Gb  long_util.o [4]
?load32_dbsp_l0         0x0093a1         Code  Gb  long_util.o [4]
?load32_l0_0x           0x009389         Code  Gb  long_util.o [4]
?load32_l0_asp          0x00937e         Code  Gb  long_util.o [4]
?load32_l0_dbsp         0x009379         Code  Gb  long_util.o [4]
?load32_l0_xsp          0x009380         Code  Gb  long_util.o [4]
?load32_l1_0x           0x009395         Code  Gb  long_util.o [4]
?load32_xsp_l0          0x0093a8         Code  Gb  long_util.o [4]
?longfarg16_v_w0_a      0x0099ff         Code  Gb  move.o [4]
?longfarg16_v_w0_x      0x009a01         Code  Gb  move.o [4]
?mov_e0_e1              0x008cc6         Code  Gb  vreg_util.o [4]
?mov_e0_e2              0x008cd3         Code  Gb  vreg_util.o [4]
?mov_e0_e3              0x008ce0         Code  Gb  vreg_util.o [4]
?mov_e1_e2              0x008ced         Code  Gb  vreg_util.o [4]
?mov_e1_e3              0x008cfa         Code  Gb  vreg_util.o [4]
?mov_e2_e0              0x008d07         Code  Gb  vreg_util.o [4]
?mov_e3_e0              0x008d14         Code  Gb  vreg_util.o [4]
?mov_l0_l1              0x008cc3         Code  Gb  vreg_util.o [4]
?mov_l0_l2              0x008cd0         Code  Gb  vreg_util.o [4]
?mov_l0_l3              0x008cdd         Code  Gb  vreg_util.o [4]
?mov_l1_l2              0x008cea         Code  Gb  vreg_util.o [4]
?mov_l1_l3              0x008cf7         Code  Gb  vreg_util.o [4]
?mov_l2_l0              0x008d04         Code  Gb  vreg_util.o [4]
?mov_l3_l0              0x008d11         Code  Gb  vreg_util.o [4]
?mov_w1_w3              0x008cc9         Code  Gb  vreg_util.o [4]
?mov_w1_w5              0x008cd6         Code  Gb  vreg_util.o [4]
?mov_w1_w7              0x008ce3         Code  Gb  vreg_util.o [4]
?mov_w3_w2              0x008cbc         Code  Gb  vreg_util.o [4]
?mov_w3_w5              0x008cf0         Code  Gb  vreg_util.o [4]
?mov_w3_w7              0x008cfd         Code  Gb  vreg_util.o [4]
?mov_w5_w1              0x008d0a         Code  Gb  vreg_util.o [4]
?mov_w7_w1              0x008d17         Code  Gb  vreg_util.o [4]
?move1616_v_x_y_a       0x0099f2         Code  Gb  move.o [4]
?mul32_l0_l0_0x         0x00879b         Code  Gb  long.o [4]
?mul32_l0_l0_dl         0x008798         Code  Gb  long.o [4]
?mul32_l0_l0_l1         0x0087a4         Code  Gb  long.o [4]
?pop_l0                 0x008c76         Code  Gb  vreg_util.o [4]
?pop_l1                 0x008c81         Code  Gb  vreg_util.o [4]
?pop_l2                 0x008c8c         Code  Gb  vreg_util.o [4]
?pop_l3                 0x008c97         Code  Gb  vreg_util.o [4]
?pop_w4                 0x008c2f         Code  Gb  vreg_util.o [4]
?pop_w6                 0x008c36         Code  Gb  vreg_util.o [4]
?push_l0                0x008c45         Code  Gb  vreg_util.o [4]
?push_l1                0x008c4a         Code  Gb  vreg_util.o [4]
?push_l2                0x008c4f         Code  Gb  vreg_util.o [4]
?push_l3                0x008c54         Code  Gb  vreg_util.o [4]
?push_w4                0x008c12         Code  Gb  vreg_util.o [4]
?push_w6                0x008c17         Code  Gb  vreg_util.o [4]
?sll16_x_x_4            0x009afe         Code  Gb  short.o [4]
?sll16_x_x_5            0x009afd         Code  Gb  short.o [4]
?sll16_x_x_6            0x009afc         Code  Gb  short.o [4]
?sll16_x_x_a            0x009af4         Code  Gb  short.o [4]
?sll32_0x_0x_a          0x0088b5         Code  Gb  long.o [4]
?sll32_l0_l0_a          0x0088b2         Code  Gb  long.o [4]
?sll8_a_a_b0            0x009cd9         Code  Gb  char.o [4]
?srl16_x_x_4            0x009b03         Code  Gb  short.o [4]
?sub32_l0_l0_0x         0x008780         Code  Gb  long.o [4]
?sub32_l0_l0_l1         0x00877d         Code  Gb  long.o [4]
?ucmp32_c_l0_0x         0x008897         Code  Gb  long.o [4]
?ucmp32_c_l0_l1         0x0088a7         Code  Gb  long.o [4]
?udiv32_l0_dl_l1        0x008822         Code  Gb  long.o [4]
?udiv32_l0_l0_dl        0x008827         Code  Gb  long.o [4]
?udiv32_l0_l0_l1        0x00882a         Code  Gb  long.o [4]
?umod32_l1_l0_l1        0x00882a         Code  Gb  long.o [4]
?w0                     0x000000         Data  Gb  vregs.o [4]
?w1                     0x000002         Data  Gb  vregs.o [4]
?w2                     0x000004         Data  Gb  vregs.o [4]
?w3                     0x000006         Data  Gb  vregs.o [4]
?w4                     0x000008         Data  Gb  vregs.o [4]
?w5                     0x00000a         Data  Gb  vregs.o [4]
?w6                     0x00000c         Data  Gb  vregs.o [4]
?w7                     0x00000e         Data  Gb  vregs.o [4]
ADC1_ConversionConfig   0x008f14   0x8a  Code  Gb  stm8s_adc1.o [1]
ADC1_ExternalTriggerConfig
                        0x009401   0x3f  Code  Gb  stm8s_adc1.o [1]
ADC1_GetConversionValue
                        0x009568   0x39  Code  Gb  stm8s_adc1.o [1]
ADC1_IRQHandler         0x009e31    0x1  Code  Gb  stm8s_it.o [1]
ADC1_Init               0x0088c3  0x124  Code  Gb  stm8s_adc1.o [1]
ADC1_PrescalerConfig    0x00947d   0x3d  Code  Gb  stm8s_adc1.o [1]
ADC1_SchmittTriggerConfig
                        0x008dcf   0xb0  Code  Gb  stm8s_adc1.o [1]
ADC1_StartConversion    0x009dc5    0x5  Code  Gb  stm8s_adc1.o [1]
AWU_IRQHandler          0x009e25    0x1  Code  Gb  stm8s_it.o [1]
CLK_GetClockFreq        0x0094ba   0x3b  Code  Gb  stm8s_clk.o [1]
CLK_HSIPrescalerConfig  0x00980c   0x28  Code  Gb  stm8s_clk.o [1]
CLK_IRQHandler          0x009e26    0x1  Code  Gb  stm8s_it.o [1]
CLK_SYSCLKConfig        0x009102   0x5e  Code  Gb  stm8s_clk.o [1]
CSTACK$$Base            0x000300          --   Gb  - Linker created -
CSTACK$$Limit           0x000400          --   Gb  - Linker created -
Command_PopCommand      0x00960e   0x34  Code  Gb  commands.o [1]
Command_SendCommand     0x009a11   0x1e  Code  Gb  commands.o [1]
Command_Task            0x00929c   0x4b  Code  Gb  commands.o [1]
EEPROM_EEC_IRQHandler   0x009e33    0x1  Code  Gb  stm8s_it.o [1]
EXTI_PORTA_IRQHandler   0x009e27    0x1  Code  Gb  stm8s_it.o [1]
EXTI_PORTB_IRQHandler   0x009e28    0x1  Code  Gb  stm8s_it.o [1]
EXTI_PORTC_IRQHandler   0x009e29    0x1  Code  Gb  stm8s_it.o [1]
EXTI_PORTD_IRQHandler   0x009e2a    0x1  Code  Gb  stm8s_it.o [1]
EXTI_PORTE_IRQHandler   0x009e2b    0x1  Code  Gb  stm8s_it.o [1]
GPIO_Init               0x008d1e   0xb1  Code  Gb  stm8s_gpio.o [1]
GPIO_ReadOutputData     0x009e1f    0x2  Code  Gb  stm8s_gpio.o [1]
GPIO_Util_Init_As_Out   0x009d5a    0x7  Code  Gb  gpio_util.o [1]
GPIO_Util_Toggle        0x009763   0x2b  Code  Gb  gpio_util.o [1]
GPIO_Util_TurnOffLed    0x009e0d    0x3  Code  Gb  gpio_util.o [1]
GPIO_Util_TurnOnLed     0x009e0a    0x3  Code  Gb  gpio_util.o [1]
GPIO_Util_WriteHigh     0x009e04    0x3  Code  Gb  gpio_util.o [1]
GPIO_Util_WriteLow      0x009e07    0x3  Code  Gb  gpio_util.o [1]
GPIO_WriteHigh          0x009d61    0x7  Code  Gb  stm8s_gpio.o [1]
GPIO_WriteLow           0x009df0    0x4  Code  Gb  stm8s_gpio.o [1]
HSIDivFactor            0x009dd4    0x4  Data  Gb  stm8s_clk.o [1]
I2C_IRQHandler          0x009e30    0x1  Code  Gb  stm8s_it.o [1]
INTVEC$$Base            0x008000          --   Gb  - Linker created -
INTVEC$$Limit           0x008080          --   Gb  - Linker created -
IR_Receiver_GetState    0x009dd8    0x4  Code  Gb  ir_receiver.o [1]
IR_Receiver_Init        0x008536   0x4e  Code  Gb  ir_receiver.o [1]
IR_Receiver_Task        0x008584   0x12  Code  Gb  ir_receiver.o [1]
IR_Transmitter_GetMode  0x009ddc    0x4  Code  Gb  ir_transmitter.o [1]
IR_Transmitter_Init     0x009918   0x22  Code  Gb  ir_transmitter.o [1]
IR_Transmitter_Task     0x009709   0x2d  Code  Gb  ir_transmitter.o [1]
IR_Transmitter_Task{1}{2}{3}{5}::counter
                        0x000137    0x1  Data  Lc  ir_transmitter.o [1]
ITC_DeInit              0x00995c   0x21  Code  Gb  stm8s_itc.o [1]
ITC_GetCPUCC            0x009e10    0x3  Code  Gb  stm8s_itc.o [1]
ITC_SetSoftwarePriority
                        0x008afd  0x115  Code  Gb  stm8s_itc.o [1]
Led_Control_GetMode     0x009de0    0x4  Code  Gb  led_controller.o [1]
Led_Control_Init        0x009a6a   0x1c  Code  Gb  led_controller.o [1]
Led_Control_Task        0x0094f5   0x3a  Code  Gb  led_controller.o [1]
Node_Control_DetectNodes
                        0x009642   0x34  Code  Gb  nodecontrol.o [1]
Node_Control_InitNodes  0x009883   0x26  Code  Gb  nodecontrol.o [1]
Node_Control_Task       0x009160   0x58  Code  Gb  nodecontrol.o [1]
Node_State_GetInputState
                        0x009de4    0x4  Code  Gb  nodestatemanager.o [1]
Node_State_GetOutputState
                        0x009de8    0x4  Code  Gb  nodestatemanager.o [1]
Node_State_Manager_Init
                        0x009ce3    0x9  Code  Gb  nodestatemanager.o [1]
Node_State_Manager_Task
                        0x009b42   0x12  Code  Gb  nodestatemanager.o [1]
Node_State_SetOutputState
                        0x009dec    0x4  Code  Gb  nodestatemanager.o [1]
RC                      0x0000fe    0x4  Data  Gb  ir_receiver.o [1]
RC_h                    0x00010a    0x4  Data  Gb  ir_receiver.o [1]
Region$$Table$$Base     0x00997d          --   Gb  - Linker created -
Region$$Table$$Limit    0x009993          --   Gb  - Linker created -
SPI_IRQHandler          0x009e2c    0x1  Code  Gb  stm8s_it.o [1]
System_Init             0x0097b9   0x2a  Code  Gb  main.o [1]
TIM1_CAP_COM_IRQHandler
                        0x009e2d    0x1  Code  Gb  stm8s_it.o [1]
TIM1_ClearFlag          0x0097e3   0x29  Code  Gb  stm8s_tim1.o [1]
TIM1_Cmd                0x009a86   0x16  Code  Gb  stm8s_tim1.o [1]
TIM1_GetITStatus        0x009250   0x4c  Code  Gb  stm8s_tim1.o [1]
TIM1_ITConfig           0x0096a8   0x31  Code  Gb  stm8s_tim1.o [1]
TIM1_TimeBaseInit       0x009204   0x4c  Code  Gb  stm8s_tim1.o [1]
TIM1_UPD_OVF_TRG_BRK_IRQHandler
                        0x009993   0x20  Code  Gb  stm8s_it.o [1]
TIM2_ARRPreloadConfig   0x009ab2   0x16  Code  Gb  stm8s_tim2.o [1]
TIM2_CAP_COM_IRQHandler
                        0x009e2f    0x1  Code  Gb  stm8s_it.o [1]
TIM2_Cmd                0x009a9c   0x16  Code  Gb  stm8s_tim2.o [1]
TIM2_OC1Init            0x009024   0x6f  Code  Gb  stm8s_tim2.o [1]
TIM2_OC1PreloadConfig   0x009ac8   0x16  Code  Gb  stm8s_tim2.o [1]
TIM2_OC3Init            0x009093   0x6f  Code  Gb  stm8s_tim2.o [1]
TIM2_OC3PreloadConfig   0x009ade   0x16  Code  Gb  stm8s_tim2.o [1]
TIM2_SetCompare1        0x009d10    0x9  Code  Gb  stm8s_tim2.o [1]
TIM2_TimeBaseInit       0x009d6f    0x7  Code  Gb  stm8s_tim2.o [1]
TIM2_UPD_OVF_BRK_IRQHandler
                        0x009e2e    0x1  Code  Gb  stm8s_it.o [1]
TIM4_UPD_OVF_IRQHandler
                        0x009e32    0x1  Code  Gb  stm8s_it.o [1]
TLI_IRQHandler          0x009e24    0x1  Code  Gb  stm8s_it.o [1]
TRAP_IRQHandler         0x009e23    0x1  Code  Gb  stm8s_it.o [1]
Task_Init               0x009440   0x3d  Code  Gb  main.o [1]
Task_Manager_AddTask    0x009b89   0x10  Code  Gb  TaskManager.o [1]
Task_Manager_PerformTask
                        0x0099b3   0x20  Code  Gb  TaskManager.o [1]
Test_IR_Receiver        0x009b1c   0x13  Code  Gb  main.o [1]
Timer_Counter_GetCounter
                        0x009da1    0x6  Code  Gb  timer_counter.o [1]
Timer_Counter_IncreaseCounter
                        0x009bc7    0xf  Code  Gb  timer_counter.o [1]
Timer_Counter_Init      0x009cba    0xb  Code  Gb  timer_counter.o [1]
Timer_PWM_IR_Transmitter_Init
                        0x00993a   0x22  Code  Gb  timer_pwm.o [1]
Timer_PWM_Init          0x0095a1   0x37  Code  Gb  timer_pwm.o [1]
Timer_PWM_Start         0x009dfc    0x4  Code  Gb  timer_pwm.o [1]
Timer_PWM_Update_Period
                        0x0093c0   0x41  Code  Gb  timer_pwm.o [1]
Transport_GetRxBufferSize
                        0x009e00    0x4  Code  Gb  transport.o [1]
Transport_Init          0x009736   0x2d  Code  Gb  transport.o [1]
Transport_OutputDisable
                        0x009dbf    0x6  Code  Gb  transport.o [1]
Transport_OutputEnable  0x009db9    0x6  Code  Gb  transport.o [1]
Transport_RxPop         0x0098ce   0x25  Code  Gb  transport.o [1]
Transport_RxPush        0x00985c   0x27  Code  Gb  transport.o [1]
Transport_TxPop         0x0096d9   0x30  Code  Gb  transport.o [1]
Transport_Write         0x009332   0x47  Code  Gb  transport.o [1]
UART1_DeInit            0x00978e   0x2b  Code  Gb  stm8s_uart1.o [1]
UART1_GetITStatus       0x008f9e   0x86  Code  Gb  stm8s_uart1.o [1]
UART1_ITConfig          0x008e7f   0x95  Code  Gb  stm8s_uart1.o [1]
UART1_Init              0x008596  0x1b7  Code  Gb  stm8s_uart1.o [1]
UART1_RX_IRQHandler     0x0099d3   0x1f  Code  Gb  stm8s_it.o [1]
UART1_ReceiveData8      0x009df4    0x4  Code  Gb  stm8s_uart1.o [1]
UART1_SendData8         0x009df8    0x4  Code  Gb  stm8s_uart1.o [1]
UART1_TX_IRQHandler     0x009676   0x32  Code  Gb  stm8s_it.o [1]
__exit                  0x009e21    0x2  Code  Gb  xxexit.o [3]
__iar_copy_init2        0x009834         Code  Gb  init_small.o [4]
__iar_data_init2        0x009b08   0x14  Code  Gb  init.o [4]
__iar_program_start     0x009b2f         Code  Gb  cstartup.o [4]
__iar_unhandled_exception
                        0x009e1c         Code  Gb  unhandled_exception.o [4]
__iar_zero_init2        0x009a2f         Code  Gb  init_small.o [4]
__intvec                0x008000         Data  Gb  interrupt.o [4]
__low_level_init        0x009e16    0x3  Code  Gb  low_level_init.o [4]
_exit                   0x009dcf         Code  Gb  cexit.o [4]
_interrupt_1            0x009e23         Code  Gb  stm8s_it.o [1]
_interrupt_12           0x009e2c         Code  Gb  stm8s_it.o [1]
_interrupt_13           0x009993         Code  Gb  stm8s_it.o [1]
_interrupt_14           0x009e2d         Code  Gb  stm8s_it.o [1]
_interrupt_15           0x009e2e         Code  Gb  stm8s_it.o [1]
_interrupt_16           0x009e2f         Code  Gb  stm8s_it.o [1]
_interrupt_19           0x009676         Code  Gb  stm8s_it.o [1]
_interrupt_2            0x009e24         Code  Gb  stm8s_it.o [1]
_interrupt_20           0x0099d3         Code  Gb  stm8s_it.o [1]
_interrupt_21           0x009e30         Code  Gb  stm8s_it.o [1]
_interrupt_24           0x009e31         Code  Gb  stm8s_it.o [1]
_interrupt_25           0x009e32         Code  Gb  stm8s_it.o [1]
_interrupt_26           0x009e33         Code  Gb  stm8s_it.o [1]
_interrupt_3            0x009e25         Code  Gb  stm8s_it.o [1]
_interrupt_4            0x009e26         Code  Gb  stm8s_it.o [1]
_interrupt_5            0x009e27         Code  Gb  stm8s_it.o [1]
_interrupt_6            0x009e28         Code  Gb  stm8s_it.o [1]
_interrupt_7            0x009e29         Code  Gb  stm8s_it.o [1]
_interrupt_8            0x009e2a         Code  Gb  stm8s_it.o [1]
_interrupt_9            0x009e2b         Code  Gb  stm8s_it.o [1]
active_period           0x000116    0x4  Data  Gb  timer_pwm.o [1]
alpha                   0x000106    0x4  Data  Gb  ir_receiver.o [1]
assert_failed           0x0098a9   0x25  Code  Gb  main.o [1]
assert_failed::counter  0x00010e    0x4  Data  Lc  main.o [1]
change_factor           0x00011a    0x4  Data  Gb  timer_pwm.o [1]
cmd_cnt                 0x000134    0x1  Data  Gb  commands.o [1]
cmd_push                0x0095d8   0x36  Code  Gb  commands.o [1]
cmd_rd_idx              0x000133    0x1  Data  Gb  commands.o [1]
cmd_wr_idx              0x000132    0x1  Data  Gb  commands.o [1]
commands                0x0000dd   0x14  Data  Gb  commands.o [1]
control_state           0x00013b    0x1  Data  Gb  nodecontrol.o [1]
detected_node_index     0x000139    0x1  Data  Gb  nodecontrol.o [1]
detected_time_stamp     0x0000f6    0x4  Data  Gb  ir_receiver.o [1]
detecting_pulse         0x0084fa   0x3c  Code  Gb  ir_receiver.o [1]
detecting_pulse::direction
                        0x000135    0x1  Data  Lc  ir_receiver.o [1]
detecting_pulse::previous_v
                        0x000126    0x2  Data  Lc  ir_receiver.o [1]
dt                      0x000102    0x4  Data  Gb  ir_receiver.o [1]
exit                    0x009e19    0x3  Code  Gb  exit.o [4]
gpio_state              0x00013d    0x1  Data  Gb  timer_pwm.o [1]
highpass_filter::previous_x
                        0x000122    0x2  Data  Lc  ir_receiver.o [1]
highpass_filter::previous_y
                        0x000124    0x2  Data  Lc  ir_receiver.o [1]
is_configured           0x00013e    0x1  Data  Gb  timer_pwm.o [1]
lowpass_filter::filtered_value
                        0x000120    0x2  Data  Lc  ir_receiver.o [1]
main                    0x0091b8   0x4c  Code  Gb  main.o [1]
node_state              0x00012a    0x2  Data  Gb  nodestatemanager.o [1]
nodes                   0x000011   0x64  Data  Gb  nodecontrol.o [1]
process_command         0x00952f   0x39  Code  Gb  nodecontrol.o [1]
process_ir_signal       0x0083d1   0xb9  Code  Gb  ir_receiver.o [1]
process_ir_signal::stable_marker
                        0x00011e    0x2  Data  Lc  ir_receiver.o [1]
process_node_input_state
                        0x0089e7  0x116  Code  Gb  nodecontrol.o [1]
query_node_state        0x0092e7   0x4b  Code  Gb  nodecontrol.o [1]
running_mode            0x000136    0x1  Data  Gb  ir_transmitter.o [1]
running_mode            0x000138    0x1  Data  Lc  led_controller.o [1]
rx_buff                 0x000075   0x40  Data  Gb  transport.o [1]
rx_cnt                  0x000141    0x1  Data  Gb  transport.o [1]
rx_rd_idx               0x000140    0x1  Data  Gb  transport.o [1]
rx_wr_idx               0x00013f    0x1  Data  Gb  transport.o [1]
signal_state            0x0000f1    0x5  Data  Gb  ir_receiver.o [1]
state_node_query_index  0x00013a    0x1  Data  Gb  nodecontrol.o [1]
task_Index              0x00013c    0x1  Data  Gb  TaskManager.o [1]
tasks                   0x0000b5   0x28  Data  Gb  TaskManager.o [1]
time_prescaler          0x000010    0x1  Data  Gb  ir_transmitter.o [1]
timeout                 0x000128    0x2  Data  Lc  nodecontrol.o [1]
timer_counter           0x0000fa    0x4  Data  Gb  ir_receiver.o [1]
timer_counter           0x000112    0x4  Data  Lc  timer_counter.o [1]
tx_buff                 0x000142  0x100  Data  Gb  transport.o [1]
tx_cnt                  0x000130    0x2  Data  Gb  transport.o [1]
tx_rd_idx               0x00012e    0x2  Data  Gb  transport.o [1]
tx_wr_idx               0x00012c    0x2  Data  Gb  transport.o [1]


[1] = E:\DATA\03-DuAn\02-LedController\LedController\02-Software\RS485Master\Release\Obj
[2] = command line
[3] = dbgstm8smn.a
[4] = dlstm8smn.a

  7 488 bytes of readonly  code memory
    245 bytes of readonly  data memory
    834 bytes of readwrite data memory

Errors: none
Warnings: none
