###############################################################################
#
# IAR ELF Linker V3.10.1.201 for STM8                     16/Jan/2019  16:37:03
# Copyright 2010-2017 IAR Systems AB.
#
#    Output file  =  
#        E:\DATA\03-DuAn\02-LedController\LedController\02-Software\RS485Master\Release\Exe\RS485.out
#    Map file     =  
#        E:\DATA\03-DuAn\02-LedController\LedController\02-Software\RS485Master\Release\List\RS485.map
#    Command line =  
#        -f C:\Users\PM-HUN~1\AppData\Local\Temp\EW9949.tmp
#        (E:\DATA\03-DuAn\02-LedController\LedController\02-Software\RS485Master\Release\Obj\commands.o
#        E:\DATA\03-DuAn\02-LedController\LedController\02-Software\RS485Master\Release\Obj\gpio_util.o
#        E:\DATA\03-DuAn\02-LedController\LedController\02-Software\RS485Master\Release\Obj\ir_receiver.o
#        E:\DATA\03-DuAn\02-LedController\LedController\02-Software\RS485Master\Release\Obj\ir_transmitter.o
#        E:\DATA\03-DuAn\02-LedController\LedController\02-Software\RS485Master\Release\Obj\led_controller.o
#        E:\DATA\03-DuAn\02-LedController\LedController\02-Software\RS485Master\Release\Obj\main.o
#        E:\DATA\03-DuAn\02-LedController\LedController\02-Software\RS485Master\Release\Obj\nodecontrol.o
#        E:\DATA\03-DuAn\02-LedController\LedController\02-Software\RS485Master\Release\Obj\nodestatemanager.o
#        E:\DATA\03-DuAn\02-LedController\LedController\02-Software\RS485Master\Release\Obj\stm8s_adc1.o
#        E:\DATA\03-DuAn\02-LedController\LedController\02-Software\RS485Master\Release\Obj\stm8s_clk.o
#        E:\DATA\03-DuAn\02-LedController\LedController\02-Software\RS485Master\Release\Obj\stm8s_gpio.o
#        E:\DATA\03-DuAn\02-LedController\LedController\02-Software\RS485Master\Release\Obj\stm8s_it.o
#        E:\DATA\03-DuAn\02-LedController\LedController\02-Software\RS485Master\Release\Obj\stm8s_itc.o
#        E:\DATA\03-DuAn\02-LedController\LedController\02-Software\RS485Master\Release\Obj\stm8s_tim1.o
#        E:\DATA\03-DuAn\02-LedController\LedController\02-Software\RS485Master\Release\Obj\stm8s_tim2.o
#        E:\DATA\03-DuAn\02-LedController\LedController\02-Software\RS485Master\Release\Obj\stm8s_uart1.o
#        E:\DATA\03-DuAn\02-LedController\LedController\02-Software\RS485Master\Release\Obj\TaskManager.o
#        E:\DATA\03-DuAn\02-LedController\LedController\02-Software\RS485Master\Release\Obj\timer_counter.o
#        E:\DATA\03-DuAn\02-LedController\LedController\02-Software\RS485Master\Release\Obj\timer_pwm.o
#        E:\DATA\03-DuAn\02-LedController\LedController\02-Software\RS485Master\Release\Obj\transport.o
#        --redirect _Printf=_PrintfFullNoMb --redirect _Scanf=_ScanfFullNoMb -o
#        E:\DATA\03-DuAn\02-LedController\LedController\02-Software\RS485Master\Release\Exe\RS485.out
#        --strip --map
#        E:\DATA\03-DuAn\02-LedController\LedController\02-Software\RS485Master\Release\List\RS485.map
#        --config "C:\Program Files (x86)\IAR Systems\Embedded Workbench
#        8.0\stm8\config\lnkstm8s003f3.icf" --config_def _CSTACK_SIZE=0x100
#        --config_def _HEAP_SIZE=0x100 --entry __iar_program_start)
#
###############################################################################

*******************************************************************************
*** RUNTIME MODEL ATTRIBUTES
***

__SystemLibrary            = DLib
__code_model               = small
__core                     = stm8
__data_model               = medium
__dlib_file_descriptor     = 0
__dlib_full_locale_support = 0
__rt_version               = 4


*******************************************************************************
*** PLACEMENT SUMMARY
***

"A0":  place at start of [0x000000-0x0000ff] { rw section .vregs };
"A1":  place at end of [0x000000-0x0003ff] { block CSTACK };
"P2":  place in [from 0x000000 to 0x0003ff] {
          block HEAP, rw section __DLIB_PERTHREAD, rw section .far.bss,
          rw section .far.data, rw section .far.noinit,
          rw section .far_func.textrw, rw section .huge.bss,
          rw section .huge.data, rw section .huge.noinit,
          rw section .huge_func.textrw, rw section .iar.dynexit,
          rw section .near.bss, rw section .near.data, rw section .near.noinit,
          rw section .near_func.textrw };
"A2":  place at start of [0x008000-0x009fff] { block INTVEC };
"P3":  place in [from 0x008000 to 0x009fff] {
          ro section __DLIB_PERTHREAD_init, ro section .far.data_init,
          ro section .far_func.textrw_init, ro section .huge.data_init,
          ro section .huge_func.textrw_init, ro section .iar.init_table,
          ro section .init_array, ro section .near.data_init,
          ro section .near.rodata, ro section .near_func.text,
          ro section .near_func.textrw_init, ro section .tiny.data_init,
          ro section .tiny.rodata_init };
"P4":  place in [from 0x008000 to 0x009fff] {
          ro section .far.rodata, ro section .far_func.text };
"P5":  place in [from 0x008000 to 0x009fff] {
          ro section .huge.rodata, ro section .huge_func.text };
do not initialize {
   rw section .eeprom.noinit, rw section .far.noinit, rw section .huge.noinit,
   rw section .near.noinit, rw section .tiny.noinit, rw section .vregs };
initialize by copy {
   rw section .far.bss, rw section .far.data, rw section .far_func.textrw,
   rw section .huge.bss, rw section .huge.data, rw section .huge_func.textrw,
   rw section .iar.dynexit, rw section .near.bss, rw section .near.data,
   rw section .near_func.textrw, rw section .tiny.bss, rw section .tiny.data,
   ro section .tiny.rodata };

  Section            Kind      Address    Size  Object
  -------            ----      -------    ----  ------
"A0":                                     0x10
  .vregs             uninit   0x000000    0x10  vregs.o [4]
                            - 0x000010    0x10

"P2", part 1 of 2:                         0x7
  P2-1                        0x000010     0x7  <Init block>
    .near.data       inited   0x000010     0x5  ir_receiver.o [1]
    .near.data       inited   0x000015     0x1  ir_transmitter.o [1]
    .near.data       inited   0x000016     0x1  timer_pwm.o [1]
                            - 0x000017     0x7

"P2", part 2 of 2:                       0x150
  .near.bss          zero     0x000017    0x64  nodecontrol.o [1]
  .near.bss          zero     0x00007b    0x40  transport.o [1]
  .near.bss          zero     0x0000bb    0x40  transport.o [1]
  .near.bss          zero     0x0000fb    0x14  commands.o [1]
  .near.bss          zero     0x00010f    0x14  TaskManager.o [1]
  .near.bss          zero     0x000123     0x4  ir_receiver.o [1]
  .near.bss          zero     0x000127     0x4  ir_receiver.o [1]
  .near.bss          zero     0x00012b     0x4  ir_receiver.o [1]
  .near.bss          zero     0x00012f     0x4  ir_receiver.o [1]
  .near.bss          zero     0x000133     0x4  ir_receiver.o [1]
  .near.bss          zero     0x000137     0x4  main.o [1]
  .near.bss          zero     0x00013b     0x4  timer_counter.o [1]
  .near.bss          zero     0x00013f     0x4  timer_pwm.o [1]
  .near.bss          zero     0x000143     0x4  timer_pwm.o [1]
  .near.bss          zero     0x000147     0x2  ir_receiver.o [1]
  .near.bss          zero     0x000149     0x2  ir_receiver.o [1]
  .near.bss          zero     0x00014b     0x2  ir_receiver.o [1]
  .near.bss          zero     0x00014d     0x2  main.o [1]
  .near.bss          zero     0x00014f     0x2  nodecontrol.o [1]
  .near.bss          zero     0x000151     0x2  nodestatemanager.o [1]
  .near.bss          zero     0x000153     0x1  commands.o [1]
  .near.bss          zero     0x000154     0x1  commands.o [1]
  .near.bss          zero     0x000155     0x1  commands.o [1]
  .near.bss          zero     0x000156     0x1  ir_receiver.o [1]
  .near.bss          zero     0x000157     0x1  ir_receiver.o [1]
  .near.bss          zero     0x000158     0x1  ir_receiver.o [1]
  .near.bss          zero     0x000159     0x1  ir_transmitter.o [1]
  .near.bss          zero     0x00015a     0x1  ir_transmitter.o [1]
  .near.bss          zero     0x00015b     0x1  led_controller.o [1]
  .near.bss          zero     0x00015c     0x1  nodecontrol.o [1]
  .near.bss          zero     0x00015d     0x1  nodecontrol.o [1]
  .near.bss          zero     0x00015e     0x1  nodecontrol.o [1]
  .near.bss          zero     0x00015f     0x1  TaskManager.o [1]
  .near.bss          zero     0x000160     0x1  timer_pwm.o [1]
  .near.bss          zero     0x000161     0x1  transport.o [1]
  .near.bss          zero     0x000162     0x1  transport.o [1]
  .near.bss          zero     0x000163     0x1  transport.o [1]
  .near.bss          zero     0x000164     0x1  transport.o [1]
  .near.bss          zero     0x000165     0x1  transport.o [1]
  .near.bss          zero     0x000166     0x1  transport.o [1]
                            - 0x000167   0x150

"A1":                                    0x100
  CSTACK                      0x000300   0x100  <Block>
    CSTACK           uninit   0x000300   0x100  <Block tail>
                            - 0x000400   0x100

"A2":                                     0x80
  INTVEC                      0x008000    0x80  <Block>
    .intvec          const    0x008000    0x80  interrupt.o [4]
                            - 0x008080    0x80

"P3-P5":                                0x1c4d
  .near_func.text    ro code  0x008080   0x351  float.o [4]
  .near_func.text    ro code  0x0083d1   0x1b7  stm8s_uart1.o [1]
  .near_func.text    ro code  0x008588   0x176  long.o [4]
  .near_func.text    ro code  0x0086fe   0x13b  ir_receiver.o [1]
  .near_func.text    ro code  0x008839   0x124  stm8s_adc1.o [1]
  .near_func.text    ro code  0x00895d   0x115  stm8s_itc.o [1]
  .near_func.text    ro code  0x008a72   0x10c  vreg_util.o [4]
  .near_func.text    ro code  0x008b7e    0xc4  nodecontrol.o [1]
  .near_func.text    ro code  0x008c42    0xb1  stm8s_gpio.o [1]
  .near_func.text    ro code  0x008cf3    0xb0  stm8s_adc1.o [1]
  .near_func.text    ro code  0x008da3    0x95  stm8s_uart1.o [1]
  .near_func.text    ro code  0x008e38    0x8a  stm8s_adc1.o [1]
  .near_func.text    ro code  0x008ec2    0x86  stm8s_uart1.o [1]
  .near_func.text    ro code  0x008f48    0x6f  stm8s_tim2.o [1]
  .near_func.text    ro code  0x008fb7    0x6f  stm8s_tim2.o [1]
  .near_func.text    ro code  0x009026    0x5e  stm8s_clk.o [1]
  .near_func.text    ro code  0x009084    0x58  nodecontrol.o [1]
  .near_func.text    ro code  0x0090dc    0x4c  main.o [1]
  .near_func.text    ro code  0x009128    0x4c  stm8s_tim1.o [1]
  .near_func.text    ro code  0x009174    0x4c  stm8s_tim1.o [1]
  .near_func.text    ro code  0x0091c0    0x4b  commands.o [1]
  .near_func.text    ro code  0x00920b    0x4b  nodecontrol.o [1]
  .near_func.text    ro code  0x009256    0x47  long_util.o [4]
  .near_func.text    ro code  0x00929d    0x45  timer_pwm.o [1]
  .near_func.text    ro code  0x0092e2    0x3f  stm8s_adc1.o [1]
  .near_func.text    ro code  0x009321    0x3e  transport.o [1]
  .near_func.text    ro code  0x00935f    0x3d  stm8s_adc1.o [1]
  .near_func.text    ro code  0x00939c    0x3b  stm8s_clk.o [1]
  .near_func.text    ro code  0x0093d7    0x39  nodecontrol.o [1]
  .near_func.text    ro code  0x009410    0x39  stm8s_adc1.o [1]
  .near_func.text    ro code  0x009449    0x37  main.o [1]
  .near_func.text    ro code  0x009480    0x37  timer_pwm.o [1]
  .near_func.text    ro code  0x0094b7    0x36  commands.o [1]
  .near_func.text    ro code  0x0094ed    0x34  commands.o [1]
  .near_func.text    ro code  0x009521    0x34  nodecontrol.o [1]
  .near_func.text    ro code  0x009555    0x32  stm8s_it.o [1]
  .near_func.text    ro code  0x009587    0x31  stm8s_tim1.o [1]
  .near_func.text    ro code  0x0095b8    0x2d  ir_transmitter.o [1]
  .near_func.text    ro code  0x0095e5    0x2d  transport.o [1]
  .near_func.text    ro code  0x009612    0x2c  transport.o [1]
  .near_func.text    ro code  0x00963e    0x2b  gpio_util.o [1]
  .near_func.text    ro code  0x009669    0x2b  stm8s_uart1.o [1]
  .near_func.text    ro code  0x009694    0x29  stm8s_tim1.o [1]
  .near_func.text    ro code  0x0096bd    0x28  stm8s_clk.o [1]
  .near_func.text    ro code  0x0096e5    0x28  init_small.o [4]
  .near_func.text    ro code  0x00970d    0x27  transport.o [1]
  .near_func.text    ro code  0x009734    0x26  nodecontrol.o [1]
  .near_func.text    ro code  0x00975a    0x25  main.o [1]
  .near_func.text    ro code  0x00977f    0x25  transport.o [1]
  .near_func.text    ro code  0x0097a4    0x25  dc_util.o [4]
  .near_func.text    ro code  0x0097c9    0x22  ir_transmitter.o [1]
  .near_func.text    ro code  0x0097eb    0x22  timer_pwm.o [1]
  .near_func.text    ro code  0x00980d    0x21  main.o [1]
  .near_func.text    ro code  0x00982e    0x21  stm8s_itc.o [1]
  .iar.init_table    const    0x00984f    0x12  - Linker created -
  .near_func.text    ro code  0x009861    0x20  stm8s_it.o [1]
  .near_func.text    ro code  0x009881    0x20  TaskManager.o [1]
  .near_func.text    ro code  0x0098a1    0x1f  move.o [4]
  .near_func.text    ro code  0x0098c0    0x1e  commands.o [1]
  .near_func.text    ro code  0x0098de    0x1e  init_small.o [4]
  .near_func.text    ro code  0x0098fc    0x1d  timer_counter.o [1]
  .near_func.text    ro code  0x009919    0x1c  led_controller.o [1]
  .near_func.text    ro code  0x009935    0x16  stm8s_it.o [1]
  .near_func.text    ro code  0x00994b    0x16  stm8s_tim1.o [1]
  .near_func.text    ro code  0x009961    0x16  stm8s_tim2.o [1]
  .near_func.text    ro code  0x009977    0x16  stm8s_tim2.o [1]
  .near_func.text    ro code  0x00998d    0x16  stm8s_tim2.o [1]
  .near_func.text    ro code  0x0099a3    0x16  stm8s_tim2.o [1]
  .near_func.text    ro code  0x0099b9    0x14  short.o [4]
  .near_func.text    ro code  0x0099cd    0x14  init.o [4]
  .near_func.text    ro code  0x0099e1    0x13  main.o [1]
  .near_func.text    ro code  0x0099f4    0x13  cstartup.o [4]
  .near_func.text    ro code  0x009a07    0x12  timer_pwm.o [1]
  .near_func.text    ro code  0x009a19    0x11  transport.o [1]
  .near_func.text    ro code  0x009a2a    0x10  TaskManager.o [1]
  .near_func.text    ro code  0x009a3a    0x10  transport.o [1]
  .near_func.text    ro code  0x009a4a     0xf  stm8s_itc.o [1]
  .near_func.text    ro code  0x009a59     0xf  stm8s_tim2.o [1]
  .near_func.text    ro code  0x009a68     0xf  timer_counter.o [1]
  .near.rodata       const    0x009a77     0xe  stm8s_uart1.o [1]
  .near_func.text    ro code  0x009a85     0xe  transport.o [1]
  .near.rodata       const    0x009a93     0xd  stm8s_adc1.o [1]
  .near.rodata       const    0x009aa0     0xd  stm8s_gpio.o [1]
  .near.rodata       const    0x009aad     0xd  stm8s_tim1.o [1]
  .near.rodata       const    0x009aba     0xd  stm8s_tim2.o [1]
  .near_func.text    ro code  0x009ac7     0xd  stm8s_tim2.o [1]
  .near.rodata       const    0x009ad4     0xc  stm8s_clk.o [1]
  .near.rodata       const    0x009ae0     0xc  stm8s_itc.o [1]
  .near_func.text    ro code  0x009aec     0xc  nodecontrol.o [1]
  .near_func.text    ro code  0x009af8     0xc  timer_pwm.o [1]
  .near_func.text    ro code  0x009b04     0xb  stm8s_adc1.o [1]
  .near_func.text    ro code  0x009b0f     0xb  stm8s_clk.o [1]
  .near_func.text    ro code  0x009b1a     0xb  stm8s_gpio.o [1]
  .near_func.text    ro code  0x009b25     0xb  stm8s_itc.o [1]
  .near_func.text    ro code  0x009b30     0xb  stm8s_tim1.o [1]
  .near_func.text    ro code  0x009b3b     0xb  stm8s_tim2.o [1]
  .near_func.text    ro code  0x009b46     0xb  stm8s_tim2.o [1]
  .near_func.text    ro code  0x009b51     0xb  stm8s_tim2.o [1]
  .near_func.text    ro code  0x009b5c     0xb  stm8s_uart1.o [1]
  .near_func.text    ro code  0x009b67     0xb  timer_counter.o [1]
  .near_func.text    ro code  0x009b72     0xa  main.o [1]
  .near_func.text    ro code  0x009b7c     0xa  timer_pwm.o [1]
  .near_func.text    ro code  0x009b86     0xa  char.o [4]
  .near_func.text    ro code  0x009b90     0x9  nodestatemanager.o [1]
  .near_func.text    ro code  0x009b99     0x9  stm8s_adc1.o [1]
  .near_func.text    ro code  0x009ba2     0x9  stm8s_adc1.o [1]
  .near_func.text    ro code  0x009bab     0x9  stm8s_clk.o [1]
  .near_func.text    ro code  0x009bb4     0x9  stm8s_tim2.o [1]
  .near_func.text    ro code  0x009bbd     0x9  stm8s_tim2.o [1]
  .near_func.text    ro code  0x009bc6     0x9  stm8s_uart1.o [1]
  .near_func.text    ro code  0x009bcf     0x9  transport.o [1]
  .near_func.text    ro code  0x009bd8     0x8  main.o [1]
  .near_func.text    ro code  0x009be0     0x8  stm8s_adc1.o [1]
  .near_func.text    ro code  0x009be8     0x8  stm8s_tim1.o [1]
  .near_func.text    ro code  0x009bf0     0x8  stm8s_uart1.o [1]
  .near_func.text    ro code  0x009bf8     0x8  stm8s_uart1.o [1]
  .near_func.text    ro code  0x009c00     0x8  transport.o [1]
  .near_func.text    ro code  0x009c08     0x7  gpio_util.o [1]
  .near_func.text    ro code  0x009c0f     0x7  stm8s_gpio.o [1]
  .near_func.text    ro code  0x009c16     0x7  stm8s_it.o [1]
  .near_func.text    ro code  0x009c1d     0x7  stm8s_tim2.o [1]
  .near_func.text    ro code  0x009c24     0x7  transport.o [1]
  Initializer bytes  const    0x009c2b     0x7  <for P2-1>
  .near_func.text    ro code  0x009c32     0x6  led_controller.o [1]
  .near_func.text    ro code  0x009c38     0x6  main.o [1]
  .near_func.text    ro code  0x009c3e     0x6  nodecontrol.o [1]
  .near_func.text    ro code  0x009c44     0x6  stm8s_tim1.o [1]
  .near_func.text    ro code  0x009c4a     0x6  stm8s_uart1.o [1]
  .near_func.text    ro code  0x009c50     0x6  timer_counter.o [1]
  .near_func.text    ro code  0x009c56     0x6  timer_pwm.o [1]
  .near_func.text    ro code  0x009c5c     0x6  transport.o [1]
  .near_func.text    ro code  0x009c62     0x6  transport.o [1]
  .near_func.text    ro code  0x009c68     0x6  transport.o [1]
  .near_func.text    ro code  0x009c6e     0x6  transport.o [1]
  .near_func.text    ro code  0x009c74     0x5  stm8s_adc1.o [1]
  .near_func.text    ro code  0x009c79     0x5  stm8s_tim1.o [1]
  .near_func.text    ro code  0x009c7e     0x5  cexit.o [4]
  .near.rodata       const    0x009c83     0x4  stm8s_clk.o [1]
  .near_func.text    ro code  0x009c87     0x4  ir_transmitter.o [1]
  .near_func.text    ro code  0x009c8b     0x4  led_controller.o [1]
  .near_func.text    ro code  0x009c8f     0x4  stm8s_gpio.o [1]
  .near_func.text    ro code  0x009c93     0x4  stm8s_uart1.o [1]
  .near_func.text    ro code  0x009c97     0x4  stm8s_uart1.o [1]
  .near_func.text    ro code  0x009c9b     0x4  transport.o [1]
  .near_func.text    ro code  0x009c9f     0x3  gpio_util.o [1]
  .near_func.text    ro code  0x009ca2     0x3  gpio_util.o [1]
  .near_func.text    ro code  0x009ca5     0x3  nodestatemanager.o [1]
  .near_func.text    ro code  0x009ca8     0x3  stm8s_itc.o [1]
  .near_func.text    ro code  0x009cab     0x3  interrupt.o [4]
  .near_func.text    ro code  0x009cae     0x3  low_level_init.o [4]
  .near_func.text    ro code  0x009cb1     0x3  exit.o [4]
  .near_func.text    ro code  0x009cb4     0x3  unhandled_exception.o [4]
  .near_func.text    ro code  0x009cb7     0x2  stm8s_gpio.o [1]
  .near_func.text    ro code  0x009cb9     0x2  xxexit.o [3]
  .near_func.text    ro code  0x009cbb     0x1  ir_receiver.o [1]
  .near_func.text    ro code  0x009cbc     0x1  stm8s_it.o [1]
  .near_func.text    ro code  0x009cbd     0x1  stm8s_it.o [1]
  .near_func.text    ro code  0x009cbe     0x1  stm8s_it.o [1]
  .near_func.text    ro code  0x009cbf     0x1  stm8s_it.o [1]
  .near_func.text    ro code  0x009cc0     0x1  stm8s_it.o [1]
  .near_func.text    ro code  0x009cc1     0x1  stm8s_it.o [1]
  .near_func.text    ro code  0x009cc2     0x1  stm8s_it.o [1]
  .near_func.text    ro code  0x009cc3     0x1  stm8s_it.o [1]
  .near_func.text    ro code  0x009cc4     0x1  stm8s_it.o [1]
  .near_func.text    ro code  0x009cc5     0x1  stm8s_it.o [1]
  .near_func.text    ro code  0x009cc6     0x1  stm8s_it.o [1]
  .near_func.text    ro code  0x009cc7     0x1  stm8s_it.o [1]
  .near_func.text    ro code  0x009cc8     0x1  stm8s_it.o [1]
  .near_func.text    ro code  0x009cc9     0x1  stm8s_it.o [1]
  .near_func.text    ro code  0x009cca     0x1  stm8s_it.o [1]
  .near_func.text    ro code  0x009ccb     0x1  stm8s_it.o [1]
  .near_func.text    ro code  0x009ccc     0x1  stm8s_it.o [1]
                            - 0x009ccd  0x1c4d


*******************************************************************************
*** INIT TABLE
***

          Address   Size
          -------   ----
Zero (__iar_zero_init2)
    1 destination range, total size 0x150:
          0x000017  0x150

Copy (__iar_copy_init2)
    1 source range, total size 0x7:
          0x009c2b    0x7
    1 destination range, total size 0x7:
          0x000010    0x7



*******************************************************************************
*** MODULE SUMMARY
***

    Module                 ro code  ro data  rw data
    ------                 -------  -------  -------
E:\DATA\03-DuAn\02-LedController\LedController\02-Software\RS485Master\Release\Obj: [1]
    TaskManager.o               48                21
    commands.o                 211                23
    gpio_util.o                 56
    ir_receiver.o              316        5       34
    ir_transmitter.o            83        1        3
    led_controller.o            38                 1
    main.o                     244                 6
    nodecontrol.o              524               105
    nodestatemanager.o          12                 2
    stm8s_adc1.o               829       13
    stm8s_clk.o                213       16
    stm8s_gpio.o               201       13
    stm8s_it.o                 128
    stm8s_itc.o                339       12
    stm8s_tim1.o               294       13
    stm8s_tim2.o               396       13
    stm8s_uart1.o              815       14
    timer_counter.o             61                 4
    timer_pwm.o                204        1       10
    transport.o                326               134
    ------------------------------------------------
    Total:                   5 338      101      343

command line: [2]
    ------------------------------------------------
    Total:

dbgstm8smn.a: [3]
    xxexit.o                     2
    ------------------------------------------------
    Total:                       2

dlstm8smn.a: [4]
    cexit.o                      5
    char.o                      10
    cstartup.o                  19
    dc_util.o                   37
    exit.o                       3
    float.o                    849
    init.o                      20
    init_small.o                70
    interrupt.o                  3      128
    long.o                     374
    long_util.o                 71
    low_level_init.o             3
    move.o                      31
    short.o                     20
    unhandled_exception.o        3
    vreg_util.o                268
    vregs.o                                       16
    ------------------------------------------------
    Total:                   1 786      128       16

    Linker created                       18      256
----------------------------------------------------
    Grand Total:             7 126      247      615


*******************************************************************************
*** ENTRY LIST
***

Entry                    Address   Size  Type      Object
-----                    -------   ----  ----      ------
.iar.init_table$$Base   0x00984f          --   Gb  - Linker created -
.iar.init_table$$Limit  0x009861          --   Gb  - Linker created -
?add32_l0_l0_0x         0x0085a0         Code  Gb  long.o [4]
?add32_l0_l0_dl         0x00859b         Code  Gb  long.o [4]
?b0                     0x000000         Data  Gb  vregs.o [4]
?b1                     0x000001         Data  Gb  vregs.o [4]
?b10                    0x00000a         Data  Gb  vregs.o [4]
?b11                    0x00000b         Data  Gb  vregs.o [4]
?b12                    0x00000c         Data  Gb  vregs.o [4]
?b13                    0x00000d         Data  Gb  vregs.o [4]
?b14                    0x00000e         Data  Gb  vregs.o [4]
?b15                    0x00000f         Data  Gb  vregs.o [4]
?b2                     0x000002         Data  Gb  vregs.o [4]
?b3                     0x000003         Data  Gb  vregs.o [4]
?b4                     0x000004         Data  Gb  vregs.o [4]
?b5                     0x000005         Data  Gb  vregs.o [4]
?b6                     0x000006         Data  Gb  vregs.o [4]
?b7                     0x000007         Data  Gb  vregs.o [4]
?b8                     0x000008         Data  Gb  vregs.o [4]
?b9                     0x000009         Data  Gb  vregs.o [4]
?dc32_l0                0x0097a4         Code  Gb  dc_util.o [4]
?dc32_l1                0x0097b1         Code  Gb  dc_util.o [4]
?dc32_px                0x0097be         Code  Gb  dc_util.o [4]
?e0                     0x000001         Data  Gb  vregs.o [4]
?e1                     0x000005         Data  Gb  vregs.o [4]
?e2                     0x000009         Data  Gb  vregs.o [4]
?e3                     0x00000d         Data  Gb  vregs.o [4]
?epilogue_l2            0x008b0d         Code  Gb  vreg_util.o [4]
?epilogue_l2_l3         0x008b0a         Code  Gb  vreg_util.o [4]
?epilogue_l2_w6         0x008b11         Code  Gb  vreg_util.o [4]
?epilogue_w4            0x008b18         Code  Gb  vreg_util.o [4]
?fadd32_l0_l0_0x        0x0080ab         Code  Gb  float.o [4]
?fadd32_l0_l0_l1        0x0080ae         Code  Gb  float.o [4]
?fcastf32u16_l0_x       0x008285         Code  Gb  float.o [4]
?fcasts16f32_x_l0       0x0082a3         Code  Gb  float.o [4]
?fcmpeq32_c_0x_fzero    0x008219         Code  Gb  float.o [4]
?fcmpge32_c_l0_0x       0x008226         Code  Gb  float.o [4]
?fcmpge32_c_l0_dc32     0x008221         Code  Gb  float.o [4]
?fcmplt32_c_l0_0x       0x00822f         Code  Gb  float.o [4]
?fcmplt32_c_l0_dc32     0x00822a         Code  Gb  float.o [4]
?fmul32_l0_l0_0x        0x008181         Code  Gb  float.o [4]
?fmul32_l0_l0_dc32      0x00817c         Code  Gb  float.o [4]
?fmul32_l0_l0_l1        0x008184         Code  Gb  float.o [4]
?fsub32_l0_dc32_l1      0x00809d         Code  Gb  float.o [4]
?fsub32_l0_l0_0x        0x0080a2         Code  Gb  float.o [4]
?fsub32_l0_l0_l1        0x0080a5         Code  Gb  float.o [4]
?inc32_0x_0x            0x00858d         Code  Gb  long.o [4]
?inc32_l0_l0            0x008588         Code  Gb  long.o [4]
?l0                     0x000000         Data  Gb  vregs.o [4]
?l1                     0x000004         Data  Gb  vregs.o [4]
?l2                     0x000008         Data  Gb  vregs.o [4]
?l3                     0x00000c         Data  Gb  vregs.o [4]
?load32_0x_l0           0x00928f         Code  Gb  long_util.o [4]
?load32_asp_l0          0x009283         Code  Gb  long_util.o [4]
?load32_dbsp_l0         0x00927e         Code  Gb  long_util.o [4]
?load32_l0_0x           0x009266         Code  Gb  long_util.o [4]
?load32_l0_asp          0x00925b         Code  Gb  long_util.o [4]
?load32_l0_dbsp         0x009256         Code  Gb  long_util.o [4]
?load32_l0_xsp          0x00925d         Code  Gb  long_util.o [4]
?load32_l1_0x           0x009272         Code  Gb  long_util.o [4]
?load32_xsp_l0          0x009285         Code  Gb  long_util.o [4]
?longfarg16_v_w0_a      0x0098ae         Code  Gb  move.o [4]
?longfarg16_v_w0_x      0x0098b0         Code  Gb  move.o [4]
?mov_e0_e1              0x008b26         Code  Gb  vreg_util.o [4]
?mov_e0_e2              0x008b33         Code  Gb  vreg_util.o [4]
?mov_e0_e3              0x008b40         Code  Gb  vreg_util.o [4]
?mov_e1_e2              0x008b4d         Code  Gb  vreg_util.o [4]
?mov_e1_e3              0x008b5a         Code  Gb  vreg_util.o [4]
?mov_e2_e0              0x008b67         Code  Gb  vreg_util.o [4]
?mov_e3_e0              0x008b74         Code  Gb  vreg_util.o [4]
?mov_l0_l1              0x008b23         Code  Gb  vreg_util.o [4]
?mov_l0_l2              0x008b30         Code  Gb  vreg_util.o [4]
?mov_l0_l3              0x008b3d         Code  Gb  vreg_util.o [4]
?mov_l1_l2              0x008b4a         Code  Gb  vreg_util.o [4]
?mov_l1_l3              0x008b57         Code  Gb  vreg_util.o [4]
?mov_l2_l0              0x008b64         Code  Gb  vreg_util.o [4]
?mov_l3_l0              0x008b71         Code  Gb  vreg_util.o [4]
?mov_w1_w3              0x008b29         Code  Gb  vreg_util.o [4]
?mov_w1_w5              0x008b36         Code  Gb  vreg_util.o [4]
?mov_w1_w7              0x008b43         Code  Gb  vreg_util.o [4]
?mov_w3_w2              0x008b1c         Code  Gb  vreg_util.o [4]
?mov_w3_w5              0x008b50         Code  Gb  vreg_util.o [4]
?mov_w3_w7              0x008b5d         Code  Gb  vreg_util.o [4]
?mov_w5_w1              0x008b6a         Code  Gb  vreg_util.o [4]
?mov_w7_w1              0x008b77         Code  Gb  vreg_util.o [4]
?move1616_v_x_y_a       0x0098a1         Code  Gb  move.o [4]
?mul32_l0_l0_0x         0x0085d6         Code  Gb  long.o [4]
?mul32_l0_l0_dl         0x0085d3         Code  Gb  long.o [4]
?mul32_l0_l0_l1         0x0085df         Code  Gb  long.o [4]
?pop_l0                 0x008ad6         Code  Gb  vreg_util.o [4]
?pop_l1                 0x008ae1         Code  Gb  vreg_util.o [4]
?pop_l2                 0x008aec         Code  Gb  vreg_util.o [4]
?pop_l3                 0x008af7         Code  Gb  vreg_util.o [4]
?pop_w4                 0x008a8f         Code  Gb  vreg_util.o [4]
?pop_w6                 0x008a96         Code  Gb  vreg_util.o [4]
?push_l0                0x008aa5         Code  Gb  vreg_util.o [4]
?push_l1                0x008aaa         Code  Gb  vreg_util.o [4]
?push_l2                0x008aaf         Code  Gb  vreg_util.o [4]
?push_l3                0x008ab4         Code  Gb  vreg_util.o [4]
?push_w4                0x008a72         Code  Gb  vreg_util.o [4]
?push_w6                0x008a77         Code  Gb  vreg_util.o [4]
?sll16_x_x_4            0x0099c3         Code  Gb  short.o [4]
?sll16_x_x_5            0x0099c2         Code  Gb  short.o [4]
?sll16_x_x_6            0x0099c1         Code  Gb  short.o [4]
?sll16_x_x_a            0x0099b9         Code  Gb  short.o [4]
?sll32_0x_0x_a          0x0086f0         Code  Gb  long.o [4]
?sll32_l0_l0_a          0x0086ed         Code  Gb  long.o [4]
?sll8_a_a_b0            0x009b86         Code  Gb  char.o [4]
?srl16_x_x_4            0x0099c8         Code  Gb  short.o [4]
?sub32_l0_l0_0x         0x0085bb         Code  Gb  long.o [4]
?sub32_l0_l0_l1         0x0085b8         Code  Gb  long.o [4]
?ucmp32_c_l0_0x         0x0086d2         Code  Gb  long.o [4]
?ucmp32_c_l0_l1         0x0086e2         Code  Gb  long.o [4]
?udiv32_l0_dl_l1        0x00865d         Code  Gb  long.o [4]
?udiv32_l0_l0_dl        0x008662         Code  Gb  long.o [4]
?udiv32_l0_l0_l1        0x008665         Code  Gb  long.o [4]
?umod32_l1_l0_l1        0x008665         Code  Gb  long.o [4]
?w0                     0x000000         Data  Gb  vregs.o [4]
?w1                     0x000002         Data  Gb  vregs.o [4]
?w2                     0x000004         Data  Gb  vregs.o [4]
?w3                     0x000006         Data  Gb  vregs.o [4]
?w4                     0x000008         Data  Gb  vregs.o [4]
?w5                     0x00000a         Data  Gb  vregs.o [4]
?w6                     0x00000c         Data  Gb  vregs.o [4]
?w7                     0x00000e         Data  Gb  vregs.o [4]
ADC1_ConversionConfig   0x008e38   0x8a  Code  Gb  stm8s_adc1.o [1]
ADC1_ExternalTriggerConfig
                        0x0092e2   0x3f  Code  Gb  stm8s_adc1.o [1]
ADC1_GetConversionValue
                        0x009410   0x39  Code  Gb  stm8s_adc1.o [1]
ADC1_IRQHandler         0x009cca    0x1  Code  Gb  stm8s_it.o [1]
ADC1_Init               0x008839  0x124  Code  Gb  stm8s_adc1.o [1]
ADC1_PrescalerConfig    0x00935f   0x3d  Code  Gb  stm8s_adc1.o [1]
ADC1_SchmittTriggerConfig
                        0x008cf3   0xb0  Code  Gb  stm8s_adc1.o [1]
ADC1_StartConversion    0x009c74    0x5  Code  Gb  stm8s_adc1.o [1]
AWU_IRQHandler          0x009cbe    0x1  Code  Gb  stm8s_it.o [1]
CLK_GetClockFreq        0x00939c   0x3b  Code  Gb  stm8s_clk.o [1]
CLK_HSIPrescalerConfig  0x0096bd   0x28  Code  Gb  stm8s_clk.o [1]
CLK_IRQHandler          0x009cbf    0x1  Code  Gb  stm8s_it.o [1]
CLK_SYSCLKConfig        0x009026   0x5e  Code  Gb  stm8s_clk.o [1]
CSTACK$$Base            0x000300          --   Gb  - Linker created -
CSTACK$$Limit           0x000400          --   Gb  - Linker created -
Command_PopCommand      0x0094ed   0x34  Code  Gb  commands.o [1]
Command_SendCommand     0x0098c0   0x1e  Code  Gb  commands.o [1]
Command_Task            0x0091c0   0x4b  Code  Gb  commands.o [1]
EEPROM_EEC_IRQHandler   0x009ccc    0x1  Code  Gb  stm8s_it.o [1]
EXTI_PORTA_IRQHandler   0x009cc0    0x1  Code  Gb  stm8s_it.o [1]
EXTI_PORTB_IRQHandler   0x009cc1    0x1  Code  Gb  stm8s_it.o [1]
EXTI_PORTC_IRQHandler   0x009cc2    0x1  Code  Gb  stm8s_it.o [1]
EXTI_PORTD_IRQHandler   0x009cc3    0x1  Code  Gb  stm8s_it.o [1]
EXTI_PORTE_IRQHandler   0x009cc4    0x1  Code  Gb  stm8s_it.o [1]
GPIO_Init               0x008c42   0xb1  Code  Gb  stm8s_gpio.o [1]
GPIO_ReadOutputData     0x009cb7    0x2  Code  Gb  stm8s_gpio.o [1]
GPIO_Util_Init_As_Out   0x009c08    0x7  Code  Gb  gpio_util.o [1]
GPIO_Util_Toggle        0x00963e   0x2b  Code  Gb  gpio_util.o [1]
GPIO_Util_WriteHigh     0x009c9f    0x3  Code  Gb  gpio_util.o [1]
GPIO_Util_WriteLow      0x009ca2    0x3  Code  Gb  gpio_util.o [1]
GPIO_WriteHigh          0x009c0f    0x7  Code  Gb  stm8s_gpio.o [1]
GPIO_WriteLow           0x009c8f    0x4  Code  Gb  stm8s_gpio.o [1]
HSIDivFactor            0x009c83    0x4  Data  Gb  stm8s_clk.o [1]
I2C_IRQHandler          0x009cc9    0x1  Code  Gb  stm8s_it.o [1]
INTVEC$$Base            0x008000          --   Gb  - Linker created -
INTVEC$$Limit           0x008080          --   Gb  - Linker created -
IR_Receiver_GetState    0x009cbb    0x1  Code  Gb  ir_receiver.o [1]
IR_Receiver_Init        0x0087e5   0x42  Code  Gb  ir_receiver.o [1]
IR_Receiver_Task        0x008827   0x12  Code  Gb  ir_receiver.o [1]
IR_Transmitter_GetMode  0x009c87    0x4  Code  Gb  ir_transmitter.o [1]
IR_Transmitter_Init     0x0097c9   0x22  Code  Gb  ir_transmitter.o [1]
IR_Transmitter_Task     0x0095b8   0x2d  Code  Gb  ir_transmitter.o [1]
IR_Transmitter_Task{1}{2}{3}{5}::counter
                        0x00015a    0x1  Data  Lc  ir_transmitter.o [1]
ITC_DeInit              0x00982e   0x21  Code  Gb  stm8s_itc.o [1]
ITC_GetCPUCC            0x009ca8    0x3  Code  Gb  stm8s_itc.o [1]
ITC_SetSoftwarePriority
                        0x00895d  0x115  Code  Gb  stm8s_itc.o [1]
Led_Control_GetMode     0x009c8b    0x4  Code  Gb  led_controller.o [1]
Led_Control_Init        0x009919   0x1c  Code  Gb  led_controller.o [1]
Node_Control_DetectNodes
                        0x009521   0x34  Code  Gb  nodecontrol.o [1]
Node_Control_InitNodes  0x009734   0x26  Code  Gb  nodecontrol.o [1]
Node_Control_Task       0x009084   0x58  Code  Gb  nodecontrol.o [1]
Node_State_Manager_Init
                        0x009b90    0x9  Code  Gb  nodestatemanager.o [1]
Node_State_Manager_Task
                        0x009ca5    0x3  Code  Gb  nodestatemanager.o [1]
RC                      0x00012b    0x4  Data  Gb  ir_receiver.o [1]
Region$$Table$$Base     0x00984f          --   Gb  - Linker created -
Region$$Table$$Limit    0x009861          --   Gb  - Linker created -
SPI_IRQHandler          0x009cc5    0x1  Code  Gb  stm8s_it.o [1]
TIM1_CAP_COM_IRQHandler
                        0x009cc6    0x1  Code  Gb  stm8s_it.o [1]
TIM1_ClearFlag          0x009694   0x29  Code  Gb  stm8s_tim1.o [1]
TIM1_Cmd                0x00994b   0x16  Code  Gb  stm8s_tim1.o [1]
TIM1_GetITStatus        0x009174   0x4c  Code  Gb  stm8s_tim1.o [1]
TIM1_ITConfig           0x009587   0x31  Code  Gb  stm8s_tim1.o [1]
TIM1_TimeBaseInit       0x009128   0x4c  Code  Gb  stm8s_tim1.o [1]
TIM1_UPD_OVF_TRG_BRK_IRQHandler
                        0x009861   0x20  Code  Gb  stm8s_it.o [1]
TIM2_ARRPreloadConfig   0x009977   0x16  Code  Gb  stm8s_tim2.o [1]
TIM2_CAP_COM_IRQHandler
                        0x009cc8    0x1  Code  Gb  stm8s_it.o [1]
TIM2_Cmd                0x009961   0x16  Code  Gb  stm8s_tim2.o [1]
TIM2_OC1Init            0x008f48   0x6f  Code  Gb  stm8s_tim2.o [1]
TIM2_OC1PreloadConfig   0x00998d   0x16  Code  Gb  stm8s_tim2.o [1]
TIM2_OC3Init            0x008fb7   0x6f  Code  Gb  stm8s_tim2.o [1]
TIM2_OC3PreloadConfig   0x0099a3   0x16  Code  Gb  stm8s_tim2.o [1]
TIM2_SetCompare1        0x009bbd    0x9  Code  Gb  stm8s_tim2.o [1]
TIM2_TimeBaseInit       0x009c1d    0x7  Code  Gb  stm8s_tim2.o [1]
TIM2_UPD_OVF_BRK_IRQHandler
                        0x009cc7    0x1  Code  Gb  stm8s_it.o [1]
TIM4_UPD_OVF_IRQHandler
                        0x009ccb    0x1  Code  Gb  stm8s_it.o [1]
TLI_IRQHandler          0x009cbd    0x1  Code  Gb  stm8s_it.o [1]
TRAP_IRQHandler         0x009cbc    0x1  Code  Gb  stm8s_it.o [1]
Task_Init               0x009449   0x37  Code  Gb  main.o [1]
Task_Manager_AddTask    0x009a2a   0x10  Code  Gb  TaskManager.o [1]
Task_Manager_PerformTask
                        0x009881   0x20  Code  Gb  TaskManager.o [1]
Test_Task               0x0099e1   0x13  Code  Gb  main.o [1]
Test_Task::counter      0x00014d    0x2  Data  Lc  main.o [1]
Timer_Counter_GetCounter
                        0x009c50    0x6  Code  Gb  timer_counter.o [1]
Timer_Counter_IncreaseCounter
                        0x009a68    0xf  Code  Gb  timer_counter.o [1]
Timer_Counter_Init      0x009b67    0xb  Code  Gb  timer_counter.o [1]
Timer_PWM_IR_Transmitter_Init
                        0x0097eb   0x22  Code  Gb  timer_pwm.o [1]
Timer_PWM_Init          0x009480   0x37  Code  Gb  timer_pwm.o [1]
Timer_PWM_Update_Period
                        0x00929d   0x45  Code  Gb  timer_pwm.o [1]
Transport_GetRxBufferSize
                        0x009c9b    0x4  Code  Gb  transport.o [1]
Transport_Init          0x0095e5   0x2d  Code  Gb  transport.o [1]
Transport_OutputDisable
                        0x009c6e    0x6  Code  Gb  transport.o [1]
Transport_OutputEnable  0x009c68    0x6  Code  Gb  transport.o [1]
Transport_RxPop         0x00977f   0x25  Code  Gb  transport.o [1]
Transport_RxPush        0x00970d   0x27  Code  Gb  transport.o [1]
Transport_TxPop         0x009612   0x2c  Code  Gb  transport.o [1]
Transport_Write         0x009321   0x3e  Code  Gb  transport.o [1]
UART1_DeInit            0x009669   0x2b  Code  Gb  stm8s_uart1.o [1]
UART1_GetITStatus       0x008ec2   0x86  Code  Gb  stm8s_uart1.o [1]
UART1_ITConfig          0x008da3   0x95  Code  Gb  stm8s_uart1.o [1]
UART1_Init              0x0083d1  0x1b7  Code  Gb  stm8s_uart1.o [1]
UART1_RX_IRQHandler     0x009935   0x16  Code  Gb  stm8s_it.o [1]
UART1_ReceiveData8      0x009c93    0x4  Code  Gb  stm8s_uart1.o [1]
UART1_SendData8         0x009c97    0x4  Code  Gb  stm8s_uart1.o [1]
UART1_TX_IRQHandler     0x009555   0x32  Code  Gb  stm8s_it.o [1]
__exit                  0x009cb9    0x2  Code  Gb  xxexit.o [3]
__iar_copy_init2        0x0096e5         Code  Gb  init_small.o [4]
__iar_data_init2        0x0099cd   0x14  Code  Gb  init.o [4]
__iar_program_start     0x0099f4         Code  Gb  cstartup.o [4]
__iar_unhandled_exception
                        0x009cb4         Code  Gb  unhandled_exception.o [4]
__iar_zero_init2        0x0098de         Code  Gb  init_small.o [4]
__intvec                0x008000         Data  Gb  interrupt.o [4]
__low_level_init        0x009cae    0x3  Code  Gb  low_level_init.o [4]
_exit                   0x009c7e         Code  Gb  cexit.o [4]
_interrupt_1            0x009cbc         Code  Gb  stm8s_it.o [1]
_interrupt_12           0x009cc5         Code  Gb  stm8s_it.o [1]
_interrupt_13           0x009861         Code  Gb  stm8s_it.o [1]
_interrupt_14           0x009cc6         Code  Gb  stm8s_it.o [1]
_interrupt_15           0x009cc7         Code  Gb  stm8s_it.o [1]
_interrupt_16           0x009cc8         Code  Gb  stm8s_it.o [1]
_interrupt_19           0x009555         Code  Gb  stm8s_it.o [1]
_interrupt_2            0x009cbd         Code  Gb  stm8s_it.o [1]
_interrupt_20           0x009935         Code  Gb  stm8s_it.o [1]
_interrupt_21           0x009cc9         Code  Gb  stm8s_it.o [1]
_interrupt_24           0x009cca         Code  Gb  stm8s_it.o [1]
_interrupt_25           0x009ccb         Code  Gb  stm8s_it.o [1]
_interrupt_26           0x009ccc         Code  Gb  stm8s_it.o [1]
_interrupt_3            0x009cbe         Code  Gb  stm8s_it.o [1]
_interrupt_4            0x009cbf         Code  Gb  stm8s_it.o [1]
_interrupt_5            0x009cc0         Code  Gb  stm8s_it.o [1]
_interrupt_6            0x009cc1         Code  Gb  stm8s_it.o [1]
_interrupt_7            0x009cc2         Code  Gb  stm8s_it.o [1]
_interrupt_8            0x009cc3         Code  Gb  stm8s_it.o [1]
_interrupt_9            0x009cc4         Code  Gb  stm8s_it.o [1]
active_period           0x00013f    0x4  Data  Gb  timer_pwm.o [1]
alpha                   0x000133    0x4  Data  Gb  ir_receiver.o [1]
assert_failed           0x00975a   0x25  Code  Gb  main.o [1]
assert_failed::counter  0x000137    0x4  Data  Lc  main.o [1]
change_factor           0x000143    0x4  Data  Gb  timer_pwm.o [1]
cmd_cnt                 0x000155    0x1  Data  Gb  commands.o [1]
cmd_push                0x0094b7   0x36  Code  Gb  commands.o [1]
cmd_rd_idx              0x000154    0x1  Data  Gb  commands.o [1]
cmd_wr_idx              0x000153    0x1  Data  Gb  commands.o [1]
commands                0x0000fb   0x14  Data  Gb  commands.o [1]
control_state           0x00015e    0x1  Data  Gb  nodecontrol.o [1]
detected_node_index     0x00015c    0x1  Data  Gb  nodecontrol.o [1]
detected_time_stamp     0x000123    0x4  Data  Gb  ir_receiver.o [1]
detecting_pulse         0x00879e   0x47  Code  Gb  ir_receiver.o [1]
detecting_pulse::decrease_counter
                        0x000157    0x1  Data  Lc  ir_receiver.o [1]
detecting_pulse::direction
                        0x000158    0x1  Data  Lc  ir_receiver.o [1]
detecting_pulse::increase_counter
                        0x000156    0x1  Data  Lc  ir_receiver.o [1]
detecting_pulse::previous_v
                        0x00014b    0x2  Data  Lc  ir_receiver.o [1]
dt                      0x00012f    0x4  Data  Gb  ir_receiver.o [1]
exit                    0x009cb1    0x3  Code  Gb  exit.o [4]
gpio_state              0x000016    0x1  Data  Gb  timer_pwm.o [1]
is_configured           0x000160    0x1  Data  Gb  timer_pwm.o [1]
lowpass_filter::filtered_value
                        0x000149    0x2  Data  Lc  ir_receiver.o [1]
main                    0x0090dc   0x4c  Code  Gb  main.o [1]
node_state              0x000151    0x2  Data  Gb  nodestatemanager.o [1]
nodes                   0x000017   0x64  Data  Gb  nodecontrol.o [1]
process_command         0x0093d7   0x39  Code  Gb  nodecontrol.o [1]
process_ir_signal       0x0086fe   0x67  Code  Gb  ir_receiver.o [1]
process_ir_signal::stable_marker
                        0x000147    0x2  Data  Lc  ir_receiver.o [1]
process_node_input_state
                        0x008b7e   0xc4  Code  Gb  nodecontrol.o [1]
query_node_state        0x00920b   0x4b  Code  Gb  nodecontrol.o [1]
running_mode            0x000159    0x1  Data  Gb  ir_transmitter.o [1]
running_mode            0x00015b    0x1  Data  Lc  led_controller.o [1]
rx_buff                 0x0000bb   0x40  Data  Gb  transport.o [1]
rx_cnt                  0x000166    0x1  Data  Gb  transport.o [1]
rx_rd_idx               0x000165    0x1  Data  Gb  transport.o [1]
rx_wr_idx               0x000164    0x1  Data  Gb  transport.o [1]
signal_state            0x000010    0x5  Data  Gb  ir_receiver.o [1]
state_node_query_index  0x00015d    0x1  Data  Gb  nodecontrol.o [1]
task_Index              0x00015f    0x1  Data  Gb  TaskManager.o [1]
tasks                   0x00010f   0x14  Data  Gb  TaskManager.o [1]
time_prescaler          0x000015    0x1  Data  Gb  ir_transmitter.o [1]
timeout                 0x00014f    0x2  Data  Lc  nodecontrol.o [1]
timer_counter           0x000127    0x4  Data  Gb  ir_receiver.o [1]
timer_counter           0x00013b    0x4  Data  Lc  timer_counter.o [1]
tx_buff                 0x00007b   0x40  Data  Gb  transport.o [1]
tx_cnt                  0x000163    0x1  Data  Gb  transport.o [1]
tx_rd_idx               0x000162    0x1  Data  Gb  transport.o [1]
tx_wr_idx               0x000161    0x1  Data  Gb  transport.o [1]


[1] = E:\DATA\03-DuAn\02-LedController\LedController\02-Software\RS485Master\Release\Obj
[2] = command line
[3] = dbgstm8smn.a
[4] = dlstm8smn.a

  7 126 bytes of readonly  code memory
    247 bytes of readonly  data memory
    615 bytes of readwrite data memory

Errors: none
Warnings: none
