###############################################################################
#
# IAR ELF Linker V3.10.1.201 for STM8                     12/Jan/2019  22:09:31
# Copyright 2010-2017 IAR Systems AB.
#
#    Output file  =  
#        E:\03-DuAn\LedController\LedController\02-Software\RS485Master\Release\Exe\RS485.out
#    Map file     =  
#        E:\03-DuAn\LedController\LedController\02-Software\RS485Master\Release\List\RS485.map
#    Command line =  
#        -f C:\Users\hungn\AppData\Local\Temp\EWACA8.tmp
#        (E:\03-DuAn\LedController\LedController\02-Software\RS485Master\Release\Obj\commands.o
#        E:\03-DuAn\LedController\LedController\02-Software\RS485Master\Release\Obj\gpio_util.o
#        E:\03-DuAn\LedController\LedController\02-Software\RS485Master\Release\Obj\ir_receiver.o
#        E:\03-DuAn\LedController\LedController\02-Software\RS485Master\Release\Obj\ir_transmitter.o
#        E:\03-DuAn\LedController\LedController\02-Software\RS485Master\Release\Obj\led_controller.o
#        E:\03-DuAn\LedController\LedController\02-Software\RS485Master\Release\Obj\main.o
#        E:\03-DuAn\LedController\LedController\02-Software\RS485Master\Release\Obj\nodecontrol.o
#        E:\03-DuAn\LedController\LedController\02-Software\RS485Master\Release\Obj\nodestatemanager.o
#        E:\03-DuAn\LedController\LedController\02-Software\RS485Master\Release\Obj\stm8s_adc1.o
#        E:\03-DuAn\LedController\LedController\02-Software\RS485Master\Release\Obj\stm8s_clk.o
#        E:\03-DuAn\LedController\LedController\02-Software\RS485Master\Release\Obj\stm8s_gpio.o
#        E:\03-DuAn\LedController\LedController\02-Software\RS485Master\Release\Obj\stm8s_it.o
#        E:\03-DuAn\LedController\LedController\02-Software\RS485Master\Release\Obj\stm8s_tim1.o
#        E:\03-DuAn\LedController\LedController\02-Software\RS485Master\Release\Obj\stm8s_tim2.o
#        E:\03-DuAn\LedController\LedController\02-Software\RS485Master\Release\Obj\stm8s_uart1.o
#        E:\03-DuAn\LedController\LedController\02-Software\RS485Master\Release\Obj\TaskManager.o
#        E:\03-DuAn\LedController\LedController\02-Software\RS485Master\Release\Obj\timer_counter.o
#        E:\03-DuAn\LedController\LedController\02-Software\RS485Master\Release\Obj\timer_pwm.o
#        E:\03-DuAn\LedController\LedController\02-Software\RS485Master\Release\Obj\transport.o
#        --redirect _Printf=_PrintfFullNoMb --redirect _Scanf=_ScanfFullNoMb -o
#        E:\03-DuAn\LedController\LedController\02-Software\RS485Master\Release\Exe\RS485.out
#        --strip --map
#        E:\03-DuAn\LedController\LedController\02-Software\RS485Master\Release\List\RS485.map
#        --config "C:\Program Files (x86)\IAR Systems\Embedded Workbench
#        8.0\stm8\config\lnkstm8s003f3.icf" --config_def _CSTACK_SIZE=0x100
#        --config_def _HEAP_SIZE=0x100 --entry __iar_program_start)
#
###############################################################################

*******************************************************************************
*** RUNTIME MODEL ATTRIBUTES
***

__SystemLibrary            = DLib
__code_model               = small
__core                     = stm8
__data_model               = medium
__dlib_file_descriptor     = 0
__dlib_full_locale_support = 0
__rt_version               = 4


*******************************************************************************
*** PLACEMENT SUMMARY
***

"A0":  place at start of [0x000000-0x0000ff] { rw section .vregs };
"A1":  place at end of [0x000000-0x0003ff] { block CSTACK };
"P2":  place in [from 0x000000 to 0x0003ff] {
          block HEAP, rw section __DLIB_PERTHREAD, rw section .far.bss,
          rw section .far.data, rw section .far.noinit,
          rw section .far_func.textrw, rw section .huge.bss,
          rw section .huge.data, rw section .huge.noinit,
          rw section .huge_func.textrw, rw section .iar.dynexit,
          rw section .near.bss, rw section .near.data, rw section .near.noinit,
          rw section .near_func.textrw };
"A2":  place at start of [0x008000-0x009fff] { block INTVEC };
"P3":  place in [from 0x008000 to 0x009fff] {
          ro section __DLIB_PERTHREAD_init, ro section .far.data_init,
          ro section .far_func.textrw_init, ro section .huge.data_init,
          ro section .huge_func.textrw_init, ro section .iar.init_table,
          ro section .init_array, ro section .near.data_init,
          ro section .near.rodata, ro section .near_func.text,
          ro section .near_func.textrw_init, ro section .tiny.data_init,
          ro section .tiny.rodata_init };
"P4":  place in [from 0x008000 to 0x009fff] {
          ro section .far.rodata, ro section .far_func.text };
"P5":  place in [from 0x008000 to 0x009fff] {
          ro section .huge.rodata, ro section .huge_func.text };
do not initialize {
   rw section .eeprom.noinit, rw section .far.noinit, rw section .huge.noinit,
   rw section .near.noinit, rw section .tiny.noinit, rw section .vregs };
initialize by copy {
   rw section .far.bss, rw section .far.data, rw section .far_func.textrw,
   rw section .huge.bss, rw section .huge.data, rw section .huge_func.textrw,
   rw section .iar.dynexit, rw section .near.bss, rw section .near.data,
   rw section .near_func.textrw, rw section .tiny.bss, rw section .tiny.data,
   ro section .tiny.rodata };

  Section            Kind      Address    Size  Object
  -------            ----      -------    ----  ------
"A0":                                     0x10
  .vregs             uninit   0x000000    0x10  vregs.o [4]
                            - 0x000010    0x10

"P2", part 1 of 2:                         0x2
  P2-1                        0x000010     0x2  <Init block>
    .near.data       inited   0x000010     0x1  ir_transmitter.o [1]
    .near.data       inited   0x000011     0x1  timer_pwm.o [1]
                            - 0x000012     0x2

"P2", part 2 of 2:                       0x12e
  .near.bss          zero     0x000012    0x64  nodecontrol.o [1]
  .near.bss          zero     0x000076    0x40  transport.o [1]
  .near.bss          zero     0x0000b6    0x40  transport.o [1]
  .near.bss          zero     0x0000f6    0x14  commands.o [1]
  .near.bss          zero     0x00010a    0x14  TaskManager.o [1]
  .near.bss          zero     0x00011e     0x4  main.o [1]
  .near.bss          zero     0x000122     0x4  timer_counter.o [1]
  .near.bss          zero     0x000126     0x4  timer_pwm.o [1]
  .near.bss          zero     0x00012a     0x4  timer_pwm.o [1]
  .near.bss          zero     0x00012e     0x2  nodecontrol.o [1]
  .near.bss          zero     0x000130     0x2  nodestatemanager.o [1]
  .near.bss          zero     0x000132     0x1  commands.o [1]
  .near.bss          zero     0x000133     0x1  commands.o [1]
  .near.bss          zero     0x000134     0x1  ir_transmitter.o [1]
  .near.bss          zero     0x000135     0x1  ir_transmitter.o [1]
  .near.bss          zero     0x000136     0x1  led_controller.o [1]
  .near.bss          zero     0x000137     0x1  nodecontrol.o [1]
  .near.bss          zero     0x000138     0x1  TaskManager.o [1]
  .near.bss          zero     0x000139     0x1  timer_pwm.o [1]
  .near.bss          zero     0x00013a     0x1  transport.o [1]
  .near.bss          zero     0x00013b     0x1  transport.o [1]
  .near.bss          zero     0x00013c     0x1  transport.o [1]
  .near.bss          zero     0x00013d     0x1  transport.o [1]
  .near.bss          zero     0x00013e     0x1  transport.o [1]
  .near.bss          zero     0x00013f     0x1  transport.o [1]
                            - 0x000140   0x12e

"A1":                                    0x100
  CSTACK                      0x000300   0x100  <Block>
    CSTACK           uninit   0x000300   0x100  <Block tail>
                            - 0x000400   0x100

"A2":                                     0x80
  INTVEC                      0x008000    0x80  <Block>
    .intvec          const    0x008000    0x80  interrupt.o [4]
                            - 0x008080    0x80

"P3-P5":                                0x1668
  .near_func.text    ro code  0x008080   0x32b  float.o [4]
  .near_func.text    ro code  0x0083ab   0x1b7  stm8s_uart1.o [1]
  .near_func.text    ro code  0x008562   0x149  long.o [4]
  .near_func.text    ro code  0x0086ab   0x124  stm8s_adc1.o [1]
  .near_func.text    ro code  0x0087cf   0x105  vreg_util.o [4]
  .near_func.text    ro code  0x0088d4    0xb1  stm8s_gpio.o [1]
  .near_func.text    ro code  0x008985    0xb0  stm8s_adc1.o [1]
  .near_func.text    ro code  0x008a35    0x95  stm8s_uart1.o [1]
  .near_func.text    ro code  0x008aca    0x8a  stm8s_adc1.o [1]
  .near_func.text    ro code  0x008b54    0x6f  stm8s_tim2.o [1]
  .near_func.text    ro code  0x008bc3    0x6f  stm8s_tim2.o [1]
  .near_func.text    ro code  0x008c32    0x5e  stm8s_clk.o [1]
  .near_func.text    ro code  0x008c90    0x50  main.o [1]
  .near_func.text    ro code  0x008ce0    0x4c  stm8s_tim1.o [1]
  .near_func.text    ro code  0x008d2c    0x4c  stm8s_tim1.o [1]
  .near_func.text    ro code  0x008d78    0x4b  commands.o [1]
  .near_func.text    ro code  0x008dc3    0x47  long_util.o [4]
  .near_func.text    ro code  0x008e0a    0x45  timer_pwm.o [1]
  .near_func.text    ro code  0x008e4f    0x3f  stm8s_adc1.o [1]
  .near_func.text    ro code  0x008e8e    0x3d  stm8s_adc1.o [1]
  .near_func.text    ro code  0x008ecb    0x3b  stm8s_clk.o [1]
  .near_func.text    ro code  0x008f06    0x39  stm8s_adc1.o [1]
  .near_func.text    ro code  0x008f3f    0x37  timer_pwm.o [1]
  .near_func.text    ro code  0x008f76    0x36  commands.o [1]
  .near_func.text    ro code  0x008fac    0x35  main.o [1]
  .near_func.text    ro code  0x008fe1    0x31  stm8s_tim1.o [1]
  .near_func.text    ro code  0x009012    0x2c  main.o [1]
  .near_func.text    ro code  0x00903e    0x2c  transport.o [1]
  .near_func.text    ro code  0x00906a    0x2b  gpio_util.o [1]
  .near_func.text    ro code  0x009095    0x2b  stm8s_uart1.o [1]
  .near_func.text    ro code  0x0090c0    0x29  stm8s_tim1.o [1]
  .near_func.text    ro code  0x0090e9    0x28  stm8s_clk.o [1]
  .near_func.text    ro code  0x009111    0x28  init_small.o [4]
  .near_func.text    ro code  0x009139    0x27  transport.o [1]
  .near_func.text    ro code  0x009160    0x26  nodecontrol.o [1]
  .near_func.text    ro code  0x009186    0x26  transport.o [1]
  .near_func.text    ro code  0x0091ac    0x25  main.o [1]
  .near_func.text    ro code  0x0091d1    0x25  transport.o [1]
  .near_func.text    ro code  0x0091f6    0x25  dc_util.o [4]
  .near_func.text    ro code  0x00921b    0x22  ir_transmitter.o [1]
  .near_func.text    ro code  0x00923d    0x22  timer_pwm.o [1]
  .near_func.text    ro code  0x00925f    0x21  stm8s_it.o [1]
  .near_func.text    ro code  0x009280    0x21  transport.o [1]
  .iar.init_table    const    0x0092a1    0x12  - Linker created -
  .near_func.text    ro code  0x0092b3    0x20  main.o [1]
  .near_func.text    ro code  0x0092d3    0x20  stm8s_it.o [1]
  .near_func.text    ro code  0x0092f3    0x20  TaskManager.o [1]
  .near_func.text    ro code  0x009313    0x1f  ir_transmitter.o [1]
  .near_func.text    ro code  0x009332    0x1f  move.o [4]
  .near_func.text    ro code  0x009351    0x1e  init_small.o [4]
  .near_func.text    ro code  0x00936f    0x1d  ir_receiver.o [1]
  .near_func.text    ro code  0x00938c    0x1d  timer_counter.o [1]
  .near_func.text    ro code  0x0093a9    0x1c  led_controller.o [1]
  .near_func.text    ro code  0x0093c5    0x16  stm8s_it.o [1]
  .near_func.text    ro code  0x0093db    0x16  stm8s_tim1.o [1]
  .near_func.text    ro code  0x0093f1    0x16  stm8s_tim2.o [1]
  .near_func.text    ro code  0x009407    0x16  stm8s_tim2.o [1]
  .near_func.text    ro code  0x00941d    0x16  stm8s_tim2.o [1]
  .near_func.text    ro code  0x009433    0x16  stm8s_tim2.o [1]
  .near_func.text    ro code  0x009449    0x14  short.o [4]
  .near_func.text    ro code  0x00945d    0x14  init.o [4]
  .near_func.text    ro code  0x009471    0x13  cstartup.o [4]
  .near_func.text    ro code  0x009484    0x12  timer_pwm.o [1]
  .near_func.text    ro code  0x009496    0x11  transport.o [1]
  .near_func.text    ro code  0x0094a7    0x10  TaskManager.o [1]
  .near_func.text    ro code  0x0094b7    0x10  transport.o [1]
  .near_func.text    ro code  0x0094c7     0xf  stm8s_tim2.o [1]
  .near_func.text    ro code  0x0094d6     0xf  timer_counter.o [1]
  .near.rodata       const    0x0094e5     0xe  stm8s_uart1.o [1]
  .near_func.text    ro code  0x0094f3     0xe  transport.o [1]
  .near.rodata       const    0x009501     0xd  stm8s_adc1.o [1]
  .near.rodata       const    0x00950e     0xd  stm8s_gpio.o [1]
  .near.rodata       const    0x00951b     0xd  stm8s_tim1.o [1]
  .near.rodata       const    0x009528     0xd  stm8s_tim2.o [1]
  .near_func.text    ro code  0x009535     0xd  stm8s_tim2.o [1]
  .near.rodata       const    0x009542     0xc  stm8s_clk.o [1]
  .near_func.text    ro code  0x00954e     0xc  timer_pwm.o [1]
  .near_func.text    ro code  0x00955a     0xb  stm8s_adc1.o [1]
  .near_func.text    ro code  0x009565     0xb  stm8s_clk.o [1]
  .near_func.text    ro code  0x009570     0xb  stm8s_gpio.o [1]
  .near_func.text    ro code  0x00957b     0xb  stm8s_tim1.o [1]
  .near_func.text    ro code  0x009586     0xb  stm8s_tim2.o [1]
  .near_func.text    ro code  0x009591     0xb  stm8s_tim2.o [1]
  .near_func.text    ro code  0x00959c     0xb  stm8s_tim2.o [1]
  .near_func.text    ro code  0x0095a7     0xb  stm8s_uart1.o [1]
  .near_func.text    ro code  0x0095b2     0xb  timer_counter.o [1]
  .near_func.text    ro code  0x0095bd     0xa  timer_pwm.o [1]
  .near_func.text    ro code  0x0095c7     0x9  nodestatemanager.o [1]
  .near_func.text    ro code  0x0095d0     0x9  stm8s_adc1.o [1]
  .near_func.text    ro code  0x0095d9     0x9  stm8s_adc1.o [1]
  .near_func.text    ro code  0x0095e2     0x9  stm8s_clk.o [1]
  .near_func.text    ro code  0x0095eb     0x9  stm8s_tim2.o [1]
  .near_func.text    ro code  0x0095f4     0x9  stm8s_tim2.o [1]
  .near_func.text    ro code  0x0095fd     0x9  stm8s_uart1.o [1]
  .near_func.text    ro code  0x009606     0x9  transport.o [1]
  .near_func.text    ro code  0x00960f     0x8  main.o [1]
  .near_func.text    ro code  0x009617     0x8  stm8s_adc1.o [1]
  .near_func.text    ro code  0x00961f     0x8  stm8s_tim1.o [1]
  .near_func.text    ro code  0x009627     0x8  stm8s_uart1.o [1]
  .near_func.text    ro code  0x00962f     0x8  stm8s_uart1.o [1]
  .near_func.text    ro code  0x009637     0x8  transport.o [1]
  .near_func.text    ro code  0x00963f     0x7  gpio_util.o [1]
  .near_func.text    ro code  0x009646     0x7  stm8s_gpio.o [1]
  .near_func.text    ro code  0x00964d     0x7  stm8s_gpio.o [1]
  .near_func.text    ro code  0x009654     0x7  stm8s_it.o [1]
  .near_func.text    ro code  0x00965b     0x7  stm8s_tim2.o [1]
  .near_func.text    ro code  0x009662     0x7  transport.o [1]
  .near_func.text    ro code  0x009669     0x6  led_controller.o [1]
  .near_func.text    ro code  0x00966f     0x6  main.o [1]
  .near_func.text    ro code  0x009675     0x6  stm8s_tim1.o [1]
  .near_func.text    ro code  0x00967b     0x6  stm8s_uart1.o [1]
  .near_func.text    ro code  0x009681     0x6  timer_counter.o [1]
  .near_func.text    ro code  0x009687     0x6  timer_pwm.o [1]
  .near_func.text    ro code  0x00968d     0x6  transport.o [1]
  .near_func.text    ro code  0x009693     0x5  stm8s_adc1.o [1]
  .near_func.text    ro code  0x009698     0x5  stm8s_tim1.o [1]
  .near_func.text    ro code  0x00969d     0x5  cexit.o [4]
  .near.rodata       const    0x0096a2     0x4  stm8s_clk.o [1]
  .near_func.text    ro code  0x0096a6     0x4  ir_transmitter.o [1]
  .near_func.text    ro code  0x0096aa     0x4  led_controller.o [1]
  .near_func.text    ro code  0x0096ae     0x4  stm8s_gpio.o [1]
  .near_func.text    ro code  0x0096b2     0x4  stm8s_uart1.o [1]
  .near_func.text    ro code  0x0096b6     0x4  stm8s_uart1.o [1]
  .near_func.text    ro code  0x0096ba     0x4  transport.o [1]
  .near_func.text    ro code  0x0096be     0x3  gpio_util.o [1]
  .near_func.text    ro code  0x0096c1     0x3  gpio_util.o [1]
  .near_func.text    ro code  0x0096c4     0x3  interrupt.o [4]
  .near_func.text    ro code  0x0096c7     0x3  low_level_init.o [4]
  .near_func.text    ro code  0x0096ca     0x3  exit.o [4]
  .near_func.text    ro code  0x0096cd     0x3  unhandled_exception.o [4]
  .near_func.text    ro code  0x0096d0     0x2  stm8s_gpio.o [1]
  .near_func.text    ro code  0x0096d2     0x2  xxexit.o [3]
  Initializer bytes  const    0x0096d4     0x2  <for P2-1>
  .near_func.text    ro code  0x0096d6     0x1  nodestatemanager.o [1]
  .near_func.text    ro code  0x0096d7     0x1  stm8s_it.o [1]
  .near_func.text    ro code  0x0096d8     0x1  stm8s_it.o [1]
  .near_func.text    ro code  0x0096d9     0x1  stm8s_it.o [1]
  .near_func.text    ro code  0x0096da     0x1  stm8s_it.o [1]
  .near_func.text    ro code  0x0096db     0x1  stm8s_it.o [1]
  .near_func.text    ro code  0x0096dc     0x1  stm8s_it.o [1]
  .near_func.text    ro code  0x0096dd     0x1  stm8s_it.o [1]
  .near_func.text    ro code  0x0096de     0x1  stm8s_it.o [1]
  .near_func.text    ro code  0x0096df     0x1  stm8s_it.o [1]
  .near_func.text    ro code  0x0096e0     0x1  stm8s_it.o [1]
  .near_func.text    ro code  0x0096e1     0x1  stm8s_it.o [1]
  .near_func.text    ro code  0x0096e2     0x1  stm8s_it.o [1]
  .near_func.text    ro code  0x0096e3     0x1  stm8s_it.o [1]
  .near_func.text    ro code  0x0096e4     0x1  stm8s_it.o [1]
  .near_func.text    ro code  0x0096e5     0x1  stm8s_it.o [1]
  .near_func.text    ro code  0x0096e6     0x1  stm8s_it.o [1]
  .near_func.text    ro code  0x0096e7     0x1  stm8s_it.o [1]
                            - 0x0096e8  0x1668


*******************************************************************************
*** INIT TABLE
***

          Address   Size
          -------   ----
Zero (__iar_zero_init2)
    1 destination range, total size 0x12e:
          0x000012  0x12e

Copy (__iar_copy_init2)
    1 source range, total size 0x2:
          0x0096d4    0x2
    1 destination range, total size 0x2:
          0x000010    0x2



*******************************************************************************
*** MODULE SUMMARY
***

    Module                 ro code  ro data  rw data
    ------                 -------  -------  -------
E:\03-DuAn\LedController\LedController\02-Software\RS485Master\Release\Obj: [1]
    TaskManager.o               48                21
    commands.o                 129                22
    gpio_util.o                 56
    ir_receiver.o               29
    ir_transmitter.o            69        1        3
    led_controller.o            38                 1
    main.o                     260                 4
    nodecontrol.o               38               103
    nodestatemanager.o          10                 2
    stm8s_adc1.o               829       13
    stm8s_clk.o                213       16
    stm8s_gpio.o               208       13
    stm8s_it.o                 111
    stm8s_tim1.o               294       13
    stm8s_tim2.o               396       13
    stm8s_uart1.o              681       14
    timer_counter.o             61                 4
    timer_pwm.o                204        1       10
    transport.o                272               134
    ------------------------------------------------
    Total:                   3 946       84      304

command line: [2]
    ------------------------------------------------
    Total:

dbgstm8smn.a: [3]
    xxexit.o                     2
    ------------------------------------------------
    Total:                       2

dlstm8smn.a: [4]
    cexit.o                      5
    cstartup.o                  19
    dc_util.o                   37
    exit.o                       3
    float.o                    811
    init.o                      20
    init_small.o                70
    interrupt.o                  3      128
    long.o                     329
    long_util.o                 71
    low_level_init.o             3
    move.o                      31
    short.o                     20
    unhandled_exception.o        3
    vreg_util.o                261
    vregs.o                                       16
    ------------------------------------------------
    Total:                   1 686      128       16

    Linker created                       18      256
----------------------------------------------------
    Grand Total:             5 634      230      576


*******************************************************************************
*** ENTRY LIST
***

Entry                    Address   Size  Type      Object
-----                    -------   ----  ----      ------
.iar.init_table$$Base   0x0092a1          --   Gb  - Linker created -
.iar.init_table$$Limit  0x0092b3          --   Gb  - Linker created -
?b0                     0x000000         Data  Gb  vregs.o [4]
?b1                     0x000001         Data  Gb  vregs.o [4]
?b10                    0x00000a         Data  Gb  vregs.o [4]
?b11                    0x00000b         Data  Gb  vregs.o [4]
?b12                    0x00000c         Data  Gb  vregs.o [4]
?b13                    0x00000d         Data  Gb  vregs.o [4]
?b14                    0x00000e         Data  Gb  vregs.o [4]
?b15                    0x00000f         Data  Gb  vregs.o [4]
?b2                     0x000002         Data  Gb  vregs.o [4]
?b3                     0x000003         Data  Gb  vregs.o [4]
?b4                     0x000004         Data  Gb  vregs.o [4]
?b5                     0x000005         Data  Gb  vregs.o [4]
?b6                     0x000006         Data  Gb  vregs.o [4]
?b7                     0x000007         Data  Gb  vregs.o [4]
?b8                     0x000008         Data  Gb  vregs.o [4]
?b9                     0x000009         Data  Gb  vregs.o [4]
?dc32_l0                0x0091f6         Code  Gb  dc_util.o [4]
?dc32_l1                0x009203         Code  Gb  dc_util.o [4]
?dc32_px                0x009210         Code  Gb  dc_util.o [4]
?e0                     0x000001         Data  Gb  vregs.o [4]
?e1                     0x000005         Data  Gb  vregs.o [4]
?e2                     0x000009         Data  Gb  vregs.o [4]
?e3                     0x00000d         Data  Gb  vregs.o [4]
?epilogue_l2            0x00886a         Code  Gb  vreg_util.o [4]
?epilogue_l2_l3         0x008867         Code  Gb  vreg_util.o [4]
?epilogue_l2_w6         0x00886e         Code  Gb  vreg_util.o [4]
?epilogue_w4            0x008875         Code  Gb  vreg_util.o [4]
?fadd32_l0_l0_0x        0x0080a6         Code  Gb  float.o [4]
?fadd32_l0_l0_l1        0x0080a9         Code  Gb  float.o [4]
?fcasts16f32_x_l0       0x00827d         Code  Gb  float.o [4]
?fcmpeq32_c_0x_fzero    0x008211         Code  Gb  float.o [4]
?fcmpge32_c_l0_0x       0x00821e         Code  Gb  float.o [4]
?fcmpge32_c_l0_dc32     0x008219         Code  Gb  float.o [4]
?fcmplt32_c_l0_0x       0x008227         Code  Gb  float.o [4]
?fcmplt32_c_l0_dc32     0x008222         Code  Gb  float.o [4]
?fmul32_l0_l0_dc32      0x008177         Code  Gb  float.o [4]
?fmul32_l0_l0_l1        0x00817c         Code  Gb  float.o [4]
?fsub32_l0_l0_0x        0x00809d         Code  Gb  float.o [4]
?fsub32_l0_l0_l1        0x0080a0         Code  Gb  float.o [4]
?inc32_0x_0x            0x008567         Code  Gb  long.o [4]
?inc32_l0_l0            0x008562         Code  Gb  long.o [4]
?l0                     0x000000         Data  Gb  vregs.o [4]
?l1                     0x000004         Data  Gb  vregs.o [4]
?l2                     0x000008         Data  Gb  vregs.o [4]
?l3                     0x00000c         Data  Gb  vregs.o [4]
?load32_0x_l0           0x008dfc         Code  Gb  long_util.o [4]
?load32_asp_l0          0x008df0         Code  Gb  long_util.o [4]
?load32_dbsp_l0         0x008deb         Code  Gb  long_util.o [4]
?load32_l0_0x           0x008dd3         Code  Gb  long_util.o [4]
?load32_l0_asp          0x008dc8         Code  Gb  long_util.o [4]
?load32_l0_dbsp         0x008dc3         Code  Gb  long_util.o [4]
?load32_l0_xsp          0x008dca         Code  Gb  long_util.o [4]
?load32_l1_0x           0x008ddf         Code  Gb  long_util.o [4]
?load32_xsp_l0          0x008df2         Code  Gb  long_util.o [4]
?longfarg16_v_w0_a      0x00933f         Code  Gb  move.o [4]
?longfarg16_v_w0_x      0x009341         Code  Gb  move.o [4]
?mov_e0_e1              0x00887c         Code  Gb  vreg_util.o [4]
?mov_e0_e2              0x008889         Code  Gb  vreg_util.o [4]
?mov_e0_e3              0x008896         Code  Gb  vreg_util.o [4]
?mov_e1_e2              0x0088a3         Code  Gb  vreg_util.o [4]
?mov_e1_e3              0x0088b0         Code  Gb  vreg_util.o [4]
?mov_e2_e0              0x0088bd         Code  Gb  vreg_util.o [4]
?mov_e3_e0              0x0088ca         Code  Gb  vreg_util.o [4]
?mov_l0_l1              0x008879         Code  Gb  vreg_util.o [4]
?mov_l0_l2              0x008886         Code  Gb  vreg_util.o [4]
?mov_l0_l3              0x008893         Code  Gb  vreg_util.o [4]
?mov_l1_l2              0x0088a0         Code  Gb  vreg_util.o [4]
?mov_l1_l3              0x0088ad         Code  Gb  vreg_util.o [4]
?mov_l2_l0              0x0088ba         Code  Gb  vreg_util.o [4]
?mov_l3_l0              0x0088c7         Code  Gb  vreg_util.o [4]
?mov_w1_w3              0x00887f         Code  Gb  vreg_util.o [4]
?mov_w1_w5              0x00888c         Code  Gb  vreg_util.o [4]
?mov_w1_w7              0x008899         Code  Gb  vreg_util.o [4]
?mov_w3_w5              0x0088a6         Code  Gb  vreg_util.o [4]
?mov_w3_w7              0x0088b3         Code  Gb  vreg_util.o [4]
?mov_w5_w1              0x0088c0         Code  Gb  vreg_util.o [4]
?mov_w7_w1              0x0088cd         Code  Gb  vreg_util.o [4]
?move1616_v_x_y_a       0x009332         Code  Gb  move.o [4]
?mul32_l0_l0_0x         0x008593         Code  Gb  long.o [4]
?mul32_l0_l0_dl         0x008590         Code  Gb  long.o [4]
?mul32_l0_l0_l1         0x00859c         Code  Gb  long.o [4]
?pop_l0                 0x008833         Code  Gb  vreg_util.o [4]
?pop_l1                 0x00883e         Code  Gb  vreg_util.o [4]
?pop_l2                 0x008849         Code  Gb  vreg_util.o [4]
?pop_l3                 0x008854         Code  Gb  vreg_util.o [4]
?pop_w4                 0x0087ec         Code  Gb  vreg_util.o [4]
?pop_w6                 0x0087f3         Code  Gb  vreg_util.o [4]
?push_l0                0x008802         Code  Gb  vreg_util.o [4]
?push_l1                0x008807         Code  Gb  vreg_util.o [4]
?push_l2                0x00880c         Code  Gb  vreg_util.o [4]
?push_l3                0x008811         Code  Gb  vreg_util.o [4]
?push_w4                0x0087cf         Code  Gb  vreg_util.o [4]
?push_w6                0x0087d4         Code  Gb  vreg_util.o [4]
?sll16_x_x_4            0x009453         Code  Gb  short.o [4]
?sll16_x_x_5            0x009452         Code  Gb  short.o [4]
?sll16_x_x_6            0x009451         Code  Gb  short.o [4]
?sll16_x_x_a            0x009449         Code  Gb  short.o [4]
?sll32_0x_0x_a          0x00869d         Code  Gb  long.o [4]
?sll32_l0_l0_a          0x00869a         Code  Gb  long.o [4]
?srl16_x_x_4            0x009458         Code  Gb  short.o [4]
?sub32_l0_l0_0x         0x008578         Code  Gb  long.o [4]
?sub32_l0_l0_l1         0x008575         Code  Gb  long.o [4]
?ucmp32_c_l0_l1         0x00868f         Code  Gb  long.o [4]
?udiv32_l0_dl_l1        0x00861a         Code  Gb  long.o [4]
?udiv32_l0_l0_dl        0x00861f         Code  Gb  long.o [4]
?udiv32_l0_l0_l1        0x008622         Code  Gb  long.o [4]
?umod32_l1_l0_l1        0x008622         Code  Gb  long.o [4]
?w0                     0x000000         Data  Gb  vregs.o [4]
?w1                     0x000002         Data  Gb  vregs.o [4]
?w2                     0x000004         Data  Gb  vregs.o [4]
?w3                     0x000006         Data  Gb  vregs.o [4]
?w4                     0x000008         Data  Gb  vregs.o [4]
?w5                     0x00000a         Data  Gb  vregs.o [4]
?w6                     0x00000c         Data  Gb  vregs.o [4]
?w7                     0x00000e         Data  Gb  vregs.o [4]
ADC1_ConversionConfig   0x008aca   0x8a  Code  Gb  stm8s_adc1.o [1]
ADC1_ExternalTriggerConfig
                        0x008e4f   0x3f  Code  Gb  stm8s_adc1.o [1]
ADC1_GetConversionValue
                        0x008f06   0x39  Code  Gb  stm8s_adc1.o [1]
ADC1_IRQHandler         0x0096e5    0x1  Code  Gb  stm8s_it.o [1]
ADC1_Init               0x0086ab  0x124  Code  Gb  stm8s_adc1.o [1]
ADC1_PrescalerConfig    0x008e8e   0x3d  Code  Gb  stm8s_adc1.o [1]
ADC1_SchmittTriggerConfig
                        0x008985   0xb0  Code  Gb  stm8s_adc1.o [1]
ADC1_StartConversion    0x009693    0x5  Code  Gb  stm8s_adc1.o [1]
AWU_IRQHandler          0x0096d9    0x1  Code  Gb  stm8s_it.o [1]
CLK_GetClockFreq        0x008ecb   0x3b  Code  Gb  stm8s_clk.o [1]
CLK_HSIPrescalerConfig  0x0090e9   0x28  Code  Gb  stm8s_clk.o [1]
CLK_IRQHandler          0x0096da    0x1  Code  Gb  stm8s_it.o [1]
CLK_SYSCLKConfig        0x008c32   0x5e  Code  Gb  stm8s_clk.o [1]
CSTACK$$Base            0x000300          --   Gb  - Linker created -
CSTACK$$Limit           0x000400          --   Gb  - Linker created -
Command_Task            0x008d78   0x4b  Code  Gb  commands.o [1]
EEPROM_EEC_IRQHandler   0x0096e7    0x1  Code  Gb  stm8s_it.o [1]
EXTI_PORTA_IRQHandler   0x0096db    0x1  Code  Gb  stm8s_it.o [1]
EXTI_PORTB_IRQHandler   0x0096dc    0x1  Code  Gb  stm8s_it.o [1]
EXTI_PORTC_IRQHandler   0x0096dd    0x1  Code  Gb  stm8s_it.o [1]
EXTI_PORTD_IRQHandler   0x0096de    0x1  Code  Gb  stm8s_it.o [1]
EXTI_PORTE_IRQHandler   0x0096df    0x1  Code  Gb  stm8s_it.o [1]
GPIO_Init               0x0088d4   0xb1  Code  Gb  stm8s_gpio.o [1]
GPIO_ReadInputPin       0x00964d    0x7  Code  Gb  stm8s_gpio.o [1]
GPIO_ReadOutputData     0x0096d0    0x2  Code  Gb  stm8s_gpio.o [1]
GPIO_Util_Init_As_Out   0x00963f    0x7  Code  Gb  gpio_util.o [1]
GPIO_Util_Toggle        0x00906a   0x2b  Code  Gb  gpio_util.o [1]
GPIO_Util_WriteHigh     0x0096be    0x3  Code  Gb  gpio_util.o [1]
GPIO_Util_WriteLow      0x0096c1    0x3  Code  Gb  gpio_util.o [1]
GPIO_WriteHigh          0x009646    0x7  Code  Gb  stm8s_gpio.o [1]
GPIO_WriteLow           0x0096ae    0x4  Code  Gb  stm8s_gpio.o [1]
HSIDivFactor            0x0096a2    0x4  Data  Gb  stm8s_clk.o [1]
I2C_IRQHandler          0x0096e4    0x1  Code  Gb  stm8s_it.o [1]
INTVEC$$Base            0x008000          --   Gb  - Linker created -
INTVEC$$Limit           0x008080          --   Gb  - Linker created -
IR_Receiver_Init        0x00936f   0x1d  Code  Gb  ir_receiver.o [1]
IR_Transmitter_GetMode  0x0096a6    0x4  Code  Gb  ir_transmitter.o [1]
IR_Transmitter_Init     0x00921b   0x22  Code  Gb  ir_transmitter.o [1]
IR_Transmitter_Task     0x009313   0x1f  Code  Gb  ir_transmitter.o [1]
IR_Transmitter_Task{1}{2}::counter
                        0x000135    0x1  Data  Lc  ir_transmitter.o [1]
Led_Control_GetMode     0x0096aa    0x4  Code  Gb  led_controller.o [1]
Led_Control_Init        0x0093a9   0x1c  Code  Gb  led_controller.o [1]
Node_Control_InitNodes  0x009160   0x26  Code  Gb  nodecontrol.o [1]
Node_State_Manager_Init
                        0x0095c7    0x9  Code  Gb  nodestatemanager.o [1]
Node_State_Manager_Task
                        0x0096d6    0x1  Code  Gb  nodestatemanager.o [1]
Region$$Table$$Base     0x0092a1          --   Gb  - Linker created -
Region$$Table$$Limit    0x0092b3          --   Gb  - Linker created -
SPI_IRQHandler          0x0096e0    0x1  Code  Gb  stm8s_it.o [1]
TIM1_CAP_COM_IRQHandler
                        0x0096e1    0x1  Code  Gb  stm8s_it.o [1]
TIM1_ClearFlag          0x0090c0   0x29  Code  Gb  stm8s_tim1.o [1]
TIM1_Cmd                0x0093db   0x16  Code  Gb  stm8s_tim1.o [1]
TIM1_GetITStatus        0x008d2c   0x4c  Code  Gb  stm8s_tim1.o [1]
TIM1_ITConfig           0x008fe1   0x31  Code  Gb  stm8s_tim1.o [1]
TIM1_TimeBaseInit       0x008ce0   0x4c  Code  Gb  stm8s_tim1.o [1]
TIM1_UPD_OVF_TRG_BRK_IRQHandler
                        0x0092d3   0x20  Code  Gb  stm8s_it.o [1]
TIM2_ARRPreloadConfig   0x009407   0x16  Code  Gb  stm8s_tim2.o [1]
TIM2_CAP_COM_IRQHandler
                        0x0096e3    0x1  Code  Gb  stm8s_it.o [1]
TIM2_Cmd                0x0093f1   0x16  Code  Gb  stm8s_tim2.o [1]
TIM2_OC1Init            0x008b54   0x6f  Code  Gb  stm8s_tim2.o [1]
TIM2_OC1PreloadConfig   0x00941d   0x16  Code  Gb  stm8s_tim2.o [1]
TIM2_OC3Init            0x008bc3   0x6f  Code  Gb  stm8s_tim2.o [1]
TIM2_OC3PreloadConfig   0x009433   0x16  Code  Gb  stm8s_tim2.o [1]
TIM2_SetCompare1        0x0095f4    0x9  Code  Gb  stm8s_tim2.o [1]
TIM2_TimeBaseInit       0x00965b    0x7  Code  Gb  stm8s_tim2.o [1]
TIM2_UPD_OVF_BRK_IRQHandler
                        0x0096e2    0x1  Code  Gb  stm8s_it.o [1]
TIM4_UPD_OVF_IRQHandler
                        0x0096e6    0x1  Code  Gb  stm8s_it.o [1]
TLI_IRQHandler          0x0096d8    0x1  Code  Gb  stm8s_it.o [1]
TRAP_IRQHandler         0x0096d7    0x1  Code  Gb  stm8s_it.o [1]
Task_Init               0x009012   0x2c  Code  Gb  main.o [1]
Task_Manager_AddTask    0x0094a7   0x10  Code  Gb  TaskManager.o [1]
Task_Manager_PerformTask
                        0x0092f3   0x20  Code  Gb  TaskManager.o [1]
Test_Uart               0x008fac   0x35  Code  Gb  main.o [1]
Timer_Counter_GetCounter
                        0x009681    0x6  Code  Gb  timer_counter.o [1]
Timer_Counter_IncreaseCounter
                        0x0094d6    0xf  Code  Gb  timer_counter.o [1]
Timer_Counter_Init      0x0095b2    0xb  Code  Gb  timer_counter.o [1]
Timer_PWM_IR_Transmitter_Init
                        0x00923d   0x22  Code  Gb  timer_pwm.o [1]
Timer_PWM_Init          0x008f3f   0x37  Code  Gb  timer_pwm.o [1]
Timer_PWM_Update_Period
                        0x008e0a   0x45  Code  Gb  timer_pwm.o [1]
Transport_GetRxBufferSize
                        0x0096ba    0x4  Code  Gb  transport.o [1]
Transport_Init          0x009186   0x26  Code  Gb  transport.o [1]
Transport_RxPop         0x0091d1   0x25  Code  Gb  transport.o [1]
Transport_RxPush        0x009139   0x27  Code  Gb  transport.o [1]
Transport_TxPop         0x00903e   0x2c  Code  Gb  transport.o [1]
Transport_TxPush        0x009280   0x21  Code  Gb  transport.o [1]
UART1_DeInit            0x009095   0x2b  Code  Gb  stm8s_uart1.o [1]
UART1_ITConfig          0x008a35   0x95  Code  Gb  stm8s_uart1.o [1]
UART1_Init              0x0083ab  0x1b7  Code  Gb  stm8s_uart1.o [1]
UART1_RX_IRQHandler     0x0093c5   0x16  Code  Gb  stm8s_it.o [1]
UART1_ReceiveData8      0x0096b2    0x4  Code  Gb  stm8s_uart1.o [1]
UART1_SendData8         0x0096b6    0x4  Code  Gb  stm8s_uart1.o [1]
UART1_TX_IRQHandler     0x00925f   0x21  Code  Gb  stm8s_it.o [1]
__exit                  0x0096d2    0x2  Code  Gb  xxexit.o [3]
__iar_copy_init2        0x009111         Code  Gb  init_small.o [4]
__iar_data_init2        0x00945d   0x14  Code  Gb  init.o [4]
__iar_program_start     0x009471         Code  Gb  cstartup.o [4]
__iar_unhandled_exception
                        0x0096cd         Code  Gb  unhandled_exception.o [4]
__iar_zero_init2        0x009351         Code  Gb  init_small.o [4]
__intvec                0x008000         Data  Gb  interrupt.o [4]
__low_level_init        0x0096c7    0x3  Code  Gb  low_level_init.o [4]
_exit                   0x00969d         Code  Gb  cexit.o [4]
_interrupt_1            0x0096d7         Code  Gb  stm8s_it.o [1]
_interrupt_12           0x0096e0         Code  Gb  stm8s_it.o [1]
_interrupt_13           0x0092d3         Code  Gb  stm8s_it.o [1]
_interrupt_14           0x0096e1         Code  Gb  stm8s_it.o [1]
_interrupt_15           0x0096e2         Code  Gb  stm8s_it.o [1]
_interrupt_16           0x0096e3         Code  Gb  stm8s_it.o [1]
_interrupt_19           0x00925f         Code  Gb  stm8s_it.o [1]
_interrupt_2            0x0096d8         Code  Gb  stm8s_it.o [1]
_interrupt_20           0x0093c5         Code  Gb  stm8s_it.o [1]
_interrupt_21           0x0096e4         Code  Gb  stm8s_it.o [1]
_interrupt_24           0x0096e5         Code  Gb  stm8s_it.o [1]
_interrupt_25           0x0096e6         Code  Gb  stm8s_it.o [1]
_interrupt_26           0x0096e7         Code  Gb  stm8s_it.o [1]
_interrupt_3            0x0096d9         Code  Gb  stm8s_it.o [1]
_interrupt_4            0x0096da         Code  Gb  stm8s_it.o [1]
_interrupt_5            0x0096db         Code  Gb  stm8s_it.o [1]
_interrupt_6            0x0096dc         Code  Gb  stm8s_it.o [1]
_interrupt_7            0x0096dd         Code  Gb  stm8s_it.o [1]
_interrupt_8            0x0096de         Code  Gb  stm8s_it.o [1]
_interrupt_9            0x0096df         Code  Gb  stm8s_it.o [1]
active_period           0x000126    0x4  Data  Gb  timer_pwm.o [1]
assert_failed           0x0091ac   0x25  Code  Gb  main.o [1]
assert_failed::counter  0x00011e    0x4  Data  Lc  main.o [1]
change_factor           0x00012a    0x4  Data  Gb  timer_pwm.o [1]
cmd_cnt                 0x000133    0x1  Data  Gb  commands.o [1]
cmd_push                0x008f76   0x36  Code  Gb  commands.o [1]
cmd_wr_idx              0x000132    0x1  Data  Gb  commands.o [1]
commands                0x0000f6   0x14  Data  Gb  commands.o [1]
control_state           0x000137    0x1  Data  Gb  nodecontrol.o [1]
exit                    0x0096ca    0x3  Code  Gb  exit.o [4]
gpio_state              0x000011    0x1  Data  Gb  timer_pwm.o [1]
is_configured           0x000139    0x1  Data  Gb  timer_pwm.o [1]
main                    0x008c90   0x50  Code  Gb  main.o [1]
node_state              0x000130    0x2  Data  Gb  nodestatemanager.o [1]
nodes                   0x000012   0x64  Data  Gb  nodecontrol.o [1]
running_mode            0x000134    0x1  Data  Gb  ir_transmitter.o [1]
running_mode            0x000136    0x1  Data  Lc  led_controller.o [1]
rx_buff                 0x0000b6   0x40  Data  Gb  transport.o [1]
rx_cnt                  0x00013f    0x1  Data  Gb  transport.o [1]
rx_rd_idx               0x00013e    0x1  Data  Gb  transport.o [1]
rx_wr_idx               0x00013d    0x1  Data  Gb  transport.o [1]
task_Index              0x000138    0x1  Data  Gb  TaskManager.o [1]
tasks                   0x00010a   0x14  Data  Gb  TaskManager.o [1]
time_prescaler          0x000010    0x1  Data  Gb  ir_transmitter.o [1]
timeout                 0x00012e    0x2  Data  Gb  nodecontrol.o [1]
timer_counter           0x000122    0x4  Data  Lc  timer_counter.o [1]
tx_buff                 0x000076   0x40  Data  Gb  transport.o [1]
tx_cnt                  0x00013c    0x1  Data  Gb  transport.o [1]
tx_rd_idx               0x00013b    0x1  Data  Gb  transport.o [1]
tx_wr_idx               0x00013a    0x1  Data  Gb  transport.o [1]


[1] = E:\03-DuAn\LedController\LedController\02-Software\RS485Master\Release\Obj
[2] = command line
[3] = dbgstm8smn.a
[4] = dlstm8smn.a

  5 634 bytes of readonly  code memory
    230 bytes of readonly  data memory
    576 bytes of readwrite data memory

Errors: none
Warnings: none
