###############################################################################
#
# IAR ELF Linker V3.10.1.201 for STM8                     18/Jan/2019  15:42:24
# Copyright 2010-2017 IAR Systems AB.
#
#    Output file  =  
#        E:\DATA\03-DuAn\02-LedController\LedController\02-Software\RS485Slave\Debug\Exe\RS485Slave.out
#    Map file     =  
#        E:\DATA\03-DuAn\02-LedController\LedController\02-Software\RS485Slave\Debug\List\RS485Slave.map
#    Command line =  
#        -f C:\Users\PM-HUN~1\AppData\Local\Temp\EWA574.tmp
#        (E:\DATA\03-DuAn\02-LedController\LedController\02-Software\RS485Slave\Debug\Obj\commands.o
#        E:\DATA\03-DuAn\02-LedController\LedController\02-Software\RS485Slave\Debug\Obj\gpio_util.o
#        E:\DATA\03-DuAn\02-LedController\LedController\02-Software\RS485Slave\Debug\Obj\ir_receiver.o
#        E:\DATA\03-DuAn\02-LedController\LedController\02-Software\RS485Slave\Debug\Obj\ir_transmitter.o
#        E:\DATA\03-DuAn\02-LedController\LedController\02-Software\RS485Slave\Debug\Obj\led_controller.o
#        E:\DATA\03-DuAn\02-LedController\LedController\02-Software\RS485Slave\Debug\Obj\main.o
#        E:\DATA\03-DuAn\02-LedController\LedController\02-Software\RS485Slave\Debug\Obj\nodecontrol.o
#        E:\DATA\03-DuAn\02-LedController\LedController\02-Software\RS485Slave\Debug\Obj\nodestatemanager.o
#        E:\DATA\03-DuAn\02-LedController\LedController\02-Software\RS485Slave\Debug\Obj\stm8s_adc1.o
#        E:\DATA\03-DuAn\02-LedController\LedController\02-Software\RS485Slave\Debug\Obj\stm8s_clk.o
#        E:\DATA\03-DuAn\02-LedController\LedController\02-Software\RS485Slave\Debug\Obj\stm8s_gpio.o
#        E:\DATA\03-DuAn\02-LedController\LedController\02-Software\RS485Slave\Debug\Obj\stm8s_it.o
#        E:\DATA\03-DuAn\02-LedController\LedController\02-Software\RS485Slave\Debug\Obj\stm8s_itc.o
#        E:\DATA\03-DuAn\02-LedController\LedController\02-Software\RS485Slave\Debug\Obj\stm8s_tim1.o
#        E:\DATA\03-DuAn\02-LedController\LedController\02-Software\RS485Slave\Debug\Obj\stm8s_tim2.o
#        E:\DATA\03-DuAn\02-LedController\LedController\02-Software\RS485Slave\Debug\Obj\stm8s_uart1.o
#        E:\DATA\03-DuAn\02-LedController\LedController\02-Software\RS485Slave\Debug\Obj\TaskManager.o
#        E:\DATA\03-DuAn\02-LedController\LedController\02-Software\RS485Slave\Debug\Obj\timer_counter.o
#        E:\DATA\03-DuAn\02-LedController\LedController\02-Software\RS485Slave\Debug\Obj\timer_pwm.o
#        E:\DATA\03-DuAn\02-LedController\LedController\02-Software\RS485Slave\Debug\Obj\transport.o
#        --redirect _Printf=_PrintfFullNoMb --redirect _Scanf=_ScanfFullNoMb -o
#        E:\DATA\03-DuAn\02-LedController\LedController\02-Software\RS485Slave\Debug\Exe\RS485Slave.out
#        --map
#        E:\DATA\03-DuAn\02-LedController\LedController\02-Software\RS485Slave\Debug\List\RS485Slave.map
#        --config "C:\Program Files (x86)\IAR Systems\Embedded Workbench
#        8.0\stm8\config\lnkstm8s003f3.icf" --config_def _CSTACK_SIZE=0x100
#        --config_def _HEAP_SIZE=0x100 --entry __iar_program_start --debug_lib)
#
###############################################################################

*******************************************************************************
*** RUNTIME MODEL ATTRIBUTES
***

__SystemLibrary            = DLib
__code_model               = small
__core                     = stm8
__data_model               = medium
__dlib_file_descriptor     = 0
__dlib_full_locale_support = 0
__rt_version               = 4


*******************************************************************************
*** PLACEMENT SUMMARY
***

"A0":  place at start of [0x000000-0x0000ff] { rw section .vregs };
"A1":  place at end of [0x000000-0x0003ff] { block CSTACK };
"P2":  place in [from 0x000000 to 0x0003ff] {
          block HEAP, rw section __DLIB_PERTHREAD, rw section .far.bss,
          rw section .far.data, rw section .far.noinit,
          rw section .far_func.textrw, rw section .huge.bss,
          rw section .huge.data, rw section .huge.noinit,
          rw section .huge_func.textrw, rw section .iar.dynexit,
          rw section .near.bss, rw section .near.data, rw section .near.noinit,
          rw section .near_func.textrw };
"A2":  place at start of [0x008000-0x009fff] { block INTVEC };
"P3":  place in [from 0x008000 to 0x009fff] {
          ro section __DLIB_PERTHREAD_init, ro section .far.data_init,
          ro section .far_func.textrw_init, ro section .huge.data_init,
          ro section .huge_func.textrw_init, ro section .iar.init_table,
          ro section .init_array, ro section .near.data_init,
          ro section .near.rodata, ro section .near_func.text,
          ro section .near_func.textrw_init, ro section .tiny.data_init,
          ro section .tiny.rodata_init };
"P4":  place in [from 0x008000 to 0x009fff] {
          ro section .far.rodata, ro section .far_func.text };
"P5":  place in [from 0x008000 to 0x009fff] {
          ro section .huge.rodata, ro section .huge_func.text };
do not initialize {
   rw section .eeprom.noinit, rw section .far.noinit, rw section .huge.noinit,
   rw section .near.noinit, rw section .tiny.noinit, rw section .vregs };
initialize by copy {
   rw section .far.bss, rw section .far.data, rw section .far_func.textrw,
   rw section .huge.bss, rw section .huge.data, rw section .huge_func.textrw,
   rw section .iar.dynexit, rw section .near.bss, rw section .near.data,
   rw section .near_func.textrw, rw section .tiny.bss, rw section .tiny.data,
   ro section .tiny.rodata };

  Section            Kind      Address    Size  Object
  -------            ----      -------    ----  ------
"A0":                                     0x10
  .vregs             uninit   0x000000    0x10  vregs.o [4]
                            - 0x000010    0x10

"P2", part 1 of 2:                         0x1
  P2-1                        0x000010     0x1  <Init block>
    .near.data       inited   0x000010     0x1  ir_transmitter.o [1]
                            - 0x000011     0x1

"P2", part 2 of 2:                       0x1b5
  .near.bss          zero     0x000011   0x100  transport.o [1]
  .near.bss          zero     0x000111    0x40  transport.o [1]
  .near.bss          zero     0x000151    0x28  TaskManager.o [1]
  .near.bss          zero     0x000179    0x14  commands.o [1]
  .near.bss          zero     0x00018d     0x5  ir_receiver.o [1]
  .near.bss          zero     0x000192     0x4  ir_receiver.o [1]
  .near.bss          zero     0x000196     0x4  ir_receiver.o [1]
  .near.bss          zero     0x00019a     0x4  ir_receiver.o [1]
  .near.bss          zero     0x00019e     0x4  ir_receiver.o [1]
  .near.bss          zero     0x0001a2     0x4  main.o [1]
  .near.bss          zero     0x0001a6     0x4  timer_counter.o [1]
  .near.bss          zero     0x0001aa     0x4  timer_pwm.o [1]
  .near.bss          zero     0x0001ae     0x4  timer_pwm.o [1]
  .near.bss          zero     0x0001b2     0x2  nodestatemanager.o [1]
  .near.bss          zero     0x0001b4     0x2  transport.o [1]
  .near.bss          zero     0x0001b6     0x2  transport.o [1]
  .near.bss          zero     0x0001b8     0x2  transport.o [1]
  .near.bss          zero     0x0001ba     0x1  commands.o [1]
  .near.bss          zero     0x0001bb     0x1  commands.o [1]
  .near.bss          zero     0x0001bc     0x1  commands.o [1]
  .near.bss          zero     0x0001bd     0x1  ir_transmitter.o [1]
  .near.bss          zero     0x0001be     0x1  ir_transmitter.o [1]
  .near.bss          zero     0x0001bf     0x1  led_controller.o [1]
  .near.bss          zero     0x0001c0     0x1  TaskManager.o [1]
  .near.bss          zero     0x0001c1     0x1  timer_pwm.o [1]
  .near.bss          zero     0x0001c2     0x1  timer_pwm.o [1]
  .near.bss          zero     0x0001c3     0x1  transport.o [1]
  .near.bss          zero     0x0001c4     0x1  transport.o [1]
  .near.bss          zero     0x0001c5     0x1  transport.o [1]
                            - 0x0001c6   0x1b5

"A1":                                    0x100
  CSTACK                      0x000300   0x100  <Block>
    CSTACK           uninit   0x000300   0x100  <Block tail>
                            - 0x000400   0x100

"A2":                                     0x80
  INTVEC                      0x008000    0x80  <Block>
    .intvec          const    0x008000    0x80  interrupt.o [4]
                            - 0x008080    0x80

"P3-P5":                                0x1f4b
  .near_func.text    ro code  0x008080   0x3df  float.o [4]
  .near_func.text    ro code  0x00845f   0x222  stm8s_uart1.o [1]
  .near_func.text    ro code  0x008681   0x19a  stm8s_adc1.o [1]
  .near_func.text    ro code  0x00881b   0x152  stm8s_itc.o [1]
  .near_func.text    ro code  0x00896d   0x149  long.o [4]
  .near_func.text    ro code  0x008ab6   0x112  vreg_util.o [4]
  .near_func.text    ro code  0x008bc8   0x110  stm8s_gpio.o [1]
  .near_func.text    ro code  0x008cd8    0xfc  stm8s_adc1.o [1]
  .near_func.text    ro code  0x008dd4    0xfc  timer_pwm.o [1]
  .near_func.text    ro code  0x008ed0    0xd3  stm8s_uart1.o [1]
  .near_func.text    ro code  0x008fa3    0xd0  stm8s_uart1.o [1]
  .near_func.text    ro code  0x009073    0xbe  stm8s_adc1.o [1]
  .near_func.text    ro code  0x009131    0xac  stm8s_tim2.o [1]
  .near_func.text    ro code  0x0091dd    0xac  stm8s_tim2.o [1]
  .near_func.text    ro code  0x009289    0x8b  ir_receiver.o [1]
  .near_func.text    ro code  0x009314    0x8b  stm8s_clk.o [1]
  .near_func.text    ro code  0x00939f    0x6d  stm8s_tim1.o [1]
  .near_func.text    ro code  0x00940c    0x60  stm8s_tim1.o [1]
  .near_func.text    ro code  0x00946c    0x59  stm8s_adc1.o [1]
  .near_func.text    ro code  0x0094c5    0x57  stm8s_clk.o [1]
  .near_func.text    ro code  0x00951c    0x55  stm8s_adc1.o [1]
  .near_func.text    ro code  0x009571    0x55  stm8s_adc1.o [1]
  .near_func.text    ro code  0x0095c6    0x54  commands.o [1]
  .near_func.text    ro code  0x00961a    0x54  nodecontrol.o [1]
  .near_func.text    ro code  0x00966e    0x4e  main.o [1]
  .near_func.text    ro code  0x0096bc    0x4e  stm8s_tim1.o [1]
  .near_func.text    ro code  0x00970a    0x4d  gpio_util.o [1]
  .near_func.text    ro code  0x009757    0x47  long_util.o [4]
  .near_func.text    ro code  0x00979e    0x41  transport.o [1]
  .near_func.text    ro code  0x0097df    0x3f  commands.o [1]
  .near_func.text    ro code  0x00981e    0x3e  commands.o [1]
  .near_func.text    ro code  0x00985c    0x3d  stm8s_clk.o [1]
  .near_func.text    ro code  0x009899    0x3b  transport.o [1]
  .near_func.text    ro code  0x0098d4    0x3b  transport.o [1]
  .near_func.text    ro code  0x00990f    0x39  stm8s_it.o [1]
  .near_func.text    ro code  0x009948    0x38  transport.o [1]
  .near_func.text    ro code  0x009980    0x35  main.o [1]
  .near_func.text    ro code  0x0099b5    0x35  stm8s_tim1.o [1]
  .near_func.text    ro code  0x0099ea    0x32  main.o [1]
  .near_func.text    ro code  0x009a1c    0x32  short.o [4]
  .near_func.text    ro code  0x009a4e    0x2f  ir_transmitter.o [1]
  .near_func.text    ro code  0x009a7d    0x2f  stm8s_tim1.o [1]
  .near_func.text    ro code  0x009aac    0x2f  stm8s_tim2.o [1]
  .near_func.text    ro code  0x009adb    0x2f  stm8s_tim2.o [1]
  .near_func.text    ro code  0x009b0a    0x2f  stm8s_tim2.o [1]
  .near_func.text    ro code  0x009b39    0x2f  stm8s_tim2.o [1]
  .near_func.text    ro code  0x009b68    0x2d  stm8s_uart1.o [1]
  .near_func.text    ro code  0x009b95    0x2d  transport.o [1]
  .near_func.text    ro code  0x009bc2    0x2c  led_controller.o [1]
  .near_func.text    ro code  0x009bee    0x28  timer_counter.o [1]
  .near_func.text    ro code  0x009c16    0x28  init_small.o [4]
  .near_func.text    ro code  0x009c3e    0x27  transport.o [1]
  .near_func.text    ro code  0x009c65    0x26  led_controller.o [1]
  .near_func.text    ro code  0x009c8b    0x25  ir_transmitter.o [1]
  .near_func.text    ro code  0x009cb0    0x25  dc_util.o [4]
  .near_func.text    ro code  0x009cd5    0x24  stm8s_it.o [1]
  .near_func.text    ro code  0x009cf9    0x23  stm8s_it.o [1]
  .near_func.text    ro code  0x009d1c    0x23  TaskManager.o [1]
  .near_func.text    ro code  0x009d3f    0x22  nodecontrol.o [1]
  .near_func.text    ro code  0x009d61    0x21  led_controller.o [1]
  .near_func.text    ro code  0x009d82    0x21  stm8s_itc.o [1]
  .iar.init_table    const    0x009da3    0x12  - Linker created -
  .near_func.text    ro code  0x009db5    0x20  commands.o [1]
  .near_func.text    ro code  0x009dd5    0x1f  move.o [4]
  .near_func.text    ro code  0x009df4    0x1e  init_small.o [4]
  .near_func.text    ro code  0x009e12    0x1d  main.o [1]
  .near_func.text    ro code  0x009e2f    0x19  nodestatemanager.o [1]
  .near_func.text    ro code  0x009e48    0x14  init.o [4]
  .near_func.text    ro code  0x009e5c    0x14  __dbg_xxexit.o [3]
  .near_func.text    ro code  0x009e70    0x13  main.o [1]
  .near_func.text    ro code  0x009e83    0x13  cstartup.o [4]
  .near_func.text    ro code  0x009e96    0x10  TaskManager.o [1]
  .near_func.text    ro code  0x009ea6     0xf  timer_counter.o [1]
  .near.rodata       const    0x009eb5     0xe  stm8s_uart1.o [1]
  .near.rodata       const    0x009ec3     0xd  stm8s_adc1.o [1]
  .near.rodata       const    0x009ed0     0xd  stm8s_gpio.o [1]
  .near.rodata       const    0x009edd     0xd  stm8s_tim1.o [1]
  .near.rodata       const    0x009eea     0xd  stm8s_tim2.o [1]
  .near.rodata       const    0x009ef7     0xc  stm8s_clk.o [1]
  .near.rodata       const    0x009f03     0xc  stm8s_itc.o [1]
  .near_func.text    ro code  0x009f0f     0xc  stm8s_tim2.o [1]
  .near_func.text    ro code  0x009f1b     0xb  gpio_util.o [1]
  .near_func.text    ro code  0x009f26     0x9  main.o [1]
  .near_func.text    ro code  0x009f2f     0x9  nodestatemanager.o [1]
  .near_func.text    ro code  0x009f38     0x9  stm8s_tim2.o [1]
  .near_func.text    ro code  0x009f41     0x8  transport.o [1]
  .near_func.text    ro code  0x009f49     0x8  transport.o [1]
  .near_func.text    ro code  0x009f51     0x7  stm8s_gpio.o [1]
  .near_func.text    ro code  0x009f58     0x6  stm8s_itc.o [1]
  .near_func.text    ro code  0x009f5e     0x6  timer_counter.o [1]
  .near_func.text    ro code  0x009f64     0x6  transport.o [1]
  .near_func.text    ro code  0x009f6a     0x6  transport.o [1]
  .near_func.text    ro code  0x009f70     0x5  stm8s_adc1.o [1]
  .near_func.text    ro code  0x009f75     0x5  cexit.o [4]
  .near.rodata       const    0x009f7a     0x4  stm8s_clk.o [1]
  .near_func.text    ro code  0x009f7e     0x4  ir_receiver.o [1]
  .near_func.text    ro code  0x009f82     0x4  ir_transmitter.o [1]
  .near_func.text    ro code  0x009f86     0x4  led_controller.o [1]
  .near_func.text    ro code  0x009f8a     0x4  nodestatemanager.o [1]
  .near_func.text    ro code  0x009f8e     0x4  nodestatemanager.o [1]
  .near_func.text    ro code  0x009f92     0x4  nodestatemanager.o [1]
  .near_func.text    ro code  0x009f96     0x4  stm8s_gpio.o [1]
  .near_func.text    ro code  0x009f9a     0x4  stm8s_uart1.o [1]
  .near_func.text    ro code  0x009f9e     0x4  stm8s_uart1.o [1]
  .near_func.text    ro code  0x009fa2     0x4  transport.o [1]
  .near_func.text    ro code  0x009fa6     0x3  stm8s_itc.o [1]
  .near_func.text    ro code  0x009fa9     0x3  interrupt.o [4]
  .near_func.text    ro code  0x009fac     0x3  low_level_init.o [4]
  .near_func.text    ro code  0x009faf     0x3  exit.o [4]
  .near_func.text    ro code  0x009fb2     0x3  unhandled_exception.o [4]
  .near_func.text    ro code  0x009fb5     0x2  stm8s_gpio.o [1]
  .near_func.text    ro code  0x009fb7     0x1  nodecontrol.o [1]
  .near_func.text    ro code  0x009fb8     0x1  stm8s_it.o [1]
  .near_func.text    ro code  0x009fb9     0x1  stm8s_it.o [1]
  .near_func.text    ro code  0x009fba     0x1  stm8s_it.o [1]
  .near_func.text    ro code  0x009fbb     0x1  stm8s_it.o [1]
  .near_func.text    ro code  0x009fbc     0x1  stm8s_it.o [1]
  .near_func.text    ro code  0x009fbd     0x1  stm8s_it.o [1]
  .near_func.text    ro code  0x009fbe     0x1  stm8s_it.o [1]
  .near_func.text    ro code  0x009fbf     0x1  stm8s_it.o [1]
  .near_func.text    ro code  0x009fc0     0x1  stm8s_it.o [1]
  .near_func.text    ro code  0x009fc1     0x1  stm8s_it.o [1]
  .near_func.text    ro code  0x009fc2     0x1  stm8s_it.o [1]
  .near_func.text    ro code  0x009fc3     0x1  stm8s_it.o [1]
  .near_func.text    ro code  0x009fc4     0x1  stm8s_it.o [1]
  .near_func.text    ro code  0x009fc5     0x1  stm8s_it.o [1]
  .near_func.text    ro code  0x009fc6     0x1  stm8s_it.o [1]
  .near_func.text    ro code  0x009fc7     0x1  stm8s_it.o [1]
  .near_func.text    ro code  0x009fc8     0x1  stm8s_it.o [1]
  .near_func.text    ro code  0x009fc9     0x1  __dbg_break.o [3]
  Initializer bytes  const    0x009fca     0x1  <for P2-1>
                            - 0x009fcb  0x1f4b


*******************************************************************************
*** INIT TABLE
***

          Address   Size
          -------   ----
Zero (__iar_zero_init2)
    1 destination range, total size 0x1b5:
          0x000011  0x1b5

Copy (__iar_copy_init2)
    1 source range, total size 0x1:
          0x009fca    0x1
    1 destination range, total size 0x1:
          0x000010    0x1



*******************************************************************************
*** MODULE SUMMARY
***

    Module                 ro code  ro data  rw data
    ------                 -------  -------  -------
E:\DATA\03-DuAn\02-LedController\LedController\02-Software\RS485Slave\Debug\Obj: [1]
    TaskManager.o               51                41
    commands.o                 241                23
    gpio_util.o                 88
    ir_receiver.o              143                21
    ir_transmitter.o            88        1        3
    led_controller.o           119                 1
    main.o                     238                 4
    nodecontrol.o              119
    nodestatemanager.o          46                 2
    stm8s_adc1.o             1 116       13
    stm8s_clk.o                287       16
    stm8s_gpio.o               285       13
    stm8s_it.o                 145
    stm8s_itc.o                380       12
    stm8s_tim1.o               383       13
    stm8s_tim2.o               553       13
    stm8s_uart1.o            1 018       14
    timer_counter.o             61                 4
    timer_pwm.o                252                10
    transport.o                355               329
    ------------------------------------------------
    Total:                   5 968       95      438

command line: [2]
    ------------------------------------------------
    Total:

dbgstm8smd.a: [3]
    __dbg_break.o                1
    __dbg_xxexit.o              20
    ------------------------------------------------
    Total:                      21

dlstm8smn.a: [4]
    cexit.o                      5
    cstartup.o                  19
    dc_util.o                   37
    exit.o                       3
    float.o                    991
    init.o                      20
    init_small.o                70
    interrupt.o                  3      128
    long.o                     329
    long_util.o                 71
    low_level_init.o             3
    move.o                      31
    short.o                     50
    unhandled_exception.o        3
    vreg_util.o                274
    vregs.o                                       16
    ------------------------------------------------
    Total:                   1 909      128       16

    Linker created                       18      256
----------------------------------------------------
    Grand Total:             7 898      241      710


*******************************************************************************
*** ENTRY LIST
***

Entry                    Address   Size  Type      Object
-----                    -------   ----  ----      ------
.iar.init_table$$Base   0x009da3          --   Gb  - Linker created -
.iar.init_table$$Limit  0x009db5          --   Gb  - Linker created -
?b0                     0x000000         Data  Gb  vregs.o [4]
?b1                     0x000001         Data  Gb  vregs.o [4]
?b10                    0x00000a         Data  Gb  vregs.o [4]
?b11                    0x00000b         Data  Gb  vregs.o [4]
?b12                    0x00000c         Data  Gb  vregs.o [4]
?b13                    0x00000d         Data  Gb  vregs.o [4]
?b14                    0x00000e         Data  Gb  vregs.o [4]
?b15                    0x00000f         Data  Gb  vregs.o [4]
?b2                     0x000002         Data  Gb  vregs.o [4]
?b3                     0x000003         Data  Gb  vregs.o [4]
?b4                     0x000004         Data  Gb  vregs.o [4]
?b5                     0x000005         Data  Gb  vregs.o [4]
?b6                     0x000006         Data  Gb  vregs.o [4]
?b7                     0x000007         Data  Gb  vregs.o [4]
?b8                     0x000008         Data  Gb  vregs.o [4]
?b9                     0x000009         Data  Gb  vregs.o [4]
?dc32_l0                0x009cb0         Code  Gb  dc_util.o [4]
?dc32_l1                0x009cbd         Code  Gb  dc_util.o [4]
?dc32_px                0x009cca         Code  Gb  dc_util.o [4]
?e0                     0x000001         Data  Gb  vregs.o [4]
?e1                     0x000005         Data  Gb  vregs.o [4]
?e2                     0x000009         Data  Gb  vregs.o [4]
?e3                     0x00000d         Data  Gb  vregs.o [4]
?epilogue_l2            0x008b51         Code  Gb  vreg_util.o [4]
?epilogue_l2_l3         0x008b4e         Code  Gb  vreg_util.o [4]
?epilogue_l2_w6         0x008b55         Code  Gb  vreg_util.o [4]
?epilogue_w4            0x008b5c         Code  Gb  vreg_util.o [4]
?fadd32_l0_l0_0x        0x0080a6         Code  Gb  float.o [4]
?fadd32_l0_l0_l1        0x0080a9         Code  Gb  float.o [4]
?fcasts16f32_x_l0       0x008331         Code  Gb  float.o [4]
?fcmpeq32_c_0x_fzero    0x0082c5         Code  Gb  float.o [4]
?fcmpge32_c_l0_0x       0x0082d2         Code  Gb  float.o [4]
?fcmpge32_c_l0_dc32     0x0082cd         Code  Gb  float.o [4]
?fcmplt32_c_l0_0x       0x0082db         Code  Gb  float.o [4]
?fcmplt32_c_l0_dc32     0x0082d6         Code  Gb  float.o [4]
?fdiv32_l0_l0_l1        0x008217         Code  Gb  float.o [4]
?fmul32_l0_l0_dc32      0x008177         Code  Gb  float.o [4]
?fmul32_l0_l0_l1        0x00817c         Code  Gb  float.o [4]
?fsub32_l0_l0_0x        0x00809d         Code  Gb  float.o [4]
?fsub32_l0_l0_l1        0x0080a0         Code  Gb  float.o [4]
?inc32_0x_0x            0x008972         Code  Gb  long.o [4]
?inc32_l0_l0            0x00896d         Code  Gb  long.o [4]
?l0                     0x000000         Data  Gb  vregs.o [4]
?l1                     0x000004         Data  Gb  vregs.o [4]
?l2                     0x000008         Data  Gb  vregs.o [4]
?l3                     0x00000c         Data  Gb  vregs.o [4]
?load32_0x_l0           0x009790         Code  Gb  long_util.o [4]
?load32_asp_l0          0x009784         Code  Gb  long_util.o [4]
?load32_dbsp_l0         0x00977f         Code  Gb  long_util.o [4]
?load32_l0_0x           0x009767         Code  Gb  long_util.o [4]
?load32_l0_asp          0x00975c         Code  Gb  long_util.o [4]
?load32_l0_dbsp         0x009757         Code  Gb  long_util.o [4]
?load32_l0_xsp          0x00975e         Code  Gb  long_util.o [4]
?load32_l1_0x           0x009773         Code  Gb  long_util.o [4]
?load32_xsp_l0          0x009786         Code  Gb  long_util.o [4]
?longfarg16_v_w0_a      0x009de2         Code  Gb  move.o [4]
?longfarg16_v_w0_x      0x009de4         Code  Gb  move.o [4]
?mov_e0_e1              0x008b63         Code  Gb  vreg_util.o [4]
?mov_e0_e2              0x008b70         Code  Gb  vreg_util.o [4]
?mov_e0_e3              0x008b7d         Code  Gb  vreg_util.o [4]
?mov_e1_e0              0x008b8a         Code  Gb  vreg_util.o [4]
?mov_e1_e2              0x008b97         Code  Gb  vreg_util.o [4]
?mov_e1_e3              0x008ba4         Code  Gb  vreg_util.o [4]
?mov_e2_e0              0x008bb1         Code  Gb  vreg_util.o [4]
?mov_e3_e0              0x008bbe         Code  Gb  vreg_util.o [4]
?mov_l0_l1              0x008b60         Code  Gb  vreg_util.o [4]
?mov_l0_l2              0x008b6d         Code  Gb  vreg_util.o [4]
?mov_l0_l3              0x008b7a         Code  Gb  vreg_util.o [4]
?mov_l1_l0              0x008b87         Code  Gb  vreg_util.o [4]
?mov_l1_l2              0x008b94         Code  Gb  vreg_util.o [4]
?mov_l1_l3              0x008ba1         Code  Gb  vreg_util.o [4]
?mov_l2_l0              0x008bae         Code  Gb  vreg_util.o [4]
?mov_l3_l0              0x008bbb         Code  Gb  vreg_util.o [4]
?mov_w1_w3              0x008b66         Code  Gb  vreg_util.o [4]
?mov_w1_w5              0x008b73         Code  Gb  vreg_util.o [4]
?mov_w1_w7              0x008b80         Code  Gb  vreg_util.o [4]
?mov_w3_w1              0x008b8d         Code  Gb  vreg_util.o [4]
?mov_w3_w5              0x008b9a         Code  Gb  vreg_util.o [4]
?mov_w3_w7              0x008ba7         Code  Gb  vreg_util.o [4]
?mov_w5_w1              0x008bb4         Code  Gb  vreg_util.o [4]
?mov_w7_w1              0x008bc1         Code  Gb  vreg_util.o [4]
?move1616_v_x_y_a       0x009dd5         Code  Gb  move.o [4]
?mul16_x_x_w0           0x009a1c         Code  Gb  short.o [4]
?mul32_l0_l0_0x         0x00899e         Code  Gb  long.o [4]
?mul32_l0_l0_dl         0x00899b         Code  Gb  long.o [4]
?mul32_l0_l0_l1         0x0089a7         Code  Gb  long.o [4]
?pop_l0                 0x008b1a         Code  Gb  vreg_util.o [4]
?pop_l1                 0x008b25         Code  Gb  vreg_util.o [4]
?pop_l2                 0x008b30         Code  Gb  vreg_util.o [4]
?pop_l3                 0x008b3b         Code  Gb  vreg_util.o [4]
?pop_w4                 0x008ad3         Code  Gb  vreg_util.o [4]
?pop_w6                 0x008ada         Code  Gb  vreg_util.o [4]
?push_l0                0x008ae9         Code  Gb  vreg_util.o [4]
?push_l1                0x008aee         Code  Gb  vreg_util.o [4]
?push_l2                0x008af3         Code  Gb  vreg_util.o [4]
?push_l3                0x008af8         Code  Gb  vreg_util.o [4]
?push_w4                0x008ab6         Code  Gb  vreg_util.o [4]
?push_w6                0x008abb         Code  Gb  vreg_util.o [4]
?sll16_x_x_4            0x009a44         Code  Gb  short.o [4]
?sll16_x_x_5            0x009a43         Code  Gb  short.o [4]
?sll16_x_x_6            0x009a42         Code  Gb  short.o [4]
?sll16_x_x_a            0x009a3a         Code  Gb  short.o [4]
?sll32_0x_0x_a          0x008aa8         Code  Gb  long.o [4]
?sll32_l0_l0_a          0x008aa5         Code  Gb  long.o [4]
?srl16_x_x_4            0x009a49         Code  Gb  short.o [4]
?sub32_l0_l0_0x         0x008983         Code  Gb  long.o [4]
?sub32_l0_l0_l1         0x008980         Code  Gb  long.o [4]
?ucmp32_c_l0_l1         0x008a9a         Code  Gb  long.o [4]
?udiv32_l0_dl_l1        0x008a25         Code  Gb  long.o [4]
?udiv32_l0_l0_dl        0x008a2a         Code  Gb  long.o [4]
?udiv32_l0_l0_l1        0x008a2d         Code  Gb  long.o [4]
?umod32_l1_l0_l1        0x008a2d         Code  Gb  long.o [4]
?w0                     0x000000         Data  Gb  vregs.o [4]
?w1                     0x000002         Data  Gb  vregs.o [4]
?w2                     0x000004         Data  Gb  vregs.o [4]
?w3                     0x000006         Data  Gb  vregs.o [4]
?w4                     0x000008         Data  Gb  vregs.o [4]
?w5                     0x00000a         Data  Gb  vregs.o [4]
?w6                     0x00000c         Data  Gb  vregs.o [4]
?w7                     0x00000e         Data  Gb  vregs.o [4]
ADC1_ConversionConfig   0x009073   0xbe  Code  Gb  stm8s_adc1.o [1]
ADC1_ExternalTriggerConfig
                        0x00946c   0x59  Code  Gb  stm8s_adc1.o [1]
ADC1_GetConversionValue
                        0x009571   0x55  Code  Gb  stm8s_adc1.o [1]
ADC1_IRQHandler         0x009fc6    0x1  Code  Gb  stm8s_it.o [1]
ADC1_Init               0x008681  0x19a  Code  Gb  stm8s_adc1.o [1]
ADC1_PrescalerConfig    0x00951c   0x55  Code  Gb  stm8s_adc1.o [1]
ADC1_SchmittTriggerConfig
                        0x008cd8   0xfc  Code  Gb  stm8s_adc1.o [1]
ADC1_StartConversion    0x009f70    0x5  Code  Gb  stm8s_adc1.o [1]
AWU_IRQHandler          0x009fba    0x1  Code  Gb  stm8s_it.o [1]
CLK_GetClockFreq        0x0094c5   0x57  Code  Gb  stm8s_clk.o [1]
CLK_HSIPrescalerConfig  0x00985c   0x3d  Code  Gb  stm8s_clk.o [1]
CLK_IRQHandler          0x009fbb    0x1  Code  Gb  stm8s_it.o [1]
CLK_SYSCLKConfig        0x009314   0x8b  Code  Gb  stm8s_clk.o [1]
CSTACK$$Base            0x000300          --   Gb  - Linker created -
CSTACK$$Limit           0x000400          --   Gb  - Linker created -
Clock_Config            0x009f26    0x9  Code  Gb  main.o [1]
Command_PopCommand      0x00981e   0x3e  Code  Gb  commands.o [1]
Command_SendCommand     0x009db5   0x20  Code  Gb  commands.o [1]
Command_Task            0x0095c6   0x54  Code  Gb  commands.o [1]
EEPROM_EEC_IRQHandler   0x009fc8    0x1  Code  Gb  stm8s_it.o [1]
EXTI_PORTA_IRQHandler   0x009fbc    0x1  Code  Gb  stm8s_it.o [1]
EXTI_PORTB_IRQHandler   0x009fbd    0x1  Code  Gb  stm8s_it.o [1]
EXTI_PORTC_IRQHandler   0x009fbe    0x1  Code  Gb  stm8s_it.o [1]
EXTI_PORTD_IRQHandler   0x009fbf    0x1  Code  Gb  stm8s_it.o [1]
EXTI_PORTE_IRQHandler   0x009fc0    0x1  Code  Gb  stm8s_it.o [1]
GPIO_Init               0x008bc8  0x110  Code  Gb  stm8s_gpio.o [1]
GPIO_ReadOutputData     0x009fb5    0x2  Code  Gb  stm8s_gpio.o [1]
GPIO_Util_Init_As_Out   0x009f1b    0xb  Code  Gb  gpio_util.o [1]
GPIO_Util_ReadValue     0x009710    0xe  Code  Gb  gpio_util.o [1]
GPIO_Util_Toggle        0x00971e   0x33  Code  Gb  gpio_util.o [1]
GPIO_Util_TurnOffLed    0x009754    0x3  Code  Gb  gpio_util.o [1]
GPIO_Util_TurnOnLed     0x009751    0x3  Code  Gb  gpio_util.o [1]
GPIO_Util_WriteHigh     0x00970a    0x3  Code  Gb  gpio_util.o [1]
GPIO_Util_WriteLow      0x00970d    0x3  Code  Gb  gpio_util.o [1]
GPIO_WriteHigh          0x009f51    0x7  Code  Gb  stm8s_gpio.o [1]
GPIO_WriteLow           0x009f96    0x4  Code  Gb  stm8s_gpio.o [1]
HSIDivFactor            0x009f7a    0x4  Data  Gb  stm8s_clk.o [1]
I2C_IRQHandler          0x009fc5    0x1  Code  Gb  stm8s_it.o [1]
INTVEC$$Base            0x008000          --   Gb  - Linker created -
INTVEC$$Limit           0x008080          --   Gb  - Linker created -
IR_Receiver_GetState    0x009f7e    0x4  Code  Gb  ir_receiver.o [1]
IR_Receiver_Init        0x009289   0x8b  Code  Gb  ir_receiver.o [1]
IR_Transmitter_GetMode  0x009f82    0x4  Code  Gb  ir_transmitter.o [1]
IR_Transmitter_Init     0x009c8b   0x25  Code  Gb  ir_transmitter.o [1]
IR_Transmitter_Task     0x009a4e   0x2f  Code  Gb  ir_transmitter.o [1]
IR_Transmitter_Task{1}{2}{3}{5}::counter
                        0x0001be    0x1  Data  Lc  ir_transmitter.o [1]
ITC_DeInit              0x009d82   0x21  Code  Gb  stm8s_itc.o [1]
ITC_GetCPUCC            0x009fa6    0x3  Code  Gb  stm8s_itc.o [1]
ITC_GetSoftIntStatus    0x009f58    0x6  Code  Gb  stm8s_itc.o [1]
ITC_SetSoftwarePriority
                        0x00881b  0x152  Code  Gb  stm8s_itc.o [1]
Interrupt_Init          0x009e70   0x13  Code  Gb  main.o [1]
Led_Control_Cmd         0x009bd6   0x18  Code  Gb  led_controller.o [1]
Led_Control_GetMode     0x009f86    0x4  Code  Gb  led_controller.o [1]
Led_Control_Immediate   0x009bc2   0x14  Code  Gb  led_controller.o [1]
Led_Control_Init        0x009d61   0x21  Code  Gb  led_controller.o [1]
Led_Control_Task        0x009c7b   0x10  Code  Gb  led_controller.o [1]
Node_Control_InitNodes  0x009fb7    0x1  Code  Gb  nodecontrol.o [1]
Node_Control_Task       0x009d3f   0x22  Code  Gb  nodecontrol.o [1]
Node_State_GetInputState
                        0x009f8a    0x4  Code  Gb  nodestatemanager.o [1]
Node_State_GetOutputState
                        0x009f8e    0x4  Code  Gb  nodestatemanager.o [1]
Node_State_Manager_Init
                        0x009f2f    0x9  Code  Gb  nodestatemanager.o [1]
Node_State_Manager_Task
                        0x009e33   0x15  Code  Gb  nodestatemanager.o [1]
Node_State_SetInputState
                        0x009e2f    0x4  Code  Gb  nodestatemanager.o [1]
Node_State_SetOutputState
                        0x009f92    0x4  Code  Gb  nodestatemanager.o [1]
RC                      0x000192    0x4  Data  Gb  ir_receiver.o [1]
RC_h                    0x00019e    0x4  Data  Gb  ir_receiver.o [1]
Region$$Table$$Base     0x009da3          --   Gb  - Linker created -
Region$$Table$$Limit    0x009db5          --   Gb  - Linker created -
SPI_IRQHandler          0x009fc1    0x1  Code  Gb  stm8s_it.o [1]
System_Init             0x009e12   0x1d  Code  Gb  main.o [1]
TIM1_CAP_COM_IRQHandler
                        0x009fc2    0x1  Code  Gb  stm8s_it.o [1]
TIM1_ClearFlag          0x0099b5   0x35  Code  Gb  stm8s_tim1.o [1]
TIM1_Cmd                0x009a7d   0x2f  Code  Gb  stm8s_tim1.o [1]
TIM1_GetITStatus        0x00939f   0x6d  Code  Gb  stm8s_tim1.o [1]
TIM1_ITConfig           0x0096bc   0x4e  Code  Gb  stm8s_tim1.o [1]
TIM1_TimeBaseInit       0x00940c   0x60  Code  Gb  stm8s_tim1.o [1]
TIM1_UPD_OVF_TRG_BRK_IRQHandler
                        0x009cd5   0x24  Code  Gb  stm8s_it.o [1]
TIM2_ARRPreloadConfig   0x009adb   0x2f  Code  Gb  stm8s_tim2.o [1]
TIM2_CAP_COM_IRQHandler
                        0x009fc4    0x1  Code  Gb  stm8s_it.o [1]
TIM2_Cmd                0x009aac   0x2f  Code  Gb  stm8s_tim2.o [1]
TIM2_OC1Init            0x009131   0xac  Code  Gb  stm8s_tim2.o [1]
TIM2_OC1PreloadConfig   0x009b0a   0x2f  Code  Gb  stm8s_tim2.o [1]
TIM2_OC3Init            0x0091dd   0xac  Code  Gb  stm8s_tim2.o [1]
TIM2_OC3PreloadConfig   0x009b39   0x2f  Code  Gb  stm8s_tim2.o [1]
TIM2_SetCompare1        0x009f38    0x9  Code  Gb  stm8s_tim2.o [1]
TIM2_TimeBaseInit       0x009f0f    0xc  Code  Gb  stm8s_tim2.o [1]
TIM2_UPD_OVF_BRK_IRQHandler
                        0x009fc3    0x1  Code  Gb  stm8s_it.o [1]
TIM4_UPD_OVF_IRQHandler
                        0x009fc7    0x1  Code  Gb  stm8s_it.o [1]
TLI_IRQHandler          0x009fb9    0x1  Code  Gb  stm8s_it.o [1]
TRAP_IRQHandler         0x009fb8    0x1  Code  Gb  stm8s_it.o [1]
Task_Init               0x0099ea   0x32  Code  Gb  main.o [1]
Task_Manager_AddTask    0x009e96   0x10  Code  Gb  TaskManager.o [1]
Task_Manager_PerformTask
                        0x009d1c   0x23  Code  Gb  TaskManager.o [1]
Timer_Connter_Init_Timer
                        0x009bee   0x1d  Code  Gb  timer_counter.o [1]
Timer_Counter_GetCounter
                        0x009f5e    0x6  Code  Gb  timer_counter.o [1]
Timer_Counter_IncreaseCounter
                        0x009ea6    0xf  Code  Gb  timer_counter.o [1]
Timer_Counter_Init      0x009c0b    0xb  Code  Gb  timer_counter.o [1]
Timer_PWM_IR_Transmitter_Init
                        0x008e36   0x3a  Code  Gb  timer_pwm.o [1]
Timer_PWM_Init          0x008de7   0x4f  Code  Gb  timer_pwm.o [1]
Timer_PWM_Start         0x008e70    0x4  Code  Gb  timer_pwm.o [1]
Timer_PWM_Update_Period
                        0x008e74   0x5c  Code  Gb  timer_pwm.o [1]
Transport_GetRxBufferSize
                        0x009fa2    0x4  Code  Gb  transport.o [1]
Transport_Init          0x009899   0x3b  Code  Gb  transport.o [1]
Transport_OutputDisable
                        0x009f49    0x8  Code  Gb  transport.o [1]
Transport_OutputEnable  0x009f41    0x8  Code  Gb  transport.o [1]
Transport_RxPop         0x0098d4   0x3b  Code  Gb  transport.o [1]
Transport_RxPush        0x009c3e   0x27  Code  Gb  transport.o [1]
Transport_TxPop         0x009948   0x38  Code  Gb  transport.o [1]
Transport_TxPush        0x00979e   0x41  Code  Gb  transport.o [1]
Transport_Write         0x009b95   0x2d  Code  Gb  transport.o [1]
UART1_DeInit            0x009b68   0x2d  Code  Gb  stm8s_uart1.o [1]
UART1_GetITStatus       0x008ed0   0xd3  Code  Gb  stm8s_uart1.o [1]
UART1_ITConfig          0x008fa3   0xd0  Code  Gb  stm8s_uart1.o [1]
UART1_Init              0x00845f  0x222  Code  Gb  stm8s_uart1.o [1]
UART1_RX_IRQHandler     0x009cf9   0x23  Code  Gb  stm8s_it.o [1]
UART1_ReceiveData8      0x009f9a    0x4  Code  Gb  stm8s_uart1.o [1]
UART1_SendData8         0x009f9e    0x4  Code  Gb  stm8s_uart1.o [1]
UART1_TX_IRQHandler     0x00990f   0x39  Code  Gb  stm8s_it.o [1]
__DebugBreak            0x009fc9    0x1  Code  Gb  __dbg_break.o [3]
__exit                  0x009e5c   0x14  Code  Gb  __dbg_xxexit.o [3]
__iar_copy_init2        0x009c16         Code  Gb  init_small.o [4]
__iar_data_init2        0x009e48   0x14  Code  Gb  init.o [4]
__iar_program_start     0x009e83         Code  Gb  cstartup.o [4]
__iar_unhandled_exception
                        0x009fb2         Code  Gb  unhandled_exception.o [4]
__iar_zero_init2        0x009df4         Code  Gb  init_small.o [4]
__intvec                0x008000         Data  Gb  interrupt.o [4]
__low_level_init        0x009fac    0x3  Code  Gb  low_level_init.o [4]
_exit                   0x009f75         Code  Gb  cexit.o [4]
_interrupt_1            0x009fb8         Code  Gb  stm8s_it.o [1]
_interrupt_12           0x009fc1         Code  Gb  stm8s_it.o [1]
_interrupt_13           0x009cd5         Code  Gb  stm8s_it.o [1]
_interrupt_14           0x009fc2         Code  Gb  stm8s_it.o [1]
_interrupt_15           0x009fc3         Code  Gb  stm8s_it.o [1]
_interrupt_16           0x009fc4         Code  Gb  stm8s_it.o [1]
_interrupt_19           0x00990f         Code  Gb  stm8s_it.o [1]
_interrupt_2            0x009fb9         Code  Gb  stm8s_it.o [1]
_interrupt_20           0x009cf9         Code  Gb  stm8s_it.o [1]
_interrupt_21           0x009fc5         Code  Gb  stm8s_it.o [1]
_interrupt_24           0x009fc6         Code  Gb  stm8s_it.o [1]
_interrupt_25           0x009fc7         Code  Gb  stm8s_it.o [1]
_interrupt_26           0x009fc8         Code  Gb  stm8s_it.o [1]
_interrupt_3            0x009fba         Code  Gb  stm8s_it.o [1]
_interrupt_4            0x009fbb         Code  Gb  stm8s_it.o [1]
_interrupt_5            0x009fbc         Code  Gb  stm8s_it.o [1]
_interrupt_6            0x009fbd         Code  Gb  stm8s_it.o [1]
_interrupt_7            0x009fbe         Code  Gb  stm8s_it.o [1]
_interrupt_8            0x009fbf         Code  Gb  stm8s_it.o [1]
_interrupt_9            0x009fc0         Code  Gb  stm8s_it.o [1]
active_period           0x0001aa    0x4  Data  Gb  timer_pwm.o [1]
alpha                   0x00019a    0x4  Data  Gb  ir_receiver.o [1]
assert_failed           0x009980   0x35  Code  Gb  main.o [1]
assert_failed::counter  0x0001a2    0x4  Data  Lc  main.o [1]
change_factor           0x0001ae    0x4  Data  Gb  timer_pwm.o [1]
cmd_cnt                 0x0001bc    0x1  Data  Gb  commands.o [1]
cmd_push                0x0097df   0x3f  Code  Gb  commands.o [1]
cmd_rd_idx              0x0001bb    0x1  Data  Gb  commands.o [1]
cmd_wr_idx              0x0001ba    0x1  Data  Gb  commands.o [1]
commands                0x000179   0x14  Data  Gb  commands.o [1]
compose_command         0x00961a   0x1f  Code  Gb  nodecontrol.o [1]
dt                      0x000196    0x4  Data  Gb  ir_receiver.o [1]
exit                    0x009faf    0x3  Code  Gb  exit.o [4]
gpio_state              0x0001c1    0x1  Data  Gb  timer_pwm.o [1]
is_configured           0x0001c2    0x1  Data  Gb  timer_pwm.o [1]
main                    0x00966e   0x4e  Code  Gb  main.o [1]
node_state              0x0001b2    0x2  Data  Gb  nodestatemanager.o [1]
process_command         0x009639   0x35  Code  Gb  nodecontrol.o [1]
running_mode            0x0001bd    0x1  Data  Gb  ir_transmitter.o [1]
running_mode            0x0001bf    0x1  Data  Lc  led_controller.o [1]
rx_buff                 0x000111   0x40  Data  Gb  transport.o [1]
rx_cnt                  0x0001c5    0x1  Data  Gb  transport.o [1]
rx_interrupt_config     0x009f6a    0x6  Code  Gb  transport.o [1]
rx_rd_idx               0x0001c4    0x1  Data  Gb  transport.o [1]
rx_wr_idx               0x0001c3    0x1  Data  Gb  transport.o [1]
signal_state            0x00018d    0x5  Data  Gb  ir_receiver.o [1]
task_Index              0x0001c0    0x1  Data  Gb  TaskManager.o [1]
tasks                   0x000151   0x28  Data  Gb  TaskManager.o [1]
time_prescaler          0x000010    0x1  Data  Gb  ir_transmitter.o [1]
timer_counter           0x0001a6    0x4  Data  Lc  timer_counter.o [1]
tx_buff                 0x000011  0x100  Data  Gb  transport.o [1]
tx_cnt                  0x0001b8    0x2  Data  Gb  transport.o [1]
tx_interrupt_config     0x009f64    0x6  Code  Gb  transport.o [1]
tx_rd_idx               0x0001b6    0x2  Data  Gb  transport.o [1]
tx_wr_idx               0x0001b4    0x2  Data  Gb  transport.o [1]
update_duty_cycle       0x008dd4   0x13  Code  Gb  timer_pwm.o [1]
update_led_indicator    0x009c65   0x16  Code  Gb  led_controller.o [1]


[1] = E:\DATA\03-DuAn\02-LedController\LedController\02-Software\RS485Slave\Debug\Obj
[2] = command line
[3] = dbgstm8smd.a
[4] = dlstm8smn.a

  7 898 bytes of readonly  code memory
    241 bytes of readonly  data memory
    710 bytes of readwrite data memory

Errors: none
Warnings: none
