###############################################################################
#
# IAR ELF Linker V3.10.1.201 for STM8                     10/Mar/2019  10:21:55
# Copyright 2010-2017 IAR Systems AB.
#
#    Output file  =  
#        E:\03-DuAn\LedController\LedController\02-Software\STM8S003\LedInterSlave\Release\Exe\LedInterSlave.out
#    Map file     =  
#        E:\03-DuAn\LedController\LedController\02-Software\STM8S003\LedInterSlave\Release\List\LedInterSlave.map
#    Command line =  
#        -f C:\Users\hungn\AppData\Local\Temp\EW4877.tmp
#        (E:\03-DuAn\LedController\LedController\02-Software\STM8S003\LedInterSlave\Release\Obj\gpio_util.o
#        E:\03-DuAn\LedController\LedController\02-Software\STM8S003\LedInterSlave\Release\Obj\ir_receiver.o
#        E:\03-DuAn\LedController\LedController\02-Software\STM8S003\LedInterSlave\Release\Obj\ir_transmitter.o
#        E:\03-DuAn\LedController\LedController\02-Software\STM8S003\LedInterSlave\Release\Obj\led_controller.o
#        E:\03-DuAn\LedController\LedController\02-Software\STM8S003\LedInterSlave\Release\Obj\main.o
#        E:\03-DuAn\LedController\LedController\02-Software\STM8S003\LedInterSlave\Release\Obj\nodeinterconn.o
#        E:\03-DuAn\LedController\LedController\02-Software\STM8S003\LedInterSlave\Release\Obj\nodestatemanager.o
#        E:\03-DuAn\LedController\LedController\02-Software\STM8S003\LedInterSlave\Release\Obj\stm8s_adc1.o
#        E:\03-DuAn\LedController\LedController\02-Software\STM8S003\LedInterSlave\Release\Obj\stm8s_clk.o
#        E:\03-DuAn\LedController\LedController\02-Software\STM8S003\LedInterSlave\Release\Obj\stm8s_gpio.o
#        E:\03-DuAn\LedController\LedController\02-Software\STM8S003\LedInterSlave\Release\Obj\stm8s_it.o
#        E:\03-DuAn\LedController\LedController\02-Software\STM8S003\LedInterSlave\Release\Obj\stm8s_itc.o
#        E:\03-DuAn\LedController\LedController\02-Software\STM8S003\LedInterSlave\Release\Obj\stm8s_tim1.o
#        E:\03-DuAn\LedController\LedController\02-Software\STM8S003\LedInterSlave\Release\Obj\stm8s_tim2.o
#        E:\03-DuAn\LedController\LedController\02-Software\STM8S003\LedInterSlave\Release\Obj\TaskManager.o
#        E:\03-DuAn\LedController\LedController\02-Software\STM8S003\LedInterSlave\Release\Obj\timer_counter.o
#        E:\03-DuAn\LedController\LedController\02-Software\STM8S003\LedInterSlave\Release\Obj\timer_pwm.o
#        E:\03-DuAn\LedController\LedController\02-Software\STM8S003\LedInterSlave\Release\Obj\util.o
#        --redirect _Printf=_PrintfFullNoMb --redirect _Scanf=_ScanfFullNoMb -o
#        E:\03-DuAn\LedController\LedController\02-Software\STM8S003\LedInterSlave\Release\Exe\LedInterSlave.out
#        --map
#        E:\03-DuAn\LedController\LedController\02-Software\STM8S003\LedInterSlave\Release\List\LedInterSlave.map
#        --config "C:\Program Files (x86)\IAR Systems\Embedded Workbench
#        8.0\stm8\config\lnkstm8s003f3.icf" --config_def _CSTACK_SIZE=0x100
#        --config_def _HEAP_SIZE=0x100 --entry __iar_program_start)
#
###############################################################################

*******************************************************************************
*** RUNTIME MODEL ATTRIBUTES
***

__SystemLibrary            = DLib
__code_model               = small
__core                     = stm8
__data_model               = medium
__dlib_file_descriptor     = 0
__dlib_full_locale_support = 0
__rt_version               = 4


*******************************************************************************
*** PLACEMENT SUMMARY
***

"A0":  place at start of [0x000000-0x0000ff] { rw section .vregs };
"A1":  place at end of [0x000000-0x0003ff] { block CSTACK };
"P2":  place in [from 0x000000 to 0x0003ff] {
          block HEAP, rw section __DLIB_PERTHREAD, rw section .far.bss,
          rw section .far.data, rw section .far.noinit,
          rw section .far_func.textrw, rw section .huge.bss,
          rw section .huge.data, rw section .huge.noinit,
          rw section .huge_func.textrw, rw section .iar.dynexit,
          rw section .near.bss, rw section .near.data, rw section .near.noinit,
          rw section .near_func.textrw };
"A2":  place at start of [0x008000-0x009fff] { block INTVEC };
"P3":  place in [from 0x008000 to 0x009fff] {
          ro section __DLIB_PERTHREAD_init, ro section .far.data_init,
          ro section .far_func.textrw_init, ro section .huge.data_init,
          ro section .huge_func.textrw_init, ro section .iar.init_table,
          ro section .init_array, ro section .near.data_init,
          ro section .near.rodata, ro section .near_func.text,
          ro section .near_func.textrw_init, ro section .tiny.data_init,
          ro section .tiny.rodata_init };
"P4":  place in [from 0x008000 to 0x009fff] {
          ro section .far.rodata, ro section .far_func.text };
"P5":  place in [from 0x008000 to 0x009fff] {
          ro section .huge.rodata, ro section .huge_func.text };
do not initialize {
   rw section .eeprom.noinit, rw section .far.noinit, rw section .huge.noinit,
   rw section .near.noinit, rw section .tiny.noinit, rw section .vregs };
initialize by copy {
   rw section .far.bss, rw section .far.data, rw section .far_func.textrw,
   rw section .huge.bss, rw section .huge.data, rw section .huge_func.textrw,
   rw section .iar.dynexit, rw section .near.bss, rw section .near.data,
   rw section .near_func.textrw, rw section .tiny.bss, rw section .tiny.data,
   ro section .tiny.rodata };

  Section            Kind      Address    Size  Object
  -------            ----      -------    ----  ------
"A0":                                     0x10
  .vregs             uninit   0x000000    0x10  vregs.o [4]
                            - 0x000010    0x10

"P2", part 1 of 2:                         0x6
  P2-1                        0x000010     0x6  <Init block>
    .near.data       inited   0x000010     0x1  ir_transmitter.o [1]
    .near.data       inited   0x000011     0x1  nodestatemanager.o [1]
    .near.data       inited   0x000012     0x4  timer_pwm.o [1]
                            - 0x000016     0x6

"P2", part 2 of 2:                        0x65
  .near.bss          zero     0x000016    0x28  TaskManager.o [1]
  .near.bss          zero     0x00003e     0x5  ir_receiver.o [1]
  .near.bss          zero     0x000043     0x4  ir_receiver.o [1]
  .near.bss          zero     0x000047     0x4  ir_receiver.o [1]
  .near.bss          zero     0x00004b     0x4  ir_receiver.o [1]
  .near.bss          zero     0x00004f     0x4  ir_receiver.o [1]
  .near.bss          zero     0x000053     0x4  ir_receiver.o [1]
  .near.bss          zero     0x000057     0x4  ir_receiver.o [1]
  .near.bss          zero     0x00005b     0x4  main.o [1]
  .near.bss          zero     0x00005f     0x4  timer_counter.o [1]
  .near.bss          zero     0x000063     0x4  timer_pwm.o [1]
  .near.bss          zero     0x000067     0x2  ir_receiver.o [1]
  .near.bss          zero     0x000069     0x2  ir_receiver.o [1]
  .near.bss          zero     0x00006b     0x2  ir_receiver.o [1]
  .near.bss          zero     0x00006d     0x2  ir_receiver.o [1]
  .near.bss          zero     0x00006f     0x2  ir_receiver.o [1]
  .near.bss          zero     0x000071     0x2  nodestatemanager.o [1]
  .near.bss          zero     0x000073     0x1  ir_receiver.o [1]
  .near.bss          zero     0x000074     0x1  ir_transmitter.o [1]
  .near.bss          zero     0x000075     0x1  ir_transmitter.o [1]
  .near.bss          zero     0x000076     0x1  led_controller.o [1]
  .near.bss          zero     0x000077     0x1  nodeinterconn.o [1]
  .near.bss          zero     0x000078     0x1  TaskManager.o [1]
  .near.bss          zero     0x000079     0x1  timer_pwm.o [1]
  .near.bss          zero     0x00007a     0x1  timer_pwm.o [1]
                            - 0x00007b    0x65

"A1":                                    0x100
  CSTACK                      0x000300   0x100  <Block>
    CSTACK           uninit   0x000300   0x100  <Block tail>
                            - 0x000400   0x100

"A2":                                     0x80
  INTVEC                      0x008000    0x80  <Block>
    .intvec          const    0x008000    0x80  interrupt.o [4]
                            - 0x008080    0x80

"P3-P5":                                0x1696
  .near_func.text    ro code  0x008080   0x351  float.o [4]
  .near_func.text    ro code  0x0083d1   0x1c5  ir_receiver.o [1]
  .near_func.text    ro code  0x008596   0x124  stm8s_adc1.o [1]
  .near_func.text    ro code  0x0086ba   0x115  stm8s_itc.o [1]
  .near_func.text    ro code  0x0087cf    0xd1  vreg_util.o [4]
  .near_func.text    ro code  0x0088a0    0xb1  stm8s_gpio.o [1]
  .near_func.text    ro code  0x008951    0xb0  stm8s_adc1.o [1]
  .near_func.text    ro code  0x008a01    0x8a  stm8s_adc1.o [1]
  .near_func.text    ro code  0x008a8b    0x6f  stm8s_tim2.o [1]
  .near_func.text    ro code  0x008afa    0x6f  stm8s_tim2.o [1]
  .near.rodata       const    0x008b69    0x6b  stm8s_adc1.o [1]
  .near.rodata       const    0x008bd4    0x6b  stm8s_gpio.o [1]
  .near.rodata       const    0x008c3f    0x6b  stm8s_tim1.o [1]
  .near.rodata       const    0x008caa    0x6b  stm8s_tim2.o [1]
  .near.rodata       const    0x008d15    0x6a  stm8s_clk.o [1]
  .near.rodata       const    0x008d7f    0x6a  stm8s_itc.o [1]
  .near_func.text    ro code  0x008de9    0x66  long.o [4]
  .near_func.text    ro code  0x008e4f    0x5e  stm8s_clk.o [1]
  .near_func.text    ro code  0x008ead    0x4c  stm8s_tim1.o [1]
  .near_func.text    ro code  0x008ef9    0x4c  stm8s_tim1.o [1]
  .near_func.text    ro code  0x008f45    0x46  main.o [1]
  .near_func.text    ro code  0x008f8b    0x3f  stm8s_adc1.o [1]
  .near_func.text    ro code  0x008fca    0x3d  led_controller.o [1]
  .near_func.text    ro code  0x009007    0x3d  stm8s_adc1.o [1]
  .near_func.text    ro code  0x009044    0x3d  timer_pwm.o [1]
  .near_func.text    ro code  0x009081    0x39  stm8s_adc1.o [1]
  .near_func.text    ro code  0x0090ba    0x37  timer_pwm.o [1]
  .near_func.text    ro code  0x0090f1    0x31  main.o [1]
  .near_func.text    ro code  0x009122    0x31  stm8s_tim1.o [1]
  .near_func.text    ro code  0x009153    0x30  nodeinterconn.o [1]
  .near_func.text    ro code  0x009183    0x2f  led_controller.o [1]
  .near_func.text    ro code  0x0091b2    0x2d  ir_transmitter.o [1]
  .near_func.text    ro code  0x0091df    0x2c  nodestatemanager.o [1]
  .near_func.text    ro code  0x00920b    0x2b  main.o [1]
  .near_func.text    ro code  0x009236    0x2b  main.o [1]
  .near_func.text    ro code  0x009261    0x29  stm8s_tim1.o [1]
  .near_func.text    ro code  0x00928a    0x28  stm8s_clk.o [1]
  .near_func.text    ro code  0x0092b2    0x28  init_small.o [4]
  .near_func.text    ro code  0x0092da    0x26  ir_transmitter.o [1]
  .near_func.text    ro code  0x009300    0x26  long_util.o [4]
  .near_func.text    ro code  0x009326    0x25  dc_util.o [4]
  .near_func.text    ro code  0x00934b    0x24  util.o [1]
  .near_func.text    ro code  0x00936f    0x23  stm8s_it.o [1]
  .near_func.text    ro code  0x009392    0x22  timer_pwm.o [1]
  .near_func.text    ro code  0x0093b4    0x21  stm8s_itc.o [1]
  .iar.init_table    const    0x0093d5    0x12  - Linker created -
  .near_func.text    ro code  0x0093e7    0x20  TaskManager.o [1]
  .near_func.text    ro code  0x009407    0x1e  util.o [1]
  .near_func.text    ro code  0x009425    0x1e  init_small.o [4]
  .near_func.text    ro code  0x009443    0x1d  timer_counter.o [1]
  .near_func.text    ro code  0x009460    0x17  nodestatemanager.o [1]
  .near_func.text    ro code  0x009477    0x16  stm8s_tim1.o [1]
  .near_func.text    ro code  0x00948d    0x16  stm8s_tim2.o [1]
  .near_func.text    ro code  0x0094a3    0x16  stm8s_tim2.o [1]
  .near_func.text    ro code  0x0094b9    0x16  stm8s_tim2.o [1]
  .near_func.text    ro code  0x0094cf    0x16  stm8s_tim2.o [1]
  .near_func.text    ro code  0x0094e5    0x14  nodeinterconn.o [1]
  .near_func.text    ro code  0x0094f9    0x14  init.o [4]
  .near_func.text    ro code  0x00950d    0x13  cstartup.o [4]
  .near_func.text    ro code  0x009520    0x12  timer_pwm.o [1]
  .near_func.text    ro code  0x009532    0x10  nodestatemanager.o [1]
  .near_func.text    ro code  0x009542    0x10  TaskManager.o [1]
  .near_func.text    ro code  0x009552     0xf  stm8s_itc.o [1]
  .near_func.text    ro code  0x009561     0xf  stm8s_tim2.o [1]
  .near_func.text    ro code  0x009570     0xf  timer_counter.o [1]
  .near_func.text    ro code  0x00957f     0xf  short.o [4]
  .near_func.text    ro code  0x00958e     0xd  stm8s_tim2.o [1]
  .near_func.text    ro code  0x00959b     0xc  nodestatemanager.o [1]
  .near_func.text    ro code  0x0095a7     0xc  timer_pwm.o [1]
  .near_func.text    ro code  0x0095b3     0xb  stm8s_adc1.o [1]
  .near_func.text    ro code  0x0095be     0xb  stm8s_clk.o [1]
  .near_func.text    ro code  0x0095c9     0xb  stm8s_gpio.o [1]
  .near_func.text    ro code  0x0095d4     0xb  stm8s_itc.o [1]
  .near_func.text    ro code  0x0095df     0xb  stm8s_tim1.o [1]
  .near_func.text    ro code  0x0095ea     0xb  stm8s_tim2.o [1]
  .near_func.text    ro code  0x0095f5     0xb  stm8s_tim2.o [1]
  .near_func.text    ro code  0x009600     0xb  stm8s_tim2.o [1]
  .near_func.text    ro code  0x00960b     0xb  timer_counter.o [1]
  .near_func.text    ro code  0x009616     0xa  timer_pwm.o [1]
  .near_func.text    ro code  0x009620     0xa  char.o [4]
  .near_func.text    ro code  0x00962a     0x9  nodeinterconn.o [1]
  .near_func.text    ro code  0x009633     0x9  stm8s_adc1.o [1]
  .near_func.text    ro code  0x00963c     0x9  stm8s_adc1.o [1]
  .near_func.text    ro code  0x009645     0x9  stm8s_clk.o [1]
  .near_func.text    ro code  0x00964e     0x9  stm8s_tim2.o [1]
  .near_func.text    ro code  0x009657     0x9  stm8s_tim2.o [1]
  .near_func.text    ro code  0x009660     0x8  stm8s_adc1.o [1]
  .near_func.text    ro code  0x009668     0x8  stm8s_tim1.o [1]
  .near_func.text    ro code  0x009670     0x7  stm8s_gpio.o [1]
  .near_func.text    ro code  0x009677     0x7  stm8s_gpio.o [1]
  .near_func.text    ro code  0x00967e     0x7  stm8s_tim2.o [1]
  .near_func.text    ro code  0x009685     0x6  led_controller.o [1]
  .near_func.text    ro code  0x00968b     0x6  led_controller.o [1]
  .near_func.text    ro code  0x009691     0x6  nodeinterconn.o [1]
  .near_func.text    ro code  0x009697     0x6  stm8s_tim1.o [1]
  .near_func.text    ro code  0x00969d     0x6  timer_counter.o [1]
  .near_func.text    ro code  0x0096a3     0x6  timer_pwm.o [1]
  Initializer bytes  const    0x0096a9     0x6  <for P2-1>
  .near_func.text    ro code  0x0096af     0x5  stm8s_adc1.o [1]
  .near_func.text    ro code  0x0096b4     0x5  stm8s_tim1.o [1]
  .near_func.text    ro code  0x0096b9     0x5  cexit.o [4]
  .near_func.text    ro code  0x0096be     0x4  ir_receiver.o [1]
  .near_func.text    ro code  0x0096c2     0x4  ir_transmitter.o [1]
  .near_func.text    ro code  0x0096c6     0x4  led_controller.o [1]
  .near_func.text    ro code  0x0096ca     0x4  nodestatemanager.o [1]
  .near_func.text    ro code  0x0096ce     0x4  nodestatemanager.o [1]
  .near_func.text    ro code  0x0096d2     0x4  stm8s_gpio.o [1]
  .near_func.text    ro code  0x0096d6     0x4  timer_pwm.o [1]
  .near_func.text    ro code  0x0096da     0x3  gpio_util.o [1]
  .near_func.text    ro code  0x0096dd     0x3  gpio_util.o [1]
  .near_func.text    ro code  0x0096e0     0x3  gpio_util.o [1]
  .near_func.text    ro code  0x0096e3     0x3  gpio_util.o [1]
  .near_func.text    ro code  0x0096e6     0x3  gpio_util.o [1]
  .near_func.text    ro code  0x0096e9     0x3  gpio_util.o [1]
  .near_func.text    ro code  0x0096ec     0x3  gpio_util.o [1]
  .near_func.text    ro code  0x0096ef     0x3  stm8s_gpio.o [1]
  .near_func.text    ro code  0x0096f2     0x3  stm8s_itc.o [1]
  .near_func.text    ro code  0x0096f5     0x3  interrupt.o [4]
  .near_func.text    ro code  0x0096f8     0x3  low_level_init.o [4]
  .near_func.text    ro code  0x0096fb     0x3  exit.o [4]
  .near_func.text    ro code  0x0096fe     0x3  unhandled_exception.o [4]
  .near_func.text    ro code  0x009701     0x2  xxexit.o [3]
  .near_func.text    ro code  0x009703     0x1  stm8s_it.o [1]
  .near_func.text    ro code  0x009704     0x1  stm8s_it.o [1]
  .near_func.text    ro code  0x009705     0x1  stm8s_it.o [1]
  .near_func.text    ro code  0x009706     0x1  stm8s_it.o [1]
  .near_func.text    ro code  0x009707     0x1  stm8s_it.o [1]
  .near_func.text    ro code  0x009708     0x1  stm8s_it.o [1]
  .near_func.text    ro code  0x009709     0x1  stm8s_it.o [1]
  .near_func.text    ro code  0x00970a     0x1  stm8s_it.o [1]
  .near_func.text    ro code  0x00970b     0x1  stm8s_it.o [1]
  .near_func.text    ro code  0x00970c     0x1  stm8s_it.o [1]
  .near_func.text    ro code  0x00970d     0x1  stm8s_it.o [1]
  .near_func.text    ro code  0x00970e     0x1  stm8s_it.o [1]
  .near_func.text    ro code  0x00970f     0x1  stm8s_it.o [1]
  .near_func.text    ro code  0x009710     0x1  stm8s_it.o [1]
  .near_func.text    ro code  0x009711     0x1  stm8s_it.o [1]
  .near_func.text    ro code  0x009712     0x1  stm8s_it.o [1]
  .near_func.text    ro code  0x009713     0x1  stm8s_it.o [1]
  .near_func.text    ro code  0x009714     0x1  stm8s_it.o [1]
  .near_func.text    ro code  0x009715     0x1  stm8s_it.o [1]
                            - 0x009716  0x1696


*******************************************************************************
*** INIT TABLE
***

          Address   Size
          -------   ----
Zero (__iar_zero_init2)
    1 destination range, total size 0x65:
          0x000016  0x65

Copy (__iar_copy_init2)
    1 source range, total size 0x6:
          0x0096a9   0x6
    1 destination range, total size 0x6:
          0x000010   0x6



*******************************************************************************
*** MODULE SUMMARY
***

    Module                 ro code  ro data  rw data
    ------                 -------  -------  -------
E:\03-DuAn\LedController\LedController\02-Software\STM8S003\LedInterSlave\Release\Obj: [1]
    TaskManager.o               48                41
    gpio_util.o                 21
    ir_receiver.o              457                40
    ir_transmitter.o            87        1        3
    led_controller.o           124                 1
    main.o                     205                 4
    nodeinterconn.o             83                 1
    nodestatemanager.o         103        1        3
    stm8s_adc1.o               829      107
    stm8s_clk.o                154      106
    stm8s_gpio.o               209      107
    stm8s_it.o                  54
    stm8s_itc.o                339      106
    stm8s_tim1.o               294      107
    stm8s_tim2.o               396      107
    timer_counter.o             61                 4
    timer_pwm.o                200        4       10
    util.o                      66
    ------------------------------------------------
    Total:                   3 730      646      107

command line: [2]
    ------------------------------------------------
    Total:

dbgstm8smn.a: [3]
    xxexit.o                     2
    ------------------------------------------------
    Total:                       2

dlstm8smn.a: [4]
    cexit.o                      5
    char.o                      10
    cstartup.o                  19
    dc_util.o                   37
    exit.o                       3
    float.o                    849
    init.o                      20
    init_small.o                70
    interrupt.o                  3      128
    long.o                     102
    long_util.o                 38
    low_level_init.o             3
    short.o                     15
    unhandled_exception.o        3
    vreg_util.o                209
    vregs.o                                       16
    ------------------------------------------------
    Total:                   1 386      128       16

    Linker created                       18      256
----------------------------------------------------
    Grand Total:             5 118      792      379


*******************************************************************************
*** ENTRY LIST
***

Entry                    Address   Size  Type      Object
-----                    -------   ----  ----      ------
.iar.init_table$$Base   0x0093d5          --   Gb  - Linker created -
.iar.init_table$$Limit  0x0093e7          --   Gb  - Linker created -
?add32_l0_l0_0x         0x008e01         Code  Gb  long.o [4]
?add32_l0_l0_dl         0x008dfc         Code  Gb  long.o [4]
?b0                     0x000000         Data  Gb  vregs.o [4]
?b1                     0x000001         Data  Gb  vregs.o [4]
?b10                    0x00000a         Data  Gb  vregs.o [4]
?b11                    0x00000b         Data  Gb  vregs.o [4]
?b12                    0x00000c         Data  Gb  vregs.o [4]
?b13                    0x00000d         Data  Gb  vregs.o [4]
?b14                    0x00000e         Data  Gb  vregs.o [4]
?b15                    0x00000f         Data  Gb  vregs.o [4]
?b2                     0x000002         Data  Gb  vregs.o [4]
?b3                     0x000003         Data  Gb  vregs.o [4]
?b4                     0x000004         Data  Gb  vregs.o [4]
?b5                     0x000005         Data  Gb  vregs.o [4]
?b6                     0x000006         Data  Gb  vregs.o [4]
?b7                     0x000007         Data  Gb  vregs.o [4]
?b8                     0x000008         Data  Gb  vregs.o [4]
?b9                     0x000009         Data  Gb  vregs.o [4]
?dc32_l0                0x009326         Code  Gb  dc_util.o [4]
?dc32_l1                0x009333         Code  Gb  dc_util.o [4]
?dc32_px                0x009340         Code  Gb  dc_util.o [4]
?e0                     0x000001         Data  Gb  vregs.o [4]
?e1                     0x000005         Data  Gb  vregs.o [4]
?e2                     0x000009         Data  Gb  vregs.o [4]
?e3                     0x00000d         Data  Gb  vregs.o [4]
?epilogue_l2            0x00886a         Code  Gb  vreg_util.o [4]
?epilogue_l2_l3         0x008867         Code  Gb  vreg_util.o [4]
?epilogue_l2_w6         0x00886e         Code  Gb  vreg_util.o [4]
?epilogue_w4            0x008875         Code  Gb  vreg_util.o [4]
?fadd32_l0_l0_0x        0x0080ab         Code  Gb  float.o [4]
?fadd32_l0_l0_l1        0x0080ae         Code  Gb  float.o [4]
?fcastf32u16_l0_x       0x008285         Code  Gb  float.o [4]
?fcasts16f32_x_l0       0x0082a3         Code  Gb  float.o [4]
?fcmpeq32_c_0x_fzero    0x008219         Code  Gb  float.o [4]
?fcmpge32_c_l0_0x       0x008226         Code  Gb  float.o [4]
?fcmpge32_c_l0_dc32     0x008221         Code  Gb  float.o [4]
?fcmplt32_c_l0_0x       0x00822f         Code  Gb  float.o [4]
?fcmplt32_c_l0_dc32     0x00822a         Code  Gb  float.o [4]
?fmul32_l0_l0_0x        0x008181         Code  Gb  float.o [4]
?fmul32_l0_l0_dc32      0x00817c         Code  Gb  float.o [4]
?fmul32_l0_l0_l1        0x008184         Code  Gb  float.o [4]
?fsub32_l0_dc32_l1      0x00809d         Code  Gb  float.o [4]
?fsub32_l0_l0_0x        0x0080a2         Code  Gb  float.o [4]
?fsub32_l0_l0_l1        0x0080a5         Code  Gb  float.o [4]
?inc32_0x_0x            0x008dee         Code  Gb  long.o [4]
?inc32_l0_l0            0x008de9         Code  Gb  long.o [4]
?l0                     0x000000         Data  Gb  vregs.o [4]
?l1                     0x000004         Data  Gb  vregs.o [4]
?l2                     0x000008         Data  Gb  vregs.o [4]
?l3                     0x00000c         Data  Gb  vregs.o [4]
?load32_0x_l0           0x009318         Code  Gb  long_util.o [4]
?load32_l0_0x           0x009300         Code  Gb  long_util.o [4]
?load32_l1_0x           0x00930c         Code  Gb  long_util.o [4]
?mov_e0_e1              0x00887c         Code  Gb  vreg_util.o [4]
?mov_e1_e2              0x008889         Code  Gb  vreg_util.o [4]
?mov_e2_e0              0x008896         Code  Gb  vreg_util.o [4]
?mov_l0_l1              0x008879         Code  Gb  vreg_util.o [4]
?mov_l1_l2              0x008886         Code  Gb  vreg_util.o [4]
?mov_l2_l0              0x008893         Code  Gb  vreg_util.o [4]
?mov_w1_w3              0x00887f         Code  Gb  vreg_util.o [4]
?mov_w3_w5              0x00888c         Code  Gb  vreg_util.o [4]
?mov_w5_w1              0x008899         Code  Gb  vreg_util.o [4]
?pop_l0                 0x008833         Code  Gb  vreg_util.o [4]
?pop_l1                 0x00883e         Code  Gb  vreg_util.o [4]
?pop_l2                 0x008849         Code  Gb  vreg_util.o [4]
?pop_l3                 0x008854         Code  Gb  vreg_util.o [4]
?pop_w4                 0x0087ec         Code  Gb  vreg_util.o [4]
?pop_w6                 0x0087f3         Code  Gb  vreg_util.o [4]
?push_l0                0x008802         Code  Gb  vreg_util.o [4]
?push_l1                0x008807         Code  Gb  vreg_util.o [4]
?push_l2                0x00880c         Code  Gb  vreg_util.o [4]
?push_l3                0x008811         Code  Gb  vreg_util.o [4]
?push_w4                0x0087cf         Code  Gb  vreg_util.o [4]
?push_w6                0x0087d4         Code  Gb  vreg_util.o [4]
?sll16_x_x_4            0x009589         Code  Gb  short.o [4]
?sll16_x_x_5            0x009588         Code  Gb  short.o [4]
?sll16_x_x_6            0x009587         Code  Gb  short.o [4]
?sll16_x_x_a            0x00957f         Code  Gb  short.o [4]
?sll8_a_a_b0            0x009620         Code  Gb  char.o [4]
?sub32_l0_l0_0x         0x008e1c         Code  Gb  long.o [4]
?sub32_l0_l0_l1         0x008e19         Code  Gb  long.o [4]
?ucmp32_c_l0_0x         0x008e34         Code  Gb  long.o [4]
?ucmp32_c_l0_l1         0x008e44         Code  Gb  long.o [4]
?w0                     0x000000         Data  Gb  vregs.o [4]
?w1                     0x000002         Data  Gb  vregs.o [4]
?w2                     0x000004         Data  Gb  vregs.o [4]
?w3                     0x000006         Data  Gb  vregs.o [4]
?w4                     0x000008         Data  Gb  vregs.o [4]
?w5                     0x00000a         Data  Gb  vregs.o [4]
?w6                     0x00000c         Data  Gb  vregs.o [4]
?w7                     0x00000e         Data  Gb  vregs.o [4]
ADC1_ConversionConfig   0x008a01   0x8a  Code  Gb  stm8s_adc1.o [1]
ADC1_ExternalTriggerConfig
                        0x008f8b   0x3f  Code  Gb  stm8s_adc1.o [1]
ADC1_GetConversionValue
                        0x009081   0x39  Code  Gb  stm8s_adc1.o [1]
ADC1_IRQHandler         0x009713    0x1  Code  Gb  stm8s_it.o [1]
ADC1_Init               0x008596  0x124  Code  Gb  stm8s_adc1.o [1]
ADC1_PrescalerConfig    0x009007   0x3d  Code  Gb  stm8s_adc1.o [1]
ADC1_SchmittTriggerConfig
                        0x008951   0xb0  Code  Gb  stm8s_adc1.o [1]
ADC1_StartConversion    0x0096af    0x5  Code  Gb  stm8s_adc1.o [1]
AWU_IRQHandler          0x009705    0x1  Code  Gb  stm8s_it.o [1]
CLK_HSIPrescalerConfig  0x00928a   0x28  Code  Gb  stm8s_clk.o [1]
CLK_IRQHandler          0x009706    0x1  Code  Gb  stm8s_it.o [1]
CLK_SYSCLKConfig        0x008e4f   0x5e  Code  Gb  stm8s_clk.o [1]
CSTACK$$Base            0x000300          --   Gb  - Linker created -
CSTACK$$Limit           0x000400          --   Gb  - Linker created -
EEPROM_EEC_IRQHandler   0x009715    0x1  Code  Gb  stm8s_it.o [1]
EXTI_PORTA_IRQHandler   0x009707    0x1  Code  Gb  stm8s_it.o [1]
EXTI_PORTB_IRQHandler   0x009708    0x1  Code  Gb  stm8s_it.o [1]
EXTI_PORTC_IRQHandler   0x009709    0x1  Code  Gb  stm8s_it.o [1]
EXTI_PORTD_IRQHandler   0x00970a    0x1  Code  Gb  stm8s_it.o [1]
EXTI_PORTE_IRQHandler   0x00970b    0x1  Code  Gb  stm8s_it.o [1]
GPIO_Init               0x0088a0   0xb1  Code  Gb  stm8s_gpio.o [1]
GPIO_ReadInputData      0x0096ef    0x3  Code  Gb  stm8s_gpio.o [1]
GPIO_Util_Init          0x0096da    0x3  Code  Gb  gpio_util.o [1]
GPIO_Util_ReadInputData
                        0x0096ec    0x3  Code  Gb  gpio_util.o [1]
GPIO_Util_Toggle        0x0096e3    0x3  Code  Gb  gpio_util.o [1]
GPIO_Util_TurnOffLed    0x0096e9    0x3  Code  Gb  gpio_util.o [1]
GPIO_Util_TurnOnLed     0x0096e6    0x3  Code  Gb  gpio_util.o [1]
GPIO_Util_WriteHigh     0x0096dd    0x3  Code  Gb  gpio_util.o [1]
GPIO_Util_WriteLow      0x0096e0    0x3  Code  Gb  gpio_util.o [1]
GPIO_WriteHigh          0x009670    0x7  Code  Gb  stm8s_gpio.o [1]
GPIO_WriteLow           0x0096d2    0x4  Code  Gb  stm8s_gpio.o [1]
GPIO_WriteReverse       0x009677    0x7  Code  Gb  stm8s_gpio.o [1]
Generate_TestingSignal  0x00934b   0x24  Code  Gb  util.o [1]
I2C_IRQHandler          0x009712    0x1  Code  Gb  stm8s_it.o [1]
INTVEC$$Base            0x008000          --   Gb  - Linker created -
INTVEC$$Limit           0x008080          --   Gb  - Linker created -
IR_Receiver_GetState    0x0096be    0x4  Code  Gb  ir_receiver.o [1]
IR_Receiver_Init        0x008536   0x4e  Code  Gb  ir_receiver.o [1]
IR_Receiver_Task        0x008584   0x12  Code  Gb  ir_receiver.o [1]
IR_Transmitter_GetMode  0x0096c2    0x4  Code  Gb  ir_transmitter.o [1]
IR_Transmitter_Init     0x0092da   0x26  Code  Gb  ir_transmitter.o [1]
IR_Transmitter_Task     0x0091b2   0x2d  Code  Gb  ir_transmitter.o [1]
IR_Transmitter_Task{1}{2}{3}{5}::counter
                        0x000075    0x1  Data  Lc  ir_transmitter.o [1]
ITC_DeInit              0x0093b4   0x21  Code  Gb  stm8s_itc.o [1]
ITC_GetCPUCC            0x0096f2    0x3  Code  Gb  stm8s_itc.o [1]
ITC_SetSoftwarePriority
                        0x0086ba  0x115  Code  Gb  stm8s_itc.o [1]
Led_Control_GetMode     0x0096c6    0x4  Code  Gb  led_controller.o [1]
Led_Control_Init        0x009183   0x2f  Code  Gb  led_controller.o [1]
Led_Control_Task        0x008fca   0x3d  Code  Gb  led_controller.o [1]
Node_Inter_Conn_Init    0x0094e5   0x14  Code  Gb  nodeinterconn.o [1]
Node_Inter_Conn_Task    0x009153   0x30  Code  Gb  nodeinterconn.o [1]
Node_State_GetInputState
                        0x0096ca    0x4  Code  Gb  nodestatemanager.o [1]
Node_State_GetOutputState
                        0x0096ce    0x4  Code  Gb  nodestatemanager.o [1]
Node_State_Manager_Init
                        0x00959b    0xc  Code  Gb  nodestatemanager.o [1]
Node_State_Manager_Task
                        0x009460   0x17  Code  Gb  nodestatemanager.o [1]
Node_State_ToggleOutputState
                        0x009532   0x10  Code  Gb  nodestatemanager.o [1]
RC                      0x00004b    0x4  Data  Gb  ir_receiver.o [1]
RC_h                    0x000057    0x4  Data  Gb  ir_receiver.o [1]
Region$$Table$$Base     0x0093d5          --   Gb  - Linker created -
Region$$Table$$Limit    0x0093e7          --   Gb  - Linker created -
SPI_IRQHandler          0x00970c    0x1  Code  Gb  stm8s_it.o [1]
TIM1_CAP_COM_IRQHandler
                        0x00970d    0x1  Code  Gb  stm8s_it.o [1]
TIM1_ClearFlag          0x009261   0x29  Code  Gb  stm8s_tim1.o [1]
TIM1_Cmd                0x009477   0x16  Code  Gb  stm8s_tim1.o [1]
TIM1_GetITStatus        0x008ef9   0x4c  Code  Gb  stm8s_tim1.o [1]
TIM1_ITConfig           0x009122   0x31  Code  Gb  stm8s_tim1.o [1]
TIM1_TimeBaseInit       0x008ead   0x4c  Code  Gb  stm8s_tim1.o [1]
TIM1_UPD_OVF_TRG_BRK_IRQHandler
                        0x00936f   0x23  Code  Gb  stm8s_it.o [1]
TIM2_ARRPreloadConfig   0x0094a3   0x16  Code  Gb  stm8s_tim2.o [1]
TIM2_CAP_COM_IRQHandler
                        0x00970f    0x1  Code  Gb  stm8s_it.o [1]
TIM2_Cmd                0x00948d   0x16  Code  Gb  stm8s_tim2.o [1]
TIM2_OC1Init            0x008a8b   0x6f  Code  Gb  stm8s_tim2.o [1]
TIM2_OC1PreloadConfig   0x0094b9   0x16  Code  Gb  stm8s_tim2.o [1]
TIM2_OC3Init            0x008afa   0x6f  Code  Gb  stm8s_tim2.o [1]
TIM2_OC3PreloadConfig   0x0094cf   0x16  Code  Gb  stm8s_tim2.o [1]
TIM2_SetCompare1        0x009657    0x9  Code  Gb  stm8s_tim2.o [1]
TIM2_TimeBaseInit       0x00967e    0x7  Code  Gb  stm8s_tim2.o [1]
TIM2_UPD_OVF_BRK_IRQHandler
                        0x00970e    0x1  Code  Gb  stm8s_it.o [1]
TIM4_UPD_OVF_IRQHandler
                        0x009714    0x1  Code  Gb  stm8s_it.o [1]
TLI_IRQHandler          0x009704    0x1  Code  Gb  stm8s_it.o [1]
TRAP_IRQHandler         0x009703    0x1  Code  Gb  stm8s_it.o [1]
Task_Init               0x0090f1   0x31  Code  Gb  main.o [1]
Task_Manager_AddTask    0x009542   0x10  Code  Gb  TaskManager.o [1]
Task_Manager_PerformTask
                        0x0093e7   0x20  Code  Gb  TaskManager.o [1]
Timer_Counter_GetCounter
                        0x00969d    0x6  Code  Gb  timer_counter.o [1]
Timer_Counter_IncreaseCounter
                        0x009570    0xf  Code  Gb  timer_counter.o [1]
Timer_Counter_Init      0x00960b    0xb  Code  Gb  timer_counter.o [1]
Timer_PWM_IR_Transmitter_Init
                        0x009392   0x22  Code  Gb  timer_pwm.o [1]
Timer_PWM_Init          0x0090ba   0x37  Code  Gb  timer_pwm.o [1]
Timer_PWM_Start         0x0096d6    0x4  Code  Gb  timer_pwm.o [1]
Timer_PWM_Update_Period
                        0x009044   0x3d  Code  Gb  timer_pwm.o [1]
UART1_RX_IRQHandler     0x009711    0x1  Code  Gb  stm8s_it.o [1]
UART1_TX_IRQHandler     0x009710    0x1  Code  Gb  stm8s_it.o [1]
__exit                  0x009701    0x2  Code  Gb  xxexit.o [3]
__iar_copy_init2        0x0092b2         Code  Gb  init_small.o [4]
__iar_data_init2        0x0094f9   0x14  Code  Gb  init.o [4]
__iar_program_start     0x00950d         Code  Gb  cstartup.o [4]
__iar_unhandled_exception
                        0x0096fe         Code  Gb  unhandled_exception.o [4]
__iar_zero_init2        0x009425         Code  Gb  init_small.o [4]
__intvec                0x008000         Data  Gb  interrupt.o [4]
__low_level_init        0x0096f8    0x3  Code  Gb  low_level_init.o [4]
_exit                   0x0096b9         Code  Gb  cexit.o [4]
_interrupt_1            0x009703         Code  Gb  stm8s_it.o [1]
_interrupt_12           0x00970c         Code  Gb  stm8s_it.o [1]
_interrupt_13           0x00936f         Code  Gb  stm8s_it.o [1]
_interrupt_14           0x00970d         Code  Gb  stm8s_it.o [1]
_interrupt_15           0x00970e         Code  Gb  stm8s_it.o [1]
_interrupt_16           0x00970f         Code  Gb  stm8s_it.o [1]
_interrupt_19           0x009710         Code  Gb  stm8s_it.o [1]
_interrupt_2            0x009704         Code  Gb  stm8s_it.o [1]
_interrupt_20           0x009711         Code  Gb  stm8s_it.o [1]
_interrupt_21           0x009712         Code  Gb  stm8s_it.o [1]
_interrupt_24           0x009713         Code  Gb  stm8s_it.o [1]
_interrupt_25           0x009714         Code  Gb  stm8s_it.o [1]
_interrupt_26           0x009715         Code  Gb  stm8s_it.o [1]
_interrupt_3            0x009705         Code  Gb  stm8s_it.o [1]
_interrupt_4            0x009706         Code  Gb  stm8s_it.o [1]
_interrupt_5            0x009707         Code  Gb  stm8s_it.o [1]
_interrupt_6            0x009708         Code  Gb  stm8s_it.o [1]
_interrupt_7            0x009709         Code  Gb  stm8s_it.o [1]
_interrupt_8            0x00970a         Code  Gb  stm8s_it.o [1]
_interrupt_9            0x00970b         Code  Gb  stm8s_it.o [1]
active_period           0x000012    0x4  Data  Gb  timer_pwm.o [1]
alpha                   0x000053    0x4  Data  Gb  ir_receiver.o [1]
assert_failed           0x009236   0x2b  Code  Gb  main.o [1]
assert_failed::counter  0x00005b    0x4  Data  Lc  main.o [1]
change_factor           0x000063    0x4  Data  Gb  timer_pwm.o [1]
detected_time_stamp     0x000043    0x4  Data  Gb  ir_receiver.o [1]
detecting_pulse         0x0084fa   0x3c  Code  Gb  ir_receiver.o [1]
detecting_pulse::direction
                        0x000073    0x1  Data  Lc  ir_receiver.o [1]
detecting_pulse::previous_v
                        0x00006f    0x2  Data  Lc  ir_receiver.o [1]
dt                      0x00004f    0x4  Data  Gb  ir_receiver.o [1]
exit                    0x0096fb    0x3  Code  Gb  exit.o [4]
gpio_state              0x000079    0x1  Data  Gb  timer_pwm.o [1]
highpass_filter::previous_x
                        0x00006b    0x2  Data  Lc  ir_receiver.o [1]
highpass_filter::previous_y
                        0x00006d    0x2  Data  Lc  ir_receiver.o [1]
is_configured           0x00007a    0x1  Data  Gb  timer_pwm.o [1]
lowpass_filter::filtered_value
                        0x000069    0x2  Data  Lc  ir_receiver.o [1]
main                    0x008f45   0x46  Code  Gb  main.o [1]
node_state              0x000071    0x2  Data  Gb  nodestatemanager.o [1]
output_mode             0x000011    0x1  Data  Gb  nodestatemanager.o [1]
pre_digital_input_state
                        0x000077    0x1  Data  Gb  nodeinterconn.o [1]
process_ir_signal       0x0083d1   0xb9  Code  Gb  ir_receiver.o [1]
process_ir_signal::stable_marker
                        0x000067    0x2  Data  Lc  ir_receiver.o [1]
running_mode            0x000074    0x1  Data  Gb  ir_transmitter.o [1]
running_mode            0x000076    0x1  Data  Lc  led_controller.o [1]
signal_state            0x00003e    0x5  Data  Gb  ir_receiver.o [1]
task_Index              0x000078    0x1  Data  Gb  TaskManager.o [1]
tasks                   0x000016   0x28  Data  Gb  TaskManager.o [1]
time_prescaler          0x000010    0x1  Data  Gb  ir_transmitter.o [1]
timer_counter           0x000047    0x4  Data  Gb  ir_receiver.o [1]
timer_counter           0x00005f    0x4  Data  Lc  timer_counter.o [1]
update_output           0x0091df   0x2c  Code  Gb  nodestatemanager.o [1]


[1] = E:\03-DuAn\LedController\LedController\02-Software\STM8S003\LedInterSlave\Release\Obj
[2] = command line
[3] = dbgstm8smn.a
[4] = dlstm8smn.a

  5 118 bytes of readonly  code memory
    792 bytes of readonly  data memory
    379 bytes of readwrite data memory

Errors: none
Warnings: none
