###############################################################################
#
# IAR ELF Linker V3.10.1.201 for STM8                     10/Mar/2019  15:57:52
# Copyright 2010-2017 IAR Systems AB.
#
#    Output file  =  
#        E:\03-DuAn\LedController\LedController\02-Software\STM8S003\LedDimming\Release\Exe\LedDimming.out
#    Map file     =  
#        E:\03-DuAn\LedController\LedController\02-Software\STM8S003\LedDimming\Release\List\LedDimming.map
#    Command line =  
#        -f C:\Users\hungn\AppData\Local\Temp\EWDACD.tmp
#        (E:\03-DuAn\LedController\LedController\02-Software\STM8S003\LedDimming\Release\Obj\gpio_util.o
#        E:\03-DuAn\LedController\LedController\02-Software\STM8S003\LedDimming\Release\Obj\ir_receiver.o
#        E:\03-DuAn\LedController\LedController\02-Software\STM8S003\LedDimming\Release\Obj\ir_transmitter.o
#        E:\03-DuAn\LedController\LedController\02-Software\STM8S003\LedDimming\Release\Obj\led_controller.o
#        E:\03-DuAn\LedController\LedController\02-Software\STM8S003\LedDimming\Release\Obj\main.o
#        E:\03-DuAn\LedController\LedController\02-Software\STM8S003\LedDimming\Release\Obj\nodestatemanager.o
#        E:\03-DuAn\LedController\LedController\02-Software\STM8S003\LedDimming\Release\Obj\stm8s_adc1.o
#        E:\03-DuAn\LedController\LedController\02-Software\STM8S003\LedDimming\Release\Obj\stm8s_clk.o
#        E:\03-DuAn\LedController\LedController\02-Software\STM8S003\LedDimming\Release\Obj\stm8s_gpio.o
#        E:\03-DuAn\LedController\LedController\02-Software\STM8S003\LedDimming\Release\Obj\stm8s_it.o
#        E:\03-DuAn\LedController\LedController\02-Software\STM8S003\LedDimming\Release\Obj\stm8s_itc.o
#        E:\03-DuAn\LedController\LedController\02-Software\STM8S003\LedDimming\Release\Obj\stm8s_tim1.o
#        E:\03-DuAn\LedController\LedController\02-Software\STM8S003\LedDimming\Release\Obj\stm8s_tim2.o
#        E:\03-DuAn\LedController\LedController\02-Software\STM8S003\LedDimming\Release\Obj\TaskManager.o
#        E:\03-DuAn\LedController\LedController\02-Software\STM8S003\LedDimming\Release\Obj\timer_counter.o
#        E:\03-DuAn\LedController\LedController\02-Software\STM8S003\LedDimming\Release\Obj\timer_pwm.o
#        E:\03-DuAn\LedController\LedController\02-Software\STM8S003\LedDimming\Release\Obj\util.o
#        --redirect _Printf=_PrintfFullNoMb --redirect _Scanf=_ScanfFullNoMb -o
#        E:\03-DuAn\LedController\LedController\02-Software\STM8S003\LedDimming\Release\Exe\LedDimming.out
#        --map
#        E:\03-DuAn\LedController\LedController\02-Software\STM8S003\LedDimming\Release\List\LedDimming.map
#        --config "C:\Program Files (x86)\IAR Systems\Embedded Workbench
#        8.0\stm8\config\lnkstm8s003f3.icf" --config_def _CSTACK_SIZE=0x100
#        --config_def _HEAP_SIZE=0x100 --entry __iar_program_start)
#
###############################################################################

*******************************************************************************
*** RUNTIME MODEL ATTRIBUTES
***

__SystemLibrary            = DLib
__code_model               = small
__core                     = stm8
__data_model               = medium
__dlib_file_descriptor     = 0
__dlib_full_locale_support = 0
__rt_version               = 4


*******************************************************************************
*** PLACEMENT SUMMARY
***

"A0":  place at start of [0x000000-0x0000ff] { rw section .vregs };
"A1":  place at end of [0x000000-0x0003ff] { block CSTACK };
"P2":  place in [from 0x000000 to 0x0003ff] {
          block HEAP, rw section __DLIB_PERTHREAD, rw section .far.bss,
          rw section .far.data, rw section .far.noinit,
          rw section .far_func.textrw, rw section .huge.bss,
          rw section .huge.data, rw section .huge.noinit,
          rw section .huge_func.textrw, rw section .iar.dynexit,
          rw section .near.bss, rw section .near.data, rw section .near.noinit,
          rw section .near_func.textrw };
"A2":  place at start of [0x008000-0x009fff] { block INTVEC };
"P3":  place in [from 0x008000 to 0x009fff] {
          ro section __DLIB_PERTHREAD_init, ro section .far.data_init,
          ro section .far_func.textrw_init, ro section .huge.data_init,
          ro section .huge_func.textrw_init, ro section .iar.init_table,
          ro section .init_array, ro section .near.data_init,
          ro section .near.rodata, ro section .near_func.text,
          ro section .near_func.textrw_init, ro section .tiny.data_init,
          ro section .tiny.rodata_init };
"P4":  place in [from 0x008000 to 0x009fff] {
          ro section .far.rodata, ro section .far_func.text };
"P5":  place in [from 0x008000 to 0x009fff] {
          ro section .huge.rodata, ro section .huge_func.text };
do not initialize {
   rw section .eeprom.noinit, rw section .far.noinit, rw section .huge.noinit,
   rw section .near.noinit, rw section .tiny.noinit, rw section .vregs };
initialize by copy {
   rw section .far.bss, rw section .far.data, rw section .far_func.textrw,
   rw section .huge.bss, rw section .huge.data, rw section .huge_func.textrw,
   rw section .iar.dynexit, rw section .near.bss, rw section .near.data,
   rw section .near_func.textrw, rw section .tiny.bss, rw section .tiny.data,
   ro section .tiny.rodata };

  Section            Kind      Address    Size  Object
  -------            ----      -------    ----  ------
"A0":                                     0x10
  .vregs             uninit   0x000000    0x10  vregs.o [4]
                            - 0x000010    0x10

"P2", part 1 of 2:                         0x6
  P2-1                        0x000010     0x6  <Init block>
    .near.data       inited   0x000010     0x1  ir_transmitter.o [1]
    .near.data       inited   0x000011     0x1  nodestatemanager.o [1]
    .near.data       inited   0x000012     0x4  timer_pwm.o [1]
                            - 0x000016     0x6

"P2", part 2 of 2:                        0x64
  .near.bss          zero     0x000016    0x28  TaskManager.o [1]
  .near.bss          zero     0x00003e     0x5  ir_receiver.o [1]
  .near.bss          zero     0x000043     0x4  ir_receiver.o [1]
  .near.bss          zero     0x000047     0x4  ir_receiver.o [1]
  .near.bss          zero     0x00004b     0x4  ir_receiver.o [1]
  .near.bss          zero     0x00004f     0x4  ir_receiver.o [1]
  .near.bss          zero     0x000053     0x4  ir_receiver.o [1]
  .near.bss          zero     0x000057     0x4  ir_receiver.o [1]
  .near.bss          zero     0x00005b     0x4  main.o [1]
  .near.bss          zero     0x00005f     0x4  timer_counter.o [1]
  .near.bss          zero     0x000063     0x4  timer_pwm.o [1]
  .near.bss          zero     0x000067     0x2  ir_receiver.o [1]
  .near.bss          zero     0x000069     0x2  ir_receiver.o [1]
  .near.bss          zero     0x00006b     0x2  ir_receiver.o [1]
  .near.bss          zero     0x00006d     0x2  ir_receiver.o [1]
  .near.bss          zero     0x00006f     0x2  ir_receiver.o [1]
  .near.bss          zero     0x000071     0x2  nodestatemanager.o [1]
  .near.bss          zero     0x000073     0x1  ir_receiver.o [1]
  .near.bss          zero     0x000074     0x1  ir_transmitter.o [1]
  .near.bss          zero     0x000075     0x1  ir_transmitter.o [1]
  .near.bss          zero     0x000076     0x1  led_controller.o [1]
  .near.bss          zero     0x000077     0x1  TaskManager.o [1]
  .near.bss          zero     0x000078     0x1  timer_pwm.o [1]
  .near.bss          zero     0x000079     0x1  timer_pwm.o [1]
                            - 0x00007a    0x64

"A1":                                    0x100
  CSTACK                      0x000300   0x100  <Block>
    CSTACK           uninit   0x000300   0x100  <Block tail>
                            - 0x000400   0x100

"A2":                                     0x80
  INTVEC                      0x008000    0x80  <Block>
    .intvec          const    0x008000    0x80  interrupt.o [4]
                            - 0x008080    0x80

"P3-P5":                                0x1c26
  .near_func.text    ro code  0x008080   0x3ff  float.o [4]
  .near_func.text    ro code  0x00847f   0x19a  stm8s_adc1.o [1]
  .near_func.text    ro code  0x008619   0x14a  stm8s_itc.o [1]
  .near_func.text    ro code  0x008763   0x10e  stm8s_gpio.o [1]
  .near_func.text    ro code  0x008871    0xf8  vreg_util.o [4]
  .near_func.text    ro code  0x008969    0xf7  stm8s_adc1.o [1]
  .near_func.text    ro code  0x008a60    0xbe  stm8s_adc1.o [1]
  .near_func.text    ro code  0x008b1e    0xb9  ir_receiver.o [1]
  .near_func.text    ro code  0x008bd7    0xac  stm8s_tim2.o [1]
  .near_func.text    ro code  0x008c83    0xac  stm8s_tim2.o [1]
  .near_func.text    ro code  0x008d2f    0x90  long.o [4]
  .near_func.text    ro code  0x008dbf    0x8b  ir_receiver.o [1]
  .near_func.text    ro code  0x008e4a    0x8b  stm8s_clk.o [1]
  .near_func.text    ro code  0x008ed5    0x6e  timer_pwm.o [1]
  .near_func.text    ro code  0x008f43    0x6c  stm8s_tim1.o [1]
  .near.rodata       const    0x008faf    0x6b  stm8s_adc1.o [1]
  .near.rodata       const    0x00901a    0x6b  stm8s_gpio.o [1]
  .near.rodata       const    0x009085    0x6b  stm8s_tim1.o [1]
  .near.rodata       const    0x0090f0    0x6b  stm8s_tim2.o [1]
  .near.rodata       const    0x00915b    0x6a  stm8s_clk.o [1]
  .near.rodata       const    0x0091c5    0x6a  stm8s_itc.o [1]
  .near_func.text    ro code  0x00922f    0x60  stm8s_tim1.o [1]
  .near_func.text    ro code  0x00928f    0x59  stm8s_adc1.o [1]
  .near_func.text    ro code  0x0092e8    0x55  stm8s_adc1.o [1]
  .near_func.text    ro code  0x00933d    0x55  stm8s_adc1.o [1]
  .near_func.text    ro code  0x009392    0x4d  ir_receiver.o [1]
  .near_func.text    ro code  0x0093df    0x4c  stm8s_tim1.o [1]
  .near_func.text    ro code  0x00942b    0x4b  ir_receiver.o [1]
  .near_func.text    ro code  0x009476    0x4a  util.o [1]
  .near_func.text    ro code  0x0094c0    0x48  ir_receiver.o [1]
  .near_func.text    ro code  0x009508    0x43  main.o [1]
  .near_func.text    ro code  0x00954b    0x41  timer_pwm.o [1]
  .near_func.text    ro code  0x00958c    0x40  main.o [1]
  .near_func.text    ro code  0x0095cc    0x3e  nodestatemanager.o [1]
  .near_func.text    ro code  0x00960a    0x3d  stm8s_clk.o [1]
  .near_func.text    ro code  0x009647    0x3b  timer_pwm.o [1]
  .near_func.text    ro code  0x009682    0x38  ir_transmitter.o [1]
  .near_func.text    ro code  0x0096ba    0x35  stm8s_tim1.o [1]
  .near_func.text    ro code  0x0096ef    0x34  led_controller.o [1]
  .near_func.text    ro code  0x009723    0x2f  stm8s_tim1.o [1]
  .near_func.text    ro code  0x009752    0x2f  stm8s_tim2.o [1]
  .near_func.text    ro code  0x009781    0x2f  stm8s_tim2.o [1]
  .near_func.text    ro code  0x0097b0    0x2f  stm8s_tim2.o [1]
  .near_func.text    ro code  0x0097df    0x2f  stm8s_tim2.o [1]
  .near_func.text    ro code  0x00980e    0x2d  main.o [1]
  .near_func.text    ro code  0x00983b    0x29  ir_receiver.o [1]
  .near_func.text    ro code  0x009864    0x29  ir_transmitter.o [1]
  .near_func.text    ro code  0x00988d    0x28  init_small.o [4]
  .near_func.text    ro code  0x0098b5    0x26  led_controller.o [1]
  .near_func.text    ro code  0x0098db    0x26  long_util.o [4]
  .near_func.text    ro code  0x009901    0x25  nodestatemanager.o [1]
  .near_func.text    ro code  0x009926    0x25  dc_util.o [4]
  .near_func.text    ro code  0x00994b    0x24  stm8s_it.o [1]
  .near_func.text    ro code  0x00996f    0x23  TaskManager.o [1]
  .near_func.text    ro code  0x009992    0x22  led_controller.o [1]
  .near_func.text    ro code  0x0099b4    0x21  led_controller.o [1]
  .near_func.text    ro code  0x0099d5    0x21  led_controller.o [1]
  .near_func.text    ro code  0x0099f6    0x21  stm8s_itc.o [1]
  .iar.init_table    const    0x009a17    0x12  - Linker created -
  .near_func.text    ro code  0x009a29    0x1e  init_small.o [4]
  .near_func.text    ro code  0x009a47    0x1d  timer_counter.o [1]
  .near_func.text    ro code  0x009a64    0x1d  timer_pwm.o [1]
  .near_func.text    ro code  0x009a81    0x1b  main.o [1]
  .near_func.text    ro code  0x009a9c    0x1a  ir_receiver.o [1]
  .near_func.text    ro code  0x009ab6    0x19  util.o [1]
  .near_func.text    ro code  0x009acf    0x17  gpio_util.o [1]
  .near_func.text    ro code  0x009ae6    0x17  gpio_util.o [1]
  .near_func.text    ro code  0x009afd    0x17  gpio_util.o [1]
  .near_func.text    ro code  0x009b14    0x17  gpio_util.o [1]
  .near_func.text    ro code  0x009b2b    0x17  gpio_util.o [1]
  .near_func.text    ro code  0x009b42    0x17  gpio_util.o [1]
  .near_func.text    ro code  0x009b59    0x17  gpio_util.o [1]
  .near_func.text    ro code  0x009b70    0x17  gpio_util.o [1]
  .near_func.text    ro code  0x009b87    0x14  timer_pwm.o [1]
  .near_func.text    ro code  0x009b9b    0x14  init.o [4]
  .near_func.text    ro code  0x009baf    0x13  cstartup.o [4]
  .near_func.text    ro code  0x009bc2    0x10  stm8s_tim2.o [1]
  .near_func.text    ro code  0x009bd2    0x10  TaskManager.o [1]
  .near_func.text    ro code  0x009be2    0x10  timer_counter.o [1]
  .near_func.text    ro code  0x009bf2     0xf  short.o [4]
  .near_func.text    ro code  0x009c01     0xc  nodestatemanager.o [1]
  .near_func.text    ro code  0x009c0d     0xc  timer_counter.o [1]
  .near_func.text    ro code  0x009c19     0xb  main.o [1]
  .near_func.text    ro code  0x009c24     0xa  main.o [1]
  .near_func.text    ro code  0x009c2e     0x9  stm8s_tim2.o [1]
  .near_func.text    ro code  0x009c37     0x8  stm8s_gpio.o [1]
  .near_func.text    ro code  0x009c3f     0x7  stm8s_gpio.o [1]
  .near_func.text    ro code  0x009c46     0x7  stm8s_gpio.o [1]
  .near_func.text    ro code  0x009c4d     0x7  timer_counter.o [1]
  .near_func.text    ro code  0x009c54     0x6  stm8s_itc.o [1]
  Initializer bytes  const    0x009c5a     0x6  <for P2-1>
  .near_func.text    ro code  0x009c60     0x5  stm8s_adc1.o [1]
  .near_func.text    ro code  0x009c65     0x5  cexit.o [4]
  .near_func.text    ro code  0x009c6a     0x4  ir_receiver.o [1]
  .near_func.text    ro code  0x009c6e     0x4  ir_transmitter.o [1]
  .near_func.text    ro code  0x009c72     0x4  led_controller.o [1]
  .near_func.text    ro code  0x009c76     0x4  nodestatemanager.o [1]
  .near_func.text    ro code  0x009c7a     0x4  nodestatemanager.o [1]
  .near_func.text    ro code  0x009c7e     0x4  timer_pwm.o [1]
  .near_func.text    ro code  0x009c82     0x3  stm8s_itc.o [1]
  .near_func.text    ro code  0x009c85     0x3  interrupt.o [4]
  .near_func.text    ro code  0x009c88     0x3  low_level_init.o [4]
  .near_func.text    ro code  0x009c8b     0x3  exit.o [4]
  .near_func.text    ro code  0x009c8e     0x3  unhandled_exception.o [4]
  .near_func.text    ro code  0x009c91     0x2  xxexit.o [3]
  .near_func.text    ro code  0x009c93     0x1  stm8s_it.o [1]
  .near_func.text    ro code  0x009c94     0x1  stm8s_it.o [1]
  .near_func.text    ro code  0x009c95     0x1  stm8s_it.o [1]
  .near_func.text    ro code  0x009c96     0x1  stm8s_it.o [1]
  .near_func.text    ro code  0x009c97     0x1  stm8s_it.o [1]
  .near_func.text    ro code  0x009c98     0x1  stm8s_it.o [1]
  .near_func.text    ro code  0x009c99     0x1  stm8s_it.o [1]
  .near_func.text    ro code  0x009c9a     0x1  stm8s_it.o [1]
  .near_func.text    ro code  0x009c9b     0x1  stm8s_it.o [1]
  .near_func.text    ro code  0x009c9c     0x1  stm8s_it.o [1]
  .near_func.text    ro code  0x009c9d     0x1  stm8s_it.o [1]
  .near_func.text    ro code  0x009c9e     0x1  stm8s_it.o [1]
  .near_func.text    ro code  0x009c9f     0x1  stm8s_it.o [1]
  .near_func.text    ro code  0x009ca0     0x1  stm8s_it.o [1]
  .near_func.text    ro code  0x009ca1     0x1  stm8s_it.o [1]
  .near_func.text    ro code  0x009ca2     0x1  stm8s_it.o [1]
  .near_func.text    ro code  0x009ca3     0x1  stm8s_it.o [1]
  .near_func.text    ro code  0x009ca4     0x1  stm8s_it.o [1]
  .near_func.text    ro code  0x009ca5     0x1  stm8s_it.o [1]
                            - 0x009ca6  0x1c26


*******************************************************************************
*** INIT TABLE
***

          Address   Size
          -------   ----
Zero (__iar_zero_init2)
    1 destination range, total size 0x64:
          0x000016  0x64

Copy (__iar_copy_init2)
    1 source range, total size 0x6:
          0x009c5a   0x6
    1 destination range, total size 0x6:
          0x000010   0x6



*******************************************************************************
*** MODULE SUMMARY
***

    Module                 ro code  ro data  rw data
    ------                 -------  -------  -------
E:\03-DuAn\LedController\LedController\02-Software\STM8S003\LedDimming\Release\Obj: [1]
    TaskManager.o               51                41
    gpio_util.o                184
    ir_receiver.o              619                40
    ir_transmitter.o           101        1        3
    led_controller.o           194                 1
    main.o                     224                 4
    nodestatemanager.o         119        1        3
    stm8s_adc1.o             1 111      107
    stm8s_clk.o                200      106
    stm8s_gpio.o               292      107
    stm8s_it.o                  55
    stm8s_itc.o                372      106
    stm8s_tim1.o               380      107
    stm8s_tim2.o               557      107
    timer_counter.o             64                 4
    timer_pwm.o                287        4       10
    util.o                      99
    ------------------------------------------------
    Total:                   4 909      646      106

command line: [2]
    ------------------------------------------------
    Total:

dbgstm8smn.a: [3]
    xxexit.o                     2
    ------------------------------------------------
    Total:                       2

dlstm8smn.a: [4]
    cexit.o                      5
    cstartup.o                  19
    dc_util.o                   37
    exit.o                       3
    float.o                  1 023
    init.o                      20
    init_small.o                70
    interrupt.o                  3      128
    long.o                     144
    long_util.o                 38
    low_level_init.o             3
    short.o                     15
    unhandled_exception.o        3
    vreg_util.o                248
    vregs.o                                       16
    ------------------------------------------------
    Total:                   1 631      128       16

    Linker created                       18      256
----------------------------------------------------
    Grand Total:             6 542      792      378


*******************************************************************************
*** ENTRY LIST
***

Entry                    Address   Size  Type      Object
-----                    -------   ----  ----      ------
.iar.init_table$$Base   0x009a17          --   Gb  - Linker created -
.iar.init_table$$Limit  0x009a29          --   Gb  - Linker created -
?add32_l0_l0_0x         0x008d60         Code  Gb  long.o [4]
?add32_l0_l0_dl         0x008d5b         Code  Gb  long.o [4]
?b0                     0x000000         Data  Gb  vregs.o [4]
?b1                     0x000001         Data  Gb  vregs.o [4]
?b10                    0x00000a         Data  Gb  vregs.o [4]
?b11                    0x00000b         Data  Gb  vregs.o [4]
?b12                    0x00000c         Data  Gb  vregs.o [4]
?b13                    0x00000d         Data  Gb  vregs.o [4]
?b14                    0x00000e         Data  Gb  vregs.o [4]
?b15                    0x00000f         Data  Gb  vregs.o [4]
?b2                     0x000002         Data  Gb  vregs.o [4]
?b3                     0x000003         Data  Gb  vregs.o [4]
?b4                     0x000004         Data  Gb  vregs.o [4]
?b5                     0x000005         Data  Gb  vregs.o [4]
?b6                     0x000006         Data  Gb  vregs.o [4]
?b7                     0x000007         Data  Gb  vregs.o [4]
?b8                     0x000008         Data  Gb  vregs.o [4]
?b9                     0x000009         Data  Gb  vregs.o [4]
?dc32_l0                0x009926         Code  Gb  dc_util.o [4]
?dc32_l1                0x009933         Code  Gb  dc_util.o [4]
?dc32_px                0x009940         Code  Gb  dc_util.o [4]
?dec32_0x_0x            0x008d47         Code  Gb  long.o [4]
?dec32_l0_l0            0x008d42         Code  Gb  long.o [4]
?e0                     0x000001         Data  Gb  vregs.o [4]
?e1                     0x000005         Data  Gb  vregs.o [4]
?e2                     0x000009         Data  Gb  vregs.o [4]
?e3                     0x00000d         Data  Gb  vregs.o [4]
?epilogue_l2            0x00890c         Code  Gb  vreg_util.o [4]
?epilogue_l2_l3         0x008909         Code  Gb  vreg_util.o [4]
?epilogue_l2_w6         0x008910         Code  Gb  vreg_util.o [4]
?epilogue_w4            0x008917         Code  Gb  vreg_util.o [4]
?fadd32_l0_l0_0x        0x0080a8         Code  Gb  float.o [4]
?fadd32_l0_l0_l1        0x0080ab         Code  Gb  float.o [4]
?fcastf32u16_l0_x       0x008333         Code  Gb  float.o [4]
?fcasts16f32_x_l0       0x008351         Code  Gb  float.o [4]
?fcmpge32_c_l0_0x       0x0082d4         Code  Gb  float.o [4]
?fcmpge32_c_l0_dc32     0x0082cf         Code  Gb  float.o [4]
?fcmplt32_c_l0_0x       0x0082dd         Code  Gb  float.o [4]
?fcmplt32_c_l0_dc32     0x0082d8         Code  Gb  float.o [4]
?fdiv32_l0_dc32_l1      0x00821c         Code  Gb  float.o [4]
?fdiv32_l0_l0_l1        0x008221         Code  Gb  float.o [4]
?fmul32_l0_l0_0x        0x00817e         Code  Gb  float.o [4]
?fmul32_l0_l0_dc32      0x008179         Code  Gb  float.o [4]
?fmul32_l0_l0_l1        0x008181         Code  Gb  float.o [4]
?fsub32_l0_dc32_l1      0x00809d         Code  Gb  float.o [4]
?fsub32_l0_l0_l1        0x0080a2         Code  Gb  float.o [4]
?inc32_0x_0x            0x008d34         Code  Gb  long.o [4]
?inc32_l0_l0            0x008d2f         Code  Gb  long.o [4]
?l0                     0x000000         Data  Gb  vregs.o [4]
?l1                     0x000004         Data  Gb  vregs.o [4]
?l2                     0x000008         Data  Gb  vregs.o [4]
?l3                     0x00000c         Data  Gb  vregs.o [4]
?load32_0x_l0           0x0098f3         Code  Gb  long_util.o [4]
?load32_l0_0x           0x0098db         Code  Gb  long_util.o [4]
?load32_l1_0x           0x0098e7         Code  Gb  long_util.o [4]
?mov_e0_e1              0x00891e         Code  Gb  vreg_util.o [4]
?mov_e1_e0              0x00892b         Code  Gb  vreg_util.o [4]
?mov_e1_e2              0x008938         Code  Gb  vreg_util.o [4]
?mov_e1_e3              0x008945         Code  Gb  vreg_util.o [4]
?mov_e2_e0              0x008952         Code  Gb  vreg_util.o [4]
?mov_e3_e0              0x00895f         Code  Gb  vreg_util.o [4]
?mov_l0_l1              0x00891b         Code  Gb  vreg_util.o [4]
?mov_l1_l0              0x008928         Code  Gb  vreg_util.o [4]
?mov_l1_l2              0x008935         Code  Gb  vreg_util.o [4]
?mov_l1_l3              0x008942         Code  Gb  vreg_util.o [4]
?mov_l2_l0              0x00894f         Code  Gb  vreg_util.o [4]
?mov_l3_l0              0x00895c         Code  Gb  vreg_util.o [4]
?mov_w1_w3              0x008921         Code  Gb  vreg_util.o [4]
?mov_w3_w1              0x00892e         Code  Gb  vreg_util.o [4]
?mov_w3_w5              0x00893b         Code  Gb  vreg_util.o [4]
?mov_w3_w7              0x008948         Code  Gb  vreg_util.o [4]
?mov_w5_w1              0x008955         Code  Gb  vreg_util.o [4]
?mov_w7_w1              0x008962         Code  Gb  vreg_util.o [4]
?pop_l0                 0x0088d5         Code  Gb  vreg_util.o [4]
?pop_l1                 0x0088e0         Code  Gb  vreg_util.o [4]
?pop_l2                 0x0088eb         Code  Gb  vreg_util.o [4]
?pop_l3                 0x0088f6         Code  Gb  vreg_util.o [4]
?pop_w4                 0x00888e         Code  Gb  vreg_util.o [4]
?pop_w6                 0x008895         Code  Gb  vreg_util.o [4]
?push_l0                0x0088a4         Code  Gb  vreg_util.o [4]
?push_l1                0x0088a9         Code  Gb  vreg_util.o [4]
?push_l2                0x0088ae         Code  Gb  vreg_util.o [4]
?push_l3                0x0088b3         Code  Gb  vreg_util.o [4]
?push_w4                0x008871         Code  Gb  vreg_util.o [4]
?push_w6                0x008876         Code  Gb  vreg_util.o [4]
?sll16_x_x_4            0x009bfc         Code  Gb  short.o [4]
?sll16_x_x_5            0x009bfb         Code  Gb  short.o [4]
?sll16_x_x_6            0x009bfa         Code  Gb  short.o [4]
?sll16_x_x_a            0x009bf2         Code  Gb  short.o [4]
?srl32_0x_0x_a          0x008db1         Code  Gb  long.o [4]
?srl32_l0_l0_a          0x008dae         Code  Gb  long.o [4]
?sub32_l0_l0_0x         0x008d7b         Code  Gb  long.o [4]
?sub32_l0_l0_l1         0x008d78         Code  Gb  long.o [4]
?ucmp32_c_l0_0x         0x008d93         Code  Gb  long.o [4]
?ucmp32_c_l0_l1         0x008da3         Code  Gb  long.o [4]
?w0                     0x000000         Data  Gb  vregs.o [4]
?w1                     0x000002         Data  Gb  vregs.o [4]
?w2                     0x000004         Data  Gb  vregs.o [4]
?w3                     0x000006         Data  Gb  vregs.o [4]
?w4                     0x000008         Data  Gb  vregs.o [4]
?w5                     0x00000a         Data  Gb  vregs.o [4]
?w6                     0x00000c         Data  Gb  vregs.o [4]
?w7                     0x00000e         Data  Gb  vregs.o [4]
ADC1_ConversionConfig   0x008a60   0xbe  Code  Gb  stm8s_adc1.o [1]
ADC1_ExternalTriggerConfig
                        0x00928f   0x59  Code  Gb  stm8s_adc1.o [1]
ADC1_GetConversionValue
                        0x00933d   0x55  Code  Gb  stm8s_adc1.o [1]
ADC1_IRQHandler         0x009ca3    0x1  Code  Gb  stm8s_it.o [1]
ADC1_Init               0x00847f  0x19a  Code  Gb  stm8s_adc1.o [1]
ADC1_PrescalerConfig    0x0092e8   0x55  Code  Gb  stm8s_adc1.o [1]
ADC1_SchmittTriggerConfig
                        0x008969   0xf7  Code  Gb  stm8s_adc1.o [1]
ADC1_StartConversion    0x009c60    0x5  Code  Gb  stm8s_adc1.o [1]
AWU_IRQHandler          0x009c95    0x1  Code  Gb  stm8s_it.o [1]
CLK_HSIPrescalerConfig  0x00960a   0x3d  Code  Gb  stm8s_clk.o [1]
CLK_IRQHandler          0x009c96    0x1  Code  Gb  stm8s_it.o [1]
CLK_SYSCLKConfig        0x008e4a   0x8b  Code  Gb  stm8s_clk.o [1]
CSTACK$$Base            0x000300          --   Gb  - Linker created -
CSTACK$$Limit           0x000400          --   Gb  - Linker created -
Clock_Config            0x009c24    0xa  Code  Gb  main.o [1]
Delay_Us                0x009ab6   0x19  Code  Gb  util.o [1]
EEPROM_EEC_IRQHandler   0x009ca5    0x1  Code  Gb  stm8s_it.o [1]
EXTI_PORTA_IRQHandler   0x009c97    0x1  Code  Gb  stm8s_it.o [1]
EXTI_PORTB_IRQHandler   0x009c98    0x1  Code  Gb  stm8s_it.o [1]
EXTI_PORTC_IRQHandler   0x009c99    0x1  Code  Gb  stm8s_it.o [1]
EXTI_PORTD_IRQHandler   0x009c9a    0x1  Code  Gb  stm8s_it.o [1]
EXTI_PORTE_IRQHandler   0x009c9b    0x1  Code  Gb  stm8s_it.o [1]
GPIO_Init               0x008763  0x10e  Code  Gb  stm8s_gpio.o [1]
GPIO_Util_Init          0x009acf   0x17  Code  Gb  gpio_util.o [1]
GPIO_Util_Toggle        0x009b14   0x17  Code  Gb  gpio_util.o [1]
GPIO_Util_TurnOffActiveHighLed
                        0x009b70   0x17  Code  Gb  gpio_util.o [1]
GPIO_Util_TurnOffLed    0x009b42   0x17  Code  Gb  gpio_util.o [1]
GPIO_Util_TurnOnActiveHighLed
                        0x009b59   0x17  Code  Gb  gpio_util.o [1]
GPIO_Util_TurnOnLed     0x009b2b   0x17  Code  Gb  gpio_util.o [1]
GPIO_Util_WriteHigh     0x009ae6   0x17  Code  Gb  gpio_util.o [1]
GPIO_Util_WriteLow      0x009afd   0x17  Code  Gb  gpio_util.o [1]
GPIO_WriteHigh          0x009c3f    0x7  Code  Gb  stm8s_gpio.o [1]
GPIO_WriteLow           0x009c37    0x8  Code  Gb  stm8s_gpio.o [1]
GPIO_WriteReverse       0x009c46    0x7  Code  Gb  stm8s_gpio.o [1]
Generate_TestingSignal  0x009476   0x4a  Code  Gb  util.o [1]
I2C_IRQHandler          0x009ca2    0x1  Code  Gb  stm8s_it.o [1]
INTVEC$$Base            0x008000          --   Gb  - Linker created -
INTVEC$$Limit           0x008080          --   Gb  - Linker created -
IR_Receiver_GetState    0x009c6a    0x4  Code  Gb  ir_receiver.o [1]
IR_Receiver_Init        0x008dbf   0x8b  Code  Gb  ir_receiver.o [1]
IR_Receiver_Task        0x009a9c   0x1a  Code  Gb  ir_receiver.o [1]
IR_Transmitter_GetMode  0x009c6e    0x4  Code  Gb  ir_transmitter.o [1]
IR_Transmitter_Init     0x009864   0x29  Code  Gb  ir_transmitter.o [1]
IR_Transmitter_Task     0x009682   0x38  Code  Gb  ir_transmitter.o [1]
IR_Transmitter_Task{1}{2}{3}{5}::counter
                        0x000075    0x1  Data  Lc  ir_transmitter.o [1]
ITC_DeInit              0x0099f6   0x21  Code  Gb  stm8s_itc.o [1]
ITC_GetCPUCC            0x009c82    0x3  Code  Gb  stm8s_itc.o [1]
ITC_GetSoftIntStatus    0x009c54    0x6  Code  Gb  stm8s_itc.o [1]
ITC_SetSoftwarePriority
                        0x008619  0x14a  Code  Gb  stm8s_itc.o [1]
Interrupt_Init          0x009c19    0xb  Code  Gb  main.o [1]
Led_Control_Cmd         0x0098b5   0x26  Code  Gb  led_controller.o [1]
Led_Control_GetMode     0x009c72    0x4  Code  Gb  led_controller.o [1]
Led_Control_Immediate   0x0099b4   0x21  Code  Gb  led_controller.o [1]
Led_Control_Init        0x0096ef   0x34  Code  Gb  led_controller.o [1]
Led_Control_Task        0x0099d5   0x21  Code  Gb  led_controller.o [1]
Node_State_GetOutputState
                        0x009c76    0x4  Code  Gb  nodestatemanager.o [1]
Node_State_Manager_Init
                        0x009c01    0xc  Code  Gb  nodestatemanager.o [1]
Node_State_Manager_Task
                        0x009901   0x25  Code  Gb  nodestatemanager.o [1]
Node_State_SetInputState
                        0x009c7a    0x4  Code  Gb  nodestatemanager.o [1]
RC                      0x00004b    0x4  Data  Gb  ir_receiver.o [1]
RC_h                    0x000057    0x4  Data  Gb  ir_receiver.o [1]
Region$$Table$$Base     0x009a17          --   Gb  - Linker created -
Region$$Table$$Limit    0x009a29          --   Gb  - Linker created -
SPI_IRQHandler          0x009c9c    0x1  Code  Gb  stm8s_it.o [1]
System_Init             0x009a81   0x1b  Code  Gb  main.o [1]
TIM1_CAP_COM_IRQHandler
                        0x009c9d    0x1  Code  Gb  stm8s_it.o [1]
TIM1_ClearFlag          0x0096ba   0x35  Code  Gb  stm8s_tim1.o [1]
TIM1_Cmd                0x009723   0x2f  Code  Gb  stm8s_tim1.o [1]
TIM1_GetITStatus        0x008f43   0x6c  Code  Gb  stm8s_tim1.o [1]
TIM1_ITConfig           0x0093df   0x4c  Code  Gb  stm8s_tim1.o [1]
TIM1_TimeBaseInit       0x00922f   0x60  Code  Gb  stm8s_tim1.o [1]
TIM1_UPD_OVF_TRG_BRK_IRQHandler
                        0x00994b   0x24  Code  Gb  stm8s_it.o [1]
TIM2_ARRPreloadConfig   0x009781   0x2f  Code  Gb  stm8s_tim2.o [1]
TIM2_CAP_COM_IRQHandler
                        0x009c9f    0x1  Code  Gb  stm8s_it.o [1]
TIM2_Cmd                0x009752   0x2f  Code  Gb  stm8s_tim2.o [1]
TIM2_OC1Init            0x008bd7   0xac  Code  Gb  stm8s_tim2.o [1]
TIM2_OC1PreloadConfig   0x0097b0   0x2f  Code  Gb  stm8s_tim2.o [1]
TIM2_OC3Init            0x008c83   0xac  Code  Gb  stm8s_tim2.o [1]
TIM2_OC3PreloadConfig   0x0097df   0x2f  Code  Gb  stm8s_tim2.o [1]
TIM2_SetCompare1        0x009c2e    0x9  Code  Gb  stm8s_tim2.o [1]
TIM2_TimeBaseInit       0x009bc2   0x10  Code  Gb  stm8s_tim2.o [1]
TIM2_UPD_OVF_BRK_IRQHandler
                        0x009c9e    0x1  Code  Gb  stm8s_it.o [1]
TIM4_UPD_OVF_IRQHandler
                        0x009ca4    0x1  Code  Gb  stm8s_it.o [1]
TLI_IRQHandler          0x009c94    0x1  Code  Gb  stm8s_it.o [1]
TRAP_IRQHandler         0x009c93    0x1  Code  Gb  stm8s_it.o [1]
Task_Init               0x00980e   0x2d  Code  Gb  main.o [1]
Task_Manager_AddTask    0x009bd2   0x10  Code  Gb  TaskManager.o [1]
Task_Manager_PerformTask
                        0x00996f   0x23  Code  Gb  TaskManager.o [1]
Timer_Connter_Init_Timer
                        0x009a47   0x1d  Code  Gb  timer_counter.o [1]
Timer_Counter_GetCounter
                        0x009c4d    0x7  Code  Gb  timer_counter.o [1]
Timer_Counter_IncreaseCounter
                        0x009be2   0x10  Code  Gb  timer_counter.o [1]
Timer_Counter_Init      0x009c0d    0xc  Code  Gb  timer_counter.o [1]
Timer_PWM_IR_Transmitter_Init
                        0x009647   0x3b  Code  Gb  timer_pwm.o [1]
Timer_PWM_Init          0x00954b   0x41  Code  Gb  timer_pwm.o [1]
Timer_PWM_SetChangePeriod
                        0x009a64   0x1d  Code  Gb  timer_pwm.o [1]
Timer_PWM_Start         0x009c7e    0x4  Code  Gb  timer_pwm.o [1]
Timer_PWM_Update_Period
                        0x008ed5   0x6e  Code  Gb  timer_pwm.o [1]
UART1_RX_IRQHandler     0x009ca1    0x1  Code  Gb  stm8s_it.o [1]
UART1_TX_IRQHandler     0x009ca0    0x1  Code  Gb  stm8s_it.o [1]
__exit                  0x009c91    0x2  Code  Gb  xxexit.o [3]
__iar_copy_init2        0x00988d         Code  Gb  init_small.o [4]
__iar_data_init2        0x009b9b   0x14  Code  Gb  init.o [4]
__iar_program_start     0x009baf         Code  Gb  cstartup.o [4]
__iar_unhandled_exception
                        0x009c8e         Code  Gb  unhandled_exception.o [4]
__iar_zero_init2        0x009a29         Code  Gb  init_small.o [4]
__intvec                0x008000         Data  Gb  interrupt.o [4]
__low_level_init        0x009c88    0x3  Code  Gb  low_level_init.o [4]
_exit                   0x009c65         Code  Gb  cexit.o [4]
_interrupt_1            0x009c93         Code  Gb  stm8s_it.o [1]
_interrupt_12           0x009c9c         Code  Gb  stm8s_it.o [1]
_interrupt_13           0x00994b         Code  Gb  stm8s_it.o [1]
_interrupt_14           0x009c9d         Code  Gb  stm8s_it.o [1]
_interrupt_15           0x009c9e         Code  Gb  stm8s_it.o [1]
_interrupt_16           0x009c9f         Code  Gb  stm8s_it.o [1]
_interrupt_19           0x009ca0         Code  Gb  stm8s_it.o [1]
_interrupt_2            0x009c94         Code  Gb  stm8s_it.o [1]
_interrupt_20           0x009ca1         Code  Gb  stm8s_it.o [1]
_interrupt_21           0x009ca2         Code  Gb  stm8s_it.o [1]
_interrupt_24           0x009ca3         Code  Gb  stm8s_it.o [1]
_interrupt_25           0x009ca4         Code  Gb  stm8s_it.o [1]
_interrupt_26           0x009ca5         Code  Gb  stm8s_it.o [1]
_interrupt_3            0x009c95         Code  Gb  stm8s_it.o [1]
_interrupt_4            0x009c96         Code  Gb  stm8s_it.o [1]
_interrupt_5            0x009c97         Code  Gb  stm8s_it.o [1]
_interrupt_6            0x009c98         Code  Gb  stm8s_it.o [1]
_interrupt_7            0x009c99         Code  Gb  stm8s_it.o [1]
_interrupt_8            0x009c9a         Code  Gb  stm8s_it.o [1]
_interrupt_9            0x009c9b         Code  Gb  stm8s_it.o [1]
active_period           0x000012    0x4  Data  Gb  timer_pwm.o [1]
alpha                   0x000053    0x4  Data  Gb  ir_receiver.o [1]
assert_failed           0x00958c   0x40  Code  Gb  main.o [1]
assert_failed::counter  0x00005b    0x4  Data  Lc  main.o [1]
change_factor           0x000063    0x4  Data  Gb  timer_pwm.o [1]
detected_time_stamp     0x000043    0x4  Data  Gb  ir_receiver.o [1]
detecting_pulse         0x00942b   0x4b  Code  Gb  ir_receiver.o [1]
detecting_pulse::direction
                        0x000073    0x1  Data  Lc  ir_receiver.o [1]
detecting_pulse::previous_v
                        0x00006f    0x2  Data  Lc  ir_receiver.o [1]
dt                      0x00004f    0x4  Data  Gb  ir_receiver.o [1]
exit                    0x009c8b    0x3  Code  Gb  exit.o [4]
gpio_state              0x000078    0x1  Data  Gb  timer_pwm.o [1]
highpass_filter         0x00983b   0x29  Code  Gb  ir_receiver.o [1]
highpass_filter::previous_x
                        0x00006b    0x2  Data  Lc  ir_receiver.o [1]
highpass_filter::previous_y
                        0x00006d    0x2  Data  Lc  ir_receiver.o [1]
is_configured           0x000079    0x1  Data  Gb  timer_pwm.o [1]
lowpass_filter          0x0094c0   0x48  Code  Gb  ir_receiver.o [1]
lowpass_filter::filtered_value
                        0x000069    0x2  Data  Lc  ir_receiver.o [1]
main                    0x009508   0x43  Code  Gb  main.o [1]
make_decision           0x009392   0x4d  Code  Gb  ir_receiver.o [1]
node_state              0x000071    0x2  Data  Gb  nodestatemanager.o [1]
output_mode             0x000011    0x1  Data  Gb  nodestatemanager.o [1]
process_ir_signal       0x008b1e   0xb9  Code  Gb  ir_receiver.o [1]
process_ir_signal::stable_marker
                        0x000067    0x2  Data  Lc  ir_receiver.o [1]
running_mode            0x000074    0x1  Data  Gb  ir_transmitter.o [1]
running_mode            0x000076    0x1  Data  Lc  led_controller.o [1]
signal_state            0x00003e    0x5  Data  Gb  ir_receiver.o [1]
task_Index              0x000077    0x1  Data  Gb  TaskManager.o [1]
tasks                   0x000016   0x28  Data  Gb  TaskManager.o [1]
time_prescaler          0x000010    0x1  Data  Gb  ir_transmitter.o [1]
timer_counter           0x000047    0x4  Data  Gb  ir_receiver.o [1]
timer_counter           0x00005f    0x4  Data  Lc  timer_counter.o [1]
update_duty_cycle       0x009b87   0x14  Code  Gb  timer_pwm.o [1]
update_led_indicator    0x009992   0x22  Code  Gb  led_controller.o [1]
update_output           0x0095cc   0x3e  Code  Gb  nodestatemanager.o [1]


[1] = E:\03-DuAn\LedController\LedController\02-Software\STM8S003\LedDimming\Release\Obj
[2] = command line
[3] = dbgstm8smn.a
[4] = dlstm8smn.a

  6 542 bytes of readonly  code memory
    792 bytes of readonly  data memory
    378 bytes of readwrite data memory

Errors: none
Warnings: none
